params 1.38 M
step 100 22s pairs 260 loss 3.2721
step 200 42s pairs 332 loss 2.5418
step 300 62s pairs 404 loss 2.1520
step 400 82s pairs 477 loss 1.9473
step 500 101s pairs 549 loss 1.9584
step 600 120s pairs 621 loss 1.5330
step 700 140s pairs 691 loss 1.3505
step 800 159s pairs 761 loss 1.3120
step 900 178s pairs 832 loss 1.3246
step 1000 198s pairs 903 loss 1.2823 state 0.9028 bits 0.3088 | test state 0.0000 (copy 0.0000) genome 0.0000 (copy 0.0000) alive 0.0000 (copy 0.0000) energy MAE 0.00
step 1100 217s pairs 975 loss 1.0113
step 1200 237s pairs 1046 loss 0.9779
step 1300 256s pairs 1116 loss 0.7484
step 1400 275s pairs 1186 loss 0.6966
step 1500 294s pairs 1256 loss 0.5894
step 1600 313s pairs 1326 loss 0.6672
step 1700 332s pairs 1397 loss 0.6335
step 1800 351s pairs 1467 loss 0.5435
step 1900 370s pairs 1539 loss 0.5318
step 2000 390s pairs 1610 loss 0.4541 state 0.3793 bits 0.0315 | test state 0.0000 (copy 0.0000) genome 0.0000 (copy 0.0000) alive 0.0000 (copy 0.0000) energy MAE 0.00
step 2100 408s pairs 1680 loss 0.3445
step 2200 427s pairs 1751 loss 0.3820
step 2300 447s pairs 1800 loss 0.4253
step 2400 467s pairs 1800 loss 0.3825
step 2500 487s pairs 1800 loss 0.2634
world ended: 1800 training pairs seen, 8 test pairs
step 2600 507s pairs 1800 loss 0.5704
step 2700 527s pairs 1800 loss 0.6938
step 2800 546s pairs 1800 loss 0.5488
step 2900 566s pairs 1800 loss 0.5000
step 3000 590s pairs 1800 loss 0.2925 state 0.2425 bits 0.0156 | test state 0.9449 (copy 0.4964) genome 0.9751 (copy 0.9905) alive 0.9957 (copy 0.9941) energy MAE 14.59
step 3100 609s pairs 1800 loss 0.2973
step 3200 629s pairs 1800 loss 0.2821
step 3300 649s pairs 1800 loss 0.4261
step 3400 668s pairs 1800 loss 0.2674
step 3500 688s pairs 1800 loss 0.3122
step 3600 708s pairs 1800 loss 0.2900
step 3700 728s pairs 1800 loss 0.2627
step 3800 747s pairs 1800 loss 0.2522
step 3900 767s pairs 1800 loss 0.3060
step 4000 791s pairs 1800 loss 0.2787 state 0.2355 bits 0.0130 | test state 0.9548 (copy 0.4964) genome 0.9828 (copy 0.9905) alive 0.9963 (copy 0.9941) energy MAE 5.44
step 4100 810s pairs 1800 loss 0.4070
step 4200 830s pairs 1800 loss 0.2390
step 4300 850s pairs 1800 loss 0.3369
step 4400 869s pairs 1800 loss 0.4453
step 4500 889s pairs 1800 loss 0.2243
step 4600 909s pairs 1800 loss 0.3648
step 4700 928s pairs 1800 loss 0.3233
step 4800 948s pairs 1800 loss 0.2637
step 4900 968s pairs 1800 loss 0.2288
step 5000 991s pairs 1800 loss 0.2566 state 0.2088 bits 0.0147 | test state 0.9558 (copy 0.4964) genome 0.9493 (copy 0.9905) alive 0.9961 (copy 0.9941) energy MAE 7.20
step 5100 1011s pairs 1800 loss 0.2461
step 5200 1031s pairs 1800 loss 0.2820
step 5300 1050s pairs 1800 loss 0.3136
step 5400 1070s pairs 1800 loss 0.2053
step 5500 1090s pairs 1800 loss 0.3552
step 5600 1109s pairs 1800 loss 0.2125
step 5700 1129s pairs 1800 loss 0.2465
step 5800 1149s pairs 1800 loss 0.2267
step 5900 1169s pairs 1800 loss 0.2141
step 6000 1192s pairs 1800 loss 0.2224 state 0.1919 bits 0.0069 | test state 0.9623 (copy 0.4964) genome 0.9857 (copy 0.9905) alive 0.9965 (copy 0.9941) energy MAE 5.46
step 6100 1212s pairs 1800 loss 0.2833
step 6200 1232s pairs 1800 loss 0.2649
step 6300 1251s pairs 1800 loss 0.4554
step 6400 1271s pairs 1800 loss 0.2311
step 6500 1291s pairs 1800 loss 0.2911
step 6600 1310s pairs 1800 loss 0.3557
step 6700 1330s pairs 1800 loss 0.2295
step 6800 1350s pairs 1800 loss 0.1820
step 6900 1370s pairs 1800 loss 0.2197
step 7000 1393s pairs 1800 loss 0.2793 state 0.2512 bits 0.0067 | test state 0.9647 (copy 0.4964) genome 0.9879 (copy 0.9905) alive 0.9968 (copy 0.9941) energy MAE 4.06
step 7100 1413s pairs 1800 loss 0.2375
step 7200 1433s pairs 1800 loss 0.3006
step 7300 1452s pairs 1800 loss 0.2501
step 7400 1472s pairs 1800 loss 0.2308
step 7500 1492s pairs 1800 loss 0.3899
step 7600 1511s pairs 1800 loss 0.4069
step 7700 1531s pairs 1800 loss 0.2864
step 7800 1551s pairs 1800 loss 0.2692
step 7900 1570s pairs 1800 loss 0.1785
step 8000 1594s pairs 1800 loss 0.2416 state 0.2146 bits 0.0055 | test state 0.9663 (copy 0.4964) genome 0.9890 (copy 0.9905) alive 0.9968 (copy 0.9941) energy MAE 3.61
step 8100 1614s pairs 1800 loss 0.2454
step 8200 1633s pairs 1800 loss 0.2519
step 8300 1653s pairs 1800 loss 0.1936
step 8400 1673s pairs 1800 loss 0.3634
step 8500 1692s pairs 1800 loss 0.1743
step 8600 1712s pairs 1800 loss 0.3916
step 8700 1732s pairs 1800 loss 0.3152
step 8800 1751s pairs 1800 loss 0.3690
step 8900 1771s pairs 1800 loss 0.2252
step 9000 1802s pairs 1800 loss 0.3205 state 0.2913 bits 0.0061 | test state 0.9673 (copy 0.4964) genome 0.9898 (copy 0.9905) alive 0.9970 (copy 0.9941) energy MAE 4.16
step 9100 1824s pairs 1800 loss 0.2621
step 9200 1843s pairs 1800 loss 0.1440
step 9300 1863s pairs 1800 loss 0.3790
step 9400 1883s pairs 1800 loss 0.2178
step 9500 1903s pairs 1800 loss 0.2167
step 9600 1922s pairs 1800 loss 0.1952
step 9700 1942s pairs 1800 loss 0.1993
step 9800 1962s pairs 1800 loss 0.2863
step 9900 1982s pairs 1800 loss 0.2109
step 10000 2005s pairs 1800 loss 0.2631 state 0.2366 bits 0.0055 | test state 0.9688 (copy 0.4964) genome 0.9898 (copy 0.9905) alive 0.9969 (copy 0.9941) energy MAE 3.42
step 10100 2025s pairs 1800 loss 0.2936
step 10200 2045s pairs 1800 loss 0.1818
step 10300 2064s pairs 1800 loss 0.2238
step 10400 2084s pairs 1800 loss 0.1937
step 10500 2104s pairs 1800 loss 0.1749
step 10600 2124s pairs 1800 loss 0.2220
step 10700 2143s pairs 1800 loss 0.2221
step 10800 2163s pairs 1800 loss 0.1739
step 10900 2183s pairs 1800 loss 0.3060
step 11000 2206s pairs 1800 loss 0.2438 state 0.2142 bits 0.0059 | test state 0.9685 (copy 0.4964) genome 0.9897 (copy 0.9905) alive 0.9967 (copy 0.9941) energy MAE 5.41
step 11100 2226s pairs 1800 loss 0.3376
step 11200 2246s pairs 1800 loss 0.3204
step 11300 2266s pairs 1800 loss 0.1980
step 11400 2285s pairs 1800 loss 0.3386
step 11500 2305s pairs 1800 loss 0.2264
step 11600 2325s pairs 1800 loss 0.1570
step 11700 2345s pairs 1800 loss 0.1587
step 11800 2364s pairs 1800 loss 0.1784
step 11900 2384s pairs 1800 loss 0.2497
step 12000 2408s pairs 1800 loss 0.2177 state 0.1933 bits 0.0045 | test state 0.9709 (copy 0.4964) genome 0.9913 (copy 0.9905) alive 0.9972 (copy 0.9941) energy MAE 3.18
step 12100 2427s pairs 1800 loss 0.2774
step 12200 2447s pairs 1800 loss 0.2486
step 12300 2467s pairs 1800 loss 0.1778
step 12400 2487s pairs 1800 loss 0.1892
step 12500 2506s pairs 1800 loss 0.1663
step 12600 2526s pairs 1800 loss 0.2357
step 12700 2546s pairs 1800 loss 0.2908
step 12800 2566s pairs 1800 loss 0.1806
step 12900 2585s pairs 1800 loss 0.1998
step 13000 2609s pairs 1800 loss 0.2795 state 0.2520 bits 0.0050 | test state 0.9716 (copy 0.4964) genome 0.9909 (copy 0.9905) alive 0.9972 (copy 0.9941) energy MAE 2.98
step 13100 2629s pairs 1800 loss 0.2202
step 13200 2648s pairs 1800 loss 0.2494
step 13300 2668s pairs 1800 loss 0.1893
step 13400 2688s pairs 1800 loss 0.1891
step 13500 2708s pairs 1800 loss 0.1581
step 13600 2727s pairs 1800 loss 0.2123
step 13700 2747s pairs 1800 loss 0.2233
step 13800 2767s pairs 1800 loss 0.1759
step 13900 2787s pairs 1800 loss 0.1818
step 14000 2810s pairs 1800 loss 0.1943 state 0.1725 bits 0.0036 | test state 0.9726 (copy 0.4964) genome 0.9920 (copy 0.9905) alive 0.9974 (copy 0.9941) energy MAE 1.90
step 14100 2830s pairs 1800 loss 0.1409
step 14200 2849s pairs 1800 loss 0.1670
step 14300 2869s pairs 1800 loss 0.2201
step 14400 2889s pairs 1800 loss 0.2000
step 14500 2909s pairs 1800 loss 0.1605
step 14600 2929s pairs 1800 loss 0.2675
step 14700 2948s pairs 1800 loss 0.2351
step 14800 2968s pairs 1800 loss 0.2047
step 14900 2988s pairs 1800 loss 0.3393
step 15000 3011s pairs 1800 loss 0.2229 state 0.1999 bits 0.0042 | test state 0.9731 (copy 0.4964) genome 0.9922 (copy 0.9905) alive 0.9974 (copy 0.9941) energy MAE 2.51
step 15100 3031s pairs 1800 loss 0.2629
step 15200 3051s pairs 1800 loss 0.1824
step 15300 3071s pairs 1800 loss 0.1411
step 15400 3090s pairs 1800 loss 0.1407
step 15500 3110s pairs 1800 loss 0.1610
step 15600 3130s pairs 1800 loss 0.1680
step 15700 3150s pairs 1800 loss 0.1411
step 15800 3169s pairs 1800 loss 0.1681
step 15900 3189s pairs 1800 loss 0.2975
step 16000 3213s pairs 1800 loss 0.2285 state 0.2072 bits 0.0037 | test state 0.9736 (copy 0.4964) genome 0.9924 (copy 0.9905) alive 0.9975 (copy 0.9941) energy MAE 1.68
step 16100 3232s pairs 1800 loss 0.1939
step 16200 3252s pairs 1800 loss 0.1478
step 16300 3272s pairs 1800 loss 0.1357
step 16400 3292s pairs 1800 loss 0.1627
step 16500 3312s pairs 1800 loss 0.2233
step 16600 3332s pairs 1800 loss 0.1956
step 16700 3351s pairs 1800 loss 0.1440
step 16800 3371s pairs 1800 loss 0.1535
step 16900 3391s pairs 1800 loss 0.2239
step 17000 3414s pairs 1800 loss 0.2648 state 0.2410 bits 0.0047 | test state 0.9734 (copy 0.4964) genome 0.9916 (copy 0.9905) alive 0.9975 (copy 0.9941) energy MAE 1.99
step 17100 3434s pairs 1800 loss 0.1585
step 17200 3454s pairs 1800 loss 0.2088
step 17300 3474s pairs 1800 loss 0.1753
step 17400 3493s pairs 1800 loss 0.2003
step 17500 3513s pairs 1800 loss 0.1273
step 17600 3533s pairs 1800 loss 0.1944
step 17700 3553s pairs 1800 loss 0.1702
step 17800 3572s pairs 1800 loss 0.2303
step 17900 3592s pairs 1800 loss 0.1953
step 18000 3616s pairs 1800 loss 0.1434 state 0.1237 bits 0.0029 | test state 0.9742 (copy 0.4964) genome 0.9925 (copy 0.9905) alive 0.9975 (copy 0.9941) energy MAE 1.77
step 18100 3635s pairs 1800 loss 0.1547
step 18200 3655s pairs 1800 loss 0.1783
step 18300 3675s pairs 1800 loss 0.2320
step 18400 3695s pairs 1800 loss 0.1399
step 18500 3714s pairs 1800 loss 0.1822
step 18600 3734s pairs 1800 loss 0.1372
step 18700 3754s pairs 1800 loss 0.1557
step 18800 3774s pairs 1800 loss 0.1656
step 18900 3793s pairs 1800 loss 0.1298
step 19000 3817s pairs 1800 loss 0.1681 state 0.1477 bits 0.0035 | test state 0.9747 (copy 0.4964) genome 0.9925 (copy 0.9905) alive 0.9976 (copy 0.9941) energy MAE 1.95
step 19100 3837s pairs 1800 loss 0.1743
step 19200 3856s pairs 1800 loss 0.1511
step 19300 3876s pairs 1800 loss 0.1669
step 19400 3896s pairs 1800 loss 0.2166
step 19500 3916s pairs 1800 loss 0.2500
step 19600 3935s pairs 1800 loss 0.1581
step 19700 3955s pairs 1800 loss 0.1211
step 19800 3975s pairs 1800 loss 0.1291
step 19900 3995s pairs 1800 loss 0.2307
step 20000 4018s pairs 1800 loss 0.2065 state 0.1847 bits 0.0035 | test state 0.9750 (copy 0.4964) genome 0.9926 (copy 0.9905) alive 0.9976 (copy 0.9941) energy MAE 1.98
step 20100 4038s pairs 1800 loss 0.2734
step 20200 4058s pairs 1800 loss 0.2539
step 20300 4077s pairs 1800 loss 0.2746
step 20400 4097s pairs 1800 loss 0.1697
step 20500 4117s pairs 1800 loss 0.1725
step 20600 4137s pairs 1800 loss 0.1502
step 20700 4156s pairs 1800 loss 0.1254
step 20800 4176s pairs 1800 loss 0.2987
step 20900 4196s pairs 1800 loss 0.1854
step 21000 4219s pairs 1800 loss 0.1740 state 0.1538 bits 0.0031 | test state 0.9751 (copy 0.4964) genome 0.9927 (copy 0.9905) alive 0.9976 (copy 0.9941) energy MAE 1.52
step 21100 4239s pairs 1800 loss 0.1504
step 21200 4259s pairs 1800 loss 0.2324
step 21300 4281s pairs 1800 loss 0.2423
step 21400 4300s pairs 1800 loss 0.1735
step 21500 4320s pairs 1800 loss 0.3037
step 21600 4340s pairs 1800 loss 0.3178
step 21700 4360s pairs 1800 loss 0.1984
step 21800 4379s pairs 1800 loss 0.1926
step 21900 4399s pairs 1800 loss 0.2171
step 22000 4423s pairs 1800 loss 0.1317 state 0.1133 bits 0.0028 | test state 0.9755 (copy 0.4964) genome 0.9928 (copy 0.9905) alive 0.9976 (copy 0.9941) energy MAE 1.51
step 22100 4442s pairs 1800 loss 0.1299
step 22200 4462s pairs 1800 loss 0.3066
step 22300 4482s pairs 1800 loss 0.1893
step 22400 4501s pairs 1800 loss 0.1479
step 22500 4521s pairs 1800 loss 0.1352
step 22600 4541s pairs 1800 loss 0.1474
step 22700 4560s pairs 1800 loss 0.1801
step 22800 4580s pairs 1800 loss 0.2029
step 22900 4600s pairs 1800 loss 0.1176
step 23000 4623s pairs 1800 loss 0.3738 state 0.3492 bits 0.0049 | test state 0.9755 (copy 0.4964) genome 0.9929 (copy 0.9905) alive 0.9977 (copy 0.9941) energy MAE 1.44
step 23100 4643s pairs 1800 loss 0.1405
step 23200 4663s pairs 1800 loss 0.1836
step 23300 4682s pairs 1800 loss 0.2465
step 23400 4702s pairs 1800 loss 0.1546
step 23500 4722s pairs 1800 loss 0.1430
step 23600 4741s pairs 1800 loss 0.1765
step 23700 4761s pairs 1800 loss 0.2447
step 23800 4781s pairs 1800 loss 0.1327
step 23900 4801s pairs 1800 loss 0.1494
step 24000 4824s pairs 1800 loss 0.2717 state 0.2503 bits 0.0036 | test state 0.9758 (copy 0.4964) genome 0.9930 (copy 0.9905) alive 0.9977 (copy 0.9941) energy MAE 1.30
step 24100 4844s pairs 1800 loss 0.2003
step 24200 4864s pairs 1800 loss 0.1843
step 24300 4883s pairs 1800 loss 0.2201
step 24400 4903s pairs 1800 loss 0.1089
step 24500 4923s pairs 1800 loss 0.1844
step 24600 4943s pairs 1800 loss 0.1543
step 24700 4962s pairs 1800 loss 0.1538
step 24800 4982s pairs 1800 loss 0.1302
step 24900 5002s pairs 1800 loss 0.1194
step 25000 5025s pairs 1800 loss 0.1278 state 0.1096 bits 0.0026 | test state 0.9759 (copy 0.4964) genome 0.9931 (copy 0.9905) alive 0.9977 (copy 0.9941) energy MAE 1.24
step 25100 5045s pairs 1800 loss 0.1550
step 25200 5065s pairs 1800 loss 0.1489
step 25300 5084s pairs 1800 loss 0.1622
step 25400 5104s pairs 1800 loss 0.2612
step 25500 5124s pairs 1800 loss 0.1593
step 25600 5144s pairs 1800 loss 0.1134
step 25700 5163s pairs 1800 loss 0.1447
step 25800 5183s pairs 1800 loss 0.1819
step 25900 5203s pairs 1800 loss 0.2267
step 26000 5226s pairs 1800 loss 0.1378 state 0.1194 bits 0.0025 | test state 0.9760 (copy 0.4964) genome 0.9932 (copy 0.9905) alive 0.9977 (copy 0.9941) energy MAE 1.30
step 26100 5246s pairs 1800 loss 0.1273
step 26200 5266s pairs 1800 loss 0.1718
step 26300 5285s pairs 1800 loss 0.2238
step 26400 5305s pairs 1800 loss 0.2045
step 26500 5325s pairs 1800 loss 0.1790
step 26600 5345s pairs 1800 loss 0.1713
step 26700 5364s pairs 1800 loss 0.1700
step 26800 5384s pairs 1800 loss 0.1016
step 26900 5404s pairs 1800 loss 0.2076
step 27000 5427s pairs 1800 loss 0.2193 state 0.1996 bits 0.0034 | test state 0.9761 (copy 0.4964) genome 0.9932 (copy 0.9905) alive 0.9977 (copy 0.9941) energy MAE 1.24
step 27100 5447s pairs 1800 loss 0.1625
step 27200 5467s pairs 1800 loss 0.1671
step 27300 5487s pairs 1800 loss 0.1327
step 27400 5506s pairs 1800 loss 0.2053
step 27500 5526s pairs 1800 loss 0.3717
step 27600 5546s pairs 1800 loss 0.1360
step 27700 5565s pairs 1800 loss 0.1116
step 27800 5585s pairs 1800 loss 0.1305
step 27900 5605s pairs 1800 loss 0.3430
step 28000 5629s pairs 1800 loss 0.3178 state 0.2935 bits 0.0040 | test state 0.9762 (copy 0.4964) genome 0.9932 (copy 0.9905) alive 0.9977 (copy 0.9941) energy MAE 1.23
step 28100 5648s pairs 1800 loss 0.1281
step 28200 5668s pairs 1800 loss 0.1139
step 28300 5688s pairs 1800 loss 0.0996
step 28400 5708s pairs 1800 loss 0.1463
step 28500 5727s pairs 1800 loss 0.2990
step 28600 5747s pairs 1800 loss 0.2057
step 28700 5767s pairs 1800 loss 0.1686
step 28800 5787s pairs 1800 loss 0.1460
step 28900 5806s pairs 1800 loss 0.1196
step 29000 5830s pairs 1800 loss 0.1612 state 0.1419 bits 0.0029 | test state 0.9762 (copy 0.4964) genome 0.9932 (copy 0.9905) alive 0.9977 (copy 0.9941) energy MAE 1.22
step 29100 5850s pairs 1800 loss 0.2263
step 29200 5870s pairs 1800 loss 0.2088
step 29300 5889s pairs 1800 loss 0.1564
step 29400 5909s pairs 1800 loss 0.1400
step 29500 5929s pairs 1800 loss 0.1885
step 29600 5949s pairs 1800 loss 0.1894
step 29700 5968s pairs 1800 loss 0.1047
step 29800 5988s pairs 1800 loss 0.2177
step 29900 6008s pairs 1800 loss 0.2854
step 30000 6032s pairs 1800 loss 0.1784 state 0.1592 bits 0.0029 | test state 0.9762 (copy 0.4964) genome 0.9932 (copy 0.9905) alive 0.9977 (copy 0.9941) energy MAE 1.22
{
 "steps": 30000,
 "seconds": 6031.535240650177,
 "training_pairs_seen": 1800,
 "reservoir": 400,
 "test_pairs": [
  180000,
  180100,
  180200,
  180300,
  180400,
  180500,
  180600,
  180700
 ],
 "params": 1381106,
 "in_world_test": {
  "alive_acc": 0.9976891279220581,
  "state_acc": 0.97622199598389,
  "bits_acc": 0.9994792488637925,
  "genome_acc": 0.9932387166009343,
  "energy_mae": 1.2184432614054834,
  "copy_alive_acc": 0.9941213130950928,
  "copy_state_acc": 0.4963895515892354,
  "copy_genome_acc": 0.9904620082318739
 },
 "cross_world_test": {
  "alive_acc": 0.9966241121292114,
  "state_acc": 0.8153259822636271,
  "bits_acc": 0.998758890151917,
  "genome_acc": 0.9864412115920922,
  "energy_mae": 2.039799138190324,
  "copy_alive_acc": 0.9945980310440063,
  "copy_state_acc": 0.46603433401208993,
  "copy_genome_acc": 0.990947407084749
 },
 "cross_world_pairs": [
  0,
  25000,
  50000,
  75000,
  100000,
  125000,
  150000,
  175000
 ]
}
