tick       0 alive    52579 genomes   52579 energy    64.0 births 0 deaths 0 (0.0s) NVIDIA GeForce RTX 4090
tick    1000 alive   215352 genomes   92695 energy   112.4 births 2335981 deaths 2173208 (0.9s) NVIDIA GeForce RTX 4090
tick    2000 alive   587900 genomes  230254 energy   119.5 births 10474546 deaths 10101998 (2.8s) NVIDIA GeForce RTX 4090
tick    3000 alive   708909 genomes  236784 energy   141.8 births 14627196 deaths 14506187 (5.5s) NVIDIA GeForce RTX 4090
tick    4000 alive   745334 genomes  206530 energy   160.4 births 12927676 deaths 12891251 (8.2s) NVIDIA GeForce RTX 4090
tick    5000 alive   793417 genomes  194799 energy   169.6 births 11858989 deaths 11810906 (10.8s) NVIDIA GeForce RTX 4090
tick    6000 alive   820202 genomes  188009 energy   174.6 births 11504527 deaths 11477742 (13.4s) NVIDIA GeForce RTX 4090
tick    7000 alive   821398 genomes  181908 energy   177.9 births 10978023 deaths 10976827 (15.9s) NVIDIA GeForce RTX 4090
tick    8000 alive   808466 genomes  174311 energy   179.4 births 10476923 deaths 10489855 (18.5s) NVIDIA GeForce RTX 4090
tick    9000 alive   797384 genomes  168317 energy   179.3 births 10156297 deaths 10167379 (21.0s) NVIDIA GeForce RTX 4090
tick   10000 alive   792502 genomes  163068 energy   178.9 births 10083310 deaths 10088192 (23.5s) NVIDIA GeForce RTX 4090
tick   11000 alive   795673 genomes  157213 energy   177.8 births 10094472 deaths 10091301 (26.0s) NVIDIA GeForce RTX 4090
tick   12000 alive   806233 genomes  151540 energy   177.0 births 10262955 deaths 10252395 (28.6s) NVIDIA GeForce RTX 4090
tick   13000 alive   823507 genomes  148197 energy   177.1 births 10492207 deaths 10474933 (31.1s) NVIDIA GeForce RTX 4090
tick   14000 alive   829719 genomes  144388 energy   177.8 births 10587739 deaths 10581527 (33.6s) NVIDIA GeForce RTX 4090
tick   15000 alive   830306 genomes  140920 energy   178.2 births 10532909 deaths 10532322 (36.2s) NVIDIA GeForce RTX 4090
tick   16000 alive   830290 genomes  138831 energy   178.2 births 10476409 deaths 10476425 (38.7s) NVIDIA GeForce RTX 4090
tick   17000 alive   830266 genomes  136093 energy   178.5 births 10444725 deaths 10444749 (41.3s) NVIDIA GeForce RTX 4090
tick   18000 alive   830842 genomes  134998 energy   177.8 births 10473730 deaths 10473154 (43.8s) NVIDIA GeForce RTX 4090
tick   19000 alive   830867 genomes  132030 energy   177.3 births 10524544 deaths 10524519 (46.4s) NVIDIA GeForce RTX 4090
tick   20000 alive   832442 genomes  128848 energy   177.6 births 10540879 deaths 10539304 (48.9s) NVIDIA GeForce RTX 4090
tick   21000 alive   827605 genomes  126071 energy   177.3 births 10487762 deaths 10492599 (51.5s) NVIDIA GeForce RTX 4090
tick   22000 alive   832400 genomes  123856 energy   176.8 births 10507098 deaths 10502303 (54.0s) NVIDIA GeForce RTX 4090
tick   23000 alive   835190 genomes  121318 energy   176.3 births 10628917 deaths 10626127 (56.6s) NVIDIA GeForce RTX 4090
tick   24000 alive   841566 genomes  120713 energy   176.2 births 10751423 deaths 10745047 (59.1s) NVIDIA GeForce RTX 4090
tick   25000 alive   839988 genomes  118804 energy   176.3 births 10755647 deaths 10757225 (61.7s) NVIDIA GeForce RTX 4090
tick   26000 alive   840926 genomes  117403 energy   176.0 births 10745750 deaths 10744812 (64.2s) NVIDIA GeForce RTX 4090
tick   27000 alive   844057 genomes  114615 energy   176.5 births 10752035 deaths 10748904 (66.8s) NVIDIA GeForce RTX 4090
tick   28000 alive   848674 genomes  113038 energy   176.8 births 10772612 deaths 10767995 (69.3s) NVIDIA GeForce RTX 4090
tick   29000 alive   848146 genomes  112442 energy   176.4 births 10827351 deaths 10827879 (71.8s) NVIDIA GeForce RTX 4090
tick   30000 alive   852165 genomes  111641 energy   176.5 births 10816927 deaths 10812908 (74.4s) NVIDIA GeForce RTX 4090
tick   31000 alive   859017 genomes  109848 energy   177.0 births 10859447 deaths 10852595 (76.9s) NVIDIA GeForce RTX 4090
tick   32000 alive   860926 genomes  108338 energy   176.4 births 10915272 deaths 10913363 (79.4s) NVIDIA GeForce RTX 4090
tick   33000 alive   862373 genomes  107049 energy   176.8 births 10946358 deaths 10944911 (82.0s) NVIDIA GeForce RTX 4090
tick   34000 alive   865629 genomes  105760 energy   176.6 births 10953734 deaths 10950478 (84.5s) NVIDIA GeForce RTX 4090
tick   35000 alive   868045 genomes  104674 energy   176.8 births 10937757 deaths 10935341 (87.1s) NVIDIA GeForce RTX 4090
tick   36000 alive   871279 genomes  104838 energy   176.6 births 11019553 deaths 11016319 (89.6s) NVIDIA GeForce RTX 4090
tick   37000 alive   870024 genomes  103310 energy   176.3 births 11067719 deaths 11068974 (92.1s) NVIDIA GeForce RTX 4090
tick   38000 alive   874210 genomes  102198 energy   176.1 births 11134344 deaths 11130158 (94.6s) NVIDIA GeForce RTX 4090
tick   39000 alive   880073 genomes  100783 energy   176.4 births 11214343 deaths 11208480 (97.1s) NVIDIA GeForce RTX 4090
tick   40000 alive   883373 genomes   99669 energy   176.7 births 11287601 deaths 11284301 (99.6s) NVIDIA GeForce RTX 4090
tick   41000 alive   882185 genomes   98215 energy   177.0 births 11195308 deaths 11196496 (102.1s) NVIDIA GeForce RTX 4090
tick   42000 alive   881168 genomes   97789 energy   176.5 births 11208736 deaths 11209753 (104.6s) NVIDIA GeForce RTX 4090
tick   43000 alive   881956 genomes   95768 energy   176.7 births 11268252 deaths 11267464 (107.1s) NVIDIA GeForce RTX 4090
tick   44000 alive   882476 genomes   93658 energy   176.9 births 11209142 deaths 11208622 (109.6s) NVIDIA GeForce RTX 4090
tick   45000 alive   886209 genomes   92941 energy   177.3 births 11197166 deaths 11193433 (112.1s) NVIDIA GeForce RTX 4090
tick   46000 alive   886377 genomes   91927 energy   177.9 births 11109668 deaths 11109500 (114.6s) NVIDIA GeForce RTX 4090
tick   47000 alive   884630 genomes   90632 energy   177.9 births 11073234 deaths 11074981 (117.1s) NVIDIA GeForce RTX 4090
tick   48000 alive   885562 genomes   90237 energy   178.1 births 11001823 deaths 11000891 (119.5s) NVIDIA GeForce RTX 4090
tick   49000 alive   886998 genomes   89948 energy   178.4 births 10976245 deaths 10974809 (122.0s) NVIDIA GeForce RTX 4090
tick   50000 alive   888050 genomes   90733 energy   179.0 births 10913418 deaths 10912366 (124.5s) NVIDIA GeForce RTX 4090
tick   51000 alive   887600 genomes   89618 energy   179.3 births 10883500 deaths 10883950 (127.0s) NVIDIA GeForce RTX 4090
tick   52000 alive   885261 genomes   89417 energy   179.6 births 10800156 deaths 10802495 (129.4s) NVIDIA GeForce RTX 4090
tick   53000 alive   885015 genomes   89530 energy   179.5 births 10762728 deaths 10762974 (131.9s) NVIDIA GeForce RTX 4090
tick   54000 alive   885696 genomes   90045 energy   179.7 births 10772684 deaths 10772003 (134.4s) NVIDIA GeForce RTX 4090
tick   55000 alive   884071 genomes   89704 energy   179.7 births 10720358 deaths 10721983 (136.8s) NVIDIA GeForce RTX 4090
tick   56000 alive   885823 genomes   89755 energy   179.3 births 10801854 deaths 10800102 (139.3s) NVIDIA GeForce RTX 4090
tick   57000 alive   883144 genomes   88693 energy   179.3 births 10786133 deaths 10788812 (141.8s) NVIDIA GeForce RTX 4090
tick   58000 alive   882494 genomes   88689 energy   179.4 births 10793308 deaths 10793958 (144.3s) NVIDIA GeForce RTX 4090
tick   59000 alive   883876 genomes   88228 energy   179.2 births 10752031 deaths 10750649 (146.8s) NVIDIA GeForce RTX 4090
tick   60000 alive   884410 genomes   87456 energy   179.1 births 10778774 deaths 10778240 (149.3s) NVIDIA GeForce RTX 4090
tick   61000 alive   884616 genomes   87324 energy   178.9 births 10763981 deaths 10763775 (151.8s) NVIDIA GeForce RTX 4090
tick   62000 alive   886886 genomes   86884 energy   179.5 births 10783435 deaths 10781165 (154.2s) NVIDIA GeForce RTX 4090
tick   63000 alive   888255 genomes   86946 energy   179.2 births 10780006 deaths 10778637 (156.8s) NVIDIA GeForce RTX 4090
tick   64000 alive   891374 genomes   86953 energy   179.1 births 10815078 deaths 10811959 (159.3s) NVIDIA GeForce RTX 4090
tick   65000 alive   890729 genomes   86459 energy   179.2 births 10846195 deaths 10846840 (161.8s) NVIDIA GeForce RTX 4090
tick   66000 alive   889555 genomes   85585 energy   179.3 births 10829028 deaths 10830202 (164.3s) NVIDIA GeForce RTX 4090
tick   67000 alive   885904 genomes   83995 energy   179.8 births 10740462 deaths 10744113 (166.8s) NVIDIA GeForce RTX 4090
tick   68000 alive   885697 genomes   83561 energy   179.6 births 10666357 deaths 10666564 (169.3s) NVIDIA GeForce RTX 4090
tick   69000 alive   883349 genomes   83019 energy   179.2 births 10663305 deaths 10665653 (171.8s) NVIDIA GeForce RTX 4090
tick   70000 alive   887746 genomes   81835 energy   180.1 births 10644472 deaths 10640075 (174.3s) NVIDIA GeForce RTX 4090
tick   71000 alive   890644 genomes   81242 energy   180.3 births 10632215 deaths 10629317 (176.8s) NVIDIA GeForce RTX 4090
tick   72000 alive   892800 genomes   81417 energy   180.1 births 10595568 deaths 10593412 (179.3s) NVIDIA GeForce RTX 4090
tick   73000 alive   897761 genomes   82439 energy   179.9 births 10673456 deaths 10668495 (181.8s) NVIDIA GeForce RTX 4090
tick   74000 alive   900271 genomes   83591 energy   180.3 births 10758355 deaths 10755845 (184.3s) NVIDIA GeForce RTX 4090
tick   75000 alive   897209 genomes   83975 energy   180.5 births 10693967 deaths 10697029 (186.8s) NVIDIA GeForce RTX 4090
tick   76000 alive   899194 genomes   83394 energy   180.5 births 10689813 deaths 10687828 (189.3s) NVIDIA GeForce RTX 4090
tick   77000 alive   900479 genomes   83789 energy   180.3 births 10737180 deaths 10735895 (191.8s) NVIDIA GeForce RTX 4090
tick   78000 alive   900811 genomes   83575 energy   180.8 births 10721896 deaths 10721564 (194.3s) NVIDIA GeForce RTX 4090
tick   79000 alive   899071 genomes   82487 energy   181.6 births 10611424 deaths 10613164 (196.8s) NVIDIA GeForce RTX 4090
tick   80000 alive   898457 genomes   81959 energy   181.7 births 10497579 deaths 10498193 (199.3s) NVIDIA GeForce RTX 4090
tick   81000 alive   898730 genomes   81755 energy   181.5 births 10524260 deaths 10523987 (201.8s) NVIDIA GeForce RTX 4090
tick   82000 alive   899112 genomes   80658 energy   181.4 births 10549320 deaths 10548938 (204.3s) NVIDIA GeForce RTX 4090
tick   83000 alive   897879 genomes   79903 energy   181.7 births 10499089 deaths 10500322 (206.7s) NVIDIA GeForce RTX 4090
tick   84000 alive   899614 genomes   80301 energy   181.1 births 10536409 deaths 10534674 (209.2s) NVIDIA GeForce RTX 4090
tick   85000 alive   897220 genomes   80366 energy   181.3 births 10562385 deaths 10564779 (211.7s) NVIDIA GeForce RTX 4090
tick   86000 alive   896331 genomes   79989 energy   180.9 births 10581865 deaths 10582754 (214.2s) NVIDIA GeForce RTX 4090
tick   87000 alive   898614 genomes   78954 energy   181.2 births 10538166 deaths 10535883 (216.7s) NVIDIA GeForce RTX 4090
tick   88000 alive   901218 genomes   78146 energy   181.3 births 10551931 deaths 10549327 (219.2s) NVIDIA GeForce RTX 4090
tick   89000 alive   903368 genomes   77915 energy   181.8 births 10523146 deaths 10520996 (221.6s) NVIDIA GeForce RTX 4090
tick   90000 alive   905667 genomes   77994 energy   182.0 births 10518343 deaths 10516044 (224.1s) NVIDIA GeForce RTX 4090
tick   91000 alive   903860 genomes   78791 energy   182.0 births 10496338 deaths 10498145 (226.6s) NVIDIA GeForce RTX 4090
tick   92000 alive   904027 genomes   78578 energy   182.2 births 10503724 deaths 10503557 (229.0s) NVIDIA GeForce RTX 4090
tick   93000 alive   904119 genomes   78074 energy   182.2 births 10489291 deaths 10489199 (231.5s) NVIDIA GeForce RTX 4090
tick   94000 alive   904162 genomes   78088 energy   182.2 births 10497015 deaths 10496972 (234.0s) NVIDIA GeForce RTX 4090
tick   95000 alive   905174 genomes   77467 energy   182.4 births 10491499 deaths 10490487 (236.5s) NVIDIA GeForce RTX 4090
tick   96000 alive   904583 genomes   77772 energy   182.3 births 10456115 deaths 10456706 (238.9s) NVIDIA GeForce RTX 4090
tick   97000 alive   905539 genomes   77475 energy   182.2 births 10446109 deaths 10445153 (241.4s) NVIDIA GeForce RTX 4090
tick   98000 alive   904987 genomes   76881 energy   182.1 births 10499108 deaths 10499660 (243.9s) NVIDIA GeForce RTX 4090
tick   99000 alive   905380 genomes   77303 energy   182.3 births 10469485 deaths 10469092 (246.4s) NVIDIA GeForce RTX 4090
tick  100000 alive   904386 genomes   76158 energy   182.8 births 10408372 deaths 10409366 (248.8s) NVIDIA GeForce RTX 4090
tick  101000 alive   905293 genomes   76235 energy   182.9 births 10348301 deaths 10347394 (251.3s) NVIDIA GeForce RTX 4090
tick  102000 alive   905149 genomes   76340 energy   182.3 births 10349130 deaths 10349274 (253.8s) NVIDIA GeForce RTX 4090
tick  103000 alive   905787 genomes   76371 energy   182.0 births 10439680 deaths 10439042 (256.3s) NVIDIA GeForce RTX 4090
tick  104000 alive   907495 genomes   75664 energy   182.1 births 10470327 deaths 10468619 (258.8s) NVIDIA GeForce RTX 4090
tick  105000 alive   909382 genomes   75329 energy   182.0 births 10499009 deaths 10497122 (261.2s) NVIDIA GeForce RTX 4090
tick  106000 alive   909549 genomes   75605 energy   182.1 births 10484398 deaths 10484231 (263.7s) NVIDIA GeForce RTX 4090
tick  107000 alive   909928 genomes   76096 energy   182.0 births 10474552 deaths 10474173 (266.2s) NVIDIA GeForce RTX 4090
tick  108000 alive   910828 genomes   76334 energy   181.9 births 10501621 deaths 10500721 (268.6s) NVIDIA GeForce RTX 4090
tick  109000 alive   909985 genomes   75996 energy   182.0 births 10490488 deaths 10491331 (271.1s) NVIDIA GeForce RTX 4090
tick  110000 alive   911451 genomes   75985 energy   181.9 births 10515549 deaths 10514083 (273.6s) NVIDIA GeForce RTX 4090
tick  111000 alive   911268 genomes   76024 energy   181.4 births 10589326 deaths 10589509 (276.0s) NVIDIA GeForce RTX 4090
tick  112000 alive   914889 genomes   75598 energy   180.8 births 10673049 deaths 10669428 (278.5s) NVIDIA GeForce RTX 4090
tick  113000 alive   917954 genomes   75662 energy   181.4 births 10767902 deaths 10764837 (281.0s) NVIDIA GeForce RTX 4090
tick  114000 alive   917388 genomes   75178 energy   181.4 births 10762904 deaths 10763470 (283.4s) NVIDIA GeForce RTX 4090
tick  115000 alive   916595 genomes   75360 energy   181.5 births 10742595 deaths 10743388 (285.9s) NVIDIA GeForce RTX 4090
tick  116000 alive   914396 genomes   75120 energy   181.8 births 10693733 deaths 10695932 (288.3s) NVIDIA GeForce RTX 4090
tick  117000 alive   917608 genomes   74760 energy   181.9 births 10666134 deaths 10662922 (290.8s) NVIDIA GeForce RTX 4090
tick  118000 alive   917849 genomes   74424 energy   181.8 births 10665362 deaths 10665121 (293.3s) NVIDIA GeForce RTX 4090
tick  119000 alive   918303 genomes   74262 energy   181.8 births 10713861 deaths 10713407 (295.7s) NVIDIA GeForce RTX 4090
tick  120000 alive   916137 genomes   73376 energy   182.2 births 10637852 deaths 10640018 (298.2s) NVIDIA GeForce RTX 4090
tick  121000 alive   919102 genomes   73879 energy   182.3 births 10576330 deaths 10573365 (300.6s) NVIDIA GeForce RTX 4090
tick  122000 alive   920060 genomes   73520 energy   182.0 births 10603445 deaths 10602487 (303.1s) NVIDIA GeForce RTX 4090
tick  123000 alive   917939 genomes   72692 energy   181.9 births 10662231 deaths 10664352 (305.6s) NVIDIA GeForce RTX 4090
tick  124000 alive   915922 genomes   71622 energy   181.7 births 10598318 deaths 10600335 (308.0s) NVIDIA GeForce RTX 4090
tick  125000 alive   917588 genomes   71113 energy   182.0 births 10582630 deaths 10580964 (310.5s) NVIDIA GeForce RTX 4090
tick  126000 alive   918164 genomes   70440 energy   182.1 births 10547660 deaths 10547084 (312.9s) NVIDIA GeForce RTX 4090
tick  127000 alive   919338 genomes   70136 energy   182.4 births 10546888 deaths 10545714 (315.4s) NVIDIA GeForce RTX 4090
tick  128000 alive   921031 genomes   69707 energy   182.7 births 10511131 deaths 10509438 (317.8s) NVIDIA GeForce RTX 4090
tick  129000 alive   922795 genomes   69250 energy   183.0 births 10474766 deaths 10473002 (320.3s) NVIDIA GeForce RTX 4090
tick  130000 alive   919484 genomes   69604 energy   182.8 births 10438588 deaths 10441899 (322.7s) NVIDIA GeForce RTX 4090
tick  131000 alive   920112 genomes   69591 energy   183.1 births 10443754 deaths 10443126 (325.1s) NVIDIA GeForce RTX 4090
tick  132000 alive   919842 genomes   69711 energy   182.7 births 10426668 deaths 10426938 (327.6s) NVIDIA GeForce RTX 4090
tick  133000 alive   921220 genomes   70686 energy   182.9 births 10443851 deaths 10442473 (330.0s) NVIDIA GeForce RTX 4090
tick  134000 alive   921315 genomes   70295 energy   182.9 births 10385335 deaths 10385240 (332.4s) NVIDIA GeForce RTX 4090
tick  135000 alive   917713 genomes   70421 energy   183.0 births 10382725 deaths 10386327 (334.9s) NVIDIA GeForce RTX 4090
tick  136000 alive   914543 genomes   69959 energy   183.3 births 10337298 deaths 10340468 (337.3s) NVIDIA GeForce RTX 4090
tick  137000 alive   911747 genomes   68562 energy   183.2 births 10257724 deaths 10260520 (339.8s) NVIDIA GeForce RTX 4090
tick  138000 alive   912442 genomes   67494 energy   183.3 births 10215402 deaths 10214707 (342.2s) NVIDIA GeForce RTX 4090
tick  139000 alive   916589 genomes   66995 energy   183.4 births 10247359 deaths 10243212 (344.6s) NVIDIA GeForce RTX 4090
tick  140000 alive   916281 genomes   66857 energy   183.4 births 10265021 deaths 10265329 (347.1s) NVIDIA GeForce RTX 4090
tick  141000 alive   917865 genomes   66534 energy   183.7 births 10268818 deaths 10267234 (349.5s) NVIDIA GeForce RTX 4090
tick  142000 alive   916757 genomes   66648 energy   183.9 births 10215493 deaths 10216601 (352.0s) NVIDIA GeForce RTX 4090
tick  143000 alive   918081 genomes   66473 energy   184.2 births 10199887 deaths 10198563 (354.4s) NVIDIA GeForce RTX 4090
tick  144000 alive   915555 genomes   67135 energy   183.9 births 10163715 deaths 10166241 (356.8s) NVIDIA GeForce RTX 4090
tick  145000 alive   914479 genomes   68207 energy   183.8 births 10123789 deaths 10124865 (359.3s) NVIDIA GeForce RTX 4090
tick  146000 alive   912340 genomes   68528 energy   183.6 births 10133297 deaths 10135436 (361.7s) NVIDIA GeForce RTX 4090
tick  147000 alive   913955 genomes   67780 energy   183.7 births 10118992 deaths 10117377 (364.2s) NVIDIA GeForce RTX 4090
tick  148000 alive   916857 genomes   67033 energy   184.0 births 10124686 deaths 10121784 (366.6s) NVIDIA GeForce RTX 4090
tick  149000 alive   918743 genomes   66827 energy   184.1 births 10118364 deaths 10116478 (369.1s) NVIDIA GeForce RTX 4090
tick  150000 alive   921837 genomes   66577 energy   184.3 births 10127399 deaths 10124305 (371.5s) NVIDIA GeForce RTX 4090
tick  151000 alive   919348 genomes   67964 energy   184.0 births 10135784 deaths 10138273 (374.0s) NVIDIA GeForce RTX 4090
tick  152000 alive   917775 genomes   68398 energy   183.6 births 10198099 deaths 10199672 (376.4s) NVIDIA GeForce RTX 4090
tick  153000 alive   919758 genomes   67745 energy   183.6 births 10222601 deaths 10220618 (378.9s) NVIDIA GeForce RTX 4090
tick  154000 alive   921523 genomes   67893 energy   183.6 births 10242856 deaths 10241091 (381.3s) NVIDIA GeForce RTX 4090
tick  155000 alive   923338 genomes   68128 energy   183.3 births 10300303 deaths 10298488 (383.8s) NVIDIA GeForce RTX 4090
tick  156000 alive   925174 genomes   68014 energy   183.3 births 10345758 deaths 10343922 (386.2s) NVIDIA GeForce RTX 4090
tick  157000 alive   925721 genomes   69109 energy   183.2 births 10392947 deaths 10392400 (388.6s) NVIDIA GeForce RTX 4090
tick  158000 alive   922671 genomes   69426 energy   183.4 births 10421188 deaths 10424238 (391.1s) NVIDIA GeForce RTX 4090
tick  159000 alive   921693 genomes   69995 energy   183.1 births 10411875 deaths 10412853 (393.5s) NVIDIA GeForce RTX 4090
tick  160000 alive   920596 genomes   70426 energy   183.1 births 10419184 deaths 10420281 (396.0s) NVIDIA GeForce RTX 4090
tick  161000 alive   921251 genomes   69947 energy   183.8 births 10371463 deaths 10370808 (398.4s) NVIDIA GeForce RTX 4090
tick  162000 alive   921268 genomes   69712 energy   183.6 births 10350230 deaths 10350213 (400.9s) NVIDIA GeForce RTX 4090
tick  163000 alive   923946 genomes   69677 energy   183.3 births 10376976 deaths 10374298 (403.3s) NVIDIA GeForce RTX 4090
tick  164000 alive   921168 genomes   69407 energy   183.2 births 10400542 deaths 10403320 (405.7s) NVIDIA GeForce RTX 4090
tick  165000 alive   923419 genomes   68367 energy   183.5 births 10364272 deaths 10362021 (408.2s) NVIDIA GeForce RTX 4090
tick  166000 alive   924831 genomes   68366 energy   183.9 births 10381268 deaths 10379856 (410.6s) NVIDIA GeForce RTX 4090
tick  167000 alive   923969 genomes   67772 energy   184.0 births 10334697 deaths 10335559 (413.0s) NVIDIA GeForce RTX 4090
tick  168000 alive   924621 genomes   67610 energy   184.3 births 10283690 deaths 10283038 (415.5s) NVIDIA GeForce RTX 4090
tick  169000 alive   919483 genomes   67296 energy   184.4 births 10236271 deaths 10241409 (417.9s) NVIDIA GeForce RTX 4090
tick  170000 alive   916602 genomes   66992 energy   184.4 births 10158713 deaths 10161594 (420.3s) NVIDIA GeForce RTX 4090
tick  171000 alive   917616 genomes   66633 energy   184.5 births 10159053 deaths 10158039 (422.7s) NVIDIA GeForce RTX 4090
tick  172000 alive   918478 genomes   66787 energy   184.4 births 10156979 deaths 10156117 (425.2s) NVIDIA GeForce RTX 4090
tick  173000 alive   919043 genomes   66414 energy   184.4 births 10160502 deaths 10159937 (427.6s) NVIDIA GeForce RTX 4090
tick  174000 alive   919275 genomes   65759 energy   184.6 births 10159979 deaths 10159747 (430.0s) NVIDIA GeForce RTX 4090
tick  175000 alive   919706 genomes   65541 energy   184.4 births 10154196 deaths 10153765 (432.5s) NVIDIA GeForce RTX 4090
tick  176000 alive   917242 genomes   65695 energy   184.4 births 10152196 deaths 10154660 (434.9s) NVIDIA GeForce RTX 4090
tick  177000 alive   914095 genomes   65689 energy   184.1 births 10142836 deaths 10145983 (437.3s) NVIDIA GeForce RTX 4090
tick  178000 alive   915092 genomes   66212 energy   184.0 births 10162127 deaths 10161130 (439.8s) NVIDIA GeForce RTX 4090
tick  179000 alive   915327 genomes   65815 energy   184.3 births 10157028 deaths 10156793 (442.2s) NVIDIA GeForce RTX 4090
tick  180000 alive   916203 genomes   65563 energy   184.4 births 10134939 deaths 10134063 (444.6s) NVIDIA GeForce RTX 4090
tick  181000 alive   914952 genomes   66120 energy   184.4 births 10089395 deaths 10090646 (447.1s) NVIDIA GeForce RTX 4090
tick  182000 alive   914956 genomes   66117 energy   184.8 births 10042856 deaths 10042852 (449.5s) NVIDIA GeForce RTX 4090
tick  183000 alive   913471 genomes   65619 energy   185.2 births 9950311 deaths 9951796 (451.9s) NVIDIA GeForce RTX 4090
tick  184000 alive   913093 genomes   65671 energy   184.8 births 9922922 deaths 9923300 (454.4s) NVIDIA GeForce RTX 4090
tick  185000 alive   911550 genomes   66703 energy   184.4 births 9937903 deaths 9939446 (456.8s) NVIDIA GeForce RTX 4090
tick  186000 alive   912265 genomes   66780 energy   184.1 births 9981593 deaths 9980878 (459.3s) NVIDIA GeForce RTX 4090
tick  187000 alive   915263 genomes   66891 energy   183.8 births 10053498 deaths 10050500 (461.7s) NVIDIA GeForce RTX 4090
tick  188000 alive   914680 genomes   66469 energy   183.8 births 10119214 deaths 10119797 (464.2s) NVIDIA GeForce RTX 4090
tick  189000 alive   913123 genomes   66212 energy   183.7 births 10154132 deaths 10155689 (466.6s) NVIDIA GeForce RTX 4090
tick  190000 alive   915015 genomes   65729 energy   183.9 births 10154035 deaths 10152143 (469.1s) NVIDIA GeForce RTX 4090
tick  191000 alive   917933 genomes   64154 energy   184.5 births 10118877 deaths 10115959 (471.5s) NVIDIA GeForce RTX 4090
tick  192000 alive   917672 genomes   63930 energy   184.5 births 10078987 deaths 10079248 (473.9s) NVIDIA GeForce RTX 4090
tick  193000 alive   916801 genomes   63828 energy   184.7 births 10070084 deaths 10070955 (476.4s) NVIDIA GeForce RTX 4090
tick  194000 alive   914525 genomes   64083 energy   184.9 births 10005729 deaths 10008005 (478.8s) NVIDIA GeForce RTX 4090
tick  195000 alive   916853 genomes   65060 energy   184.7 births 9985786 deaths 9983458 (481.3s) NVIDIA GeForce RTX 4090
tick  196000 alive   916494 genomes   65275 energy   184.6 births 10046995 deaths 10047354 (483.7s) NVIDIA GeForce RTX 4090
tick  197000 alive   915366 genomes   65019 energy   184.5 births 10040849 deaths 10041977 (486.2s) NVIDIA GeForce RTX 4090
tick  198000 alive   917398 genomes   64743 energy   184.8 births 10024126 deaths 10022094 (488.6s) NVIDIA GeForce RTX 4090
tick  199000 alive   915855 genomes   64256 energy   184.7 births 10017449 deaths 10018992 (491.1s) NVIDIA GeForce RTX 4090
tick  200000 alive   916979 genomes   63826 energy   184.8 births 10028750 deaths 10027626 (493.5s) NVIDIA GeForce RTX 4090
done 200000 ticks in 493.5s
