WARNING: radv is not a conformant Vulkan implementation, testing use only.
WARNING: radv is not a conformant Vulkan implementation, testing use only.
tick       0 alive    52687 genomes   52687 energy    64.0 births 0 deaths 0 (0.0s) AMD Radeon RX 9070 XT (RADV GFX1201)
tick    1000 alive  1039334 genomes  298263 energy   171.4 births 20790791 deaths 19804144 (8.8s) AMD Radeon RX 9070 XT (RADV GFX1201)
tick    2000 alive  1042069 genomes  228881 energy   192.8 births 22759901 deaths 22757166 (17.7s) AMD Radeon RX 9070 XT (RADV GFX1201)
tick    3000 alive  1038806 genomes  192498 energy   197.1 births 19895142 deaths 19898405 (26.4s) AMD Radeon RX 9070 XT (RADV GFX1201)
tick    4000 alive  1031320 genomes  187204 energy   197.4 births 19172309 deaths 19179795 (35.1s) AMD Radeon RX 9070 XT (RADV GFX1201)
tick    5000 alive  1019965 genomes  194292 energy   197.6 births 19063266 deaths 19074621 (43.8s) AMD Radeon RX 9070 XT (RADV GFX1201)
tick    6000 alive  1006058 genomes  203209 energy   198.3 births 18639568 deaths 18653475 (52.5s) AMD Radeon RX 9070 XT (RADV GFX1201)
tick    7000 alive   993661 genomes  213587 energy   200.0 births 18049057 deaths 18061454 (61.1s) AMD Radeon RX 9070 XT (RADV GFX1201)
tick    8000 alive   984494 genomes  222511 energy   201.0 births 17420128 deaths 17429295 (69.8s) AMD Radeon RX 9070 XT (RADV GFX1201)
tick    9000 alive   976478 genomes  229416 energy   202.6 births 16865189 deaths 16873205 (78.5s) AMD Radeon RX 9070 XT (RADV GFX1201)
tick   10000 alive   963726 genomes  236709 energy   203.9 births 16260115 deaths 16272867 (87.0s) AMD Radeon RX 9070 XT (RADV GFX1201)
tick   11000 alive   950346 genomes  244212 energy   205.4 births 15627785 deaths 15641165 (95.7s) AMD Radeon RX 9070 XT (RADV GFX1201)
tick   12000 alive   936268 genomes  252827 energy   206.1 births 14896591 deaths 14910669 (104.3s) AMD Radeon RX 9070 XT (RADV GFX1201)
tick   13000 alive   921453 genomes  259910 energy   207.2 births 14325025 deaths 14339840 (113.0s) AMD Radeon RX 9070 XT (RADV GFX1201)
tick   14000 alive   906863 genomes  264853 energy   208.2 births 13684042 deaths 13698632 (121.5s) AMD Radeon RX 9070 XT (RADV GFX1201)
tick   15000 alive   889840 genomes  267455 energy   209.1 births 13106457 deaths 13123480 (130.3s) AMD Radeon RX 9070 XT (RADV GFX1201)
tick   16000 alive   878793 genomes  271150 energy   209.9 births 12539854 deaths 12550901 (139.1s) AMD Radeon RX 9070 XT (RADV GFX1201)
tick   17000 alive   867881 genomes  274143 energy   210.9 births 12133361 deaths 12144273 (148.1s) AMD Radeon RX 9070 XT (RADV GFX1201)
tick   18000 alive   854897 genomes  275379 energy   211.2 births 11754092 deaths 11767076 (156.8s) AMD Radeon RX 9070 XT (RADV GFX1201)
tick   19000 alive   852205 genomes  277567 energy   211.0 births 11589686 deaths 11592378 (165.6s) AMD Radeon RX 9070 XT (RADV GFX1201)
tick   20000 alive   851064 genomes  277495 energy   211.9 births 11460287 deaths 11461428 (174.5s) AMD Radeon RX 9070 XT (RADV GFX1201)
tick   21000 alive   845466 genomes  278870 energy   212.1 births 11311599 deaths 11317197 (183.3s) AMD Radeon RX 9070 XT (RADV GFX1201)
tick   22000 alive   839774 genomes  279569 energy   212.4 births 11080715 deaths 11086407 (192.1s) AMD Radeon RX 9070 XT (RADV GFX1201)
tick   23000 alive   843218 genomes  279917 energy   212.3 births 11029146 deaths 11025702 (200.9s) AMD Radeon RX 9070 XT (RADV GFX1201)
tick   24000 alive   842107 genomes  279438 energy   213.1 births 11002645 deaths 11003756 (209.7s) AMD Radeon RX 9070 XT (RADV GFX1201)
tick   25000 alive   835049 genomes  278734 energy   213.2 births 10781382 deaths 10788440 (218.3s) AMD Radeon RX 9070 XT (RADV GFX1201)
tick   26000 alive   835902 genomes  279981 energy   212.7 births 10775962 deaths 10775109 (226.9s) AMD Radeon RX 9070 XT (RADV GFX1201)
tick   27000 alive   839201 genomes  280874 energy   212.7 births 10840396 deaths 10837097 (235.6s) AMD Radeon RX 9070 XT (RADV GFX1201)
tick   28000 alive   842453 genomes  280650 energy   213.5 births 10907665 deaths 10904413 (244.2s) AMD Radeon RX 9070 XT (RADV GFX1201)
tick   29000 alive   837625 genomes  281428 energy   213.5 births 10710757 deaths 10715585 (253.0s) AMD Radeon RX 9070 XT (RADV GFX1201)
tick   30000 alive   832895 genomes  281243 energy   213.2 births 10680916 deaths 10685646 (261.7s) AMD Radeon RX 9070 XT (RADV GFX1201)
tick   31000 alive   840046 genomes  281398 energy   212.9 births 10778914 deaths 10771763 (270.2s) AMD Radeon RX 9070 XT (RADV GFX1201)
tick   32000 alive   836074 genomes  281072 energy   213.4 births 10769506 deaths 10773478 (279.1s) AMD Radeon RX 9070 XT (RADV GFX1201)
tick   33000 alive   835004 genomes  280901 energy   212.8 births 10751051 deaths 10752121 (287.9s) AMD Radeon RX 9070 XT (RADV GFX1201)
tick   34000 alive   837321 genomes  282094 energy   213.2 births 10815424 deaths 10813107 (296.8s) AMD Radeon RX 9070 XT (RADV GFX1201)
tick   35000 alive   832408 genomes  280794 energy   213.2 births 10708057 deaths 10712970 (305.5s) AMD Radeon RX 9070 XT (RADV GFX1201)
tick   36000 alive   832362 genomes  281058 energy   213.0 births 10713415 deaths 10713461 (314.4s) AMD Radeon RX 9070 XT (RADV GFX1201)
tick   37000 alive   832444 genomes  280667 energy   213.2 births 10659391 deaths 10659309 (323.4s) AMD Radeon RX 9070 XT (RADV GFX1201)
tick   38000 alive   829438 genomes  281363 energy   213.2 births 10644510 deaths 10647516 (332.2s) AMD Radeon RX 9070 XT (RADV GFX1201)
tick   39000 alive   829267 genomes  281066 energy   212.6 births 10701223 deaths 10701394 (341.1s) AMD Radeon RX 9070 XT (RADV GFX1201)
tick   40000 alive   833105 genomes  279299 energy   213.0 births 10757628 deaths 10753790 (349.9s) AMD Radeon RX 9070 XT (RADV GFX1201)
tick   41000 alive   832725 genomes  279779 energy   213.5 births 10686478 deaths 10686858 (358.6s) AMD Radeon RX 9070 XT (RADV GFX1201)
tick   42000 alive   829896 genomes  281037 energy   213.5 births 10595708 deaths 10598537 (367.2s) AMD Radeon RX 9070 XT (RADV GFX1201)
tick   43000 alive   824360 genomes  279519 energy   212.9 births 10611777 deaths 10617313 (375.9s) AMD Radeon RX 9070 XT (RADV GFX1201)
tick   44000 alive   831297 genomes  279045 energy   212.7 births 10731693 deaths 10724756 (384.5s) AMD Radeon RX 9070 XT (RADV GFX1201)
tick   45000 alive   834698 genomes  279272 energy   212.9 births 10797950 deaths 10794549 (393.0s) AMD Radeon RX 9070 XT (RADV GFX1201)
tick   46000 alive   833498 genomes  278932 energy   213.1 births 10706001 deaths 10707201 (401.9s) AMD Radeon RX 9070 XT (RADV GFX1201)
tick   47000 alive   828771 genomes  279632 energy   213.1 births 10694221 deaths 10698948 (410.7s) AMD Radeon RX 9070 XT (RADV GFX1201)
tick   48000 alive   825694 genomes  277995 energy   212.7 births 10568910 deaths 10571987 (419.5s) AMD Radeon RX 9070 XT (RADV GFX1201)
tick   49000 alive   829463 genomes  280736 energy   213.0 births 10679626 deaths 10675857 (428.2s) AMD Radeon RX 9070 XT (RADV GFX1201)
tick   50000 alive   833939 genomes  280447 energy   212.5 births 10738821 deaths 10734345 (437.0s) AMD Radeon RX 9070 XT (RADV GFX1201)
tick   51000 alive   829348 genomes  279228 energy   213.3 births 10722592 deaths 10727183 (445.7s) AMD Radeon RX 9070 XT (RADV GFX1201)
tick   52000 alive   830530 genomes  279491 energy   212.8 births 10704702 deaths 10703520 (454.4s) AMD Radeon RX 9070 XT (RADV GFX1201)
tick   53000 alive   833645 genomes  279212 energy   212.8 births 10795084 deaths 10791969 (463.1s) AMD Radeon RX 9070 XT (RADV GFX1201)
tick   54000 alive   830798 genomes  280872 energy   213.0 births 10801522 deaths 10804369 (471.9s) AMD Radeon RX 9070 XT (RADV GFX1201)
tick   55000 alive   826365 genomes  280924 energy   212.9 births 10619480 deaths 10623913 (480.8s) AMD Radeon RX 9070 XT (RADV GFX1201)
tick   56000 alive   831807 genomes  280017 energy   212.5 births 10757239 deaths 10751797 (489.5s) AMD Radeon RX 9070 XT (RADV GFX1201)
tick   57000 alive   831396 genomes  280677 energy   212.4 births 10772809 deaths 10773220 (498.3s) AMD Radeon RX 9070 XT (RADV GFX1201)
tick   58000 alive   830418 genomes  280228 energy   212.6 births 10841762 deaths 10842740 (507.2s) AMD Radeon RX 9070 XT (RADV GFX1201)
tick   59000 alive   831213 genomes  278924 energy   212.9 births 10830017 deaths 10829222 (516.0s) AMD Radeon RX 9070 XT (RADV GFX1201)
tick   60000 alive   828993 genomes  278919 energy   212.7 births 10733125 deaths 10735345 (524.8s) AMD Radeon RX 9070 XT (RADV GFX1201)
tick   61000 alive   828772 genomes  279103 energy   212.4 births 10659064 deaths 10659285 (533.5s) AMD Radeon RX 9070 XT (RADV GFX1201)
tick   62000 alive   829996 genomes  281412 energy   212.5 births 10715335 deaths 10714111 (542.1s) AMD Radeon RX 9070 XT (RADV GFX1201)
tick   63000 alive   830844 genomes  281497 energy   213.0 births 10711914 deaths 10711066 (550.5s) AMD Radeon RX 9070 XT (RADV GFX1201)
tick   64000 alive   825000 genomes  281061 energy   212.9 births 10657797 deaths 10663641 (559.2s) AMD Radeon RX 9070 XT (RADV GFX1201)
tick   65000 alive   829243 genomes  280567 energy   212.6 births 10687398 deaths 10683155 (567.8s) AMD Radeon RX 9070 XT (RADV GFX1201)
tick   66000 alive   827657 genomes  282441 energy   212.3 births 10759485 deaths 10761071 (576.6s) AMD Radeon RX 9070 XT (RADV GFX1201)
tick   67000 alive   825931 genomes  281211 energy   212.0 births 10709895 deaths 10711621 (585.2s) AMD Radeon RX 9070 XT (RADV GFX1201)
tick   68000 alive   829532 genomes  280697 energy   213.1 births 10825727 deaths 10822126 (594.0s) AMD Radeon RX 9070 XT (RADV GFX1201)
tick   69000 alive   828981 genomes  280247 energy   212.3 births 10692329 deaths 10692880 (602.8s) AMD Radeon RX 9070 XT (RADV GFX1201)
tick   70000 alive   832182 genomes  279334 energy   212.7 births 10772400 deaths 10769199 (611.7s) AMD Radeon RX 9070 XT (RADV GFX1201)
tick   71000 alive   831424 genomes  280140 energy   213.6 births 10673457 deaths 10674215 (620.4s) AMD Radeon RX 9070 XT (RADV GFX1201)
tick   72000 alive   825705 genomes  279883 energy   213.4 births 10587844 deaths 10593563 (629.1s) AMD Radeon RX 9070 XT (RADV GFX1201)
tick   73000 alive   824687 genomes  279650 energy   212.8 births 10619614 deaths 10620632 (637.7s) AMD Radeon RX 9070 XT (RADV GFX1201)
tick   74000 alive   832475 genomes  280189 energy   212.5 births 10797013 deaths 10789225 (646.4s) AMD Radeon RX 9070 XT (RADV GFX1201)
tick   75000 alive   827885 genomes  278918 energy   212.7 births 10748779 deaths 10753369 (655.1s) AMD Radeon RX 9070 XT (RADV GFX1201)
tick   76000 alive   831018 genomes  278763 energy   212.4 births 10776091 deaths 10772958 (663.8s) AMD Radeon RX 9070 XT (RADV GFX1201)
tick   77000 alive   828100 genomes  277297 energy   211.9 births 10794837 deaths 10797755 (672.7s) AMD Radeon RX 9070 XT (RADV GFX1201)
tick   78000 alive   831409 genomes  277341 energy   212.4 births 10851915 deaths 10848606 (681.5s) AMD Radeon RX 9070 XT (RADV GFX1201)
tick   79000 alive   827061 genomes  276772 energy   212.5 births 10764898 deaths 10769246 (690.2s) AMD Radeon RX 9070 XT (RADV GFX1201)
tick   80000 alive   828534 genomes  277732 energy   212.8 births 10686933 deaths 10685460 (699.0s) AMD Radeon RX 9070 XT (RADV GFX1201)
tick   81000 alive   825122 genomes  278121 energy   213.1 births 10657286 deaths 10660698 (707.8s) AMD Radeon RX 9070 XT (RADV GFX1201)
tick   82000 alive   820895 genomes  275985 energy   212.4 births 10560864 deaths 10565091 (716.5s) AMD Radeon RX 9070 XT (RADV GFX1201)
tick   83000 alive   830127 genomes  275135 energy   212.7 births 10749604 deaths 10740372 (725.0s) AMD Radeon RX 9070 XT (RADV GFX1201)
tick   84000 alive   832935 genomes  275385 energy   212.3 births 10823367 deaths 10820559 (732.9s) AMD Radeon RX 9070 XT (RADV GFX1201)
tick   85000 alive   838634 genomes  276359 energy   212.0 births 10954417 deaths 10948718 (741.1s) AMD Radeon RX 9070 XT (RADV GFX1201)
tick   86000 alive   834577 genomes  276554 energy   212.5 births 10876833 deaths 10880890 (749.5s) AMD Radeon RX 9070 XT (RADV GFX1201)
tick   87000 alive   829510 genomes  275997 energy   212.6 births 10820673 deaths 10825740 (757.7s) AMD Radeon RX 9070 XT (RADV GFX1201)
tick   88000 alive   831486 genomes  275658 energy   212.5 births 10831415 deaths 10829439 (766.5s) AMD Radeon RX 9070 XT (RADV GFX1201)
tick   89000 alive   836846 genomes  274195 energy   212.4 births 10986052 deaths 10980692 (775.3s) AMD Radeon RX 9070 XT (RADV GFX1201)
tick   90000 alive   831114 genomes  273355 energy   212.7 births 10852919 deaths 10858651 (784.1s) AMD Radeon RX 9070 XT (RADV GFX1201)
tick   91000 alive   833574 genomes  274100 energy   212.4 births 10874363 deaths 10871903 (792.9s) AMD Radeon RX 9070 XT (RADV GFX1201)
tick   92000 alive   833990 genomes  274249 energy   212.5 births 10885868 deaths 10885452 (801.8s) AMD Radeon RX 9070 XT (RADV GFX1201)
tick   93000 alive   834990 genomes  274415 energy   212.4 births 10954552 deaths 10953552 (810.6s) AMD Radeon RX 9070 XT (RADV GFX1201)
tick   94000 alive   831817 genomes  272288 energy   212.8 births 10842188 deaths 10845361 (819.5s) AMD Radeon RX 9070 XT (RADV GFX1201)
tick   95000 alive   834737 genomes  273428 energy   212.6 births 10940700 deaths 10937780 (828.4s) AMD Radeon RX 9070 XT (RADV GFX1201)
tick   96000 alive   834762 genomes  272386 energy   212.7 births 10887955 deaths 10887930 (837.1s) AMD Radeon RX 9070 XT (RADV GFX1201)
tick   97000 alive   831156 genomes  273970 energy   212.9 births 10743437 deaths 10747043 (845.9s) AMD Radeon RX 9070 XT (RADV GFX1201)
tick   98000 alive   831670 genomes  273378 energy   212.8 births 10837131 deaths 10836617 (854.8s) AMD Radeon RX 9070 XT (RADV GFX1201)
tick   99000 alive   827227 genomes  271026 energy   212.3 births 10823492 deaths 10827935 (863.7s) AMD Radeon RX 9070 XT (RADV GFX1201)
tick  100000 alive   835929 genomes  272551 energy   212.7 births 10944207 deaths 10935505 (872.5s) AMD Radeon RX 9070 XT (RADV GFX1201)
tick  101000 alive   828536 genomes  272675 energy   212.2 births 10811913 deaths 10819306 (881.1s) AMD Radeon RX 9070 XT (RADV GFX1201)
tick  102000 alive   836270 genomes  271966 energy   211.7 births 10987608 deaths 10979874 (889.7s) AMD Radeon RX 9070 XT (RADV GFX1201)
tick  103000 alive   835615 genomes  269935 energy   211.9 births 11048078 deaths 11048733 (898.3s) AMD Radeon RX 9070 XT (RADV GFX1201)
tick  104000 alive   838489 genomes  269737 energy   212.1 births 11059037 deaths 11056163 (907.0s) AMD Radeon RX 9070 XT (RADV GFX1201)
tick  105000 alive   840058 genomes  269822 energy   212.2 births 11082468 deaths 11080899 (915.5s) AMD Radeon RX 9070 XT (RADV GFX1201)
tick  106000 alive   835107 genomes  269368 energy   212.5 births 10984628 deaths 10989579 (924.2s) AMD Radeon RX 9070 XT (RADV GFX1201)
tick  107000 alive   838219 genomes  269820 energy   211.7 births 11066819 deaths 11063707 (932.9s) AMD Radeon RX 9070 XT (RADV GFX1201)
tick  108000 alive   838969 genomes  268414 energy   212.2 births 11117359 deaths 11116609 (941.4s) AMD Radeon RX 9070 XT (RADV GFX1201)
tick  109000 alive   835596 genomes  267999 energy   212.1 births 10983845 deaths 10987218 (950.0s) AMD Radeon RX 9070 XT (RADV GFX1201)
tick  110000 alive   831222 genomes  268669 energy   212.1 births 10972197 deaths 10976571 (958.7s) AMD Radeon RX 9070 XT (RADV GFX1201)
tick  111000 alive   839453 genomes  268508 energy   211.5 births 11043355 deaths 11035124 (967.5s) AMD Radeon RX 9070 XT (RADV GFX1201)
tick  112000 alive   839576 genomes  267862 energy   212.2 births 11206863 deaths 11206740 (976.3s) AMD Radeon RX 9070 XT (RADV GFX1201)
tick  113000 alive   838478 genomes  268379 energy   212.1 births 11107493 deaths 11108591 (985.1s) AMD Radeon RX 9070 XT (RADV GFX1201)
tick  114000 alive   834004 genomes  267167 energy   212.3 births 11038219 deaths 11042693 (993.9s) AMD Radeon RX 9070 XT (RADV GFX1201)
tick  115000 alive   840507 genomes  268537 energy   211.9 births 11095182 deaths 11088679 (1002.7s) AMD Radeon RX 9070 XT (RADV GFX1201)
tick  116000 alive   839053 genomes  268051 energy   212.2 births 11125629 deaths 11127083 (1011.5s) AMD Radeon RX 9070 XT (RADV GFX1201)
tick  117000 alive   840238 genomes  268413 energy   211.3 births 11162238 deaths 11161053 (1020.2s) AMD Radeon RX 9070 XT (RADV GFX1201)
tick  118000 alive   843354 genomes  266312 energy   211.8 births 11216775 deaths 11213659 (1028.7s) AMD Radeon RX 9070 XT (RADV GFX1201)
tick  119000 alive   842843 genomes  265481 energy   211.7 births 11232113 deaths 11232624 (1037.5s) AMD Radeon RX 9070 XT (RADV GFX1201)
tick  120000 alive   843949 genomes  264731 energy   211.5 births 11256166 deaths 11255060 (1046.4s) AMD Radeon RX 9070 XT (RADV GFX1201)
tick  121000 alive   841862 genomes  263881 energy   211.9 births 11209101 deaths 11211188 (1055.2s) AMD Radeon RX 9070 XT (RADV GFX1201)
tick  122000 alive   844248 genomes  263478 energy   211.8 births 11202256 deaths 11199870 (1064.1s) AMD Radeon RX 9070 XT (RADV GFX1201)
tick  123000 alive   843081 genomes  263505 energy   211.8 births 11257505 deaths 11258672 (1073.0s) AMD Radeon RX 9070 XT (RADV GFX1201)
tick  124000 alive   842931 genomes  263310 energy   211.3 births 11207039 deaths 11207189 (1081.8s) AMD Radeon RX 9070 XT (RADV GFX1201)
tick  125000 alive   839194 genomes  261794 energy   211.9 births 11222948 deaths 11226685 (1090.6s) AMD Radeon RX 9070 XT (RADV GFX1201)
tick  126000 alive   848271 genomes  264481 energy   211.5 births 11333762 deaths 11324685 (1099.3s) AMD Radeon RX 9070 XT (RADV GFX1201)
tick  127000 alive   844812 genomes  263092 energy   211.5 births 11320144 deaths 11323603 (1108.0s) AMD Radeon RX 9070 XT (RADV GFX1201)
tick  128000 alive   842244 genomes  261489 energy   212.1 births 11264412 deaths 11266980 (1116.6s) AMD Radeon RX 9070 XT (RADV GFX1201)
tick  129000 alive   841425 genomes  261326 energy   211.8 births 11169415 deaths 11170234 (1125.2s) AMD Radeon RX 9070 XT (RADV GFX1201)
tick  130000 alive   848181 genomes  260751 energy   211.7 births 11281042 deaths 11274286 (1133.8s) AMD Radeon RX 9070 XT (RADV GFX1201)
tick  131000 alive   843127 genomes  263207 energy   211.7 births 11282174 deaths 11287228 (1142.4s) AMD Radeon RX 9070 XT (RADV GFX1201)
tick  132000 alive   840274 genomes  262082 energy   212.2 births 11181779 deaths 11184632 (1151.1s) AMD Radeon RX 9070 XT (RADV GFX1201)
tick  133000 alive   836433 genomes  260811 energy   211.9 births 10987783 deaths 10991624 (1159.9s) AMD Radeon RX 9070 XT (RADV GFX1201)
tick  134000 alive   843995 genomes  259269 energy   212.0 births 11225823 deaths 11218261 (1168.7s) AMD Radeon RX 9070 XT (RADV GFX1201)
tick  135000 alive   841742 genomes  259586 energy   212.2 births 11190556 deaths 11192809 (1177.5s) AMD Radeon RX 9070 XT (RADV GFX1201)
tick  136000 alive   843174 genomes  259730 energy   212.2 births 11224479 deaths 11223047 (1185.9s) AMD Radeon RX 9070 XT (RADV GFX1201)
tick  137000 alive   840448 genomes  259227 energy   211.6 births 11220485 deaths 11223211 (1194.5s) AMD Radeon RX 9070 XT (RADV GFX1201)
tick  138000 alive   847080 genomes  257142 energy   211.9 births 11362457 deaths 11355825 (1203.3s) AMD Radeon RX 9070 XT (RADV GFX1201)
tick  139000 alive   842768 genomes  255791 energy   211.8 births 11307785 deaths 11312097 (1212.2s) AMD Radeon RX 9070 XT (RADV GFX1201)
tick  140000 alive   843056 genomes  255420 energy   211.7 births 11262293 deaths 11262005 (1221.0s) AMD Radeon RX 9070 XT (RADV GFX1201)
tick  141000 alive   847831 genomes  253614 energy   211.6 births 11318086 deaths 11313311 (1229.7s) AMD Radeon RX 9070 XT (RADV GFX1201)
tick  142000 alive   847495 genomes  255676 energy   211.8 births 11368453 deaths 11368789 (1238.5s) AMD Radeon RX 9070 XT (RADV GFX1201)
tick  143000 alive   846468 genomes  255673 energy   211.7 births 11285170 deaths 11286197 (1247.2s) AMD Radeon RX 9070 XT (RADV GFX1201)
tick  144000 alive   846889 genomes  255230 energy   211.6 births 11397494 deaths 11397073 (1255.9s) AMD Radeon RX 9070 XT (RADV GFX1201)
tick  145000 alive   845994 genomes  254604 energy   211.4 births 11394119 deaths 11395014 (1264.6s) AMD Radeon RX 9070 XT (RADV GFX1201)
tick  146000 alive   849456 genomes  253580 energy   210.6 births 11465429 deaths 11461967 (1273.5s) AMD Radeon RX 9070 XT (RADV GFX1201)
tick  147000 alive   851921 genomes  254163 energy   211.5 births 11564432 deaths 11561967 (1282.2s) AMD Radeon RX 9070 XT (RADV GFX1201)
tick  148000 alive   845752 genomes  253522 energy   211.7 births 11410469 deaths 11416638 (1290.8s) AMD Radeon RX 9070 XT (RADV GFX1201)
tick  149000 alive   848326 genomes  253720 energy   211.3 births 11432339 deaths 11429765 (1299.6s) AMD Radeon RX 9070 XT (RADV GFX1201)
tick  150000 alive   849198 genomes  255227 energy   211.3 births 11435708 deaths 11434836 (1308.4s) AMD Radeon RX 9070 XT (RADV GFX1201)
tick  151000 alive   840690 genomes  252373 energy   211.6 births 11321238 deaths 11329746 (1317.1s) AMD Radeon RX 9070 XT (RADV GFX1201)
tick  152000 alive   844898 genomes  251135 energy   211.3 births 11366793 deaths 11362585 (1325.8s) AMD Radeon RX 9070 XT (RADV GFX1201)
tick  153000 alive   851406 genomes  253785 energy   211.1 births 11565321 deaths 11558813 (1334.7s) AMD Radeon RX 9070 XT (RADV GFX1201)
tick  154000 alive   845639 genomes  252395 energy   211.5 births 11438793 deaths 11444560 (1343.5s) AMD Radeon RX 9070 XT (RADV GFX1201)
tick  155000 alive   840859 genomes  252947 energy   211.5 births 11339509 deaths 11344289 (1352.0s) AMD Radeon RX 9070 XT (RADV GFX1201)
tick  156000 alive   849940 genomes  251921 energy   210.8 births 11494275 deaths 11485194 (1360.1s) AMD Radeon RX 9070 XT (RADV GFX1201)
tick  157000 alive   851449 genomes  251063 energy   211.2 births 11567299 deaths 11565790 (1368.7s) AMD Radeon RX 9070 XT (RADV GFX1201)
tick  158000 alive   849270 genomes  250671 energy   211.6 births 11486569 deaths 11488748 (1377.6s) AMD Radeon RX 9070 XT (RADV GFX1201)
tick  159000 alive   846190 genomes  249736 energy   211.2 births 11382822 deaths 11385902 (1386.3s) AMD Radeon RX 9070 XT (RADV GFX1201)
tick  160000 alive   847991 genomes  249924 energy   210.9 births 11480428 deaths 11478627 (1395.1s) AMD Radeon RX 9070 XT (RADV GFX1201)
tick  161000 alive   849631 genomes  249246 energy   211.1 births 11511841 deaths 11510201 (1403.8s) AMD Radeon RX 9070 XT (RADV GFX1201)
tick  162000 alive   851209 genomes  249274 energy   211.6 births 11566297 deaths 11564719 (1412.4s) AMD Radeon RX 9070 XT (RADV GFX1201)
tick  163000 alive   844657 genomes  248810 energy   211.3 births 11447141 deaths 11453693 (1421.1s) AMD Radeon RX 9070 XT (RADV GFX1201)
tick  164000 alive   848894 genomes  248637 energy   211.4 births 11502277 deaths 11498040 (1429.8s) AMD Radeon RX 9070 XT (RADV GFX1201)
tick  165000 alive   851468 genomes  247825 energy   210.4 births 11631199 deaths 11628625 (1438.6s) AMD Radeon RX 9070 XT (RADV GFX1201)
tick  166000 alive   859017 genomes  247021 energy   210.7 births 11778353 deaths 11770804 (1447.3s) AMD Radeon RX 9070 XT (RADV GFX1201)
tick  167000 alive   851887 genomes  244553 energy   211.5 births 11623833 deaths 11630963 (1455.6s) AMD Radeon RX 9070 XT (RADV GFX1201)
tick  168000 alive   852677 genomes  243497 energy   211.3 births 11587620 deaths 11586830 (1464.3s) AMD Radeon RX 9070 XT (RADV GFX1201)
tick  169000 alive   846863 genomes  242769 energy   211.5 births 11532122 deaths 11537936 (1472.5s) AMD Radeon RX 9070 XT (RADV GFX1201)
tick  170000 alive   851929 genomes  242837 energy   210.4 births 11635061 deaths 11629995 (1481.1s) AMD Radeon RX 9070 XT (RADV GFX1201)
tick  171000 alive   859952 genomes  243006 energy   210.7 births 11932281 deaths 11924258 (1489.7s) AMD Radeon RX 9070 XT (RADV GFX1201)
tick  172000 alive   851008 genomes  243183 energy   211.1 births 11736833 deaths 11745777 (1498.3s) AMD Radeon RX 9070 XT (RADV GFX1201)
tick  173000 alive   850245 genomes  244384 energy   211.0 births 11603154 deaths 11603917 (1506.6s) AMD Radeon RX 9070 XT (RADV GFX1201)
tick  174000 alive   851847 genomes  246174 energy   210.9 births 11607771 deaths 11606169 (1514.4s) AMD Radeon RX 9070 XT (RADV GFX1201)
tick  175000 alive   845635 genomes  247735 energy   210.9 births 11578831 deaths 11585043 (1522.9s) AMD Radeon RX 9070 XT (RADV GFX1201)
tick  176000 alive   849542 genomes  247440 energy   210.5 births 11533567 deaths 11529660 (1531.5s) AMD Radeon RX 9070 XT (RADV GFX1201)
tick  177000 alive   848201 genomes  246951 energy   210.8 births 11635997 deaths 11637338 (1540.3s) AMD Radeon RX 9070 XT (RADV GFX1201)
tick  178000 alive   844650 genomes  246165 energy   210.9 births 11516507 deaths 11520058 (1549.0s) AMD Radeon RX 9070 XT (RADV GFX1201)
tick  179000 alive   846470 genomes  247052 energy   210.6 births 11576344 deaths 11574524 (1557.6s) AMD Radeon RX 9070 XT (RADV GFX1201)
tick  180000 alive   853543 genomes  248384 energy   209.8 births 11684333 deaths 11677260 (1566.2s) AMD Radeon RX 9070 XT (RADV GFX1201)
tick  181000 alive   850925 genomes  247068 energy   210.3 births 11808064 deaths 11810682 (1574.9s) AMD Radeon RX 9070 XT (RADV GFX1201)
tick  182000 alive   848928 genomes  247023 energy   210.3 births 11729233 deaths 11731230 (1583.6s) AMD Radeon RX 9070 XT (RADV GFX1201)
tick  183000 alive   849649 genomes  247459 energy   209.9 births 11737388 deaths 11736667 (1592.4s) AMD Radeon RX 9070 XT (RADV GFX1201)
tick  184000 alive   850409 genomes  246947 energy   210.5 births 11764780 deaths 11764020 (1601.2s) AMD Radeon RX 9070 XT (RADV GFX1201)
tick  185000 alive   846220 genomes  247275 energy   210.8 births 11615498 deaths 11619687 (1609.8s) AMD Radeon RX 9070 XT (RADV GFX1201)
tick  186000 alive   851043 genomes  248780 energy   210.4 births 11672785 deaths 11667962 (1618.6s) AMD Radeon RX 9070 XT (RADV GFX1201)
tick  187000 alive   848209 genomes  248908 energy   210.5 births 11602195 deaths 11605029 (1627.4s) AMD Radeon RX 9070 XT (RADV GFX1201)
tick  188000 alive   849987 genomes  247725 energy   210.0 births 11604842 deaths 11603064 (1636.2s) AMD Radeon RX 9070 XT (RADV GFX1201)
tick  189000 alive   848836 genomes  246471 energy   210.6 births 11722243 deaths 11723394 (1645.1s) AMD Radeon RX 9070 XT (RADV GFX1201)
tick  190000 alive   849374 genomes  246627 energy   210.5 births 11589580 deaths 11589042 (1653.8s) AMD Radeon RX 9070 XT (RADV GFX1201)
tick  191000 alive   848676 genomes  246460 energy   211.1 births 11624317 deaths 11625015 (1662.6s) AMD Radeon RX 9070 XT (RADV GFX1201)
tick  192000 alive   844156 genomes  245725 energy   210.7 births 11519046 deaths 11523566 (1671.4s) AMD Radeon RX 9070 XT (RADV GFX1201)
tick  193000 alive   849057 genomes  246021 energy   210.9 births 11628707 deaths 11623806 (1680.0s) AMD Radeon RX 9070 XT (RADV GFX1201)
tick  194000 alive   848265 genomes  245647 energy   211.2 births 11566849 deaths 11567641 (1688.6s) AMD Radeon RX 9070 XT (RADV GFX1201)
tick  195000 alive   846376 genomes  243618 energy   210.7 births 11551001 deaths 11552890 (1697.3s) AMD Radeon RX 9070 XT (RADV GFX1201)
tick  196000 alive   851199 genomes  243287 energy   210.3 births 11666562 deaths 11661739 (1705.4s) AMD Radeon RX 9070 XT (RADV GFX1201)
tick  197000 alive   855825 genomes  242151 energy   210.6 births 11823744 deaths 11819118 (1713.7s) AMD Radeon RX 9070 XT (RADV GFX1201)
tick  198000 alive   850858 genomes  240744 energy   210.7 births 11741593 deaths 11746560 (1721.9s) AMD Radeon RX 9070 XT (RADV GFX1201)
tick  199000 alive   853890 genomes  239934 energy   210.0 births 11750866 deaths 11747834 (1730.2s) AMD Radeon RX 9070 XT (RADV GFX1201)
tick  200000 alive   855590 genomes  238780 energy   210.6 births 11840751 deaths 11839051 (1738.3s) AMD Radeon RX 9070 XT (RADV GFX1201)
done 200000 ticks in 1738.4s
