WARNING: radv is not a conformant Vulkan implementation, testing use only.
WARNING: radv is not a conformant Vulkan implementation, testing use only.
tick       0 alive    52579 genomes   52579 energy    64.0 births 0 deaths 0 (0.0s) AMD Radeon AI PRO R9700 (RADV GFX1201)
tick    1000 alive  1043366 genomes  324911 energy   107.7 births 137145918 deaths 136155131 (3.1s) AMD Radeon AI PRO R9700 (RADV GFX1201)
tick    2000 alive  1044373 genomes  272249 energy   126.3 births 108750550 deaths 108749543 (5.6s) AMD Radeon AI PRO R9700 (RADV GFX1201)
tick    3000 alive  1044460 genomes  267156 energy   130.3 births 105752149 deaths 105752062 (8.1s) AMD Radeon AI PRO R9700 (RADV GFX1201)
tick    4000 alive  1044882 genomes  249518 energy   139.9 births 98415696 deaths 98415274 (10.5s) AMD Radeon AI PRO R9700 (RADV GFX1201)
tick    5000 alive  1045135 genomes  233148 energy   148.1 births 90875862 deaths 90875609 (12.9s) AMD Radeon AI PRO R9700 (RADV GFX1201)
tick    6000 alive  1045139 genomes  220899 energy   153.5 births 84994452 deaths 84994448 (15.2s) AMD Radeon AI PRO R9700 (RADV GFX1201)
tick    7000 alive  1045299 genomes  209985 energy   157.8 births 80827256 deaths 80827096 (17.5s) AMD Radeon AI PRO R9700 (RADV GFX1201)
tick    8000 alive  1045268 genomes  201636 energy   160.7 births 77885352 deaths 77885383 (19.8s) AMD Radeon AI PRO R9700 (RADV GFX1201)
tick    9000 alive  1045282 genomes  192258 energy   163.6 births 75459967 deaths 75459953 (22.0s) AMD Radeon AI PRO R9700 (RADV GFX1201)
tick   10000 alive  1045516 genomes  183627 energy   166.5 births 73154447 deaths 73154213 (24.3s) AMD Radeon AI PRO R9700 (RADV GFX1201)
tick   11000 alive  1045642 genomes  175107 energy   168.8 births 70829596 deaths 70829470 (26.5s) AMD Radeon AI PRO R9700 (RADV GFX1201)
tick   12000 alive  1045747 genomes  167328 energy   172.2 births 68286286 deaths 68286181 (28.7s) AMD Radeon AI PRO R9700 (RADV GFX1201)
tick   13000 alive  1045737 genomes  160058 energy   174.6 births 66249934 deaths 66249944 (31.1s) AMD Radeon AI PRO R9700 (RADV GFX1201)
tick   14000 alive  1045764 genomes  153263 energy   176.9 births 64231895 deaths 64231868 (33.3s) AMD Radeon AI PRO R9700 (RADV GFX1201)
tick   15000 alive  1045819 genomes  148337 energy   177.8 births 62661365 deaths 62661310 (35.5s) AMD Radeon AI PRO R9700 (RADV GFX1201)
tick   16000 alive  1045850 genomes  144361 energy   179.4 births 61430806 deaths 61430775 (37.7s) AMD Radeon AI PRO R9700 (RADV GFX1201)
tick   17000 alive  1045881 genomes  139052 energy   181.6 births 59980770 deaths 59980739 (39.9s) AMD Radeon AI PRO R9700 (RADV GFX1201)
tick   18000 alive  1045866 genomes  133826 energy   182.9 births 58917577 deaths 58917592 (42.1s) AMD Radeon AI PRO R9700 (RADV GFX1201)
tick   19000 alive  1045906 genomes  131491 energy   184.0 births 57550476 deaths 57550436 (44.3s) AMD Radeon AI PRO R9700 (RADV GFX1201)
tick   20000 alive  1045930 genomes  128041 energy   185.5 births 56793170 deaths 56793146 (46.4s) AMD Radeon AI PRO R9700 (RADV GFX1201)
tick   21000 alive  1045908 genomes  124945 energy   186.6 births 55531484 deaths 55531506 (48.6s) AMD Radeon AI PRO R9700 (RADV GFX1201)
tick   22000 alive  1045956 genomes  121985 energy   187.8 births 54623916 deaths 54623868 (51.1s) AMD Radeon AI PRO R9700 (RADV GFX1201)
tick   23000 alive  1045962 genomes  118560 energy   189.5 births 53532252 deaths 53532246 (53.4s) AMD Radeon AI PRO R9700 (RADV GFX1201)
tick   24000 alive  1045936 genomes  117005 energy   190.1 births 52682447 deaths 52682473 (55.6s) AMD Radeon AI PRO R9700 (RADV GFX1201)
tick   25000 alive  1045961 genomes  116428 energy   190.0 births 52701217 deaths 52701192 (57.8s) AMD Radeon AI PRO R9700 (RADV GFX1201)
tick   26000 alive  1046041 genomes  114762 energy   190.0 births 52645039 deaths 52644959 (60.0s) AMD Radeon AI PRO R9700 (RADV GFX1201)
tick   27000 alive  1046088 genomes  113020 energy   190.5 births 52346441 deaths 52346394 (62.1s) AMD Radeon AI PRO R9700 (RADV GFX1201)
tick   28000 alive  1045997 genomes  113102 energy   190.3 births 52271806 deaths 52271897 (64.3s) AMD Radeon AI PRO R9700 (RADV GFX1201)
tick   29000 alive  1046072 genomes  112097 energy   190.5 births 52163164 deaths 52163089 (66.5s) AMD Radeon AI PRO R9700 (RADV GFX1201)
tick   30000 alive  1046047 genomes  109297 energy   191.8 births 51450888 deaths 51450913 (68.7s) AMD Radeon AI PRO R9700 (RADV GFX1201)
tick   31000 alive  1046059 genomes  108434 energy   192.1 births 50905346 deaths 50905334 (71.2s) AMD Radeon AI PRO R9700 (RADV GFX1201)
tick   32000 alive  1046034 genomes  106520 energy   193.2 births 50375233 deaths 50375258 (73.4s) AMD Radeon AI PRO R9700 (RADV GFX1201)
tick   33000 alive  1046091 genomes  105570 energy   193.2 births 49948685 deaths 49948628 (75.6s) AMD Radeon AI PRO R9700 (RADV GFX1201)
tick   34000 alive  1046089 genomes  106065 energy   192.8 births 49951958 deaths 49951960 (77.8s) AMD Radeon AI PRO R9700 (RADV GFX1201)
tick   35000 alive  1046041 genomes  106397 energy   191.7 births 50747331 deaths 50747379 (80.1s) AMD Radeon AI PRO R9700 (RADV GFX1201)
tick   36000 alive  1046096 genomes  105149 energy   191.7 births 50963922 deaths 50963867 (82.6s) AMD Radeon AI PRO R9700 (RADV GFX1201)
tick   37000 alive  1046050 genomes  102989 energy   192.9 births 50319803 deaths 50319849 (84.8s) AMD Radeon AI PRO R9700 (RADV GFX1201)
tick   38000 alive  1046162 genomes  102629 energy   192.6 births 50084435 deaths 50084323 (87.0s) AMD Radeon AI PRO R9700 (RADV GFX1201)
tick   39000 alive  1046019 genomes  101731 energy   193.3 births 49925370 deaths 49925513 (89.2s) AMD Radeon AI PRO R9700 (RADV GFX1201)
tick   40000 alive  1046009 genomes  100249 energy   194.1 births 49394337 deaths 49394347 (91.4s) AMD Radeon AI PRO R9700 (RADV GFX1201)
tick   41000 alive  1046011 genomes   99845 energy   194.2 births 48995300 deaths 48995298 (93.6s) AMD Radeon AI PRO R9700 (RADV GFX1201)
tick   42000 alive  1046117 genomes   97695 energy   194.8 births 49007025 deaths 49006919 (95.8s) AMD Radeon AI PRO R9700 (RADV GFX1201)
tick   43000 alive  1046067 genomes   97422 energy   194.9 births 48555582 deaths 48555632 (98.0s) AMD Radeon AI PRO R9700 (RADV GFX1201)
tick   44000 alive  1046092 genomes   96475 energy   195.0 births 48608669 deaths 48608644 (100.1s) AMD Radeon AI PRO R9700 (RADV GFX1201)
tick   45000 alive  1046114 genomes   95984 energy   194.9 births 48533796 deaths 48533774 (102.3s) AMD Radeon AI PRO R9700 (RADV GFX1201)
tick   46000 alive  1046108 genomes   95055 energy   195.3 births 48009192 deaths 48009198 (104.5s) AMD Radeon AI PRO R9700 (RADV GFX1201)
tick   47000 alive  1046107 genomes   96215 energy   194.1 births 48460804 deaths 48460805 (106.7s) AMD Radeon AI PRO R9700 (RADV GFX1201)
tick   48000 alive  1046030 genomes   95244 energy   194.2 births 49081982 deaths 49082059 (108.9s) AMD Radeon AI PRO R9700 (RADV GFX1201)
tick   49000 alive  1046098 genomes   93330 energy   195.5 births 48716394 deaths 48716326 (111.1s) AMD Radeon AI PRO R9700 (RADV GFX1201)
tick   50000 alive  1046151 genomes   92456 energy   195.8 births 47899426 deaths 47899373 (113.2s) AMD Radeon AI PRO R9700 (RADV GFX1201)
tick   51000 alive  1046116 genomes   90888 energy   195.9 births 47600509 deaths 47600544 (115.4s) AMD Radeon AI PRO R9700 (RADV GFX1201)
tick   52000 alive  1046066 genomes   90193 energy   195.9 births 47658723 deaths 47658773 (117.6s) AMD Radeon AI PRO R9700 (RADV GFX1201)
tick   53000 alive  1045969 genomes   90913 energy   195.3 births 47854975 deaths 47855072 (119.8s) AMD Radeon AI PRO R9700 (RADV GFX1201)
tick   54000 alive  1046101 genomes   90289 energy   194.8 births 48236877 deaths 48236745 (122.0s) AMD Radeon AI PRO R9700 (RADV GFX1201)
tick   55000 alive  1045983 genomes   91052 energy   194.0 births 48493076 deaths 48493194 (124.2s) AMD Radeon AI PRO R9700 (RADV GFX1201)
tick   56000 alive  1046050 genomes   91702 energy   193.8 births 49091639 deaths 49091572 (126.3s) AMD Radeon AI PRO R9700 (RADV GFX1201)
tick   57000 alive  1046061 genomes   90435 energy   194.4 births 48952651 deaths 48952640 (128.5s) AMD Radeon AI PRO R9700 (RADV GFX1201)
tick   58000 alive  1046088 genomes   88336 energy   195.2 births 48515079 deaths 48515052 (130.7s) AMD Radeon AI PRO R9700 (RADV GFX1201)
tick   59000 alive  1046107 genomes   88271 energy   194.3 births 48457658 deaths 48457639 (132.9s) AMD Radeon AI PRO R9700 (RADV GFX1201)
tick   60000 alive  1046095 genomes   87271 energy   195.0 births 48464914 deaths 48464926 (135.1s) AMD Radeon AI PRO R9700 (RADV GFX1201)
tick   61000 alive  1046132 genomes   86450 energy   195.1 births 48392153 deaths 48392116 (137.3s) AMD Radeon AI PRO R9700 (RADV GFX1201)
tick   62000 alive  1046078 genomes   84697 energy   195.9 births 47527550 deaths 47527604 (139.4s) AMD Radeon AI PRO R9700 (RADV GFX1201)
tick   63000 alive  1046205 genomes   83923 energy   195.9 births 47640054 deaths 47639927 (141.6s) AMD Radeon AI PRO R9700 (RADV GFX1201)
tick   64000 alive  1046051 genomes   84510 energy   195.5 births 47591597 deaths 47591751 (143.8s) AMD Radeon AI PRO R9700 (RADV GFX1201)
tick   65000 alive  1046050 genomes   84241 energy   195.5 births 48051879 deaths 48051880 (146.0s) AMD Radeon AI PRO R9700 (RADV GFX1201)
tick   66000 alive  1046096 genomes   83577 energy   195.7 births 47659789 deaths 47659743 (148.2s) AMD Radeon AI PRO R9700 (RADV GFX1201)
tick   67000 alive  1046100 genomes   84209 energy   195.2 births 47844316 deaths 47844312 (150.5s) AMD Radeon AI PRO R9700 (RADV GFX1201)
tick   68000 alive  1046110 genomes   84055 energy   195.2 births 47860985 deaths 47860975 (152.7s) AMD Radeon AI PRO R9700 (RADV GFX1201)
tick   69000 alive  1046089 genomes   83681 energy   195.1 births 47732756 deaths 47732777 (154.9s) AMD Radeon AI PRO R9700 (RADV GFX1201)
tick   70000 alive  1046224 genomes   83870 energy   195.5 births 47691891 deaths 47691756 (157.1s) AMD Radeon AI PRO R9700 (RADV GFX1201)
tick   71000 alive  1046165 genomes   82632 energy   196.2 births 47465977 deaths 47466036 (159.3s) AMD Radeon AI PRO R9700 (RADV GFX1201)
tick   72000 alive  1046123 genomes   82817 energy   195.6 births 47350167 deaths 47350209 (161.5s) AMD Radeon AI PRO R9700 (RADV GFX1201)
tick   73000 alive  1046062 genomes   82468 energy   195.3 births 47600379 deaths 47600440 (163.6s) AMD Radeon AI PRO R9700 (RADV GFX1201)
tick   74000 alive  1046086 genomes   81214 energy   195.6 births 47468801 deaths 47468777 (165.8s) AMD Radeon AI PRO R9700 (RADV GFX1201)
tick   75000 alive  1046046 genomes   80767 energy   196.2 births 47285844 deaths 47285884 (168.0s) AMD Radeon AI PRO R9700 (RADV GFX1201)
tick   76000 alive  1046060 genomes   81982 energy   195.2 births 47716174 deaths 47716160 (170.2s) AMD Radeon AI PRO R9700 (RADV GFX1201)
tick   77000 alive  1046102 genomes   81752 energy   195.4 births 48000666 deaths 48000624 (172.5s) AMD Radeon AI PRO R9700 (RADV GFX1201)
tick   78000 alive  1046067 genomes   81150 energy   195.6 births 47916387 deaths 47916422 (174.7s) AMD Radeon AI PRO R9700 (RADV GFX1201)
tick   79000 alive  1046101 genomes   80722 energy   195.8 births 47546889 deaths 47546855 (176.9s) AMD Radeon AI PRO R9700 (RADV GFX1201)
tick   80000 alive  1046122 genomes   79509 energy   196.1 births 47472107 deaths 47472086 (179.0s) AMD Radeon AI PRO R9700 (RADV GFX1201)
tick   81000 alive  1046107 genomes   79718 energy   196.1 births 47227827 deaths 47227842 (181.2s) AMD Radeon AI PRO R9700 (RADV GFX1201)
tick   82000 alive  1046045 genomes   79432 energy   196.2 births 47270133 deaths 47270195 (183.4s) AMD Radeon AI PRO R9700 (RADV GFX1201)
tick   83000 alive  1046046 genomes   79430 energy   195.9 births 47361303 deaths 47361302 (185.7s) AMD Radeon AI PRO R9700 (RADV GFX1201)
tick   84000 alive  1046121 genomes   78041 energy   196.5 births 46980316 deaths 46980241 (187.9s) AMD Radeon AI PRO R9700 (RADV GFX1201)
tick   85000 alive  1046047 genomes   78222 energy   196.0 births 47101511 deaths 47101585 (190.1s) AMD Radeon AI PRO R9700 (RADV GFX1201)
tick   86000 alive  1046024 genomes   77219 energy   196.2 births 47193086 deaths 47193109 (192.3s) AMD Radeon AI PRO R9700 (RADV GFX1201)
tick   87000 alive  1046129 genomes   77892 energy   195.9 births 47209197 deaths 47209092 (194.5s) AMD Radeon AI PRO R9700 (RADV GFX1201)
tick   88000 alive  1046146 genomes   78673 energy   195.0 births 47764158 deaths 47764141 (196.7s) AMD Radeon AI PRO R9700 (RADV GFX1201)
tick   89000 alive  1046145 genomes   77257 energy   196.4 births 47724722 deaths 47724723 (198.9s) AMD Radeon AI PRO R9700 (RADV GFX1201)
tick   90000 alive  1046162 genomes   77639 energy   196.2 births 47094561 deaths 47094544 (201.0s) AMD Radeon AI PRO R9700 (RADV GFX1201)
tick   91000 alive  1046025 genomes   76087 energy   197.0 births 47084917 deaths 47085054 (203.2s) AMD Radeon AI PRO R9700 (RADV GFX1201)
tick   92000 alive  1046190 genomes   75861 energy   196.9 births 46617645 deaths 46617480 (205.4s) AMD Radeon AI PRO R9700 (RADV GFX1201)
tick   93000 alive  1046087 genomes   75326 energy   196.7 births 46933498 deaths 46933601 (207.6s) AMD Radeon AI PRO R9700 (RADV GFX1201)
tick   94000 alive  1045973 genomes   75435 energy   196.5 births 46981243 deaths 46981357 (209.8s) AMD Radeon AI PRO R9700 (RADV GFX1201)
tick   95000 alive  1046113 genomes   74326 energy   196.9 births 46606342 deaths 46606202 (211.9s) AMD Radeon AI PRO R9700 (RADV GFX1201)
tick   96000 alive  1046014 genomes   74164 energy   197.3 births 46188255 deaths 46188354 (214.1s) AMD Radeon AI PRO R9700 (RADV GFX1201)
tick   97000 alive  1046115 genomes   73815 energy   197.2 births 46472051 deaths 46471950 (216.3s) AMD Radeon AI PRO R9700 (RADV GFX1201)
tick   98000 alive  1046109 genomes   74736 energy   196.6 births 46371507 deaths 46371513 (218.9s) AMD Radeon AI PRO R9700 (RADV GFX1201)
tick   99000 alive  1046159 genomes   74626 energy   196.9 births 46714696 deaths 46714646 (221.1s) AMD Radeon AI PRO R9700 (RADV GFX1201)
tick  100000 alive  1046111 genomes   74605 energy   196.9 births 46608669 deaths 46608717 (223.6s) AMD Radeon AI PRO R9700 (RADV GFX1201)
tick  101000 alive  1046133 genomes   74883 energy   196.4 births 46806454 deaths 46806432 (225.9s) AMD Radeon AI PRO R9700 (RADV GFX1201)
tick  102000 alive  1046026 genomes   74727 energy   196.4 births 46756160 deaths 46756267 (228.1s) AMD Radeon AI PRO R9700 (RADV GFX1201)
tick  103000 alive  1046059 genomes   73983 energy   196.6 births 46691082 deaths 46691049 (230.3s) AMD Radeon AI PRO R9700 (RADV GFX1201)
tick  104000 alive  1046026 genomes   74046 energy   196.8 births 46645809 deaths 46645842 (232.5s) AMD Radeon AI PRO R9700 (RADV GFX1201)
tick  105000 alive  1046201 genomes   73701 energy   196.6 births 46857561 deaths 46857386 (234.7s) AMD Radeon AI PRO R9700 (RADV GFX1201)
tick  106000 alive  1046089 genomes   74105 energy   197.0 births 46556263 deaths 46556375 (236.9s) AMD Radeon AI PRO R9700 (RADV GFX1201)
tick  107000 alive  1046092 genomes   74125 energy   196.6 births 46698520 deaths 46698517 (239.1s) AMD Radeon AI PRO R9700 (RADV GFX1201)
tick  108000 alive  1046081 genomes   73586 energy   196.8 births 46474867 deaths 46474878 (241.3s) AMD Radeon AI PRO R9700 (RADV GFX1201)
tick  109000 alive  1046054 genomes   73818 energy   196.9 births 46538313 deaths 46538340 (243.4s) AMD Radeon AI PRO R9700 (RADV GFX1201)
tick  110000 alive  1046181 genomes   72172 energy   197.6 births 46257313 deaths 46257186 (245.7s) AMD Radeon AI PRO R9700 (RADV GFX1201)
tick  111000 alive  1046073 genomes   72411 energy   197.3 births 46150812 deaths 46150920 (247.9s) AMD Radeon AI PRO R9700 (RADV GFX1201)
tick  112000 alive  1046090 genomes   72264 energy   197.4 births 46175457 deaths 46175440 (250.1s) AMD Radeon AI PRO R9700 (RADV GFX1201)
tick  113000 alive  1046136 genomes   72366 energy   197.4 births 46196168 deaths 46196122 (252.3s) AMD Radeon AI PRO R9700 (RADV GFX1201)
tick  114000 alive  1046048 genomes   73058 energy   196.7 births 46569142 deaths 46569230 (254.5s) AMD Radeon AI PRO R9700 (RADV GFX1201)
tick  115000 alive  1046111 genomes   72149 energy   197.1 births 46653299 deaths 46653236 (256.7s) AMD Radeon AI PRO R9700 (RADV GFX1201)
tick  116000 alive  1045990 genomes   72531 energy   197.1 births 46613496 deaths 46613617 (258.9s) AMD Radeon AI PRO R9700 (RADV GFX1201)
tick  117000 alive  1046134 genomes   71885 energy   197.3 births 46525511 deaths 46525367 (261.1s) AMD Radeon AI PRO R9700 (RADV GFX1201)
tick  118000 alive  1046127 genomes   71838 energy   196.9 births 46445724 deaths 46445731 (263.3s) AMD Radeon AI PRO R9700 (RADV GFX1201)
tick  119000 alive  1046157 genomes   73011 energy   196.2 births 46992624 deaths 46992594 (265.6s) AMD Radeon AI PRO R9700 (RADV GFX1201)
tick  120000 alive  1046134 genomes   71835 energy   196.8 births 46738131 deaths 46738154 (267.7s) AMD Radeon AI PRO R9700 (RADV GFX1201)
tick  121000 alive  1046136 genomes   70599 energy   197.5 births 46100460 deaths 46100458 (269.9s) AMD Radeon AI PRO R9700 (RADV GFX1201)
tick  122000 alive  1046058 genomes   71081 energy   196.9 births 46200804 deaths 46200882 (272.1s) AMD Radeon AI PRO R9700 (RADV GFX1201)
tick  123000 alive  1046089 genomes   70560 energy   197.1 births 46422605 deaths 46422574 (274.3s) AMD Radeon AI PRO R9700 (RADV GFX1201)
tick  124000 alive  1046167 genomes   71179 energy   196.8 births 46364412 deaths 46364334 (276.5s) AMD Radeon AI PRO R9700 (RADV GFX1201)
tick  125000 alive  1046032 genomes   70932 energy   197.1 births 46505489 deaths 46505624 (278.7s) AMD Radeon AI PRO R9700 (RADV GFX1201)
tick  126000 alive  1046108 genomes   71209 energy   197.4 births 46318237 deaths 46318161 (280.9s) AMD Radeon AI PRO R9700 (RADV GFX1201)
tick  127000 alive  1046067 genomes   70355 energy   197.3 births 46353773 deaths 46353814 (283.1s) AMD Radeon AI PRO R9700 (RADV GFX1201)
tick  128000 alive  1046105 genomes   70233 energy   197.5 births 46318328 deaths 46318290 (285.2s) AMD Radeon AI PRO R9700 (RADV GFX1201)
tick  129000 alive  1046064 genomes   70384 energy   197.2 births 46128074 deaths 46128115 (287.4s) AMD Radeon AI PRO R9700 (RADV GFX1201)
tick  130000 alive  1046134 genomes   70951 energy   196.5 births 46526212 deaths 46526142 (289.6s) AMD Radeon AI PRO R9700 (RADV GFX1201)
tick  131000 alive  1046133 genomes   70973 energy   197.0 births 46640430 deaths 46640431 (291.8s) AMD Radeon AI PRO R9700 (RADV GFX1201)
tick  132000 alive  1046139 genomes   71305 energy   196.5 births 46931399 deaths 46931393 (294.0s) AMD Radeon AI PRO R9700 (RADV GFX1201)
tick  133000 alive  1046103 genomes   71409 energy   196.6 births 46788802 deaths 46788838 (296.2s) AMD Radeon AI PRO R9700 (RADV GFX1201)
tick  134000 alive  1046207 genomes   70311 energy   197.0 births 46548318 deaths 46548214 (298.4s) AMD Radeon AI PRO R9700 (RADV GFX1201)
tick  135000 alive  1046061 genomes   70177 energy   196.9 births 46396324 deaths 46396470 (300.6s) AMD Radeon AI PRO R9700 (RADV GFX1201)
tick  136000 alive  1046121 genomes   70482 energy   197.1 births 46425554 deaths 46425494 (302.8s) AMD Radeon AI PRO R9700 (RADV GFX1201)
tick  137000 alive  1046132 genomes   70124 energy   197.2 births 46240989 deaths 46240978 (304.9s) AMD Radeon AI PRO R9700 (RADV GFX1201)
tick  138000 alive  1046095 genomes   69247 energy   197.5 births 46228662 deaths 46228699 (307.1s) AMD Radeon AI PRO R9700 (RADV GFX1201)
tick  139000 alive  1046185 genomes   69982 energy   197.1 births 46450739 deaths 46450649 (309.3s) AMD Radeon AI PRO R9700 (RADV GFX1201)
tick  140000 alive  1045991 genomes   69106 energy   197.5 births 46209133 deaths 46209327 (311.6s) AMD Radeon AI PRO R9700 (RADV GFX1201)
tick  141000 alive  1046097 genomes   68767 energy   197.8 births 46180931 deaths 46180825 (313.8s) AMD Radeon AI PRO R9700 (RADV GFX1201)
tick  142000 alive  1045955 genomes   69146 energy   197.6 births 45960011 deaths 45960153 (316.0s) AMD Radeon AI PRO R9700 (RADV GFX1201)
tick  143000 alive  1046151 genomes   67820 energy   198.3 births 45670248 deaths 45670052 (318.2s) AMD Radeon AI PRO R9700 (RADV GFX1201)
tick  144000 alive  1046150 genomes   68100 energy   198.3 births 45547798 deaths 45547799 (320.4s) AMD Radeon AI PRO R9700 (RADV GFX1201)
tick  145000 alive  1046072 genomes   67980 energy   198.1 births 45311514 deaths 45311592 (322.6s) AMD Radeon AI PRO R9700 (RADV GFX1201)
tick  146000 alive  1046049 genomes   67914 energy   197.9 births 45307543 deaths 45307566 (324.8s) AMD Radeon AI PRO R9700 (RADV GFX1201)
tick  147000 alive  1046103 genomes   68493 energy   197.6 births 45744004 deaths 45743950 (327.0s) AMD Radeon AI PRO R9700 (RADV GFX1201)
tick  148000 alive  1046051 genomes   69554 energy   196.9 births 46085603 deaths 46085655 (329.2s) AMD Radeon AI PRO R9700 (RADV GFX1201)
tick  149000 alive  1046013 genomes   69479 energy   196.7 births 46520590 deaths 46520628 (331.4s) AMD Radeon AI PRO R9700 (RADV GFX1201)
tick  150000 alive  1046134 genomes   69127 energy   196.9 births 46493687 deaths 46493566 (333.7s) AMD Radeon AI PRO R9700 (RADV GFX1201)
tick  151000 alive  1046061 genomes   68186 energy   197.6 births 46266332 deaths 46266405 (335.9s) AMD Radeon AI PRO R9700 (RADV GFX1201)
tick  152000 alive  1046111 genomes   67215 energy   198.1 births 45683859 deaths 45683809 (338.0s) AMD Radeon AI PRO R9700 (RADV GFX1201)
tick  153000 alive  1046063 genomes   67044 energy   198.5 births 45393749 deaths 45393797 (340.2s) AMD Radeon AI PRO R9700 (RADV GFX1201)
tick  154000 alive  1046133 genomes   67626 energy   197.4 births 45603527 deaths 45603457 (342.4s) AMD Radeon AI PRO R9700 (RADV GFX1201)
tick  155000 alive  1046141 genomes   67190 energy   198.3 births 45612557 deaths 45612549 (344.6s) AMD Radeon AI PRO R9700 (RADV GFX1201)
tick  156000 alive  1046108 genomes   68003 energy   197.7 births 45770538 deaths 45770571 (346.8s) AMD Radeon AI PRO R9700 (RADV GFX1201)
tick  157000 alive  1046008 genomes   67908 energy   197.4 births 45955050 deaths 45955150 (349.0s) AMD Radeon AI PRO R9700 (RADV GFX1201)
tick  158000 alive  1046059 genomes   68566 energy   197.3 births 46047382 deaths 46047331 (351.1s) AMD Radeon AI PRO R9700 (RADV GFX1201)
tick  159000 alive  1046135 genomes   67945 energy   197.5 births 45809504 deaths 45809428 (353.3s) AMD Radeon AI PRO R9700 (RADV GFX1201)
tick  160000 alive  1046097 genomes   67528 energy   197.7 births 45718577 deaths 45718615 (355.5s) AMD Radeon AI PRO R9700 (RADV GFX1201)
tick  161000 alive  1046078 genomes   68283 energy   197.8 births 45936297 deaths 45936316 (357.7s) AMD Radeon AI PRO R9700 (RADV GFX1201)
tick  162000 alive  1046031 genomes   68723 energy   197.1 births 46183698 deaths 46183745 (359.9s) AMD Radeon AI PRO R9700 (RADV GFX1201)
tick  163000 alive  1046079 genomes   68087 energy   197.6 births 46130666 deaths 46130618 (362.1s) AMD Radeon AI PRO R9700 (RADV GFX1201)
tick  164000 alive  1046125 genomes   68601 energy   197.0 births 46325022 deaths 46324976 (364.2s) AMD Radeon AI PRO R9700 (RADV GFX1201)
tick  165000 alive  1046134 genomes   68844 energy   197.0 births 46170252 deaths 46170243 (366.4s) AMD Radeon AI PRO R9700 (RADV GFX1201)
tick  166000 alive  1046218 genomes   67934 energy   197.6 births 46014961 deaths 46014877 (368.7s) AMD Radeon AI PRO R9700 (RADV GFX1201)
tick  167000 alive  1046083 genomes   66037 energy   198.7 births 45409192 deaths 45409327 (370.9s) AMD Radeon AI PRO R9700 (RADV GFX1201)
tick  168000 alive  1046091 genomes   66898 energy   198.0 births 45286210 deaths 45286202 (373.1s) AMD Radeon AI PRO R9700 (RADV GFX1201)
tick  169000 alive  1046122 genomes   66035 energy   198.5 births 45392222 deaths 45392191 (375.3s) AMD Radeon AI PRO R9700 (RADV GFX1201)
tick  170000 alive  1046128 genomes   66890 energy   197.7 births 45574832 deaths 45574826 (377.5s) AMD Radeon AI PRO R9700 (RADV GFX1201)
tick  171000 alive  1045974 genomes   66924 energy   197.7 births 45588876 deaths 45589030 (379.7s) AMD Radeon AI PRO R9700 (RADV GFX1201)
tick  172000 alive  1046182 genomes   65623 energy   198.5 births 45553723 deaths 45553515 (381.9s) AMD Radeon AI PRO R9700 (RADV GFX1201)
tick  173000 alive  1046113 genomes   66085 energy   197.9 births 45464874 deaths 45464943 (384.1s) AMD Radeon AI PRO R9700 (RADV GFX1201)
tick  174000 alive  1046181 genomes   65495 energy   198.3 births 45673901 deaths 45673833 (386.3s) AMD Radeon AI PRO R9700 (RADV GFX1201)
tick  175000 alive  1046143 genomes   65421 energy   198.0 births 45317456 deaths 45317494 (388.5s) AMD Radeon AI PRO R9700 (RADV GFX1201)
tick  176000 alive  1046146 genomes   64891 energy   198.6 births 44989431 deaths 44989428 (390.7s) AMD Radeon AI PRO R9700 (RADV GFX1201)
tick  177000 alive  1046133 genomes   64703 energy   198.4 births 45149500 deaths 45149513 (392.8s) AMD Radeon AI PRO R9700 (RADV GFX1201)
tick  178000 alive  1046187 genomes   64761 energy   198.2 births 45305275 deaths 45305221 (395.0s) AMD Radeon AI PRO R9700 (RADV GFX1201)
tick  179000 alive  1046076 genomes   64443 energy   198.2 births 45354234 deaths 45354345 (397.2s) AMD Radeon AI PRO R9700 (RADV GFX1201)
tick  180000 alive  1046098 genomes   64687 energy   198.1 births 45437842 deaths 45437820 (399.4s) AMD Radeon AI PRO R9700 (RADV GFX1201)
tick  181000 alive  1046123 genomes   63530 energy   198.9 births 45226462 deaths 45226437 (401.6s) AMD Radeon AI PRO R9700 (RADV GFX1201)
tick  182000 alive  1046091 genomes   63694 energy   198.5 births 45054383 deaths 45054415 (403.8s) AMD Radeon AI PRO R9700 (RADV GFX1201)
tick  183000 alive  1046116 genomes   64510 energy   198.0 births 45190154 deaths 45190129 (406.0s) AMD Radeon AI PRO R9700 (RADV GFX1201)
tick  184000 alive  1046150 genomes   63714 energy   198.5 births 45088971 deaths 45088937 (408.2s) AMD Radeon AI PRO R9700 (RADV GFX1201)
tick  185000 alive  1046208 genomes   64052 energy   198.6 births 45063446 deaths 45063388 (410.3s) AMD Radeon AI PRO R9700 (RADV GFX1201)
tick  186000 alive  1046100 genomes   63296 energy   199.0 births 44848472 deaths 44848580 (412.5s) AMD Radeon AI PRO R9700 (RADV GFX1201)
tick  187000 alive  1046040 genomes   63525 energy   198.8 births 44999654 deaths 44999714 (414.7s) AMD Radeon AI PRO R9700 (RADV GFX1201)
tick  188000 alive  1046079 genomes   63533 energy   198.3 births 45292095 deaths 45292056 (416.9s) AMD Radeon AI PRO R9700 (RADV GFX1201)
tick  189000 alive  1046152 genomes   63072 energy   198.3 births 45320859 deaths 45320786 (419.1s) AMD Radeon AI PRO R9700 (RADV GFX1201)
tick  190000 alive  1046099 genomes   64656 energy   197.5 births 45515310 deaths 45515363 (421.3s) AMD Radeon AI PRO R9700 (RADV GFX1201)
tick  191000 alive  1046036 genomes   64146 energy   197.6 births 45903668 deaths 45903731 (423.6s) AMD Radeon AI PRO R9700 (RADV GFX1201)
tick  192000 alive  1046123 genomes   63007 energy   198.5 births 45308597 deaths 45308510 (425.8s) AMD Radeon AI PRO R9700 (RADV GFX1201)
tick  193000 alive  1046030 genomes   62609 energy   198.8 births 45069214 deaths 45069307 (428.0s) AMD Radeon AI PRO R9700 (RADV GFX1201)
tick  194000 alive  1046066 genomes   63025 energy   198.8 births 45107892 deaths 45107856 (430.2s) AMD Radeon AI PRO R9700 (RADV GFX1201)
tick  195000 alive  1046120 genomes   62964 energy   198.6 births 45161066 deaths 45161012 (432.4s) AMD Radeon AI PRO R9700 (RADV GFX1201)
tick  196000 alive  1046143 genomes   62881 energy   198.6 births 45246863 deaths 45246840 (434.7s) AMD Radeon AI PRO R9700 (RADV GFX1201)
tick  197000 alive  1046184 genomes   61722 energy   199.1 births 44971315 deaths 44971274 (437.0s) AMD Radeon AI PRO R9700 (RADV GFX1201)
tick  198000 alive  1046108 genomes   62150 energy   198.7 births 44771766 deaths 44771842 (439.2s) AMD Radeon AI PRO R9700 (RADV GFX1201)
tick  199000 alive  1046120 genomes   61556 energy   199.0 births 44827271 deaths 44827259 (441.4s) AMD Radeon AI PRO R9700 (RADV GFX1201)
tick  200000 alive  1046089 genomes   62614 energy   198.4 births 44998630 deaths 44998661 (443.6s) AMD Radeon AI PRO R9700 (RADV GFX1201)
done 200000 ticks in 443.6s
