tick       0 alive    52579 genomes   52579 energy    64.0 births 0 deaths 0 (0.0s) NVIDIA GeForce RTX 4080
tick    1000 alive   314234 genomes  134923 energy   110.8 births 3330669 deaths 3069014 (2.1s) NVIDIA GeForce RTX 4080
tick    2000 alive   762831 genomes  273500 energy   136.1 births 13247996 deaths 12799399 (6.9s) NVIDIA GeForce RTX 4080
tick    3000 alive   872109 genomes  259338 energy   162.1 births 14099108 deaths 13989830 (12.3s) NVIDIA GeForce RTX 4080
tick    4000 alive   899018 genomes  253508 energy   171.5 births 11914722 deaths 11887813 (17.5s) NVIDIA GeForce RTX 4080
tick    5000 alive   873343 genomes  247698 energy   175.2 births 10778911 deaths 10804586 (22.7s) NVIDIA GeForce RTX 4080
tick    6000 alive   815197 genomes  237584 energy   175.9 births 9841249 deaths 9899395 (27.8s) NVIDIA GeForce RTX 4080
tick    7000 alive   751485 genomes  222874 energy   175.3 births 8997745 deaths 9061457 (32.8s) NVIDIA GeForce RTX 4080
tick    8000 alive   705458 genomes  212588 energy   173.6 births 8474510 deaths 8520537 (37.8s) NVIDIA GeForce RTX 4080
tick    9000 alive   689789 genomes  204681 energy   171.5 births 8323222 deaths 8338891 (42.7s) NVIDIA GeForce RTX 4080
tick   10000 alive   695794 genomes  202527 energy   169.2 births 8511790 deaths 8505785 (47.7s) NVIDIA GeForce RTX 4080
tick   11000 alive   708794 genomes  200637 energy   168.1 births 8758082 deaths 8745082 (52.8s) NVIDIA GeForce RTX 4080
tick   12000 alive   725573 genomes  197001 energy   167.9 births 8958033 deaths 8941254 (58.0s) NVIDIA GeForce RTX 4080
tick   13000 alive   743679 genomes  193444 energy   168.2 births 9159279 deaths 9141173 (63.2s) NVIDIA GeForce RTX 4080
tick   14000 alive   758151 genomes  191798 energy   167.7 births 9381409 deaths 9366937 (68.4s) NVIDIA GeForce RTX 4080
tick   15000 alive   770276 genomes  187112 energy   167.6 births 9527469 deaths 9515344 (73.7s) NVIDIA GeForce RTX 4080
tick   16000 alive   779965 genomes  182226 energy   167.9 births 9642477 deaths 9632788 (78.9s) NVIDIA GeForce RTX 4080
tick   17000 alive   784924 genomes  177195 energy   168.6 births 9660101 deaths 9655142 (84.2s) NVIDIA GeForce RTX 4080
tick   18000 alive   787679 genomes  171441 energy   169.1 births 9645695 deaths 9642940 (89.4s) NVIDIA GeForce RTX 4080
tick   19000 alive   787768 genomes  166145 energy   169.4 births 9512411 deaths 9512322 (94.6s) NVIDIA GeForce RTX 4080
tick   20000 alive   790433 genomes  162221 energy   170.1 births 9510010 deaths 9507345 (99.7s) NVIDIA GeForce RTX 4080
tick   21000 alive   791017 genomes  159117 energy   169.6 births 9454903 deaths 9454319 (104.9s) NVIDIA GeForce RTX 4080
tick   22000 alive   793721 genomes  155111 energy   169.7 births 9526953 deaths 9524249 (110.1s) NVIDIA GeForce RTX 4080
tick   23000 alive   795429 genomes  152433 energy   169.9 births 9507411 deaths 9505703 (115.2s) NVIDIA GeForce RTX 4080
tick   24000 alive   792967 genomes  148920 energy   169.6 births 9508607 deaths 9511069 (120.4s) NVIDIA GeForce RTX 4080
tick   25000 alive   801230 genomes  147601 energy   169.5 births 9610827 deaths 9602564 (125.5s) NVIDIA GeForce RTX 4080
tick   26000 alive   797010 genomes  144800 energy   169.8 births 9566370 deaths 9570590 (130.7s) NVIDIA GeForce RTX 4080
tick   27000 alive   800669 genomes  142631 energy   169.6 births 9537643 deaths 9533984 (135.9s) NVIDIA GeForce RTX 4080
tick   28000 alive   801825 genomes  140416 energy   169.6 births 9598723 deaths 9597567 (141.0s) NVIDIA GeForce RTX 4080
tick   29000 alive   807562 genomes  138807 energy   169.9 births 9535113 deaths 9529376 (146.2s) NVIDIA GeForce RTX 4080
tick   30000 alive   801132 genomes  136163 energy   170.3 births 9485643 deaths 9492073 (151.3s) NVIDIA GeForce RTX 4080
tick   31000 alive   799678 genomes  134347 energy   170.1 births 9398655 deaths 9400109 (156.4s) NVIDIA GeForce RTX 4080
tick   32000 alive   800426 genomes  132568 energy   170.4 births 9414016 deaths 9413268 (161.5s) NVIDIA GeForce RTX 4080
tick   33000 alive   802727 genomes  130768 energy   170.7 births 9355816 deaths 9353515 (166.6s) NVIDIA GeForce RTX 4080
tick   34000 alive   803708 genomes  128131 energy   170.5 births 9301740 deaths 9300759 (171.7s) NVIDIA GeForce RTX 4080
tick   35000 alive   806834 genomes  125672 energy   170.2 births 9300997 deaths 9297871 (176.7s) NVIDIA GeForce RTX 4080
tick   36000 alive   806859 genomes  123746 energy   170.3 births 9349185 deaths 9349160 (181.8s) NVIDIA GeForce RTX 4080
tick   37000 alive   810729 genomes  122265 energy   170.0 births 9366790 deaths 9362920 (186.9s) NVIDIA GeForce RTX 4080
tick   38000 alive   812110 genomes  120076 energy   170.6 births 9369836 deaths 9368455 (192.0s) NVIDIA GeForce RTX 4080
tick   39000 alive   810979 genomes  117702 energy   170.5 births 9304533 deaths 9305664 (197.0s) NVIDIA GeForce RTX 4080
tick   40000 alive   814422 genomes  115818 energy   170.2 births 9346482 deaths 9343039 (202.1s) NVIDIA GeForce RTX 4080
tick   41000 alive   812926 genomes  114707 energy   170.5 births 9368005 deaths 9369501 (207.1s) NVIDIA GeForce RTX 4080
tick   42000 alive   814275 genomes  112647 energy   170.6 births 9292025 deaths 9290676 (212.2s) NVIDIA GeForce RTX 4080
tick   43000 alive   821936 genomes  111284 energy   170.4 births 9373153 deaths 9365492 (217.2s) NVIDIA GeForce RTX 4080
tick   44000 alive   822284 genomes  109904 energy   170.1 births 9439484 deaths 9439136 (222.3s) NVIDIA GeForce RTX 4080
tick   45000 alive   826369 genomes  109182 energy   170.5 births 9463249 deaths 9459164 (227.3s) NVIDIA GeForce RTX 4080
tick   46000 alive   825306 genomes  107548 energy   170.8 births 9421834 deaths 9422897 (232.4s) NVIDIA GeForce RTX 4080
tick   47000 alive   824807 genomes  107078 energy   170.3 births 9382374 deaths 9382873 (237.4s) NVIDIA GeForce RTX 4080
tick   48000 alive   824328 genomes  105834 energy   171.3 births 9369777 deaths 9370256 (242.5s) NVIDIA GeForce RTX 4080
tick   49000 alive   821810 genomes  104826 energy   171.5 births 9234546 deaths 9237064 (247.6s) NVIDIA GeForce RTX 4080
tick   50000 alive   822787 genomes  104466 energy   171.7 births 9183903 deaths 9182926 (252.6s) NVIDIA GeForce RTX 4080
tick   51000 alive   820979 genomes  103471 energy   171.4 births 9181726 deaths 9183534 (257.7s) NVIDIA GeForce RTX 4080
tick   52000 alive   819253 genomes  104134 energy   170.9 births 9210767 deaths 9212493 (262.8s) NVIDIA GeForce RTX 4080
tick   53000 alive   822508 genomes  103320 energy   171.0 births 9254575 deaths 9251320 (267.8s) NVIDIA GeForce RTX 4080
tick   54000 alive   821449 genomes  102463 energy   171.2 births 9237601 deaths 9238660 (272.9s) NVIDIA GeForce RTX 4080
tick   55000 alive   820465 genomes  102772 energy   170.9 births 9237637 deaths 9238621 (277.9s) NVIDIA GeForce RTX 4080
tick   56000 alive   820412 genomes  102080 energy   170.8 births 9233335 deaths 9233388 (283.0s) NVIDIA GeForce RTX 4080
tick   57000 alive   819184 genomes  101602 energy   170.5 births 9306608 deaths 9307836 (288.0s) NVIDIA GeForce RTX 4080
tick   58000 alive   822328 genomes  101035 energy   170.2 births 9337061 deaths 9333917 (293.1s) NVIDIA GeForce RTX 4080
tick   59000 alive   828277 genomes  100727 energy   169.9 births 9458207 deaths 9452258 (298.1s) NVIDIA GeForce RTX 4080
tick   60000 alive   830626 genomes   99730 energy   169.7 births 9495691 deaths 9493342 (303.2s) NVIDIA GeForce RTX 4080
tick   61000 alive   834855 genomes  100245 energy   170.3 births 9512887 deaths 9508658 (308.2s) NVIDIA GeForce RTX 4080
tick   62000 alive   842027 genomes  100195 energy   170.4 births 9530456 deaths 9523284 (313.3s) NVIDIA GeForce RTX 4080
tick   63000 alive   844197 genomes  100523 energy   170.6 births 9588597 deaths 9586427 (318.3s) NVIDIA GeForce RTX 4080
tick   64000 alive   843872 genomes  100357 energy   170.6 births 9550980 deaths 9551305 (323.4s) NVIDIA GeForce RTX 4080
tick   65000 alive   845573 genomes  100439 energy   170.6 births 9621825 deaths 9620124 (328.4s) NVIDIA GeForce RTX 4080
tick   66000 alive   846889 genomes  101194 energy   170.5 births 9623528 deaths 9622212 (333.5s) NVIDIA GeForce RTX 4080
tick   67000 alive   847457 genomes  100297 energy   170.8 births 9626451 deaths 9625883 (338.5s) NVIDIA GeForce RTX 4080
tick   68000 alive   845205 genomes  100983 energy   170.7 births 9665835 deaths 9668087 (343.6s) NVIDIA GeForce RTX 4080
tick   69000 alive   847301 genomes   99703 energy   171.2 births 9606517 deaths 9604421 (348.6s) NVIDIA GeForce RTX 4080
tick   70000 alive   850235 genomes   99060 energy   171.2 births 9614042 deaths 9611108 (353.7s) NVIDIA GeForce RTX 4080
tick   71000 alive   848090 genomes   97546 energy   171.3 births 9599134 deaths 9601279 (358.7s) NVIDIA GeForce RTX 4080
tick   72000 alive   854459 genomes   96548 energy   170.7 births 9612655 deaths 9606286 (363.7s) NVIDIA GeForce RTX 4080
tick   73000 alive   861723 genomes   95917 energy   171.0 births 9683943 deaths 9676679 (368.8s) NVIDIA GeForce RTX 4080
tick   74000 alive   859564 genomes   95548 energy   170.8 births 9755155 deaths 9757314 (373.8s) NVIDIA GeForce RTX 4080
tick   75000 alive   861574 genomes   95684 energy   171.4 births 9748840 deaths 9746830 (378.8s) NVIDIA GeForce RTX 4080
tick   76000 alive   865076 genomes   94824 energy   171.4 births 9732666 deaths 9729164 (383.9s) NVIDIA GeForce RTX 4080
tick   77000 alive   862361 genomes   94027 energy   172.3 births 9666545 deaths 9669260 (388.9s) NVIDIA GeForce RTX 4080
tick   78000 alive   864099 genomes   94236 energy   172.3 births 9590451 deaths 9588713 (393.9s) NVIDIA GeForce RTX 4080
tick   79000 alive   863589 genomes   93714 energy   172.2 births 9581279 deaths 9581789 (399.0s) NVIDIA GeForce RTX 4080
tick   80000 alive   862883 genomes   92976 energy   172.2 births 9601531 deaths 9602237 (404.0s) NVIDIA GeForce RTX 4080
tick   81000 alive   863511 genomes   93233 energy   172.4 births 9557058 deaths 9556430 (409.0s) NVIDIA GeForce RTX 4080
tick   82000 alive   864381 genomes   94141 energy   171.7 births 9614146 deaths 9613276 (414.1s) NVIDIA GeForce RTX 4080
tick   83000 alive   866470 genomes   94111 energy   172.0 births 9680393 deaths 9678304 (419.1s) NVIDIA GeForce RTX 4080
tick   84000 alive   865785 genomes   94173 energy   172.1 births 9683611 deaths 9684296 (424.2s) NVIDIA GeForce RTX 4080
tick   85000 alive   869130 genomes   93399 energy   172.3 births 9660946 deaths 9657601 (429.2s) NVIDIA GeForce RTX 4080
tick   86000 alive   870691 genomes   93676 energy   172.8 births 9624184 deaths 9622623 (434.2s) NVIDIA GeForce RTX 4080
tick   87000 alive   868995 genomes   92977 energy   173.4 births 9539910 deaths 9541606 (439.3s) NVIDIA GeForce RTX 4080
tick   88000 alive   872810 genomes   93146 energy   173.1 births 9491251 deaths 9487436 (444.3s) NVIDIA GeForce RTX 4080
tick   89000 alive   871077 genomes   93327 energy   173.4 births 9451222 deaths 9452955 (449.3s) NVIDIA GeForce RTX 4080
tick   90000 alive   869709 genomes   92605 energy   173.6 births 9432302 deaths 9433670 (454.4s) NVIDIA GeForce RTX 4080
tick   91000 alive   872439 genomes   93168 energy   173.7 births 9434727 deaths 9431997 (459.4s) NVIDIA GeForce RTX 4080
tick   92000 alive   870596 genomes   93061 energy   173.9 births 9377479 deaths 9379322 (464.5s) NVIDIA GeForce RTX 4080
tick   93000 alive   871143 genomes   93189 energy   173.6 births 9366126 deaths 9365579 (469.5s) NVIDIA GeForce RTX 4080
tick   94000 alive   871830 genomes   92903 energy   173.8 births 9405631 deaths 9404944 (474.6s) NVIDIA GeForce RTX 4080
tick   95000 alive   871774 genomes   92931 energy   173.5 births 9383856 deaths 9383912 (479.6s) NVIDIA GeForce RTX 4080
tick   96000 alive   874676 genomes   92490 energy   174.1 births 9369860 deaths 9366958 (484.7s) NVIDIA GeForce RTX 4080
tick   97000 alive   875750 genomes   91231 energy   174.1 births 9335984 deaths 9334910 (489.7s) NVIDIA GeForce RTX 4080
tick   98000 alive   875042 genomes   90615 energy   173.8 births 9367246 deaths 9367954 (494.8s) NVIDIA GeForce RTX 4080
tick   99000 alive   875153 genomes   89930 energy   174.0 births 9345376 deaths 9345265 (499.8s) NVIDIA GeForce RTX 4080
tick  100000 alive   877028 genomes   90497 energy   173.7 births 9364181 deaths 9362306 (504.9s) NVIDIA GeForce RTX 4080
tick  101000 alive   879148 genomes   90586 energy   173.6 births 9440055 deaths 9437935 (509.9s) NVIDIA GeForce RTX 4080
tick  102000 alive   878532 genomes   90329 energy   173.4 births 9476951 deaths 9477567 (515.0s) NVIDIA GeForce RTX 4080
tick  103000 alive   875861 genomes   89975 energy   173.6 births 9434120 deaths 9436791 (520.1s) NVIDIA GeForce RTX 4080
tick  104000 alive   877997 genomes   87622 energy   174.2 births 9340882 deaths 9338746 (525.1s) NVIDIA GeForce RTX 4080
tick  105000 alive   879702 genomes   87415 energy   174.0 births 9371771 deaths 9370066 (530.2s) NVIDIA GeForce RTX 4080
tick  106000 alive   882494 genomes   86483 energy   174.3 births 9394270 deaths 9391478 (535.2s) NVIDIA GeForce RTX 4080
tick  107000 alive   882646 genomes   85716 energy   173.9 births 9370014 deaths 9369862 (540.2s) NVIDIA GeForce RTX 4080
tick  108000 alive   881610 genomes   86241 energy   174.1 births 9409505 deaths 9410541 (545.3s) NVIDIA GeForce RTX 4080
tick  109000 alive   879544 genomes   86875 energy   173.8 births 9410083 deaths 9412149 (550.4s) NVIDIA GeForce RTX 4080
tick  110000 alive   880614 genomes   87323 energy   173.5 births 9466309 deaths 9465239 (555.4s) NVIDIA GeForce RTX 4080
tick  111000 alive   879559 genomes   86139 energy   173.3 births 9494230 deaths 9495285 (560.5s) NVIDIA GeForce RTX 4080
tick  112000 alive   881497 genomes   85447 energy   173.6 births 9492648 deaths 9490710 (565.6s) NVIDIA GeForce RTX 4080
tick  113000 alive   880391 genomes   85984 energy   173.6 births 9476856 deaths 9477962 (570.6s) NVIDIA GeForce RTX 4080
tick  114000 alive   882244 genomes   85048 energy   174.0 births 9483298 deaths 9481445 (575.7s) NVIDIA GeForce RTX 4080
tick  115000 alive   884639 genomes   85089 energy   173.8 births 9453238 deaths 9450843 (580.8s) NVIDIA GeForce RTX 4080
tick  116000 alive   886039 genomes   84844 energy   173.7 births 9497026 deaths 9495626 (585.8s) NVIDIA GeForce RTX 4080
tick  117000 alive   888226 genomes   85312 energy   173.8 births 9555053 deaths 9552866 (590.9s) NVIDIA GeForce RTX 4080
tick  118000 alive   889020 genomes   84418 energy   174.1 births 9505246 deaths 9504452 (595.9s) NVIDIA GeForce RTX 4080
tick  119000 alive   893377 genomes   84220 energy   173.9 births 9534756 deaths 9530399 (600.9s) NVIDIA GeForce RTX 4080
tick  120000 alive   894508 genomes   84197 energy   173.7 births 9572687 deaths 9571556 (606.0s) NVIDIA GeForce RTX 4080
tick  121000 alive   895359 genomes   83515 energy   174.1 births 9574379 deaths 9573528 (611.0s) NVIDIA GeForce RTX 4080
tick  122000 alive   895824 genomes   83817 energy   173.9 births 9566844 deaths 9566379 (616.0s) NVIDIA GeForce RTX 4080
tick  123000 alive   896848 genomes   84252 energy   173.9 births 9630403 deaths 9629379 (621.1s) NVIDIA GeForce RTX 4080
tick  124000 alive   895018 genomes   83520 energy   174.0 births 9602247 deaths 9604077 (626.2s) NVIDIA GeForce RTX 4080
tick  125000 alive   894821 genomes   83096 energy   174.1 births 9556959 deaths 9557156 (631.2s) NVIDIA GeForce RTX 4080
tick  126000 alive   895037 genomes   83285 energy   174.4 births 9518535 deaths 9518319 (636.3s) NVIDIA GeForce RTX 4080
tick  127000 alive   897378 genomes   82974 energy   174.5 births 9488310 deaths 9485969 (641.4s) NVIDIA GeForce RTX 4080
tick  128000 alive   898060 genomes   83170 energy   174.7 births 9493223 deaths 9492541 (646.4s) NVIDIA GeForce RTX 4080
tick  129000 alive   900194 genomes   84165 energy   174.5 births 9502153 deaths 9500019 (651.5s) NVIDIA GeForce RTX 4080
tick  130000 alive   901230 genomes   83626 energy   174.4 births 9501857 deaths 9500821 (656.6s) NVIDIA GeForce RTX 4080
tick  131000 alive   904670 genomes   84506 energy   174.4 births 9546867 deaths 9543427 (661.6s) NVIDIA GeForce RTX 4080
tick  132000 alive   903897 genomes   86000 energy   173.7 births 9690408 deaths 9691181 (666.7s) NVIDIA GeForce RTX 4080
tick  133000 alive   905015 genomes   86210 energy   173.4 births 9743666 deaths 9742548 (671.8s) NVIDIA GeForce RTX 4080
tick  134000 alive   903213 genomes   86958 energy   173.0 births 9839457 deaths 9841259 (676.9s) NVIDIA GeForce RTX 4080
tick  135000 alive   904737 genomes   89140 energy   172.5 births 9935761 deaths 9934237 (682.0s) NVIDIA GeForce RTX 4080
tick  136000 alive   904627 genomes   89216 energy   173.1 births 9940759 deaths 9940869 (687.1s) NVIDIA GeForce RTX 4080
tick  137000 alive   903300 genomes   88997 energy   173.5 births 9851342 deaths 9852669 (692.2s) NVIDIA GeForce RTX 4080
tick  138000 alive   902699 genomes   88159 energy   173.5 births 9798883 deaths 9799484 (697.3s) NVIDIA GeForce RTX 4080
tick  139000 alive   905103 genomes   89218 energy   173.1 births 9837898 deaths 9835494 (702.4s) NVIDIA GeForce RTX 4080
tick  140000 alive   904933 genomes   88376 energy   172.9 births 9910340 deaths 9910510 (707.5s) NVIDIA GeForce RTX 4080
tick  141000 alive   904740 genomes   88459 energy   172.7 births 9914796 deaths 9914989 (712.6s) NVIDIA GeForce RTX 4080
tick  142000 alive   904750 genomes   89364 energy   172.6 births 9956212 deaths 9956202 (717.7s) NVIDIA GeForce RTX 4080
tick  143000 alive   906464 genomes   88795 energy   172.5 births 9981154 deaths 9979440 (722.8s) NVIDIA GeForce RTX 4080
tick  144000 alive   907345 genomes   88218 energy   172.5 births 10021654 deaths 10020773 (727.9s) NVIDIA GeForce RTX 4080
tick  145000 alive   907018 genomes   88584 energy   172.5 births 10084996 deaths 10085323 (733.1s) NVIDIA GeForce RTX 4080
tick  146000 alive   906691 genomes   88704 energy   172.6 births 10058147 deaths 10058474 (738.2s) NVIDIA GeForce RTX 4080
tick  147000 alive   908238 genomes   87946 energy   173.3 births 9967837 deaths 9966290 (743.3s) NVIDIA GeForce RTX 4080
tick  148000 alive   908632 genomes   88328 energy   172.9 births 9994557 deaths 9994163 (748.5s) NVIDIA GeForce RTX 4080
tick  149000 alive   914019 genomes   89272 energy   172.2 births 10125511 deaths 10120124 (753.6s) NVIDIA GeForce RTX 4080
tick  150000 alive   912695 genomes   89314 energy   172.3 births 10185342 deaths 10186666 (758.8s) NVIDIA GeForce RTX 4080
tick  151000 alive   910965 genomes   91538 energy   171.9 births 10180165 deaths 10181895 (764.0s) NVIDIA GeForce RTX 4080
tick  152000 alive   910343 genomes   91887 energy   172.1 births 10199383 deaths 10200005 (769.1s) NVIDIA GeForce RTX 4080
tick  153000 alive   910782 genomes   91898 energy   171.8 births 10205331 deaths 10204892 (774.3s) NVIDIA GeForce RTX 4080
tick  154000 alive   911037 genomes   92896 energy   171.6 births 10258294 deaths 10258039 (779.4s) NVIDIA GeForce RTX 4080
tick  155000 alive   911358 genomes   93854 energy   171.4 births 10337495 deaths 10337174 (784.6s) NVIDIA GeForce RTX 4080
tick  156000 alive   910525 genomes   94659 energy   171.5 births 10403780 deaths 10404613 (789.8s) NVIDIA GeForce RTX 4080
tick  157000 alive   911485 genomes   93817 energy   171.9 births 10296687 deaths 10295727 (795.0s) NVIDIA GeForce RTX 4080
tick  158000 alive   910043 genomes   92878 energy   171.7 births 10253004 deaths 10254446 (800.1s) NVIDIA GeForce RTX 4080
tick  159000 alive   911232 genomes   91923 energy   171.6 births 10282609 deaths 10281420 (805.3s) NVIDIA GeForce RTX 4080
tick  160000 alive   909322 genomes   90914 energy   171.7 births 10271849 deaths 10273759 (810.4s) NVIDIA GeForce RTX 4080
tick  161000 alive   909081 genomes   90646 energy   171.6 births 10279254 deaths 10279495 (815.6s) NVIDIA GeForce RTX 4080
tick  162000 alive   910056 genomes   90311 energy   171.0 births 10356255 deaths 10355280 (820.8s) NVIDIA GeForce RTX 4080
tick  163000 alive   909486 genomes   89735 energy   170.9 births 10390117 deaths 10390687 (826.0s) NVIDIA GeForce RTX 4080
tick  164000 alive   911775 genomes   90270 energy   170.7 births 10431970 deaths 10429681 (831.2s) NVIDIA GeForce RTX 4080
tick  165000 alive   914739 genomes   91029 energy   171.0 births 10482065 deaths 10479101 (836.3s) NVIDIA GeForce RTX 4080
tick  166000 alive   914426 genomes   91940 energy   171.0 births 10485343 deaths 10485656 (841.5s) NVIDIA GeForce RTX 4080
tick  167000 alive   911476 genomes   92288 energy   171.0 births 10499422 deaths 10502372 (846.7s) NVIDIA GeForce RTX 4080
tick  168000 alive   913070 genomes   91452 energy   171.2 births 10472807 deaths 10471213 (851.9s) NVIDIA GeForce RTX 4080
tick  169000 alive   911341 genomes   91677 energy   171.3 births 10490082 deaths 10491811 (857.1s) NVIDIA GeForce RTX 4080
tick  170000 alive   911834 genomes   90129 energy   171.6 births 10414474 deaths 10413981 (862.3s) NVIDIA GeForce RTX 4080
tick  171000 alive   910131 genomes   88549 energy   171.6 births 10385713 deaths 10387416 (867.5s) NVIDIA GeForce RTX 4080
tick  172000 alive   910059 genomes   88452 energy   171.3 births 10379089 deaths 10379161 (872.7s) NVIDIA GeForce RTX 4080
tick  173000 alive   912309 genomes   88768 energy   171.2 births 10430551 deaths 10428301 (877.9s) NVIDIA GeForce RTX 4080
tick  174000 alive   915931 genomes   88667 energy   171.3 births 10475307 deaths 10471685 (883.1s) NVIDIA GeForce RTX 4080
tick  175000 alive   920103 genomes   88684 energy   171.7 births 10505788 deaths 10501616 (888.3s) NVIDIA GeForce RTX 4080
tick  176000 alive   918569 genomes   88092 energy   171.9 births 10449916 deaths 10451450 (893.4s) NVIDIA GeForce RTX 4080
tick  177000 alive   916406 genomes   89275 energy   171.2 births 10497766 deaths 10499929 (898.6s) NVIDIA GeForce RTX 4080
tick  178000 alive   911750 genomes   90146 energy   171.0 births 10506739 deaths 10511395 (903.8s) NVIDIA GeForce RTX 4080
tick  179000 alive   913640 genomes   90914 energy   170.5 births 10598315 deaths 10596425 (908.9s) NVIDIA GeForce RTX 4080
tick  180000 alive   912908 genomes   91052 energy   170.4 births 10639090 deaths 10639822 (914.1s) NVIDIA GeForce RTX 4080
tick  181000 alive   914836 genomes   90859 energy   170.7 births 10680475 deaths 10678547 (919.2s) NVIDIA GeForce RTX 4080
tick  182000 alive   912402 genomes   91952 energy   170.1 births 10693745 deaths 10696179 (924.4s) NVIDIA GeForce RTX 4080
tick  183000 alive   913319 genomes   93158 energy   170.3 births 10690872 deaths 10689955 (929.6s) NVIDIA GeForce RTX 4080
tick  184000 alive   913616 genomes   93026 energy   170.6 births 10651484 deaths 10651187 (934.7s) NVIDIA GeForce RTX 4080
tick  185000 alive   911492 genomes   94697 energy   169.8 births 10710772 deaths 10712896 (939.9s) NVIDIA GeForce RTX 4080
tick  186000 alive   912727 genomes   94821 energy   170.0 births 10757903 deaths 10756668 (945.0s) NVIDIA GeForce RTX 4080
tick  187000 alive   912077 genomes   95533 energy   169.5 births 10843368 deaths 10844018 (950.2s) NVIDIA GeForce RTX 4080
tick  188000 alive   912716 genomes   94277 energy   170.1 births 10847032 deaths 10846393 (955.4s) NVIDIA GeForce RTX 4080
tick  189000 alive   911066 genomes   94634 energy   170.1 births 10830871 deaths 10832521 (960.6s) NVIDIA GeForce RTX 4080
tick  190000 alive   912242 genomes   93523 energy   170.3 births 10735006 deaths 10733830 (965.7s) NVIDIA GeForce RTX 4080
tick  191000 alive   915660 genomes   92393 energy   171.2 births 10682145 deaths 10678727 (970.9s) NVIDIA GeForce RTX 4080
tick  192000 alive   917798 genomes   91345 energy   171.5 births 10581665 deaths 10579527 (976.0s) NVIDIA GeForce RTX 4080
tick  193000 alive   915380 genomes   91352 energy   171.4 births 10548395 deaths 10550813 (981.2s) NVIDIA GeForce RTX 4080
tick  194000 alive   914081 genomes   90229 energy   171.4 births 10488419 deaths 10489718 (986.3s) NVIDIA GeForce RTX 4080
tick  195000 alive   916154 genomes   89986 energy   171.4 births 10487529 deaths 10485456 (991.4s) NVIDIA GeForce RTX 4080
tick  196000 alive   917288 genomes   89791 energy   171.7 births 10525256 deaths 10524122 (996.6s) NVIDIA GeForce RTX 4080
tick  197000 alive   915039 genomes   88349 energy   172.3 births 10433307 deaths 10435556 (1001.7s) NVIDIA GeForce RTX 4080
tick  198000 alive   916109 genomes   88027 energy   172.4 births 10353903 deaths 10352833 (1006.8s) NVIDIA GeForce RTX 4080
tick  199000 alive   915043 genomes   88647 energy   172.5 births 10298382 deaths 10299448 (1011.9s) NVIDIA GeForce RTX 4080
tick  200000 alive   916394 genomes   89144 energy   172.7 births 10250712 deaths 10249361 (1017.0s) NVIDIA GeForce RTX 4080
done 200000 ticks in 1017.0s
