tick       0 alive    52104 genomes   52104 energy    64.0 births 0 deaths 0 (0.0s) NVIDIA GeForce RTX 4080
tick    1000 alive   194467 genomes   84056 energy   112.6 births 2114182 deaths 1971819 (0.9s) NVIDIA GeForce RTX 4080
tick    2000 alive   559823 genomes  223829 energy   117.5 births 9773122 deaths 9407766 (2.9s) NVIDIA GeForce RTX 4080
tick    3000 alive   701710 genomes  242090 energy   138.6 births 14628593 deaths 14486706 (5.7s) NVIDIA GeForce RTX 4080
tick    4000 alive   739537 genomes  208444 energy   159.2 births 13124145 deaths 13086318 (8.6s) NVIDIA GeForce RTX 4080
tick    5000 alive   799465 genomes  195271 energy   169.3 births 11968324 deaths 11908396 (11.3s) NVIDIA GeForce RTX 4080
tick    6000 alive   837402 genomes  186816 energy   175.6 births 11613829 deaths 11575892 (14.0s) NVIDIA GeForce RTX 4080
tick    7000 alive   842698 genomes  179252 energy   179.3 births 11101292 deaths 11095996 (16.8s) NVIDIA GeForce RTX 4080
tick    8000 alive   835776 genomes  172453 energy   180.6 births 10667575 deaths 10674497 (19.4s) NVIDIA GeForce RTX 4080
tick    9000 alive   825277 genomes  167068 energy   181.0 births 10340706 deaths 10351205 (22.1s) NVIDIA GeForce RTX 4080
tick   10000 alive   815314 genomes  161396 energy   180.6 births 10174297 deaths 10184260 (24.8s) NVIDIA GeForce RTX 4080
tick   11000 alive   812215 genomes  155084 energy   180.5 births 10047151 deaths 10050250 (27.4s) NVIDIA GeForce RTX 4080
tick   12000 alive   816880 genomes  151504 energy   179.0 births 10113756 deaths 10109091 (30.1s) NVIDIA GeForce RTX 4080
tick   13000 alive   823056 genomes  147674 energy   178.7 births 10247548 deaths 10241372 (32.8s) NVIDIA GeForce RTX 4080
tick   14000 alive   827120 genomes  143675 energy   178.1 births 10370639 deaths 10366575 (35.4s) NVIDIA GeForce RTX 4080
tick   15000 alive   835191 genomes  138977 energy   178.3 births 10448549 deaths 10440478 (38.1s) NVIDIA GeForce RTX 4080
tick   16000 alive   847755 genomes  136913 energy   178.2 births 10573536 deaths 10560972 (40.8s) NVIDIA GeForce RTX 4080
tick   17000 alive   854624 genomes  134141 energy   178.5 births 10689210 deaths 10682341 (43.5s) NVIDIA GeForce RTX 4080
tick   18000 alive   860418 genomes  132148 energy   178.3 births 10738926 deaths 10733132 (46.2s) NVIDIA GeForce RTX 4080
tick   19000 alive   866224 genomes  131181 energy   178.7 births 10793888 deaths 10788082 (48.9s) NVIDIA GeForce RTX 4080
tick   20000 alive   871327 genomes  129249 energy   178.7 births 10859611 deaths 10854508 (51.5s) NVIDIA GeForce RTX 4080
tick   21000 alive   868894 genomes  128210 energy   178.8 births 10884406 deaths 10886839 (54.2s) NVIDIA GeForce RTX 4080
tick   22000 alive   862597 genomes  127363 energy   178.3 births 10865024 deaths 10871321 (56.9s) NVIDIA GeForce RTX 4080
tick   23000 alive   862695 genomes  125292 energy   178.5 births 10887582 deaths 10887484 (59.6s) NVIDIA GeForce RTX 4080
tick   24000 alive   867805 genomes  122993 energy   178.5 births 10904350 deaths 10899240 (62.2s) NVIDIA GeForce RTX 4080
tick   25000 alive   863453 genomes  121348 energy   178.9 births 10833460 deaths 10837812 (64.9s) NVIDIA GeForce RTX 4080
tick   26000 alive   865438 genomes  119419 energy   179.1 births 10775376 deaths 10773391 (67.6s) NVIDIA GeForce RTX 4080
tick   27000 alive   866346 genomes  118788 energy   178.6 births 10784976 deaths 10784068 (70.3s) NVIDIA GeForce RTX 4080
tick   28000 alive   866692 genomes  117911 energy   178.7 births 10810279 deaths 10809933 (73.0s) NVIDIA GeForce RTX 4080
tick   29000 alive   868982 genomes  117215 energy   178.1 births 10872096 deaths 10869806 (75.7s) NVIDIA GeForce RTX 4080
tick   30000 alive   866973 genomes  116524 energy   178.2 births 10882488 deaths 10884497 (78.4s) NVIDIA GeForce RTX 4080
tick   31000 alive   865632 genomes  117079 energy   178.0 births 10871501 deaths 10872842 (81.1s) NVIDIA GeForce RTX 4080
tick   32000 alive   866026 genomes  117138 energy   177.8 births 10910197 deaths 10909803 (83.8s) NVIDIA GeForce RTX 4080
tick   33000 alive   867261 genomes  116967 energy   178.1 births 10899247 deaths 10898012 (86.5s) NVIDIA GeForce RTX 4080
tick   34000 alive   867151 genomes  116808 energy   178.1 births 10873007 deaths 10873117 (89.2s) NVIDIA GeForce RTX 4080
tick   35000 alive   867011 genomes  114463 energy   177.6 births 10929542 deaths 10929682 (91.9s) NVIDIA GeForce RTX 4080
tick   36000 alive   872199 genomes  114223 energy   177.6 births 10952855 deaths 10947667 (94.7s) NVIDIA GeForce RTX 4080
tick   37000 alive   875536 genomes  115674 energy   177.3 births 11053076 deaths 11049739 (97.4s) NVIDIA GeForce RTX 4080
tick   38000 alive   872204 genomes  114042 energy   177.5 births 11084457 deaths 11087789 (100.1s) NVIDIA GeForce RTX 4080
tick   39000 alive   870486 genomes  111862 energy   177.8 births 10968757 deaths 10970475 (102.9s) NVIDIA GeForce RTX 4080
tick   40000 alive   870995 genomes  110477 energy   177.9 births 10953022 deaths 10952513 (105.6s) NVIDIA GeForce RTX 4080
tick   41000 alive   874123 genomes  108857 energy   178.2 births 10911484 deaths 10908356 (108.3s) NVIDIA GeForce RTX 4080
tick   42000 alive   872063 genomes  108267 energy   178.7 births 10823467 deaths 10825527 (111.0s) NVIDIA GeForce RTX 4080
tick   43000 alive   874185 genomes  108484 energy   177.8 births 10869732 deaths 10867610 (113.7s) NVIDIA GeForce RTX 4080
tick   44000 alive   875281 genomes  108176 energy   177.8 births 10915079 deaths 10913983 (116.5s) NVIDIA GeForce RTX 4080
tick   45000 alive   877797 genomes  107075 energy   177.7 births 10914781 deaths 10912265 (119.2s) NVIDIA GeForce RTX 4080
tick   46000 alive   884155 genomes  105570 energy   177.4 births 10953327 deaths 10946969 (121.9s) NVIDIA GeForce RTX 4080
tick   47000 alive   885532 genomes  104052 energy   177.6 births 10959469 deaths 10958092 (124.6s) NVIDIA GeForce RTX 4080
tick   48000 alive   887516 genomes  103849 energy   178.0 births 11016056 deaths 11014072 (127.4s) NVIDIA GeForce RTX 4080
tick   49000 alive   887372 genomes  103536 energy   178.7 births 10935792 deaths 10935936 (130.1s) NVIDIA GeForce RTX 4080
tick   50000 alive   887716 genomes  103362 energy   178.2 births 10916454 deaths 10916110 (132.8s) NVIDIA GeForce RTX 4080
tick   51000 alive   882887 genomes  101443 energy   178.6 births 10901870 deaths 10906699 (135.5s) NVIDIA GeForce RTX 4080
tick   52000 alive   886910 genomes  100167 energy   178.4 births 10837538 deaths 10833515 (138.2s) NVIDIA GeForce RTX 4080
tick   53000 alive   890790 genomes   99264 energy   178.5 births 10902674 deaths 10898794 (141.0s) NVIDIA GeForce RTX 4080
tick   54000 alive   890063 genomes   98261 energy   178.3 births 10954934 deaths 10955661 (143.7s) NVIDIA GeForce RTX 4080
tick   55000 alive   893868 genomes   97686 energy   178.3 births 10966655 deaths 10962850 (146.4s) NVIDIA GeForce RTX 4080
tick   56000 alive   890666 genomes   96423 energy   178.6 births 10927232 deaths 10930434 (149.1s) NVIDIA GeForce RTX 4080
tick   57000 alive   889048 genomes   95774 energy   178.8 births 10841348 deaths 10842966 (151.8s) NVIDIA GeForce RTX 4080
tick   58000 alive   891487 genomes   94912 energy   178.8 births 10850033 deaths 10847594 (154.5s) NVIDIA GeForce RTX 4080
tick   59000 alive   893345 genomes   94259 energy   178.7 births 10921311 deaths 10919453 (157.2s) NVIDIA GeForce RTX 4080
tick   60000 alive   897346 genomes   94003 energy   178.9 births 10945384 deaths 10941383 (159.8s) NVIDIA GeForce RTX 4080
tick   61000 alive   900720 genomes   92959 energy   179.1 births 10929693 deaths 10926319 (162.5s) NVIDIA GeForce RTX 4080
tick   62000 alive   901985 genomes   92449 energy   179.2 births 10929082 deaths 10927817 (165.2s) NVIDIA GeForce RTX 4080
tick   63000 alive   900964 genomes   92775 energy   179.0 births 10943148 deaths 10944169 (167.9s) NVIDIA GeForce RTX 4080
tick   64000 alive   900071 genomes   92175 energy   179.2 births 10954177 deaths 10955070 (170.5s) NVIDIA GeForce RTX 4080
tick   65000 alive   903781 genomes   91978 energy   178.9 births 10963124 deaths 10959414 (173.2s) NVIDIA GeForce RTX 4080
tick   66000 alive   902569 genomes   92131 energy   178.7 births 11021153 deaths 11022365 (175.9s) NVIDIA GeForce RTX 4080
tick   67000 alive   904855 genomes   92235 energy   178.1 births 11100167 deaths 11097881 (178.5s) NVIDIA GeForce RTX 4080
tick   68000 alive   904112 genomes   91581 energy   178.5 births 11148671 deaths 11149414 (181.2s) NVIDIA GeForce RTX 4080
tick   69000 alive   903403 genomes   90282 energy   178.6 births 11111612 deaths 11112321 (183.9s) NVIDIA GeForce RTX 4080
tick   70000 alive   902730 genomes   90133 energy   178.5 births 11111240 deaths 11111913 (186.5s) NVIDIA GeForce RTX 4080
tick   71000 alive   900924 genomes   89975 energy   178.5 births 11101284 deaths 11103090 (189.2s) NVIDIA GeForce RTX 4080
tick   72000 alive   901371 genomes   90467 energy   179.1 births 11059700 deaths 11059253 (191.8s) NVIDIA GeForce RTX 4080
tick   73000 alive   899100 genomes   90958 energy   178.7 births 11000785 deaths 11003056 (194.4s) NVIDIA GeForce RTX 4080
tick   74000 alive   902656 genomes   91929 energy   178.8 births 11038751 deaths 11035195 (197.1s) NVIDIA GeForce RTX 4080
tick   75000 alive   905699 genomes   91799 energy   179.0 births 11038091 deaths 11035048 (199.7s) NVIDIA GeForce RTX 4080
tick   76000 alive   910691 genomes   91345 energy   178.5 births 11135587 deaths 11130595 (202.4s) NVIDIA GeForce RTX 4080
tick   77000 alive   907548 genomes   92060 energy   178.5 births 11145921 deaths 11149064 (205.1s) NVIDIA GeForce RTX 4080
tick   78000 alive   905423 genomes   93127 energy   178.1 births 11108350 deaths 11110475 (207.7s) NVIDIA GeForce RTX 4080
tick   79000 alive   906853 genomes   93469 energy   178.0 births 11133241 deaths 11131811 (210.4s) NVIDIA GeForce RTX 4080
tick   80000 alive   904407 genomes   93566 energy   178.0 births 11156010 deaths 11158456 (213.1s) NVIDIA GeForce RTX 4080
tick   81000 alive   906781 genomes   92508 energy   178.0 births 11156344 deaths 11153970 (215.7s) NVIDIA GeForce RTX 4080
tick   82000 alive   912495 genomes   91463 energy   178.2 births 11212007 deaths 11206293 (218.4s) NVIDIA GeForce RTX 4080
tick   83000 alive   912574 genomes   90029 energy   178.6 births 11222015 deaths 11221936 (221.1s) NVIDIA GeForce RTX 4080
tick   84000 alive   914784 genomes   88626 energy   179.0 births 11200048 deaths 11197838 (223.7s) NVIDIA GeForce RTX 4080
tick   85000 alive   913203 genomes   87741 energy   179.2 births 11186867 deaths 11188448 (226.4s) NVIDIA GeForce RTX 4080
tick   86000 alive   910945 genomes   87484 energy   179.1 births 11108316 deaths 11110574 (229.0s) NVIDIA GeForce RTX 4080
tick   87000 alive   908723 genomes   87430 energy   179.3 births 11076553 deaths 11078775 (231.7s) NVIDIA GeForce RTX 4080
tick   88000 alive   905926 genomes   86384 energy   179.2 births 11017230 deaths 11020027 (234.3s) NVIDIA GeForce RTX 4080
tick   89000 alive   905923 genomes   85450 energy   179.6 births 11016861 deaths 11016864 (237.0s) NVIDIA GeForce RTX 4080
tick   90000 alive   905054 genomes   84496 energy   179.9 births 10932362 deaths 10933231 (239.6s) NVIDIA GeForce RTX 4080
tick   91000 alive   904779 genomes   84471 energy   179.7 births 10896458 deaths 10896733 (242.3s) NVIDIA GeForce RTX 4080
tick   92000 alive   902479 genomes   84661 energy   179.8 births 10874468 deaths 10876768 (244.9s) NVIDIA GeForce RTX 4080
tick   93000 alive   904646 genomes   83600 energy   179.6 births 10872591 deaths 10870424 (247.6s) NVIDIA GeForce RTX 4080
tick   94000 alive   909781 genomes   83442 energy   179.4 births 10913283 deaths 10908148 (250.2s) NVIDIA GeForce RTX 4080
tick   95000 alive   910901 genomes   83641 energy   179.6 births 10936442 deaths 10935322 (252.9s) NVIDIA GeForce RTX 4080
tick   96000 alive   911206 genomes   83455 energy   179.7 births 10921051 deaths 10920746 (255.5s) NVIDIA GeForce RTX 4080
tick   97000 alive   911748 genomes   83799 energy   179.9 births 10934513 deaths 10933971 (258.1s) NVIDIA GeForce RTX 4080
tick   98000 alive   908625 genomes   83325 energy   180.1 births 10871285 deaths 10874408 (260.8s) NVIDIA GeForce RTX 4080
tick   99000 alive   908482 genomes   83982 energy   179.6 births 10871179 deaths 10871322 (263.4s) NVIDIA GeForce RTX 4080
tick  100000 alive   906670 genomes   83580 energy   179.9 births 10862513 deaths 10864325 (266.1s) NVIDIA GeForce RTX 4080
tick  101000 alive   904631 genomes   82796 energy   179.5 births 10864635 deaths 10866674 (268.7s) NVIDIA GeForce RTX 4080
tick  102000 alive   907517 genomes   80690 energy   179.5 births 10943549 deaths 10940663 (271.3s) NVIDIA GeForce RTX 4080
tick  103000 alive   910160 genomes   79526 energy   179.8 births 10967294 deaths 10964651 (274.0s) NVIDIA GeForce RTX 4080
tick  104000 alive   910270 genomes   79061 energy   179.9 births 10962610 deaths 10962500 (276.6s) NVIDIA GeForce RTX 4080
tick  105000 alive   910115 genomes   78378 energy   180.0 births 10900704 deaths 10900859 (279.2s) NVIDIA GeForce RTX 4080
tick  106000 alive   910111 genomes   77532 energy   180.0 births 10916478 deaths 10916482 (281.8s) NVIDIA GeForce RTX 4080
tick  107000 alive   909288 genomes   78172 energy   179.7 births 10890684 deaths 10891507 (284.5s) NVIDIA GeForce RTX 4080
tick  108000 alive   911996 genomes   78645 energy   179.7 births 10948391 deaths 10945683 (287.1s) NVIDIA GeForce RTX 4080
tick  109000 alive   913755 genomes   79713 energy   179.5 births 11006921 deaths 11005162 (289.8s) NVIDIA GeForce RTX 4080
tick  110000 alive   910453 genomes   80467 energy   179.3 births 10986041 deaths 10989343 (292.4s) NVIDIA GeForce RTX 4080
tick  111000 alive   913282 genomes   81563 energy   179.5 births 11028382 deaths 11025553 (295.1s) NVIDIA GeForce RTX 4080
tick  112000 alive   912477 genomes   82018 energy   179.9 births 11011478 deaths 11012283 (297.7s) NVIDIA GeForce RTX 4080
tick  113000 alive   914772 genomes   82422 energy   180.1 births 11018418 deaths 11016123 (300.4s) NVIDIA GeForce RTX 4080
tick  114000 alive   914169 genomes   82643 energy   180.5 births 10981779 deaths 10982382 (303.0s) NVIDIA GeForce RTX 4080
tick  115000 alive   911451 genomes   82974 energy   180.9 births 10893843 deaths 10896561 (305.7s) NVIDIA GeForce RTX 4080
tick  116000 alive   912882 genomes   83077 energy   180.7 births 10859551 deaths 10858120 (308.3s) NVIDIA GeForce RTX 4080
tick  117000 alive   915276 genomes   83142 energy   180.8 births 10884446 deaths 10882052 (310.9s) NVIDIA GeForce RTX 4080
tick  118000 alive   915285 genomes   82588 energy   180.9 births 10885096 deaths 10885087 (313.6s) NVIDIA GeForce RTX 4080
tick  119000 alive   917375 genomes   82162 energy   180.8 births 10902790 deaths 10900700 (316.2s) NVIDIA GeForce RTX 4080
tick  120000 alive   918053 genomes   81025 energy   181.0 births 10887316 deaths 10886638 (318.9s) NVIDIA GeForce RTX 4080
tick  121000 alive   918959 genomes   80198 energy   180.7 births 10897043 deaths 10896137 (321.5s) NVIDIA GeForce RTX 4080
tick  122000 alive   919462 genomes   79470 energy   180.8 births 10920152 deaths 10919649 (324.2s) NVIDIA GeForce RTX 4080
tick  123000 alive   919740 genomes   79225 energy   181.2 births 10882331 deaths 10882053 (326.8s) NVIDIA GeForce RTX 4080
tick  124000 alive   919808 genomes   78772 energy   181.1 births 10871880 deaths 10871812 (329.5s) NVIDIA GeForce RTX 4080
tick  125000 alive   919369 genomes   78992 energy   181.2 births 10843574 deaths 10844013 (332.1s) NVIDIA GeForce RTX 4080
tick  126000 alive   918336 genomes   79403 energy   181.5 births 10879102 deaths 10880135 (334.8s) NVIDIA GeForce RTX 4080
tick  127000 alive   912702 genomes   80769 energy   181.5 births 10783972 deaths 10789606 (337.5s) NVIDIA GeForce RTX 4080
tick  128000 alive   912185 genomes   81418 energy   181.7 births 10742059 deaths 10742576 (340.1s) NVIDIA GeForce RTX 4080
tick  129000 alive   911998 genomes   82169 energy   181.8 births 10680267 deaths 10680454 (342.8s) NVIDIA GeForce RTX 4080
tick  130000 alive   911200 genomes   82677 energy   181.7 births 10663750 deaths 10664548 (345.4s) NVIDIA GeForce RTX 4080
tick  131000 alive   908855 genomes   81952 energy   181.6 births 10646859 deaths 10649204 (348.1s) NVIDIA GeForce RTX 4080
tick  132000 alive   908257 genomes   81790 energy   180.8 births 10703067 deaths 10703665 (350.7s) NVIDIA GeForce RTX 4080
tick  133000 alive   907284 genomes   80505 energy   180.8 births 10774441 deaths 10775414 (353.4s) NVIDIA GeForce RTX 4080
tick  134000 alive   909493 genomes   79664 energy   180.4 births 10805912 deaths 10803703 (356.1s) NVIDIA GeForce RTX 4080
tick  135000 alive   911504 genomes   79054 energy   180.4 births 10855475 deaths 10853464 (358.7s) NVIDIA GeForce RTX 4080
tick  136000 alive   913365 genomes   78634 energy   180.4 births 10883964 deaths 10882103 (361.4s) NVIDIA GeForce RTX 4080
tick  137000 alive   913065 genomes   78285 energy   180.0 births 10906871 deaths 10907171 (364.1s) NVIDIA GeForce RTX 4080
tick  138000 alive   916945 genomes   78299 energy   180.3 births 10919750 deaths 10915870 (366.7s) NVIDIA GeForce RTX 4080
tick  139000 alive   917455 genomes   79023 energy   180.3 births 10941256 deaths 10940746 (369.4s) NVIDIA GeForce RTX 4080
tick  140000 alive   918541 genomes   80120 energy   180.5 births 10935945 deaths 10934859 (372.0s) NVIDIA GeForce RTX 4080
tick  141000 alive   914628 genomes   81438 energy   180.8 births 10890002 deaths 10893915 (374.7s) NVIDIA GeForce RTX 4080
tick  142000 alive   915337 genomes   81539 energy   180.3 births 10859335 deaths 10858626 (377.4s) NVIDIA GeForce RTX 4080
tick  143000 alive   919301 genomes   81363 energy   180.5 births 10901301 deaths 10897337 (380.0s) NVIDIA GeForce RTX 4080
tick  144000 alive   921859 genomes   81871 energy   180.9 births 10943609 deaths 10941051 (382.7s) NVIDIA GeForce RTX 4080
tick  145000 alive   919002 genomes   82461 energy   181.0 births 10888253 deaths 10891110 (385.4s) NVIDIA GeForce RTX 4080
tick  146000 alive   917734 genomes   82182 energy   181.0 births 10836927 deaths 10838195 (388.0s) NVIDIA GeForce RTX 4080
tick  147000 alive   916301 genomes   83079 energy   180.7 births 10839436 deaths 10840869 (390.7s) NVIDIA GeForce RTX 4080
tick  148000 alive   920090 genomes   82830 energy   181.2 births 10851934 deaths 10848145 (393.4s) NVIDIA GeForce RTX 4080
tick  149000 alive   918824 genomes   82757 energy   181.1 births 10814654 deaths 10815920 (396.0s) NVIDIA GeForce RTX 4080
tick  150000 alive   918745 genomes   82692 energy   181.3 births 10821157 deaths 10821236 (398.7s) NVIDIA GeForce RTX 4080
tick  151000 alive   918513 genomes   82092 energy   181.7 births 10738635 deaths 10738867 (401.4s) NVIDIA GeForce RTX 4080
tick  152000 alive   917464 genomes   81179 energy   181.9 births 10691646 deaths 10692695 (404.0s) NVIDIA GeForce RTX 4080
tick  153000 alive   919832 genomes   81144 energy   181.8 births 10653005 deaths 10650637 (406.7s) NVIDIA GeForce RTX 4080
tick  154000 alive   921431 genomes   79790 energy   181.7 births 10686454 deaths 10684855 (409.3s) NVIDIA GeForce RTX 4080
tick  155000 alive   921823 genomes   79077 energy   181.4 births 10681356 deaths 10680964 (412.0s) NVIDIA GeForce RTX 4080
tick  156000 alive   924833 genomes   78183 energy   181.2 births 10764940 deaths 10761930 (414.7s) NVIDIA GeForce RTX 4080
tick  157000 alive   924752 genomes   77346 energy   181.1 births 10794567 deaths 10794648 (417.3s) NVIDIA GeForce RTX 4080
tick  158000 alive   925745 genomes   77176 energy   181.1 births 10823532 deaths 10822539 (420.0s) NVIDIA GeForce RTX 4080
tick  159000 alive   924742 genomes   76394 energy   181.8 births 10747864 deaths 10748867 (422.6s) NVIDIA GeForce RTX 4080
tick  160000 alive   923789 genomes   75649 energy   181.7 births 10730835 deaths 10731788 (425.3s) NVIDIA GeForce RTX 4080
tick  161000 alive   923144 genomes   75438 energy   181.9 births 10709061 deaths 10709706 (427.9s) NVIDIA GeForce RTX 4080
tick  162000 alive   921953 genomes   74273 energy   182.5 births 10666163 deaths 10667354 (430.6s) NVIDIA GeForce RTX 4080
tick  163000 alive   920179 genomes   74024 energy   182.9 births 10576952 deaths 10578726 (433.2s) NVIDIA GeForce RTX 4080
tick  164000 alive   918903 genomes   73039 energy   183.1 births 10479423 deaths 10480699 (435.8s) NVIDIA GeForce RTX 4080
tick  165000 alive   918257 genomes   72806 energy   183.2 births 10436071 deaths 10436717 (438.5s) NVIDIA GeForce RTX 4080
tick  166000 alive   917930 genomes   73013 energy   183.0 births 10392021 deaths 10392348 (441.1s) NVIDIA GeForce RTX 4080
tick  167000 alive   919902 genomes   72752 energy   183.2 births 10381007 deaths 10379035 (443.8s) NVIDIA GeForce RTX 4080
tick  168000 alive   918262 genomes   73582 energy   183.0 births 10394067 deaths 10395707 (446.4s) NVIDIA GeForce RTX 4080
tick  169000 alive   916619 genomes   73068 energy   183.0 births 10361921 deaths 10363564 (449.0s) NVIDIA GeForce RTX 4080
tick  170000 alive   919228 genomes   72808 energy   182.9 births 10375936 deaths 10373327 (451.7s) NVIDIA GeForce RTX 4080
tick  171000 alive   919186 genomes   73487 energy   182.7 births 10427064 deaths 10427106 (454.3s) NVIDIA GeForce RTX 4080
tick  172000 alive   917573 genomes   73649 energy   182.3 births 10471232 deaths 10472845 (457.0s) NVIDIA GeForce RTX 4080
tick  173000 alive   919369 genomes   74020 energy   182.6 births 10465140 deaths 10463344 (459.6s) NVIDIA GeForce RTX 4080
tick  174000 alive   920487 genomes   73457 energy   182.9 births 10426795 deaths 10425677 (462.2s) NVIDIA GeForce RTX 4080
tick  175000 alive   920725 genomes   73628 energy   182.9 births 10465948 deaths 10465710 (464.9s) NVIDIA GeForce RTX 4080
tick  176000 alive   922897 genomes   73313 energy   182.7 births 10488483 deaths 10486311 (467.5s) NVIDIA GeForce RTX 4080
tick  177000 alive   921067 genomes   72854 energy   183.2 births 10460900 deaths 10462730 (470.2s) NVIDIA GeForce RTX 4080
tick  178000 alive   917748 genomes   73284 energy   182.8 births 10399837 deaths 10403156 (472.8s) NVIDIA GeForce RTX 4080
tick  179000 alive   916551 genomes   73264 energy   183.3 births 10407165 deaths 10408362 (475.4s) NVIDIA GeForce RTX 4080
tick  180000 alive   915186 genomes   73815 energy   182.6 births 10371435 deaths 10372800 (478.1s) NVIDIA GeForce RTX 4080
tick  181000 alive   915047 genomes   72882 energy   182.7 births 10410474 deaths 10410613 (480.7s) NVIDIA GeForce RTX 4080
tick  182000 alive   918994 genomes   73193 energy   182.2 births 10458762 deaths 10454815 (483.4s) NVIDIA GeForce RTX 4080
tick  183000 alive   925338 genomes   73058 energy   181.9 births 10554733 deaths 10548389 (486.0s) NVIDIA GeForce RTX 4080
tick  184000 alive   924734 genomes   73434 energy   182.3 births 10591733 deaths 10592337 (488.7s) NVIDIA GeForce RTX 4080
tick  185000 alive   925206 genomes   73829 energy   182.1 births 10592689 deaths 10592217 (491.3s) NVIDIA GeForce RTX 4080
tick  186000 alive   924515 genomes   73383 energy   182.3 births 10556747 deaths 10557438 (493.9s) NVIDIA GeForce RTX 4080
tick  187000 alive   927299 genomes   74106 energy   182.0 births 10564781 deaths 10561997 (496.6s) NVIDIA GeForce RTX 4080
tick  188000 alive   925917 genomes   74292 energy   181.5 births 10597514 deaths 10598896 (499.2s) NVIDIA GeForce RTX 4080
tick  189000 alive   929067 genomes   74534 energy   181.5 births 10672937 deaths 10669787 (501.9s) NVIDIA GeForce RTX 4080
tick  190000 alive   926589 genomes   74770 energy   181.2 births 10720324 deaths 10722802 (504.5s) NVIDIA GeForce RTX 4080
tick  191000 alive   924894 genomes   74232 energy   181.7 births 10680101 deaths 10681796 (507.2s) NVIDIA GeForce RTX 4080
tick  192000 alive   925549 genomes   73622 energy   181.4 births 10656916 deaths 10656261 (509.8s) NVIDIA GeForce RTX 4080
tick  193000 alive   922809 genomes   73409 energy   181.4 births 10674947 deaths 10677687 (512.4s) NVIDIA GeForce RTX 4080
tick  194000 alive   922502 genomes   73004 energy   181.8 births 10621141 deaths 10621448 (515.1s) NVIDIA GeForce RTX 4080
tick  195000 alive   921910 genomes   71981 energy   182.0 births 10552527 deaths 10553119 (517.7s) NVIDIA GeForce RTX 4080
tick  196000 alive   921407 genomes   71092 energy   181.1 births 10554615 deaths 10555118 (520.4s) NVIDIA GeForce RTX 4080
tick  197000 alive   923745 genomes   71392 energy   180.9 births 10674652 deaths 10672314 (523.0s) NVIDIA GeForce RTX 4080
tick  198000 alive   922583 genomes   71084 energy   181.1 births 10630798 deaths 10631960 (525.7s) NVIDIA GeForce RTX 4080
tick  199000 alive   924838 genomes   70891 energy   181.0 births 10651609 deaths 10649354 (528.3s) NVIDIA GeForce RTX 4080
tick  200000 alive   928638 genomes   71090 energy   180.9 births 10700061 deaths 10696261 (531.0s) NVIDIA GeForce RTX 4080
done 200000 ticks in 531.0s
