WARNING: radv is not a conformant Vulkan implementation, testing use only.
WARNING: radv is not a conformant Vulkan implementation, testing use only.
tick       0 alive    52104 genomes   52104 energy    64.0 births 0 deaths 0 (0.0s) AMD Radeon AI PRO R9700 (RADV GFX1201)
tick    1000 alive  1038035 genomes  329930 energy   154.8 births 22773218 deaths 21787287 (4.1s) AMD Radeon AI PRO R9700 (RADV GFX1201)
tick    2000 alive  1039122 genomes  285421 energy   170.2 births 28193102 deaths 28192015 (8.6s) AMD Radeon AI PRO R9700 (RADV GFX1201)
tick    3000 alive  1037121 genomes  238211 energy   172.4 births 27206273 deaths 27208274 (13.0s) AMD Radeon AI PRO R9700 (RADV GFX1201)
tick    4000 alive  1035983 genomes  205880 energy   176.0 births 26610961 deaths 26612099 (17.6s) AMD Radeon AI PRO R9700 (RADV GFX1201)
tick    5000 alive  1031249 genomes  188271 energy   179.8 births 25549284 deaths 25554018 (21.9s) AMD Radeon AI PRO R9700 (RADV GFX1201)
tick    6000 alive  1021290 genomes  179429 energy   182.2 births 24306520 deaths 24316479 (26.4s) AMD Radeon AI PRO R9700 (RADV GFX1201)
tick    7000 alive  1010071 genomes  173188 energy   183.8 births 23386305 deaths 23397524 (30.6s) AMD Radeon AI PRO R9700 (RADV GFX1201)
tick    8000 alive   997054 genomes  171881 energy   184.5 births 22698393 deaths 22711410 (34.9s) AMD Radeon AI PRO R9700 (RADV GFX1201)
tick    9000 alive   983310 genomes  171188 energy   185.5 births 22051344 deaths 22065088 (39.4s) AMD Radeon AI PRO R9700 (RADV GFX1201)
tick   10000 alive   965901 genomes  175372 energy   185.6 births 21410265 deaths 21427674 (43.9s) AMD Radeon AI PRO R9700 (RADV GFX1201)
tick   11000 alive   952796 genomes  177897 energy   186.8 births 20756113 deaths 20769218 (48.5s) AMD Radeon AI PRO R9700 (RADV GFX1201)
tick   12000 alive   935415 genomes  179644 energy   188.5 births 20024178 deaths 20041559 (53.1s) AMD Radeon AI PRO R9700 (RADV GFX1201)
tick   13000 alive   927444 genomes  185266 energy   189.1 births 19409147 deaths 19417118 (57.6s) AMD Radeon AI PRO R9700 (RADV GFX1201)
tick   14000 alive   917587 genomes  191009 energy   190.0 births 18977511 deaths 18987368 (62.2s) AMD Radeon AI PRO R9700 (RADV GFX1201)
tick   15000 alive   907642 genomes  195505 energy   191.0 births 18379013 deaths 18388958 (66.8s) AMD Radeon AI PRO R9700 (RADV GFX1201)
tick   16000 alive   899497 genomes  201668 energy   192.1 births 17855587 deaths 17863732 (71.4s) AMD Radeon AI PRO R9700 (RADV GFX1201)
tick   17000 alive   890092 genomes  206752 energy   192.7 births 17375427 deaths 17384832 (76.0s) AMD Radeon AI PRO R9700 (RADV GFX1201)
tick   18000 alive   889465 genomes  213930 energy   193.9 births 17105588 deaths 17106215 (80.7s) AMD Radeon AI PRO R9700 (RADV GFX1201)
tick   19000 alive   879255 genomes  218962 energy   194.5 births 16618877 deaths 16629087 (85.3s) AMD Radeon AI PRO R9700 (RADV GFX1201)
tick   20000 alive   876802 genomes  224176 energy   194.5 births 16316227 deaths 16318680 (89.9s) AMD Radeon AI PRO R9700 (RADV GFX1201)
tick   21000 alive   872562 genomes  225413 energy   195.1 births 16200911 deaths 16205151 (94.5s) AMD Radeon AI PRO R9700 (RADV GFX1201)
tick   22000 alive   871991 genomes  227143 energy   195.8 births 16059901 deaths 16060472 (99.1s) AMD Radeon AI PRO R9700 (RADV GFX1201)
tick   23000 alive   869319 genomes  226767 energy   196.4 births 15862284 deaths 15864956 (103.6s) AMD Radeon AI PRO R9700 (RADV GFX1201)
tick   24000 alive   870703 genomes  228560 energy   196.8 births 15679975 deaths 15678591 (108.3s) AMD Radeon AI PRO R9700 (RADV GFX1201)
tick   25000 alive   863619 genomes  228730 energy   197.0 births 15516070 deaths 15523154 (112.9s) AMD Radeon AI PRO R9700 (RADV GFX1201)
tick   26000 alive   866090 genomes  230043 energy   197.0 births 15426985 deaths 15424514 (117.5s) AMD Radeon AI PRO R9700 (RADV GFX1201)
tick   27000 alive   863156 genomes  230281 energy   197.1 births 15274988 deaths 15277922 (122.1s) AMD Radeon AI PRO R9700 (RADV GFX1201)
tick   28000 alive   873055 genomes  230385 energy   197.0 births 15395463 deaths 15385564 (126.6s) AMD Radeon AI PRO R9700 (RADV GFX1201)
tick   29000 alive   870702 genomes  229621 energy   197.9 births 15386592 deaths 15388945 (131.2s) AMD Radeon AI PRO R9700 (RADV GFX1201)
tick   30000 alive   867651 genomes  228482 energy   197.8 births 15264320 deaths 15267371 (135.8s) AMD Radeon AI PRO R9700 (RADV GFX1201)
tick   31000 alive   868656 genomes  227530 energy   197.1 births 15230386 deaths 15229381 (140.3s) AMD Radeon AI PRO R9700 (RADV GFX1201)
tick   32000 alive   873399 genomes  226759 energy   197.5 births 15382439 deaths 15377696 (144.9s) AMD Radeon AI PRO R9700 (RADV GFX1201)
tick   33000 alive   879046 genomes  225254 energy   197.2 births 15538877 deaths 15533230 (149.4s) AMD Radeon AI PRO R9700 (RADV GFX1201)
tick   34000 alive   878281 genomes  224474 energy   197.9 births 15571110 deaths 15571875 (154.1s) AMD Radeon AI PRO R9700 (RADV GFX1201)
tick   35000 alive   875950 genomes  224193 energy   198.1 births 15405640 deaths 15407971 (158.6s) AMD Radeon AI PRO R9700 (RADV GFX1201)
tick   36000 alive   874041 genomes  223795 energy   197.6 births 15405132 deaths 15407041 (163.2s) AMD Radeon AI PRO R9700 (RADV GFX1201)
tick   37000 alive   876776 genomes  221608 energy   197.6 births 15417395 deaths 15414660 (167.8s) AMD Radeon AI PRO R9700 (RADV GFX1201)
tick   38000 alive   877576 genomes  218425 energy   197.7 births 15485478 deaths 15484678 (172.3s) AMD Radeon AI PRO R9700 (RADV GFX1201)
tick   39000 alive   880523 genomes  216106 energy   197.5 births 15535196 deaths 15532249 (176.9s) AMD Radeon AI PRO R9700 (RADV GFX1201)
tick   40000 alive   881332 genomes  215705 energy   197.1 births 15666028 deaths 15665219 (181.5s) AMD Radeon AI PRO R9700 (RADV GFX1201)
tick   41000 alive   888460 genomes  214962 energy   197.5 births 15756403 deaths 15749275 (186.0s) AMD Radeon AI PRO R9700 (RADV GFX1201)
tick   42000 alive   881355 genomes  215584 energy   198.5 births 15548741 deaths 15555846 (190.5s) AMD Radeon AI PRO R9700 (RADV GFX1201)
tick   43000 alive   885041 genomes  218661 energy   198.5 births 15460741 deaths 15457055 (195.0s) AMD Radeon AI PRO R9700 (RADV GFX1201)
tick   44000 alive   877902 genomes  220710 energy   198.9 births 15249749 deaths 15256888 (199.6s) AMD Radeon AI PRO R9700 (RADV GFX1201)
tick   45000 alive   874590 genomes  221433 energy   198.7 births 15182438 deaths 15185750 (204.2s) AMD Radeon AI PRO R9700 (RADV GFX1201)
tick   46000 alive   877916 genomes  221068 energy   198.2 births 15265713 deaths 15262387 (208.7s) AMD Radeon AI PRO R9700 (RADV GFX1201)
tick   47000 alive   880305 genomes  221062 energy   198.8 births 15296304 deaths 15293915 (213.3s) AMD Radeon AI PRO R9700 (RADV GFX1201)
tick   48000 alive   880176 genomes  219531 energy   198.6 births 15150032 deaths 15150161 (217.8s) AMD Radeon AI PRO R9700 (RADV GFX1201)
tick   49000 alive   882527 genomes  218521 energy   199.4 births 15246958 deaths 15244607 (222.4s) AMD Radeon AI PRO R9700 (RADV GFX1201)
tick   50000 alive   885517 genomes  218350 energy   198.6 births 15293351 deaths 15290361 (226.8s) AMD Radeon AI PRO R9700 (RADV GFX1201)
tick   51000 alive   884373 genomes  218759 energy   199.0 births 15269498 deaths 15270642 (231.4s) AMD Radeon AI PRO R9700 (RADV GFX1201)
tick   52000 alive   889559 genomes  218427 energy   199.2 births 15344650 deaths 15339464 (235.8s) AMD Radeon AI PRO R9700 (RADV GFX1201)
tick   53000 alive   893861 genomes  216856 energy   199.7 births 15325792 deaths 15321490 (240.2s) AMD Radeon AI PRO R9700 (RADV GFX1201)
tick   54000 alive   889588 genomes  214320 energy   199.8 births 15159289 deaths 15163562 (244.5s) AMD Radeon AI PRO R9700 (RADV GFX1201)
tick   55000 alive   897625 genomes  215362 energy   199.5 births 15312523 deaths 15304486 (248.9s) AMD Radeon AI PRO R9700 (RADV GFX1201)
tick   56000 alive   890521 genomes  214878 energy   199.7 births 15278684 deaths 15285788 (253.3s) AMD Radeon AI PRO R9700 (RADV GFX1201)
tick   57000 alive   893204 genomes  213483 energy   198.9 births 15301263 deaths 15298580 (257.6s) AMD Radeon AI PRO R9700 (RADV GFX1201)
tick   58000 alive   890805 genomes  212305 energy   200.2 births 15245580 deaths 15247979 (262.0s) AMD Radeon AI PRO R9700 (RADV GFX1201)
tick   59000 alive   897039 genomes  211982 energy   199.4 births 15251739 deaths 15245505 (266.4s) AMD Radeon AI PRO R9700 (RADV GFX1201)
tick   60000 alive   902120 genomes  208535 energy   199.0 births 15512335 deaths 15507254 (270.6s) AMD Radeon AI PRO R9700 (RADV GFX1201)
tick   61000 alive   906406 genomes  207074 energy   199.1 births 15689499 deaths 15685213 (275.0s) AMD Radeon AI PRO R9700 (RADV GFX1201)
tick   62000 alive   902586 genomes  205767 energy   199.9 births 15611236 deaths 15615056 (279.3s) AMD Radeon AI PRO R9700 (RADV GFX1201)
tick   63000 alive   898402 genomes  207568 energy   199.6 births 15462763 deaths 15466947 (283.7s) AMD Radeon AI PRO R9700 (RADV GFX1201)
tick   64000 alive   895726 genomes  209346 energy   199.8 births 15368691 deaths 15371367 (287.9s) AMD Radeon AI PRO R9700 (RADV GFX1201)
tick   65000 alive   898827 genomes  208630 energy   198.9 births 15396785 deaths 15393684 (292.2s) AMD Radeon AI PRO R9700 (RADV GFX1201)
tick   66000 alive   904544 genomes  205497 energy   199.3 births 15564836 deaths 15559119 (296.5s) AMD Radeon AI PRO R9700 (RADV GFX1201)
tick   67000 alive   900372 genomes  205558 energy   199.8 births 15453540 deaths 15457712 (300.7s) AMD Radeon AI PRO R9700 (RADV GFX1201)
tick   68000 alive   898756 genomes  205684 energy   200.0 births 15340674 deaths 15342290 (305.0s) AMD Radeon AI PRO R9700 (RADV GFX1201)
tick   69000 alive   905205 genomes  206902 energy   199.6 births 15463214 deaths 15456765 (309.1s) AMD Radeon AI PRO R9700 (RADV GFX1201)
tick   70000 alive   901930 genomes  209189 energy   199.7 births 15557846 deaths 15561121 (313.5s) AMD Radeon AI PRO R9700 (RADV GFX1201)
tick   71000 alive   898247 genomes  207469 energy   199.5 births 15486015 deaths 15489698 (317.6s) AMD Radeon AI PRO R9700 (RADV GFX1201)
tick   72000 alive   899585 genomes  208633 energy   199.1 births 15482141 deaths 15480803 (321.8s) AMD Radeon AI PRO R9700 (RADV GFX1201)
tick   73000 alive   898361 genomes  208658 energy   199.8 births 15545966 deaths 15547190 (326.1s) AMD Radeon AI PRO R9700 (RADV GFX1201)
tick   74000 alive   898151 genomes  210802 energy   199.3 births 15439788 deaths 15439998 (330.4s) AMD Radeon AI PRO R9700 (RADV GFX1201)
tick   75000 alive   896454 genomes  210747 energy   199.1 births 15460686 deaths 15462383 (334.6s) AMD Radeon AI PRO R9700 (RADV GFX1201)
tick   76000 alive   896643 genomes  208776 energy   199.2 births 15499005 deaths 15498816 (338.9s) AMD Radeon AI PRO R9700 (RADV GFX1201)
tick   77000 alive   896095 genomes  206556 energy   199.0 births 15454389 deaths 15454937 (343.2s) AMD Radeon AI PRO R9700 (RADV GFX1201)
tick   78000 alive   902071 genomes  206850 energy   199.0 births 15626473 deaths 15620497 (347.5s) AMD Radeon AI PRO R9700 (RADV GFX1201)
tick   79000 alive   900905 genomes  207664 energy   198.9 births 15738645 deaths 15739811 (351.8s) AMD Radeon AI PRO R9700 (RADV GFX1201)
tick   80000 alive   900360 genomes  208324 energy   198.8 births 15662298 deaths 15662843 (356.2s) AMD Radeon AI PRO R9700 (RADV GFX1201)
tick   81000 alive   900441 genomes  209706 energy   199.1 births 15573992 deaths 15573911 (360.6s) AMD Radeon AI PRO R9700 (RADV GFX1201)
tick   82000 alive   898086 genomes  209147 energy   199.3 births 15566647 deaths 15569002 (364.9s) AMD Radeon AI PRO R9700 (RADV GFX1201)
tick   83000 alive   896242 genomes  206260 energy   199.7 births 15473701 deaths 15475545 (369.2s) AMD Radeon AI PRO R9700 (RADV GFX1201)
tick   84000 alive   897807 genomes  204814 energy   198.7 births 15525070 deaths 15523505 (373.5s) AMD Radeon AI PRO R9700 (RADV GFX1201)
tick   85000 alive   900966 genomes  206330 energy   199.5 births 15633782 deaths 15630623 (377.8s) AMD Radeon AI PRO R9700 (RADV GFX1201)
tick   86000 alive   892708 genomes  207822 energy   199.9 births 15418042 deaths 15426300 (382.0s) AMD Radeon AI PRO R9700 (RADV GFX1201)
tick   87000 alive   892379 genomes  205724 energy   198.9 births 15378948 deaths 15379277 (386.3s) AMD Radeon AI PRO R9700 (RADV GFX1201)
tick   88000 alive   898133 genomes  204781 energy   198.6 births 15631071 deaths 15625317 (390.6s) AMD Radeon AI PRO R9700 (RADV GFX1201)
tick   89000 alive   896752 genomes  203757 energy   199.5 births 15598413 deaths 15599794 (395.0s) AMD Radeon AI PRO R9700 (RADV GFX1201)
tick   90000 alive   901243 genomes  203162 energy   199.3 births 15582823 deaths 15578332 (399.3s) AMD Radeon AI PRO R9700 (RADV GFX1201)
tick   91000 alive   903912 genomes  201816 energy   199.1 births 15708809 deaths 15706140 (403.5s) AMD Radeon AI PRO R9700 (RADV GFX1201)
tick   92000 alive   902736 genomes  200595 energy   198.5 births 15786831 deaths 15788007 (407.8s) AMD Radeon AI PRO R9700 (RADV GFX1201)
tick   93000 alive   902347 genomes  201264 energy   198.6 births 15883026 deaths 15883415 (412.0s) AMD Radeon AI PRO R9700 (RADV GFX1201)
tick   94000 alive   900090 genomes  202280 energy   198.3 births 15851962 deaths 15854219 (416.3s) AMD Radeon AI PRO R9700 (RADV GFX1201)
tick   95000 alive   897168 genomes  201933 energy   198.4 births 15803007 deaths 15805929 (420.5s) AMD Radeon AI PRO R9700 (RADV GFX1201)
tick   96000 alive   900118 genomes  201647 energy   198.6 births 15785895 deaths 15782945 (424.9s) AMD Radeon AI PRO R9700 (RADV GFX1201)
tick   97000 alive   902923 genomes  201239 energy   198.6 births 15790532 deaths 15787727 (429.2s) AMD Radeon AI PRO R9700 (RADV GFX1201)
tick   98000 alive   908134 genomes  199443 energy   198.5 births 15891994 deaths 15886783 (433.5s) AMD Radeon AI PRO R9700 (RADV GFX1201)
tick   99000 alive   908618 genomes  198708 energy   199.2 births 15937732 deaths 15937248 (437.8s) AMD Radeon AI PRO R9700 (RADV GFX1201)
tick  100000 alive   905649 genomes  196917 energy   199.3 births 15775110 deaths 15778079 (442.0s) AMD Radeon AI PRO R9700 (RADV GFX1201)
tick  101000 alive   908448 genomes  195217 energy   199.2 births 15816138 deaths 15813339 (446.4s) AMD Radeon AI PRO R9700 (RADV GFX1201)
tick  102000 alive   910988 genomes  192606 energy   199.4 births 15862655 deaths 15860115 (450.7s) AMD Radeon AI PRO R9700 (RADV GFX1201)
tick  103000 alive   908028 genomes  191381 energy   200.0 births 15769955 deaths 15772915 (455.0s) AMD Radeon AI PRO R9700 (RADV GFX1201)
tick  104000 alive   912469 genomes  191650 energy   199.4 births 15836273 deaths 15831832 (459.2s) AMD Radeon AI PRO R9700 (RADV GFX1201)
tick  105000 alive   912616 genomes  190436 energy   199.1 births 15916343 deaths 15916196 (463.5s) AMD Radeon AI PRO R9700 (RADV GFX1201)
tick  106000 alive   916086 genomes  191637 energy   198.9 births 16115093 deaths 16111623 (467.8s) AMD Radeon AI PRO R9700 (RADV GFX1201)
tick  107000 alive   908077 genomes  189776 energy   199.2 births 16007892 deaths 16015901 (472.2s) AMD Radeon AI PRO R9700 (RADV GFX1201)
tick  108000 alive   906622 genomes  190408 energy   198.3 births 15979702 deaths 15981157 (476.5s) AMD Radeon AI PRO R9700 (RADV GFX1201)
tick  109000 alive   908877 genomes  191551 energy   198.2 births 16137258 deaths 16135003 (480.9s) AMD Radeon AI PRO R9700 (RADV GFX1201)
tick  110000 alive   911829 genomes  190401 energy   198.3 births 16137374 deaths 16134422 (485.2s) AMD Radeon AI PRO R9700 (RADV GFX1201)
tick  111000 alive   909517 genomes  188846 energy   198.8 births 16086324 deaths 16088636 (489.5s) AMD Radeon AI PRO R9700 (RADV GFX1201)
tick  112000 alive   912402 genomes  187609 energy   199.2 births 16081005 deaths 16078120 (493.7s) AMD Radeon AI PRO R9700 (RADV GFX1201)
tick  113000 alive   908782 genomes  187642 energy   199.5 births 15867274 deaths 15870894 (498.0s) AMD Radeon AI PRO R9700 (RADV GFX1201)
tick  114000 alive   910614 genomes  187626 energy   199.1 births 15903956 deaths 15902124 (502.3s) AMD Radeon AI PRO R9700 (RADV GFX1201)
tick  115000 alive   912980 genomes  186223 energy   198.8 births 16016595 deaths 16014229 (506.5s) AMD Radeon AI PRO R9700 (RADV GFX1201)
tick  116000 alive   912329 genomes  185672 energy   198.7 births 16078443 deaths 16079094 (510.8s) AMD Radeon AI PRO R9700 (RADV GFX1201)
tick  117000 alive   915852 genomes  184346 energy   199.1 births 16143212 deaths 16139689 (514.9s) AMD Radeon AI PRO R9700 (RADV GFX1201)
tick  118000 alive   917395 genomes  183019 energy   198.5 births 16183731 deaths 16182188 (519.2s) AMD Radeon AI PRO R9700 (RADV GFX1201)
tick  119000 alive   920469 genomes  182270 energy   198.6 births 16267621 deaths 16264547 (523.4s) AMD Radeon AI PRO R9700 (RADV GFX1201)
tick  120000 alive   918505 genomes  182749 energy   198.6 births 16298485 deaths 16300449 (527.6s) AMD Radeon AI PRO R9700 (RADV GFX1201)
tick  121000 alive   917504 genomes  179122 energy   199.3 births 16233092 deaths 16234093 (531.7s) AMD Radeon AI PRO R9700 (RADV GFX1201)
tick  122000 alive   918902 genomes  177439 energy   199.0 births 16157307 deaths 16155909 (535.9s) AMD Radeon AI PRO R9700 (RADV GFX1201)
tick  123000 alive   924293 genomes  177439 energy   198.7 births 16333428 deaths 16328037 (540.0s) AMD Radeon AI PRO R9700 (RADV GFX1201)
tick  124000 alive   926459 genomes  177192 energy   199.4 births 16364533 deaths 16362367 (544.2s) AMD Radeon AI PRO R9700 (RADV GFX1201)
tick  125000 alive   923170 genomes  178538 energy   199.3 births 16280273 deaths 16283562 (548.5s) AMD Radeon AI PRO R9700 (RADV GFX1201)
tick  126000 alive   921613 genomes  178329 energy   199.3 births 16215250 deaths 16216807 (552.6s) AMD Radeon AI PRO R9700 (RADV GFX1201)
tick  127000 alive   923212 genomes  178803 energy   199.2 births 16237574 deaths 16235975 (556.8s) AMD Radeon AI PRO R9700 (RADV GFX1201)
tick  128000 alive   922341 genomes  179130 energy   198.9 births 16328311 deaths 16329182 (560.9s) AMD Radeon AI PRO R9700 (RADV GFX1201)
tick  129000 alive   923505 genomes  177921 energy   198.3 births 16367675 deaths 16366511 (565.1s) AMD Radeon AI PRO R9700 (RADV GFX1201)
tick  130000 alive   927971 genomes  176776 energy   198.9 births 16455707 deaths 16451241 (569.2s) AMD Radeon AI PRO R9700 (RADV GFX1201)
tick  131000 alive   926425 genomes  176850 energy   199.1 births 16484959 deaths 16486505 (573.3s) AMD Radeon AI PRO R9700 (RADV GFX1201)
tick  132000 alive   926458 genomes  178137 energy   198.8 births 16363836 deaths 16363803 (577.5s) AMD Radeon AI PRO R9700 (RADV GFX1201)
tick  133000 alive   926644 genomes  177761 energy   198.5 births 16505988 deaths 16505802 (581.7s) AMD Radeon AI PRO R9700 (RADV GFX1201)
tick  134000 alive   927248 genomes  175575 energy   198.8 births 16471637 deaths 16471033 (585.8s) AMD Radeon AI PRO R9700 (RADV GFX1201)
tick  135000 alive   931947 genomes  175666 energy   198.3 births 16613175 deaths 16608476 (589.9s) AMD Radeon AI PRO R9700 (RADV GFX1201)
tick  136000 alive   930726 genomes  171006 energy   198.9 births 16598934 deaths 16600155 (594.0s) AMD Radeon AI PRO R9700 (RADV GFX1201)
tick  137000 alive   936385 genomes  170558 energy   198.3 births 16730748 deaths 16725089 (598.2s) AMD Radeon AI PRO R9700 (RADV GFX1201)
tick  138000 alive   935388 genomes  168436 energy   198.5 births 16757095 deaths 16758092 (602.3s) AMD Radeon AI PRO R9700 (RADV GFX1201)
tick  139000 alive   934592 genomes  168928 energy   198.6 births 16734006 deaths 16734802 (606.4s) AMD Radeon AI PRO R9700 (RADV GFX1201)
tick  140000 alive   931174 genomes  168044 energy   199.3 births 16558174 deaths 16561592 (610.5s) AMD Radeon AI PRO R9700 (RADV GFX1201)
tick  141000 alive   932147 genomes  168313 energy   199.6 births 16428676 deaths 16427703 (614.6s) AMD Radeon AI PRO R9700 (RADV GFX1201)
tick  142000 alive   926305 genomes  168749 energy   199.6 births 16374905 deaths 16380747 (618.7s) AMD Radeon AI PRO R9700 (RADV GFX1201)
tick  143000 alive   934126 genomes  167652 energy   199.0 births 16460244 deaths 16452423 (622.9s) AMD Radeon AI PRO R9700 (RADV GFX1201)
tick  144000 alive   934274 genomes  169191 energy   199.4 births 16584206 deaths 16584058 (626.9s) AMD Radeon AI PRO R9700 (RADV GFX1201)
tick  145000 alive   928436 genomes  171287 energy   199.4 births 16408193 deaths 16414031 (631.0s) AMD Radeon AI PRO R9700 (RADV GFX1201)
tick  146000 alive   930542 genomes  170839 energy   198.8 births 16549507 deaths 16547401 (635.0s) AMD Radeon AI PRO R9700 (RADV GFX1201)
tick  147000 alive   933171 genomes  170154 energy   198.5 births 16704710 deaths 16702081 (639.2s) AMD Radeon AI PRO R9700 (RADV GFX1201)
tick  148000 alive   932035 genomes  169832 energy   198.6 births 16735101 deaths 16736237 (643.2s) AMD Radeon AI PRO R9700 (RADV GFX1201)
tick  149000 alive   933311 genomes  166860 energy   198.5 births 16707025 deaths 16705749 (647.3s) AMD Radeon AI PRO R9700 (RADV GFX1201)
tick  150000 alive   936201 genomes  166418 energy   198.4 births 16711616 deaths 16708726 (651.4s) AMD Radeon AI PRO R9700 (RADV GFX1201)
tick  151000 alive   933859 genomes  164933 energy   198.9 births 16715597 deaths 16717939 (655.5s) AMD Radeon AI PRO R9700 (RADV GFX1201)
tick  152000 alive   939001 genomes  162002 energy   198.9 births 16744151 deaths 16739009 (659.5s) AMD Radeon AI PRO R9700 (RADV GFX1201)
tick  153000 alive   941667 genomes  161655 energy   199.3 births 16783068 deaths 16780402 (663.5s) AMD Radeon AI PRO R9700 (RADV GFX1201)
tick  154000 alive   941217 genomes  159791 energy   199.8 births 16754797 deaths 16755247 (667.5s) AMD Radeon AI PRO R9700 (RADV GFX1201)
tick  155000 alive   939886 genomes  158994 energy   199.8 births 16647752 deaths 16649083 (671.5s) AMD Radeon AI PRO R9700 (RADV GFX1201)
tick  156000 alive   937460 genomes  159615 energy   199.9 births 16558158 deaths 16560584 (675.4s) AMD Radeon AI PRO R9700 (RADV GFX1201)
tick  157000 alive   935483 genomes  160751 energy   199.5 births 16535338 deaths 16537315 (679.4s) AMD Radeon AI PRO R9700 (RADV GFX1201)
tick  158000 alive   939668 genomes  161502 energy   199.0 births 16653809 deaths 16649624 (683.5s) AMD Radeon AI PRO R9700 (RADV GFX1201)
tick  159000 alive   938881 genomes  158980 energy   199.1 births 16794216 deaths 16795003 (687.6s) AMD Radeon AI PRO R9700 (RADV GFX1201)
tick  160000 alive   940173 genomes  159407 energy   198.7 births 16835678 deaths 16834386 (691.7s) AMD Radeon AI PRO R9700 (RADV GFX1201)
tick  161000 alive   940003 genomes  157982 energy   199.1 births 16819368 deaths 16819538 (695.6s) AMD Radeon AI PRO R9700 (RADV GFX1201)
tick  162000 alive   943156 genomes  157467 energy   199.0 births 16870732 deaths 16867579 (699.6s) AMD Radeon AI PRO R9700 (RADV GFX1201)
tick  163000 alive   944721 genomes  154878 energy   198.9 births 16910893 deaths 16909328 (703.6s) AMD Radeon AI PRO R9700 (RADV GFX1201)
tick  164000 alive   944165 genomes  154779 energy   199.2 births 17031162 deaths 17031718 (707.7s) AMD Radeon AI PRO R9700 (RADV GFX1201)
tick  165000 alive   940349 genomes  156045 energy   199.1 births 16851149 deaths 16854965 (711.7s) AMD Radeon AI PRO R9700 (RADV GFX1201)
tick  166000 alive   939130 genomes  157097 energy   198.8 births 16852772 deaths 16853991 (715.8s) AMD Radeon AI PRO R9700 (RADV GFX1201)
tick  167000 alive   940473 genomes  157463 energy   198.4 births 16848978 deaths 16847635 (719.9s) AMD Radeon AI PRO R9700 (RADV GFX1201)
tick  168000 alive   943188 genomes  157421 energy   198.8 births 16952411 deaths 16949696 (723.9s) AMD Radeon AI PRO R9700 (RADV GFX1201)
tick  169000 alive   938350 genomes  156016 energy   198.9 births 16886221 deaths 16891059 (728.0s) AMD Radeon AI PRO R9700 (RADV GFX1201)
tick  170000 alive   937102 genomes  155433 energy   199.8 births 16747365 deaths 16748613 (732.1s) AMD Radeon AI PRO R9700 (RADV GFX1201)
tick  171000 alive   938331 genomes  157139 energy   198.7 births 16810477 deaths 16809248 (736.2s) AMD Radeon AI PRO R9700 (RADV GFX1201)
tick  172000 alive   938893 genomes  153433 energy   198.5 births 16933591 deaths 16933029 (740.2s) AMD Radeon AI PRO R9700 (RADV GFX1201)
tick  173000 alive   946457 genomes  150335 energy   198.5 births 17063595 deaths 17056031 (744.2s) AMD Radeon AI PRO R9700 (RADV GFX1201)
tick  174000 alive   947324 genomes  148589 energy   199.2 births 17035105 deaths 17034238 (748.2s) AMD Radeon AI PRO R9700 (RADV GFX1201)
tick  175000 alive   947164 genomes  146888 energy   199.2 births 17017699 deaths 17017859 (752.2s) AMD Radeon AI PRO R9700 (RADV GFX1201)
tick  176000 alive   949732 genomes  146283 energy   199.2 births 17051422 deaths 17048854 (756.3s) AMD Radeon AI PRO R9700 (RADV GFX1201)
tick  177000 alive   951834 genomes  146034 energy   199.5 births 16993714 deaths 16991612 (760.3s) AMD Radeon AI PRO R9700 (RADV GFX1201)
tick  178000 alive   946304 genomes  145595 energy   199.3 births 16984309 deaths 16989839 (764.3s) AMD Radeon AI PRO R9700 (RADV GFX1201)
tick  179000 alive   949914 genomes  145658 energy   198.8 births 17043887 deaths 17040277 (768.3s) AMD Radeon AI PRO R9700 (RADV GFX1201)
tick  180000 alive   950689 genomes  144169 energy   198.4 births 17150641 deaths 17149866 (772.3s) AMD Radeon AI PRO R9700 (RADV GFX1201)
tick  181000 alive   952345 genomes  143676 energy   198.9 births 17180411 deaths 17178755 (776.1s) AMD Radeon AI PRO R9700 (RADV GFX1201)
tick  182000 alive   950399 genomes  142264 energy   198.5 births 17206469 deaths 17208415 (780.0s) AMD Radeon AI PRO R9700 (RADV GFX1201)
tick  183000 alive   953050 genomes  142190 energy   198.5 births 17250417 deaths 17247766 (783.9s) AMD Radeon AI PRO R9700 (RADV GFX1201)
tick  184000 alive   952800 genomes  140505 energy   198.7 births 17316162 deaths 17316412 (787.8s) AMD Radeon AI PRO R9700 (RADV GFX1201)
tick  185000 alive   955178 genomes  138888 energy   198.9 births 17289503 deaths 17287125 (791.7s) AMD Radeon AI PRO R9700 (RADV GFX1201)
tick  186000 alive   961123 genomes  137157 energy   199.0 births 17346617 deaths 17340672 (795.6s) AMD Radeon AI PRO R9700 (RADV GFX1201)
tick  187000 alive   958056 genomes  135838 energy   199.1 births 17326719 deaths 17329786 (799.4s) AMD Radeon AI PRO R9700 (RADV GFX1201)
tick  188000 alive   956700 genomes  136672 energy   199.5 births 17290437 deaths 17291793 (803.3s) AMD Radeon AI PRO R9700 (RADV GFX1201)
tick  189000 alive   956286 genomes  135801 energy   198.9 births 17252262 deaths 17252676 (807.2s) AMD Radeon AI PRO R9700 (RADV GFX1201)
tick  190000 alive   957966 genomes  135200 energy   198.9 births 17328744 deaths 17327064 (811.0s) AMD Radeon AI PRO R9700 (RADV GFX1201)
tick  191000 alive   958422 genomes  133551 energy   199.2 births 17315226 deaths 17314770 (814.8s) AMD Radeon AI PRO R9700 (RADV GFX1201)
tick  192000 alive   961089 genomes  131554 energy   199.5 births 17362220 deaths 17359553 (818.7s) AMD Radeon AI PRO R9700 (RADV GFX1201)
tick  193000 alive   959413 genomes  131541 energy   199.2 births 17369257 deaths 17370933 (822.5s) AMD Radeon AI PRO R9700 (RADV GFX1201)
tick  194000 alive   961864 genomes  130840 energy   199.0 births 17485855 deaths 17483404 (826.3s) AMD Radeon AI PRO R9700 (RADV GFX1201)
tick  195000 alive   964651 genomes  127356 energy   198.6 births 17586774 deaths 17583987 (830.1s) AMD Radeon AI PRO R9700 (RADV GFX1201)
tick  196000 alive   967554 genomes  125198 energy   198.7 births 17647685 deaths 17644782 (833.9s) AMD Radeon AI PRO R9700 (RADV GFX1201)
tick  197000 alive   969168 genomes  124410 energy   199.0 births 17631737 deaths 17630123 (837.7s) AMD Radeon AI PRO R9700 (RADV GFX1201)
tick  198000 alive   966832 genomes  122332 energy   199.2 births 17593610 deaths 17595946 (841.5s) AMD Radeon AI PRO R9700 (RADV GFX1201)
tick  199000 alive   970638 genomes  123600 energy   199.1 births 17617827 deaths 17614021 (845.2s) AMD Radeon AI PRO R9700 (RADV GFX1201)
tick  200000 alive   967574 genomes  123640 energy   199.3 births 17594549 deaths 17597613 (849.1s) AMD Radeon AI PRO R9700 (RADV GFX1201)
done 200000 ticks in 849.1s
