tick       0 alive    52579 genomes   52579 energy    64.0 births 0 deaths 0 (0.0s) NVIDIA GeForce RTX 3060
tick    1000 alive  1039668 genomes  299252 energy   172.0 births 20959593 deaths 19972504 (1.0s) NVIDIA GeForce RTX 3060
tick    2000 alive  1042305 genomes  229767 energy   193.8 births 22493661 deaths 22491024 (2.0s) NVIDIA GeForce RTX 3060
tick    3000 alive  1039076 genomes  191029 energy   198.1 births 19579223 deaths 19582452 (2.9s) NVIDIA GeForce RTX 3060
tick    4000 alive  1033645 genomes  181802 energy   197.5 births 19115334 deaths 19120765 (3.9s) NVIDIA GeForce RTX 3060
tick    5000 alive  1025382 genomes  186951 energy   197.1 births 19148225 deaths 19156488 (4.9s) NVIDIA GeForce RTX 3060
tick    6000 alive  1013800 genomes  196072 energy   198.0 births 18974066 deaths 18985648 (5.8s) NVIDIA GeForce RTX 3060
tick    7000 alive   998688 genomes  207656 energy   198.3 births 18473013 deaths 18488125 (6.8s) NVIDIA GeForce RTX 3060
tick    8000 alive   982392 genomes  216662 energy   199.2 births 17916489 deaths 17932785 (7.8s) NVIDIA GeForce RTX 3060
tick    9000 alive   972895 genomes  226703 energy   200.4 births 17308977 deaths 17318474 (8.8s) NVIDIA GeForce RTX 3060
tick   10000 alive   957983 genomes  234736 energy   201.7 births 16691102 deaths 16706014 (9.8s) NVIDIA GeForce RTX 3060
tick   11000 alive   945014 genomes  242232 energy   202.8 births 15994438 deaths 16007407 (10.7s) NVIDIA GeForce RTX 3060
tick   12000 alive   932556 genomes  249119 energy   204.7 births 15239561 deaths 15252019 (11.7s) NVIDIA GeForce RTX 3060
tick   13000 alive   923600 genomes  254698 energy   206.5 births 14607859 deaths 14616815 (12.6s) NVIDIA GeForce RTX 3060
tick   14000 alive   909089 genomes  259411 energy   208.4 births 13904788 deaths 13919299 (13.6s) NVIDIA GeForce RTX 3060
tick   15000 alive   896427 genomes  263747 energy   208.6 births 13220397 deaths 13233059 (14.5s) NVIDIA GeForce RTX 3060
tick   16000 alive   883932 genomes  267372 energy   209.9 births 12719972 deaths 12732467 (15.4s) NVIDIA GeForce RTX 3060
tick   17000 alive   871284 genomes  269247 energy   210.8 births 12238498 deaths 12251146 (16.3s) NVIDIA GeForce RTX 3060
tick   18000 alive   861686 genomes  272653 energy   211.0 births 11933956 deaths 11943554 (17.2s) NVIDIA GeForce RTX 3060
tick   19000 alive   859579 genomes  272810 energy   211.1 births 11748881 deaths 11750988 (18.1s) NVIDIA GeForce RTX 3060
tick   20000 alive   858734 genomes  273747 energy   211.4 births 11632838 deaths 11633683 (19.0s) NVIDIA GeForce RTX 3060
tick   21000 alive   849221 genomes  274279 energy   211.4 births 11447734 deaths 11457247 (19.9s) NVIDIA GeForce RTX 3060
tick   22000 alive   849766 genomes  275290 energy   212.1 births 11289492 deaths 11288947 (20.8s) NVIDIA GeForce RTX 3060
tick   23000 alive   847364 genomes  275603 energy   212.2 births 11227968 deaths 11230370 (21.7s) NVIDIA GeForce RTX 3060
tick   24000 alive   850827 genomes  275966 energy   212.4 births 11242309 deaths 11238846 (22.6s) NVIDIA GeForce RTX 3060
tick   25000 alive   848688 genomes  275467 energy   212.9 births 11112279 deaths 11114418 (23.4s) NVIDIA GeForce RTX 3060
tick   26000 alive   842902 genomes  276179 energy   212.9 births 10999461 deaths 11005247 (24.3s) NVIDIA GeForce RTX 3060
tick   27000 alive   841368 genomes  277294 energy   212.6 births 10977068 deaths 10978602 (25.2s) NVIDIA GeForce RTX 3060
tick   28000 alive   842235 genomes  277962 energy   212.2 births 11010234 deaths 11009367 (26.1s) NVIDIA GeForce RTX 3060
tick   29000 alive   843511 genomes  275708 energy   212.2 births 11107527 deaths 11106251 (27.0s) NVIDIA GeForce RTX 3060
tick   30000 alive   844540 genomes  275786 energy   212.7 births 11122955 deaths 11121926 (27.8s) NVIDIA GeForce RTX 3060
tick   31000 alive   842797 genomes  276122 energy   213.0 births 11007471 deaths 11009214 (28.7s) NVIDIA GeForce RTX 3060
tick   32000 alive   838987 genomes  276350 energy   213.1 births 10939731 deaths 10943541 (29.6s) NVIDIA GeForce RTX 3060
tick   33000 alive   839566 genomes  275450 energy   212.4 births 10938571 deaths 10937992 (30.5s) NVIDIA GeForce RTX 3060
tick   34000 alive   841780 genomes  274680 energy   212.6 births 11034867 deaths 11032653 (31.3s) NVIDIA GeForce RTX 3060
tick   35000 alive   842350 genomes  274925 energy   212.4 births 11030897 deaths 11030327 (32.2s) NVIDIA GeForce RTX 3060
tick   36000 alive   839427 genomes  275327 energy   212.0 births 10980182 deaths 10983105 (33.1s) NVIDIA GeForce RTX 3060
tick   37000 alive   844603 genomes  275696 energy   212.3 births 11087087 deaths 11081911 (34.0s) NVIDIA GeForce RTX 3060
tick   38000 alive   841326 genomes  275732 energy   212.8 births 11088106 deaths 11091383 (34.8s) NVIDIA GeForce RTX 3060
tick   39000 alive   844852 genomes  274142 energy   212.3 births 11059629 deaths 11056103 (35.7s) NVIDIA GeForce RTX 3060
tick   40000 alive   841797 genomes  273446 energy   212.7 births 11022353 deaths 11025408 (36.6s) NVIDIA GeForce RTX 3060
tick   41000 alive   841739 genomes  275358 energy   212.6 births 10990041 deaths 10990099 (37.4s) NVIDIA GeForce RTX 3060
tick   42000 alive   837457 genomes  274252 energy   213.1 births 10928250 deaths 10932532 (38.3s) NVIDIA GeForce RTX 3060
tick   43000 alive   839413 genomes  274887 energy   212.8 births 10905905 deaths 10903949 (39.2s) NVIDIA GeForce RTX 3060
tick   44000 alive   845691 genomes  274342 energy   212.9 births 10984366 deaths 10978088 (40.0s) NVIDIA GeForce RTX 3060
tick   45000 alive   844243 genomes  273831 energy   212.9 births 10995363 deaths 10996811 (40.9s) NVIDIA GeForce RTX 3060
tick   46000 alive   842267 genomes  273477 energy   212.3 births 11009882 deaths 11011858 (41.8s) NVIDIA GeForce RTX 3060
tick   47000 alive   842499 genomes  274082 energy   212.8 births 11067241 deaths 11067009 (42.7s) NVIDIA GeForce RTX 3060
tick   48000 alive   841464 genomes  276306 energy   212.5 births 10947552 deaths 10948587 (43.5s) NVIDIA GeForce RTX 3060
tick   49000 alive   838128 genomes  275731 energy   212.5 births 11016991 deaths 11020327 (44.4s) NVIDIA GeForce RTX 3060
tick   50000 alive   835894 genomes  274103 energy   212.6 births 10914911 deaths 10917145 (45.3s) NVIDIA GeForce RTX 3060
tick   51000 alive   838746 genomes  273633 energy   211.9 births 11033979 deaths 11031127 (46.1s) NVIDIA GeForce RTX 3060
tick   52000 alive   845523 genomes  271607 energy   212.3 births 11090933 deaths 11084156 (47.0s) NVIDIA GeForce RTX 3060
tick   53000 alive   845908 genomes  271998 energy   212.3 births 11144946 deaths 11144561 (47.9s) NVIDIA GeForce RTX 3060
tick   54000 alive   845702 genomes  271904 energy   212.1 births 11100335 deaths 11100541 (48.7s) NVIDIA GeForce RTX 3060
tick   55000 alive   847400 genomes  268453 energy   212.0 births 11213352 deaths 11211654 (49.6s) NVIDIA GeForce RTX 3060
tick   56000 alive   849879 genomes  269867 energy   212.5 births 11229585 deaths 11227106 (50.5s) NVIDIA GeForce RTX 3060
tick   57000 alive   842549 genomes  268065 energy   212.4 births 11081803 deaths 11089133 (51.3s) NVIDIA GeForce RTX 3060
tick   58000 alive   849536 genomes  268070 energy   212.2 births 11182084 deaths 11175097 (52.2s) NVIDIA GeForce RTX 3060
tick   59000 alive   845520 genomes  267535 energy   212.1 births 11256725 deaths 11260741 (53.1s) NVIDIA GeForce RTX 3060
tick   60000 alive   848650 genomes  267450 energy   211.3 births 11264611 deaths 11261481 (53.9s) NVIDIA GeForce RTX 3060
tick   61000 alive   851827 genomes  267732 energy   211.9 births 11421530 deaths 11418353 (54.8s) NVIDIA GeForce RTX 3060
tick   62000 alive   849542 genomes  268753 energy   211.7 births 11370928 deaths 11373213 (55.7s) NVIDIA GeForce RTX 3060
tick   63000 alive   852722 genomes  268305 energy   211.5 births 11365177 deaths 11361997 (56.5s) NVIDIA GeForce RTX 3060
tick   64000 alive   850128 genomes  268682 energy   212.0 births 11412012 deaths 11414606 (57.4s) NVIDIA GeForce RTX 3060
tick   65000 alive   846508 genomes  267119 energy   212.0 births 11297580 deaths 11301200 (58.3s) NVIDIA GeForce RTX 3060
tick   66000 alive   852270 genomes  266308 energy   211.3 births 11376801 deaths 11371039 (59.1s) NVIDIA GeForce RTX 3060
tick   67000 alive   853810 genomes  264958 energy   212.0 births 11514187 deaths 11512647 (60.0s) NVIDIA GeForce RTX 3060
tick   68000 alive   852027 genomes  263502 energy   211.1 births 11448571 deaths 11450354 (60.9s) NVIDIA GeForce RTX 3060
tick   69000 alive   855902 genomes  262339 energy   210.7 births 11606357 deaths 11602482 (61.8s) NVIDIA GeForce RTX 3060
tick   70000 alive   861474 genomes  261402 energy   211.2 births 11699075 deaths 11693503 (62.6s) NVIDIA GeForce RTX 3060
tick   71000 alive   859266 genomes  261642 energy   211.5 births 11703893 deaths 11706101 (63.5s) NVIDIA GeForce RTX 3060
tick   72000 alive   853673 genomes  258501 energy   211.3 births 11536359 deaths 11541952 (64.4s) NVIDIA GeForce RTX 3060
tick   73000 alive   858168 genomes  258814 energy   211.0 births 11612506 deaths 11608011 (65.3s) NVIDIA GeForce RTX 3060
tick   74000 alive   857790 genomes  256931 energy   210.9 births 11676157 deaths 11676535 (66.1s) NVIDIA GeForce RTX 3060
tick   75000 alive   863265 genomes  255398 energy   210.8 births 11771420 deaths 11765945 (67.0s) NVIDIA GeForce RTX 3060
tick   76000 alive   864868 genomes  255664 energy   211.1 births 11858352 deaths 11856749 (67.9s) NVIDIA GeForce RTX 3060
tick   77000 alive   866714 genomes  254617 energy   210.9 births 11836021 deaths 11834175 (68.8s) NVIDIA GeForce RTX 3060
tick   78000 alive   862248 genomes  252851 energy   210.4 births 11823313 deaths 11827779 (69.6s) NVIDIA GeForce RTX 3060
tick   79000 alive   865897 genomes  251466 energy   210.9 births 11881702 deaths 11878053 (70.5s) NVIDIA GeForce RTX 3060
tick   80000 alive   866163 genomes  251381 energy   210.5 births 11998066 deaths 11997800 (71.4s) NVIDIA GeForce RTX 3060
tick   81000 alive   866339 genomes  251344 energy   211.0 births 11952333 deaths 11952157 (72.3s) NVIDIA GeForce RTX 3060
tick   82000 alive   864393 genomes  251344 energy   210.4 births 11988479 deaths 11990425 (73.2s) NVIDIA GeForce RTX 3060
tick   83000 alive   863811 genomes  250218 energy   210.0 births 11994350 deaths 11994932 (74.0s) NVIDIA GeForce RTX 3060
tick   84000 alive   871353 genomes  249188 energy   209.4 births 12197420 deaths 12189878 (74.9s) NVIDIA GeForce RTX 3060
tick   85000 alive   873780 genomes  247065 energy   210.0 births 12299199 deaths 12296772 (75.8s) NVIDIA GeForce RTX 3060
tick   86000 alive   866414 genomes  247739 energy   209.8 births 12223666 deaths 12231032 (76.7s) NVIDIA GeForce RTX 3060
tick   87000 alive   871485 genomes  247617 energy   209.3 births 12266599 deaths 12261528 (77.6s) NVIDIA GeForce RTX 3060
tick   88000 alive   871255 genomes  246913 energy   209.9 births 12347675 deaths 12347905 (78.5s) NVIDIA GeForce RTX 3060
tick   89000 alive   873509 genomes  246648 energy   209.2 births 12321262 deaths 12319008 (79.3s) NVIDIA GeForce RTX 3060
tick   90000 alive   868689 genomes  246522 energy   209.7 births 12322569 deaths 12327389 (80.2s) NVIDIA GeForce RTX 3060
tick   91000 alive   872095 genomes  246678 energy   209.8 births 12287188 deaths 12283782 (81.1s) NVIDIA GeForce RTX 3060
tick   92000 alive   871577 genomes  245809 energy   209.4 births 12339334 deaths 12339852 (82.0s) NVIDIA GeForce RTX 3060
tick   93000 alive   874623 genomes  245384 energy   209.5 births 12364486 deaths 12361440 (82.9s) NVIDIA GeForce RTX 3060
tick   94000 alive   876302 genomes  244181 energy   209.9 births 12401528 deaths 12399849 (83.8s) NVIDIA GeForce RTX 3060
tick   95000 alive   874010 genomes  240795 energy   209.5 births 12341881 deaths 12344173 (84.7s) NVIDIA GeForce RTX 3060
tick   96000 alive   874084 genomes  238356 energy   209.7 births 12362996 deaths 12362922 (85.5s) NVIDIA GeForce RTX 3060
tick   97000 alive   875494 genomes  237083 energy   209.4 births 12393990 deaths 12392580 (86.4s) NVIDIA GeForce RTX 3060
tick   98000 alive   880950 genomes  235322 energy   209.8 births 12509683 deaths 12504227 (87.3s) NVIDIA GeForce RTX 3060
tick   99000 alive   877768 genomes  233974 energy   209.3 births 12497296 deaths 12500478 (88.2s) NVIDIA GeForce RTX 3060
tick  100000 alive   880943 genomes  231916 energy   209.5 births 12614243 deaths 12611068 (89.1s) NVIDIA GeForce RTX 3060
tick  101000 alive   879020 genomes  230927 energy   208.9 births 12603059 deaths 12604982 (90.0s) NVIDIA GeForce RTX 3060
tick  102000 alive   879289 genomes  229206 energy   208.5 births 12694330 deaths 12694061 (90.9s) NVIDIA GeForce RTX 3060
tick  103000 alive   888729 genomes  229078 energy   208.7 births 12831611 deaths 12822171 (91.8s) NVIDIA GeForce RTX 3060
tick  104000 alive   884484 genomes  230099 energy   208.6 births 12818108 deaths 12822353 (92.6s) NVIDIA GeForce RTX 3060
tick  105000 alive   881705 genomes  229705 energy   208.6 births 12767001 deaths 12769780 (93.5s) NVIDIA GeForce RTX 3060
tick  106000 alive   881013 genomes  227286 energy   208.4 births 12767196 deaths 12767888 (94.4s) NVIDIA GeForce RTX 3060
tick  107000 alive   882998 genomes  225123 energy   208.5 births 12865016 deaths 12863031 (95.3s) NVIDIA GeForce RTX 3060
tick  108000 alive   886737 genomes  223376 energy   208.0 births 12968068 deaths 12964329 (96.2s) NVIDIA GeForce RTX 3060
tick  109000 alive   893216 genomes  223948 energy   207.7 births 13171850 deaths 13165371 (97.1s) NVIDIA GeForce RTX 3060
tick  110000 alive   888174 genomes  225360 energy   208.5 births 13099971 deaths 13105013 (98.0s) NVIDIA GeForce RTX 3060
tick  111000 alive   886288 genomes  227943 energy   208.2 births 13007136 deaths 13009022 (98.9s) NVIDIA GeForce RTX 3060
tick  112000 alive   883229 genomes  229511 energy   208.0 births 12967663 deaths 12970722 (99.8s) NVIDIA GeForce RTX 3060
tick  113000 alive   881159 genomes  230714 energy   208.4 births 12891286 deaths 12893356 (100.7s) NVIDIA GeForce RTX 3060
tick  114000 alive   881181 genomes  231755 energy   208.2 births 12896801 deaths 12896779 (101.6s) NVIDIA GeForce RTX 3060
tick  115000 alive   878652 genomes  230665 energy   208.1 births 12863966 deaths 12866495 (102.5s) NVIDIA GeForce RTX 3060
tick  116000 alive   882396 genomes  229233 energy   207.9 births 12887881 deaths 12884137 (103.4s) NVIDIA GeForce RTX 3060
tick  117000 alive   881248 genomes  228813 energy   207.8 births 12926558 deaths 12927706 (104.3s) NVIDIA GeForce RTX 3060
tick  118000 alive   880721 genomes  228569 energy   208.0 births 12913513 deaths 12914040 (105.2s) NVIDIA GeForce RTX 3060
tick  119000 alive   879671 genomes  226337 energy   207.8 births 12871515 deaths 12872565 (106.1s) NVIDIA GeForce RTX 3060
tick  120000 alive   888569 genomes  224406 energy   207.7 births 13045193 deaths 13036295 (107.0s) NVIDIA GeForce RTX 3060
tick  121000 alive   887530 genomes  223114 energy   207.9 births 13141557 deaths 13142596 (107.9s) NVIDIA GeForce RTX 3060
tick  122000 alive   885288 genomes  223687 energy   207.3 births 13114129 deaths 13116371 (108.8s) NVIDIA GeForce RTX 3060
tick  123000 alive   882833 genomes  221946 energy   207.8 births 13108081 deaths 13110536 (109.7s) NVIDIA GeForce RTX 3060
tick  124000 alive   887218 genomes  220909 energy   208.1 births 13107978 deaths 13103593 (110.6s) NVIDIA GeForce RTX 3060
tick  125000 alive   884912 genomes  218503 energy   207.9 births 13041674 deaths 13043980 (111.5s) NVIDIA GeForce RTX 3060
tick  126000 alive   891330 genomes  215986 energy   207.5 births 13202785 deaths 13196367 (112.4s) NVIDIA GeForce RTX 3060
tick  127000 alive   896591 genomes  214615 energy   207.5 births 13341500 deaths 13336239 (113.3s) NVIDIA GeForce RTX 3060
tick  128000 alive   889118 genomes  215214 energy   207.5 births 13331972 deaths 13339445 (114.2s) NVIDIA GeForce RTX 3060
tick  129000 alive   890286 genomes  216306 energy   206.9 births 13280107 deaths 13278939 (115.1s) NVIDIA GeForce RTX 3060
tick  130000 alive   894273 genomes  215328 energy   207.2 births 13357052 deaths 13353065 (116.0s) NVIDIA GeForce RTX 3060
tick  131000 alive   894910 genomes  215761 energy   207.5 births 13390053 deaths 13389416 (116.9s) NVIDIA GeForce RTX 3060
tick  132000 alive   888190 genomes  216856 energy   207.6 births 13286515 deaths 13293235 (117.8s) NVIDIA GeForce RTX 3060
tick  133000 alive   885756 genomes  216970 energy   206.9 births 13247729 deaths 13250163 (118.7s) NVIDIA GeForce RTX 3060
tick  134000 alive   890212 genomes  215307 energy   206.5 births 13371268 deaths 13366812 (119.6s) NVIDIA GeForce RTX 3060
tick  135000 alive   898229 genomes  215556 energy   206.7 births 13542400 deaths 13534383 (120.5s) NVIDIA GeForce RTX 3060
tick  136000 alive   892963 genomes  214362 energy   206.7 births 13483492 deaths 13488758 (121.4s) NVIDIA GeForce RTX 3060
tick  137000 alive   893067 genomes  213482 energy   207.1 births 13434653 deaths 13434549 (122.3s) NVIDIA GeForce RTX 3060
tick  138000 alive   891477 genomes  213618 energy   207.0 births 13341573 deaths 13343163 (123.3s) NVIDIA GeForce RTX 3060
tick  139000 alive   893632 genomes  214579 energy   206.9 births 13422680 deaths 13420525 (124.2s) NVIDIA GeForce RTX 3060
tick  140000 alive   892242 genomes  213257 energy   207.1 births 13492513 deaths 13493903 (125.1s) NVIDIA GeForce RTX 3060
tick  141000 alive   893624 genomes  212855 energy   207.1 births 13385134 deaths 13383752 (126.0s) NVIDIA GeForce RTX 3060
tick  142000 alive   891322 genomes  212953 energy   207.2 births 13364490 deaths 13366792 (126.9s) NVIDIA GeForce RTX 3060
tick  143000 alive   885716 genomes  212839 energy   206.9 births 13314012 deaths 13319618 (127.8s) NVIDIA GeForce RTX 3060
tick  144000 alive   889952 genomes  212702 energy   206.8 births 13363828 deaths 13359592 (128.7s) NVIDIA GeForce RTX 3060
tick  145000 alive   888717 genomes  211655 energy   206.9 births 13347189 deaths 13348424 (129.6s) NVIDIA GeForce RTX 3060
tick  146000 alive   893029 genomes  212320 energy   206.6 births 13467505 deaths 13463193 (130.5s) NVIDIA GeForce RTX 3060
tick  147000 alive   886663 genomes  211714 energy   206.9 births 13353458 deaths 13359824 (131.4s) NVIDIA GeForce RTX 3060
tick  148000 alive   888233 genomes  212535 energy   206.8 births 13381952 deaths 13380382 (132.3s) NVIDIA GeForce RTX 3060
tick  149000 alive   892272 genomes  212618 energy   207.1 births 13433276 deaths 13429237 (133.2s) NVIDIA GeForce RTX 3060
tick  150000 alive   887188 genomes  212375 energy   207.3 births 13366276 deaths 13371360 (134.1s) NVIDIA GeForce RTX 3060
tick  151000 alive   881054 genomes  212086 energy   207.4 births 13235495 deaths 13241629 (135.0s) NVIDIA GeForce RTX 3060
tick  152000 alive   885547 genomes  213320 energy   206.8 births 13198284 deaths 13193791 (135.9s) NVIDIA GeForce RTX 3060
tick  153000 alive   883935 genomes  215101 energy   207.5 births 13261330 deaths 13262942 (136.8s) NVIDIA GeForce RTX 3060
tick  154000 alive   877560 genomes  214238 energy   206.9 births 13138095 deaths 13144470 (137.7s) NVIDIA GeForce RTX 3060
tick  155000 alive   880865 genomes  213577 energy   206.7 births 13233375 deaths 13230070 (138.6s) NVIDIA GeForce RTX 3060
tick  156000 alive   881434 genomes  211433 energy   207.0 births 13283766 deaths 13283197 (139.5s) NVIDIA GeForce RTX 3060
tick  157000 alive   885966 genomes  209922 energy   206.8 births 13339194 deaths 13334662 (140.4s) NVIDIA GeForce RTX 3060
tick  158000 alive   883657 genomes  210829 energy   206.8 births 13312337 deaths 13314646 (141.3s) NVIDIA GeForce RTX 3060
tick  159000 alive   889512 genomes  210611 energy   206.8 births 13342426 deaths 13336571 (142.3s) NVIDIA GeForce RTX 3060
tick  160000 alive   882106 genomes  211529 energy   206.7 births 13317406 deaths 13324812 (143.2s) NVIDIA GeForce RTX 3060
tick  161000 alive   887377 genomes  212948 energy   206.7 births 13360542 deaths 13355271 (144.1s) NVIDIA GeForce RTX 3060
tick  162000 alive   882354 genomes  212011 energy   207.4 births 13276044 deaths 13281067 (145.0s) NVIDIA GeForce RTX 3060
tick  163000 alive   883196 genomes  214417 energy   207.0 births 13209106 deaths 13208264 (145.9s) NVIDIA GeForce RTX 3060
tick  164000 alive   879503 genomes  215149 energy   207.6 births 13148535 deaths 13152228 (146.8s) NVIDIA GeForce RTX 3060
tick  165000 alive   872160 genomes  216332 energy   207.6 births 12945409 deaths 12952752 (147.7s) NVIDIA GeForce RTX 3060
tick  166000 alive   876421 genomes  217106 energy   207.0 births 13008590 deaths 13004329 (148.6s) NVIDIA GeForce RTX 3060
tick  167000 alive   875992 genomes  217373 energy   206.6 births 13065584 deaths 13066013 (149.5s) NVIDIA GeForce RTX 3060
tick  168000 alive   878939 genomes  217245 energy   207.0 births 13121028 deaths 13118081 (150.4s) NVIDIA GeForce RTX 3060
tick  169000 alive   875638 genomes  218288 energy   207.7 births 13038460 deaths 13041761 (151.3s) NVIDIA GeForce RTX 3060
tick  170000 alive   875062 genomes  221780 energy   207.2 births 12902501 deaths 12903077 (152.2s) NVIDIA GeForce RTX 3060
tick  171000 alive   867593 genomes  223352 energy   207.3 births 12863825 deaths 12871294 (153.1s) NVIDIA GeForce RTX 3060
tick  172000 alive   869367 genomes  223481 energy   207.5 births 12787722 deaths 12785948 (154.0s) NVIDIA GeForce RTX 3060
tick  173000 alive   865782 genomes  223835 energy   208.0 births 12723577 deaths 12727162 (154.9s) NVIDIA GeForce RTX 3060
tick  174000 alive   868671 genomes  224692 energy   208.1 births 12637210 deaths 12634321 (155.7s) NVIDIA GeForce RTX 3060
tick  175000 alive   870209 genomes  224519 energy   208.1 births 12735729 deaths 12734191 (156.6s) NVIDIA GeForce RTX 3060
tick  176000 alive   866591 genomes  224707 energy   208.6 births 12577487 deaths 12581105 (157.5s) NVIDIA GeForce RTX 3060
tick  177000 alive   866915 genomes  223580 energy   208.2 births 12541083 deaths 12540759 (158.4s) NVIDIA GeForce RTX 3060
tick  178000 alive   870604 genomes  222838 energy   207.5 births 12714162 deaths 12710473 (159.3s) NVIDIA GeForce RTX 3060
tick  179000 alive   874164 genomes  221392 energy   207.3 births 12775571 deaths 12772011 (160.2s) NVIDIA GeForce RTX 3060
tick  180000 alive   878911 genomes  221781 energy   208.5 births 12834007 deaths 12829260 (161.1s) NVIDIA GeForce RTX 3060
tick  181000 alive   874618 genomes  221614 energy   208.1 births 12720617 deaths 12724910 (162.0s) NVIDIA GeForce RTX 3060
tick  182000 alive   872736 genomes  219773 energy   207.7 births 12737596 deaths 12739478 (162.9s) NVIDIA GeForce RTX 3060
tick  183000 alive   880788 genomes  220119 energy   207.8 births 12814676 deaths 12806624 (163.8s) NVIDIA GeForce RTX 3060
tick  184000 alive   880094 genomes  221550 energy   207.8 births 12897173 deaths 12897867 (164.7s) NVIDIA GeForce RTX 3060
tick  185000 alive   874934 genomes  221586 energy   208.1 births 12889506 deaths 12894666 (165.6s) NVIDIA GeForce RTX 3060
tick  186000 alive   872708 genomes  222053 energy   208.3 births 12760449 deaths 12762675 (166.5s) NVIDIA GeForce RTX 3060
tick  187000 alive   877993 genomes  221131 energy   208.1 births 12799241 deaths 12793956 (167.3s) NVIDIA GeForce RTX 3060
tick  188000 alive   877788 genomes  221136 energy   208.2 births 12906040 deaths 12906245 (168.2s) NVIDIA GeForce RTX 3060
tick  189000 alive   874440 genomes  220682 energy   207.8 births 12767562 deaths 12770910 (169.1s) NVIDIA GeForce RTX 3060
tick  190000 alive   880202 genomes  221703 energy   208.1 births 12863583 deaths 12857821 (170.0s) NVIDIA GeForce RTX 3060
tick  191000 alive   874152 genomes  220816 energy   208.1 births 12797985 deaths 12804035 (170.9s) NVIDIA GeForce RTX 3060
tick  192000 alive   875723 genomes  218850 energy   208.1 births 12773181 deaths 12771610 (171.8s) NVIDIA GeForce RTX 3060
tick  193000 alive   881068 genomes  218766 energy   207.5 births 12936831 deaths 12931486 (172.7s) NVIDIA GeForce RTX 3060
tick  194000 alive   877545 genomes  220884 energy   208.3 births 12868648 deaths 12872171 (173.6s) NVIDIA GeForce RTX 3060
tick  195000 alive   870875 genomes  220580 energy   208.1 births 12760119 deaths 12766789 (174.5s) NVIDIA GeForce RTX 3060
tick  196000 alive   873181 genomes  221937 energy   207.5 births 12682329 deaths 12680023 (175.4s) NVIDIA GeForce RTX 3060
tick  197000 alive   875412 genomes  223358 energy   208.3 births 12781043 deaths 12778812 (176.3s) NVIDIA GeForce RTX 3060
tick  198000 alive   869411 genomes  224446 energy   208.5 births 12556519 deaths 12562520 (177.2s) NVIDIA GeForce RTX 3060
tick  199000 alive   869028 genomes  225112 energy   208.2 births 12578961 deaths 12579344 (178.1s) NVIDIA GeForce RTX 3060
tick  200000 alive   869286 genomes  224903 energy   208.2 births 12615304 deaths 12615046 (179.0s) NVIDIA GeForce RTX 3060
done 200000 ticks in 179.0s
