WARNING: radv is not a conformant Vulkan implementation, testing use only.
WARNING: radv is not a conformant Vulkan implementation, testing use only.
tick       0 alive    52579 genomes   52579 energy    64.0 births 0 deaths 0 (0.0s) AMD Radeon AI PRO R9700 (RADV GFX1201)
tick    1000 alive  1040587 genomes   95433 energy   176.7 births 20199583 deaths 19211575 (4.8s) AMD Radeon AI PRO R9700 (RADV GFX1201)
tick    2000 alive  1040282 genomes   75775 energy   193.9 births 22045776 deaths 22046081 (9.7s) AMD Radeon AI PRO R9700 (RADV GFX1201)
tick    3000 alive  1036471 genomes   61886 energy   199.5 births 19343254 deaths 19347065 (14.5s) AMD Radeon AI PRO R9700 (RADV GFX1201)
tick    4000 alive  1029918 genomes   55252 energy   200.0 births 18404471 deaths 18411024 (19.4s) AMD Radeon AI PRO R9700 (RADV GFX1201)
tick    5000 alive  1021626 genomes   53784 energy   199.1 births 18419859 deaths 18428151 (24.3s) AMD Radeon AI PRO R9700 (RADV GFX1201)
tick    6000 alive  1014576 genomes   54722 energy   200.1 births 18267564 deaths 18274614 (29.2s) AMD Radeon AI PRO R9700 (RADV GFX1201)
tick    7000 alive  1001107 genomes   57643 energy   200.6 births 17892146 deaths 17905615 (34.1s) AMD Radeon AI PRO R9700 (RADV GFX1201)
tick    8000 alive   985040 genomes   61837 energy   200.3 births 17541935 deaths 17558002 (39.0s) AMD Radeon AI PRO R9700 (RADV GFX1201)
tick    9000 alive   973336 genomes   66282 energy   201.4 births 17172198 deaths 17183902 (43.9s) AMD Radeon AI PRO R9700 (RADV GFX1201)
tick   10000 alive   950124 genomes   70997 energy   202.5 births 16581444 deaths 16604656 (48.9s) AMD Radeon AI PRO R9700 (RADV GFX1201)
tick   11000 alive   928973 genomes   75072 energy   202.9 births 15891303 deaths 15912454 (53.8s) AMD Radeon AI PRO R9700 (RADV GFX1201)
tick   12000 alive   902924 genomes   79714 energy   203.9 births 15238310 deaths 15264359 (58.7s) AMD Radeon AI PRO R9700 (RADV GFX1201)
tick   13000 alive   888543 genomes   82989 energy   204.9 births 14506198 deaths 14520579 (63.6s) AMD Radeon AI PRO R9700 (RADV GFX1201)
tick   14000 alive   862362 genomes   86149 energy   206.3 births 13850773 deaths 13876954 (68.6s) AMD Radeon AI PRO R9700 (RADV GFX1201)
tick   15000 alive   841427 genomes   87775 energy   206.6 births 13108114 deaths 13129049 (73.5s) AMD Radeon AI PRO R9700 (RADV GFX1201)
tick   16000 alive   827637 genomes   90943 energy   208.2 births 12488839 deaths 12502629 (78.4s) AMD Radeon AI PRO R9700 (RADV GFX1201)
tick   17000 alive   812323 genomes   92157 energy   209.0 births 12007254 deaths 12022568 (83.3s) AMD Radeon AI PRO R9700 (RADV GFX1201)
tick   18000 alive   807026 genomes   93234 energy   209.4 births 11583741 deaths 11589038 (88.3s) AMD Radeon AI PRO R9700 (RADV GFX1201)
tick   19000 alive   802371 genomes   94460 energy   210.3 births 11338952 deaths 11343607 (93.2s) AMD Radeon AI PRO R9700 (RADV GFX1201)
tick   20000 alive   794281 genomes   95406 energy   209.9 births 11067281 deaths 11075371 (98.2s) AMD Radeon AI PRO R9700 (RADV GFX1201)
tick   21000 alive   791731 genomes   96366 energy   210.5 births 11019826 deaths 11022376 (103.1s) AMD Radeon AI PRO R9700 (RADV GFX1201)
tick   22000 alive   794879 genomes   97411 energy   209.8 births 11014683 deaths 11011535 (108.1s) AMD Radeon AI PRO R9700 (RADV GFX1201)
tick   23000 alive   796316 genomes   98002 energy   209.9 births 11045172 deaths 11043735 (113.0s) AMD Radeon AI PRO R9700 (RADV GFX1201)
tick   24000 alive   802292 genomes   97828 energy   210.1 births 11200583 deaths 11194607 (118.0s) AMD Radeon AI PRO R9700 (RADV GFX1201)
tick   25000 alive   807349 genomes   97306 energy   210.2 births 11234006 deaths 11228949 (123.0s) AMD Radeon AI PRO R9700 (RADV GFX1201)
tick   26000 alive   801714 genomes   97818 energy   210.1 births 11225758 deaths 11231393 (127.9s) AMD Radeon AI PRO R9700 (RADV GFX1201)
tick   27000 alive   815493 genomes   98284 energy   207.9 births 11428268 deaths 11414489 (132.9s) AMD Radeon AI PRO R9700 (RADV GFX1201)
tick   28000 alive   822516 genomes   97539 energy   210.0 births 11733699 deaths 11726676 (137.8s) AMD Radeon AI PRO R9700 (RADV GFX1201)
tick   29000 alive   824563 genomes   98313 energy   208.0 births 11710014 deaths 11707967 (142.8s) AMD Radeon AI PRO R9700 (RADV GFX1201)
tick   30000 alive   834489 genomes   97357 energy   208.6 births 12098088 deaths 12088162 (147.8s) AMD Radeon AI PRO R9700 (RADV GFX1201)
tick   31000 alive   841177 genomes   97176 energy   208.7 births 12009916 deaths 12003228 (152.7s) AMD Radeon AI PRO R9700 (RADV GFX1201)
tick   32000 alive   841111 genomes   97782 energy   208.2 births 12156372 deaths 12156438 (157.7s) AMD Radeon AI PRO R9700 (RADV GFX1201)
tick   33000 alive   847266 genomes   97631 energy   207.5 births 12319809 deaths 12313654 (162.6s) AMD Radeon AI PRO R9700 (RADV GFX1201)
tick   34000 alive   851239 genomes   98214 energy   207.8 births 12517417 deaths 12513444 (167.6s) AMD Radeon AI PRO R9700 (RADV GFX1201)
tick   35000 alive   857336 genomes   98024 energy   207.0 births 12674667 deaths 12668570 (172.6s) AMD Radeon AI PRO R9700 (RADV GFX1201)
tick   36000 alive   867608 genomes   97944 energy   206.7 births 12761454 deaths 12751182 (177.5s) AMD Radeon AI PRO R9700 (RADV GFX1201)
tick   37000 alive   874580 genomes   98046 energy   206.8 births 13027144 deaths 13020172 (182.5s) AMD Radeon AI PRO R9700 (RADV GFX1201)
tick   38000 alive   876028 genomes   98306 energy   207.2 births 13067728 deaths 13066280 (187.4s) AMD Radeon AI PRO R9700 (RADV GFX1201)
tick   39000 alive   877434 genomes   99476 energy   205.8 births 13085308 deaths 13083902 (192.4s) AMD Radeon AI PRO R9700 (RADV GFX1201)
tick   40000 alive   885742 genomes   98568 energy   205.7 births 13547303 deaths 13538995 (197.3s) AMD Radeon AI PRO R9700 (RADV GFX1201)
tick   41000 alive   888557 genomes   97869 energy   206.1 births 13485177 deaths 13482362 (202.3s) AMD Radeon AI PRO R9700 (RADV GFX1201)
tick   42000 alive   891725 genomes   98303 energy   205.9 births 13584480 deaths 13581312 (207.3s) AMD Radeon AI PRO R9700 (RADV GFX1201)
tick   43000 alive   891103 genomes   98813 energy   204.7 births 13573349 deaths 13573971 (212.2s) AMD Radeon AI PRO R9700 (RADV GFX1201)
tick   44000 alive   905444 genomes   97688 energy   204.3 births 14030952 deaths 14016611 (217.2s) AMD Radeon AI PRO R9700 (RADV GFX1201)
tick   45000 alive   899546 genomes   98780 energy   205.3 births 13970955 deaths 13976853 (222.1s) AMD Radeon AI PRO R9700 (RADV GFX1201)
tick   46000 alive   903602 genomes   98523 energy   203.0 births 14102991 deaths 14098935 (227.1s) AMD Radeon AI PRO R9700 (RADV GFX1201)
tick   47000 alive   910484 genomes   97899 energy   204.3 births 14389904 deaths 14383022 (232.0s) AMD Radeon AI PRO R9700 (RADV GFX1201)
tick   48000 alive   901411 genomes   98689 energy   203.2 births 14145155 deaths 14154228 (237.0s) AMD Radeon AI PRO R9700 (RADV GFX1201)
tick   49000 alive   903720 genomes   98523 energy   203.1 births 14428876 deaths 14426567 (242.0s) AMD Radeon AI PRO R9700 (RADV GFX1201)
tick   50000 alive   894811 genomes   98961 energy   204.3 births 14160794 deaths 14169703 (246.9s) AMD Radeon AI PRO R9700 (RADV GFX1201)
tick   51000 alive   901138 genomes   99191 energy   203.2 births 14216758 deaths 14210431 (251.9s) AMD Radeon AI PRO R9700 (RADV GFX1201)
tick   52000 alive   903379 genomes   98592 energy   203.0 births 14477389 deaths 14475148 (256.8s) AMD Radeon AI PRO R9700 (RADV GFX1201)
tick   53000 alive   897567 genomes   98706 energy   203.0 births 14377107 deaths 14382919 (261.8s) AMD Radeon AI PRO R9700 (RADV GFX1201)
tick   54000 alive   904867 genomes   97843 energy   201.7 births 14590240 deaths 14582940 (266.7s) AMD Radeon AI PRO R9700 (RADV GFX1201)
tick   55000 alive   908998 genomes   98701 energy   203.2 births 14792006 deaths 14787875 (271.7s) AMD Radeon AI PRO R9700 (RADV GFX1201)
tick   56000 alive   899394 genomes  100358 energy   202.2 births 14457315 deaths 14466919 (276.7s) AMD Radeon AI PRO R9700 (RADV GFX1201)
tick   57000 alive   899389 genomes  100400 energy   201.2 births 14627073 deaths 14627078 (281.6s) AMD Radeon AI PRO R9700 (RADV GFX1201)
tick   58000 alive   902255 genomes  100505 energy   201.2 births 14623188 deaths 14620322 (286.6s) AMD Radeon AI PRO R9700 (RADV GFX1201)
tick   59000 alive   905560 genomes  100205 energy   202.3 births 14841526 deaths 14838221 (291.6s) AMD Radeon AI PRO R9700 (RADV GFX1201)
tick   60000 alive   904973 genomes  100314 energy   200.9 births 14846735 deaths 14847322 (296.6s) AMD Radeon AI PRO R9700 (RADV GFX1201)
tick   61000 alive   905957 genomes   99894 energy   201.8 births 14836894 deaths 14835910 (301.5s) AMD Radeon AI PRO R9700 (RADV GFX1201)
tick   62000 alive   904610 genomes  101357 energy   201.8 births 14755555 deaths 14756902 (306.5s) AMD Radeon AI PRO R9700 (RADV GFX1201)
tick   63000 alive   908091 genomes   99973 energy   200.4 births 14949018 deaths 14945537 (311.5s) AMD Radeon AI PRO R9700 (RADV GFX1201)
tick   64000 alive   907108 genomes  100851 energy   202.7 births 14954259 deaths 14955242 (316.5s) AMD Radeon AI PRO R9700 (RADV GFX1201)
tick   65000 alive   905613 genomes  100446 energy   200.9 births 14963901 deaths 14965396 (321.4s) AMD Radeon AI PRO R9700 (RADV GFX1201)
tick   66000 alive   910426 genomes  100094 energy   201.4 births 15063571 deaths 15058758 (326.4s) AMD Radeon AI PRO R9700 (RADV GFX1201)
tick   67000 alive   906781 genomes  100103 energy   200.7 births 14929496 deaths 14933141 (331.3s) AMD Radeon AI PRO R9700 (RADV GFX1201)
tick   68000 alive   908179 genomes   99934 energy   201.0 births 14977941 deaths 14976543 (336.3s) AMD Radeon AI PRO R9700 (RADV GFX1201)
tick   69000 alive   901880 genomes  100897 energy   202.5 births 14786147 deaths 14792446 (341.2s) AMD Radeon AI PRO R9700 (RADV GFX1201)
tick   70000 alive   903820 genomes  100398 energy   201.5 births 14844416 deaths 14842476 (346.2s) AMD Radeon AI PRO R9700 (RADV GFX1201)
tick   71000 alive   907023 genomes  101119 energy   202.2 births 14884663 deaths 14881460 (351.2s) AMD Radeon AI PRO R9700 (RADV GFX1201)
tick   72000 alive   902044 genomes  101005 energy   201.9 births 14824572 deaths 14829551 (356.1s) AMD Radeon AI PRO R9700 (RADV GFX1201)
tick   73000 alive   904846 genomes  100820 energy   201.2 births 14843631 deaths 14840829 (361.1s) AMD Radeon AI PRO R9700 (RADV GFX1201)
tick   74000 alive   903470 genomes  101834 energy   201.7 births 14829850 deaths 14831226 (366.1s) AMD Radeon AI PRO R9700 (RADV GFX1201)
tick   75000 alive   912434 genomes  101716 energy   200.9 births 15082326 deaths 15073362 (371.1s) AMD Radeon AI PRO R9700 (RADV GFX1201)
tick   76000 alive   900633 genomes  102460 energy   202.9 births 14718172 deaths 14729973 (376.0s) AMD Radeon AI PRO R9700 (RADV GFX1201)
tick   77000 alive   903765 genomes  103397 energy   200.4 births 14807794 deaths 14804662 (381.0s) AMD Radeon AI PRO R9700 (RADV GFX1201)
tick   78000 alive   907691 genomes  102141 energy   202.2 births 15105675 deaths 15101749 (386.0s) AMD Radeon AI PRO R9700 (RADV GFX1201)
tick   79000 alive   906699 genomes  102636 energy   201.7 births 14849355 deaths 14850347 (390.9s) AMD Radeon AI PRO R9700 (RADV GFX1201)
tick   80000 alive   908113 genomes  102946 energy   201.1 births 14856551 deaths 14855137 (395.9s) AMD Radeon AI PRO R9700 (RADV GFX1201)
tick   81000 alive   909405 genomes  103296 energy   200.8 births 14966386 deaths 14965094 (400.9s) AMD Radeon AI PRO R9700 (RADV GFX1201)
tick   82000 alive   913563 genomes  103414 energy   201.3 births 15140729 deaths 15136571 (405.8s) AMD Radeon AI PRO R9700 (RADV GFX1201)
tick   83000 alive   906149 genomes  103394 energy   201.2 births 14917813 deaths 14925227 (410.8s) AMD Radeon AI PRO R9700 (RADV GFX1201)
tick   84000 alive   905335 genomes  103642 energy   200.9 births 14855690 deaths 14856504 (415.8s) AMD Radeon AI PRO R9700 (RADV GFX1201)
tick   85000 alive   912335 genomes  102777 energy   201.1 births 15176301 deaths 15169301 (420.8s) AMD Radeon AI PRO R9700 (RADV GFX1201)
tick   86000 alive   907261 genomes  102829 energy   200.5 births 14991775 deaths 14996849 (425.7s) AMD Radeon AI PRO R9700 (RADV GFX1201)
tick   87000 alive   902763 genomes  103568 energy   201.4 births 14889747 deaths 14894245 (430.7s) AMD Radeon AI PRO R9700 (RADV GFX1201)
tick   88000 alive   910229 genomes  102904 energy   200.7 births 15147870 deaths 15140404 (435.6s) AMD Radeon AI PRO R9700 (RADV GFX1201)
tick   89000 alive   904574 genomes  103979 energy   201.7 births 14837151 deaths 14842806 (440.6s) AMD Radeon AI PRO R9700 (RADV GFX1201)
tick   90000 alive   897015 genomes  104673 energy   201.0 births 14639516 deaths 14647075 (445.5s) AMD Radeon AI PRO R9700 (RADV GFX1201)
tick   91000 alive   898688 genomes  104184 energy   201.8 births 14856805 deaths 14855132 (450.5s) AMD Radeon AI PRO R9700 (RADV GFX1201)
tick   92000 alive   907693 genomes  104409 energy   201.6 births 14915275 deaths 14906270 (455.5s) AMD Radeon AI PRO R9700 (RADV GFX1201)
tick   93000 alive   900767 genomes  104809 energy   200.2 births 14794078 deaths 14801004 (460.6s) AMD Radeon AI PRO R9700 (RADV GFX1201)
tick   94000 alive   905484 genomes  103282 energy   201.4 births 14981287 deaths 14976570 (465.5s) AMD Radeon AI PRO R9700 (RADV GFX1201)
tick   95000 alive   910837 genomes  103395 energy   200.9 births 15153848 deaths 15148495 (470.5s) AMD Radeon AI PRO R9700 (RADV GFX1201)
tick   96000 alive   907548 genomes  104021 energy   200.9 births 14975706 deaths 14978995 (475.5s) AMD Radeon AI PRO R9700 (RADV GFX1201)
tick   97000 alive   900310 genomes  104664 energy   201.2 births 14789408 deaths 14796646 (480.5s) AMD Radeon AI PRO R9700 (RADV GFX1201)
tick   98000 alive   901449 genomes  103998 energy   200.9 births 15059546 deaths 15058407 (485.5s) AMD Radeon AI PRO R9700 (RADV GFX1201)
tick   99000 alive   907901 genomes  103460 energy   200.6 births 15021919 deaths 15015467 (490.5s) AMD Radeon AI PRO R9700 (RADV GFX1201)
tick  100000 alive   903626 genomes  103858 energy   202.6 births 14933833 deaths 14938108 (495.5s) AMD Radeon AI PRO R9700 (RADV GFX1201)
tick  101000 alive   899325 genomes  104435 energy   200.9 births 14766184 deaths 14770485 (500.5s) AMD Radeon AI PRO R9700 (RADV GFX1201)
tick  102000 alive   898228 genomes  104162 energy   200.3 births 14881576 deaths 14882673 (505.5s) AMD Radeon AI PRO R9700 (RADV GFX1201)
tick  103000 alive   905189 genomes  104335 energy   201.6 births 14954257 deaths 14947296 (510.5s) AMD Radeon AI PRO R9700 (RADV GFX1201)
tick  104000 alive   894550 genomes  105374 energy   201.5 births 14653920 deaths 14664559 (515.4s) AMD Radeon AI PRO R9700 (RADV GFX1201)
tick  105000 alive   903293 genomes  104209 energy   200.0 births 14918952 deaths 14910209 (520.4s) AMD Radeon AI PRO R9700 (RADV GFX1201)
tick  106000 alive   903495 genomes  105367 energy   201.4 births 14930920 deaths 14930718 (525.3s) AMD Radeon AI PRO R9700 (RADV GFX1201)
tick  107000 alive   904308 genomes  105089 energy   199.6 births 15030936 deaths 15030123 (530.3s) AMD Radeon AI PRO R9700 (RADV GFX1201)
tick  108000 alive   904791 genomes  104400 energy   201.7 births 15160274 deaths 15159791 (535.3s) AMD Radeon AI PRO R9700 (RADV GFX1201)
tick  109000 alive   896381 genomes  104811 energy   201.3 births 14831249 deaths 14839659 (540.3s) AMD Radeon AI PRO R9700 (RADV GFX1201)
tick  110000 alive   895906 genomes  104379 energy   201.2 births 14760101 deaths 14760576 (545.3s) AMD Radeon AI PRO R9700 (RADV GFX1201)
tick  111000 alive   900115 genomes  104134 energy   199.8 births 14971908 deaths 14967699 (550.4s) AMD Radeon AI PRO R9700 (RADV GFX1201)
tick  112000 alive   903777 genomes  103343 energy   200.1 births 15044644 deaths 15040982 (555.4s) AMD Radeon AI PRO R9700 (RADV GFX1201)
tick  113000 alive   902024 genomes  103017 energy   201.5 births 14929197 deaths 14930950 (560.4s) AMD Radeon AI PRO R9700 (RADV GFX1201)
tick  114000 alive   897489 genomes  103653 energy   201.1 births 14783719 deaths 14788254 (565.5s) AMD Radeon AI PRO R9700 (RADV GFX1201)
tick  115000 alive   901861 genomes  103110 energy   199.9 births 14950989 deaths 14946617 (570.5s) AMD Radeon AI PRO R9700 (RADV GFX1201)
tick  116000 alive   902651 genomes  102459 energy   201.7 births 15037147 deaths 15036357 (575.5s) AMD Radeon AI PRO R9700 (RADV GFX1201)
tick  117000 alive   897686 genomes  102801 energy   200.1 births 14858455 deaths 14863420 (580.5s) AMD Radeon AI PRO R9700 (RADV GFX1201)
tick  118000 alive   895648 genomes  101932 energy   200.1 births 14956852 deaths 14958890 (585.5s) AMD Radeon AI PRO R9700 (RADV GFX1201)
tick  119000 alive   896365 genomes  102423 energy   202.0 births 14809022 deaths 14808305 (590.5s) AMD Radeon AI PRO R9700 (RADV GFX1201)
tick  120000 alive   890095 genomes  102250 energy   200.0 births 14627674 deaths 14633944 (595.5s) AMD Radeon AI PRO R9700 (RADV GFX1201)
tick  121000 alive   888096 genomes  101879 energy   202.1 births 14617635 deaths 14619634 (600.4s) AMD Radeon AI PRO R9700 (RADV GFX1201)
tick  122000 alive   888597 genomes  102053 energy   200.7 births 14551068 deaths 14550567 (605.4s) AMD Radeon AI PRO R9700 (RADV GFX1201)
tick  123000 alive   895877 genomes  102355 energy   201.0 births 14825921 deaths 14818641 (610.4s) AMD Radeon AI PRO R9700 (RADV GFX1201)
tick  124000 alive   890063 genomes  102395 energy   200.7 births 14766992 deaths 14772806 (615.3s) AMD Radeon AI PRO R9700 (RADV GFX1201)
tick  125000 alive   893692 genomes  101954 energy   201.5 births 14743241 deaths 14739612 (620.3s) AMD Radeon AI PRO R9700 (RADV GFX1201)
tick  126000 alive   884355 genomes  103148 energy   201.7 births 14445703 deaths 14455040 (625.3s) AMD Radeon AI PRO R9700 (RADV GFX1201)
tick  127000 alive   895418 genomes  102427 energy   200.7 births 14771440 deaths 14760377 (630.3s) AMD Radeon AI PRO R9700 (RADV GFX1201)
tick  128000 alive   898327 genomes  102502 energy   201.7 births 14909539 deaths 14906630 (635.4s) AMD Radeon AI PRO R9700 (RADV GFX1201)
tick  129000 alive   893027 genomes  102515 energy   201.4 births 14690714 deaths 14696014 (640.3s) AMD Radeon AI PRO R9700 (RADV GFX1201)
tick  130000 alive   886023 genomes  102168 energy   201.0 births 14458603 deaths 14465607 (645.3s) AMD Radeon AI PRO R9700 (RADV GFX1201)
tick  131000 alive   895880 genomes  101567 energy   201.5 births 14742856 deaths 14732999 (650.3s) AMD Radeon AI PRO R9700 (RADV GFX1201)
tick  132000 alive   893641 genomes  102670 energy   201.9 births 14562939 deaths 14565178 (655.3s) AMD Radeon AI PRO R9700 (RADV GFX1201)
tick  133000 alive   888009 genomes  101102 energy   200.7 births 14641116 deaths 14646748 (660.4s) AMD Radeon AI PRO R9700 (RADV GFX1201)
tick  134000 alive   895953 genomes  101148 energy   202.4 births 14799601 deaths 14791657 (665.3s) AMD Radeon AI PRO R9700 (RADV GFX1201)
tick  135000 alive   891315 genomes  101133 energy   201.7 births 14554348 deaths 14558986 (670.3s) AMD Radeon AI PRO R9700 (RADV GFX1201)
tick  136000 alive   893381 genomes  101111 energy   201.8 births 14606011 deaths 14603945 (675.3s) AMD Radeon AI PRO R9700 (RADV GFX1201)
tick  137000 alive   890973 genomes  100016 energy   202.0 births 14690667 deaths 14693075 (680.3s) AMD Radeon AI PRO R9700 (RADV GFX1201)
tick  138000 alive   882142 genomes  100530 energy   202.2 births 14318494 deaths 14327325 (685.2s) AMD Radeon AI PRO R9700 (RADV GFX1201)
tick  139000 alive   885861 genomes  100587 energy   201.3 births 14452450 deaths 14448731 (690.1s) AMD Radeon AI PRO R9700 (RADV GFX1201)
tick  140000 alive   888725 genomes   99482 energy   202.5 births 14670822 deaths 14667958 (695.1s) AMD Radeon AI PRO R9700 (RADV GFX1201)
tick  141000 alive   885209 genomes  100471 energy   200.6 births 14383103 deaths 14386619 (700.0s) AMD Radeon AI PRO R9700 (RADV GFX1201)
tick  142000 alive   897868 genomes   98317 energy   200.8 births 14943030 deaths 14930371 (705.0s) AMD Radeon AI PRO R9700 (RADV GFX1201)
tick  143000 alive   884979 genomes   99608 energy   202.8 births 14467007 deaths 14479896 (710.0s) AMD Radeon AI PRO R9700 (RADV GFX1201)
tick  144000 alive   898365 genomes   98152 energy   199.5 births 14730313 deaths 14716927 (715.0s) AMD Radeon AI PRO R9700 (RADV GFX1201)
tick  145000 alive   902139 genomes   99485 energy   201.4 births 14977889 deaths 14974115 (719.9s) AMD Radeon AI PRO R9700 (RADV GFX1201)
tick  146000 alive   893329 genomes   99847 energy   200.5 births 14771292 deaths 14780102 (725.0s) AMD Radeon AI PRO R9700 (RADV GFX1201)
tick  147000 alive   900492 genomes   98903 energy   201.7 births 14955445 deaths 14948282 (730.0s) AMD Radeon AI PRO R9700 (RADV GFX1201)
tick  148000 alive   893146 genomes   98869 energy   201.7 births 14701549 deaths 14708895 (735.0s) AMD Radeon AI PRO R9700 (RADV GFX1201)
tick  149000 alive   894332 genomes   98658 energy   201.5 births 14676683 deaths 14675497 (740.0s) AMD Radeon AI PRO R9700 (RADV GFX1201)
tick  150000 alive   903938 genomes   99474 energy   200.3 births 15027753 deaths 15018147 (745.0s) AMD Radeon AI PRO R9700 (RADV GFX1201)
tick  151000 alive   892846 genomes   98975 energy   202.1 births 14899557 deaths 14910649 (749.9s) AMD Radeon AI PRO R9700 (RADV GFX1201)
tick  152000 alive   896326 genomes   98099 energy   200.4 births 14775915 deaths 14772435 (755.0s) AMD Radeon AI PRO R9700 (RADV GFX1201)
tick  153000 alive   893456 genomes   98637 energy   202.7 births 14876183 deaths 14879053 (760.0s) AMD Radeon AI PRO R9700 (RADV GFX1201)
tick  154000 alive   887975 genomes   98959 energy   200.6 births 14619828 deaths 14625309 (764.9s) AMD Radeon AI PRO R9700 (RADV GFX1201)
tick  155000 alive   886971 genomes   98325 energy   201.0 births 14785700 deaths 14786704 (770.0s) AMD Radeon AI PRO R9700 (RADV GFX1201)
tick  156000 alive   890072 genomes   98079 energy   200.8 births 14684377 deaths 14681276 (775.1s) AMD Radeon AI PRO R9700 (RADV GFX1201)
tick  157000 alive   888817 genomes   97359 energy   200.8 births 14745345 deaths 14746600 (780.1s) AMD Radeon AI PRO R9700 (RADV GFX1201)
tick  158000 alive   889239 genomes   96977 energy   202.3 births 14881240 deaths 14880818 (785.1s) AMD Radeon AI PRO R9700 (RADV GFX1201)
tick  159000 alive   889129 genomes   98254 energy   200.9 births 14516132 deaths 14516242 (790.2s) AMD Radeon AI PRO R9700 (RADV GFX1201)
tick  160000 alive   893516 genomes   96978 energy   200.4 births 14896096 deaths 14891709 (795.2s) AMD Radeon AI PRO R9700 (RADV GFX1201)
tick  161000 alive   888896 genomes   96990 energy   203.0 births 14798869 deaths 14803489 (800.2s) AMD Radeon AI PRO R9700 (RADV GFX1201)
tick  162000 alive   879961 genomes   97685 energy   201.5 births 14329522 deaths 14338457 (805.2s) AMD Radeon AI PRO R9700 (RADV GFX1201)
tick  163000 alive   889138 genomes   98046 energy   202.1 births 14716347 deaths 14707170 (810.3s) AMD Radeon AI PRO R9700 (RADV GFX1201)
tick  164000 alive   886050 genomes   98342 energy   201.2 births 14461607 deaths 14464695 (815.3s) AMD Radeon AI PRO R9700 (RADV GFX1201)
tick  165000 alive   893063 genomes   96628 energy   201.9 births 14756040 deaths 14749027 (820.4s) AMD Radeon AI PRO R9700 (RADV GFX1201)
tick  166000 alive   882318 genomes   97655 energy   201.4 births 14392448 deaths 14403193 (825.3s) AMD Radeon AI PRO R9700 (RADV GFX1201)
tick  167000 alive   891420 genomes   96225 energy   201.0 births 14647218 deaths 14638116 (830.3s) AMD Radeon AI PRO R9700 (RADV GFX1201)
tick  168000 alive   893748 genomes   97341 energy   201.9 births 14670752 deaths 14668424 (835.3s) AMD Radeon AI PRO R9700 (RADV GFX1201)
tick  169000 alive   889302 genomes   96805 energy   201.4 births 14598374 deaths 14602820 (840.4s) AMD Radeon AI PRO R9700 (RADV GFX1201)
tick  170000 alive   892307 genomes   96576 energy   201.2 births 14807104 deaths 14804099 (845.4s) AMD Radeon AI PRO R9700 (RADV GFX1201)
tick  171000 alive   895512 genomes   96432 energy   201.9 births 14821457 deaths 14818252 (850.4s) AMD Radeon AI PRO R9700 (RADV GFX1201)
tick  172000 alive   886898 genomes   96944 energy   202.5 births 14613323 deaths 14621937 (855.5s) AMD Radeon AI PRO R9700 (RADV GFX1201)
tick  173000 alive   882455 genomes   96379 energy   200.7 births 14425946 deaths 14430389 (860.6s) AMD Radeon AI PRO R9700 (RADV GFX1201)
tick  174000 alive   887705 genomes   96261 energy   201.9 births 14632662 deaths 14627412 (865.6s) AMD Radeon AI PRO R9700 (RADV GFX1201)
tick  175000 alive   882079 genomes   96089 energy   201.8 births 14561999 deaths 14567625 (870.5s) AMD Radeon AI PRO R9700 (RADV GFX1201)
tick  176000 alive   889106 genomes   95992 energy   201.8 births 14534017 deaths 14526990 (875.6s) AMD Radeon AI PRO R9700 (RADV GFX1201)
tick  177000 alive   888366 genomes   96267 energy   201.0 births 14576656 deaths 14577396 (880.6s) AMD Radeon AI PRO R9700 (RADV GFX1201)
tick  178000 alive   887777 genomes   96071 energy   201.8 births 14828702 deaths 14829291 (885.6s) AMD Radeon AI PRO R9700 (RADV GFX1201)
tick  179000 alive   886137 genomes   96392 energy   201.9 births 14601482 deaths 14603122 (890.7s) AMD Radeon AI PRO R9700 (RADV GFX1201)
tick  180000 alive   883110 genomes   96162 energy   201.2 births 14501575 deaths 14504602 (895.7s) AMD Radeon AI PRO R9700 (RADV GFX1201)
tick  181000 alive   885654 genomes   95591 energy   200.9 births 14637908 deaths 14635364 (900.7s) AMD Radeon AI PRO R9700 (RADV GFX1201)
tick  182000 alive   882569 genomes   96876 energy   201.7 births 14529068 deaths 14532153 (905.8s) AMD Radeon AI PRO R9700 (RADV GFX1201)
tick  183000 alive   881241 genomes   95708 energy   200.8 births 14586273 deaths 14587601 (910.8s) AMD Radeon AI PRO R9700 (RADV GFX1201)
tick  184000 alive   891803 genomes   94169 energy   201.8 births 14917438 deaths 14906876 (915.9s) AMD Radeon AI PRO R9700 (RADV GFX1201)
tick  185000 alive   880630 genomes   94155 energy   202.9 births 14426207 deaths 14437380 (920.9s) AMD Radeon AI PRO R9700 (RADV GFX1201)
tick  186000 alive   888711 genomes   93520 energy   200.5 births 14440651 deaths 14432570 (925.9s) AMD Radeon AI PRO R9700 (RADV GFX1201)
tick  187000 alive   887236 genomes   93444 energy   203.1 births 14599634 deaths 14601109 (930.9s) AMD Radeon AI PRO R9700 (RADV GFX1201)
tick  188000 alive   887064 genomes   93652 energy   200.9 births 14553305 deaths 14553477 (935.9s) AMD Radeon AI PRO R9700 (RADV GFX1201)
tick  189000 alive   890465 genomes   93910 energy   202.2 births 14772784 deaths 14769383 (941.0s) AMD Radeon AI PRO R9700 (RADV GFX1201)
tick  190000 alive   885200 genomes   94247 energy   201.9 births 14616728 deaths 14621993 (946.0s) AMD Radeon AI PRO R9700 (RADV GFX1201)
tick  191000 alive   879211 genomes   93964 energy   202.5 births 14502932 deaths 14508921 (951.0s) AMD Radeon AI PRO R9700 (RADV GFX1201)
tick  192000 alive   878185 genomes   93056 energy   201.6 births 14434708 deaths 14435734 (956.0s) AMD Radeon AI PRO R9700 (RADV GFX1201)
tick  193000 alive   876236 genomes   93154 energy   203.1 births 14246074 deaths 14248023 (960.9s) AMD Radeon AI PRO R9700 (RADV GFX1201)
tick  194000 alive   865795 genomes   94003 energy   202.1 births 13922217 deaths 13932658 (965.9s) AMD Radeon AI PRO R9700 (RADV GFX1201)
tick  195000 alive   875641 genomes   94904 energy   202.8 births 14179062 deaths 14169216 (970.8s) AMD Radeon AI PRO R9700 (RADV GFX1201)
tick  196000 alive   876491 genomes   94715 energy   202.4 births 14214203 deaths 14213353 (975.8s) AMD Radeon AI PRO R9700 (RADV GFX1201)
tick  197000 alive   879703 genomes   92868 energy   201.5 births 14430076 deaths 14426864 (980.7s) AMD Radeon AI PRO R9700 (RADV GFX1201)
tick  198000 alive   872904 genomes   94686 energy   203.1 births 14033687 deaths 14040486 (985.8s) AMD Radeon AI PRO R9700 (RADV GFX1201)
tick  199000 alive   878161 genomes   94162 energy   200.4 births 14359918 deaths 14354661 (990.7s) AMD Radeon AI PRO R9700 (RADV GFX1201)
tick  200000 alive   884981 genomes   93516 energy   202.4 births 14657365 deaths 14650545 (995.7s) AMD Radeon AI PRO R9700 (RADV GFX1201)
done 200000 ticks in 995.7s
