tick       0 alive    52687 genomes   52687 energy    64.0 births 0 deaths 0 (0.0s) NVIDIA GeForce RTX 3060
tick    1000 alive   305170 genomes  134435 energy   111.2 births 3326645 deaths 3074162 (3.2s) NVIDIA GeForce RTX 3060
tick    2000 alive   683233 genomes  267697 energy   131.5 births 12904337 deaths 12526274 (10.3s) NVIDIA GeForce RTX 3060
tick    3000 alive   760355 genomes  248810 energy   157.9 births 14081936 deaths 14004814 (18.3s) NVIDIA GeForce RTX 3060
tick    4000 alive   813948 genomes  234695 energy   171.3 births 12217098 deaths 12163505 (26.0s) NVIDIA GeForce RTX 3060
tick    5000 alive   838216 genomes  228489 energy   178.2 births 11390560 deaths 11366292 (33.6s) NVIDIA GeForce RTX 3060
tick    6000 alive   826581 genomes  217860 energy   181.8 births 10583513 deaths 10595148 (41.0s) NVIDIA GeForce RTX 3060
tick    7000 alive   805085 genomes  207682 energy   182.7 births 9962387 deaths 9983883 (48.4s) NVIDIA GeForce RTX 3060
tick    8000 alive   784349 genomes  198775 energy   182.5 births 9608211 deaths 9628947 (55.8s) NVIDIA GeForce RTX 3060
tick    9000 alive   776287 genomes  191059 energy   181.4 births 9445872 deaths 9453934 (63.2s) NVIDIA GeForce RTX 3060
tick   10000 alive   771744 genomes  184353 energy   180.7 births 9433433 deaths 9437976 (70.6s) NVIDIA GeForce RTX 3060
tick   11000 alive   772623 genomes  178224 energy   180.1 births 9458276 deaths 9457397 (78.0s) NVIDIA GeForce RTX 3060
tick   12000 alive   775794 genomes  174431 energy   179.0 births 9568718 deaths 9565547 (85.5s) NVIDIA GeForce RTX 3060
tick   13000 alive   781513 genomes  169911 energy   179.4 births 9660431 deaths 9654712 (92.9s) NVIDIA GeForce RTX 3060
tick   14000 alive   783402 genomes  165637 energy   179.7 births 9644277 deaths 9642388 (100.4s) NVIDIA GeForce RTX 3060
tick   15000 alive   781049 genomes  160345 energy   179.6 births 9570448 deaths 9572801 (107.8s) NVIDIA GeForce RTX 3060
tick   16000 alive   786454 genomes  157073 energy   180.0 births 9554627 deaths 9549222 (115.2s) NVIDIA GeForce RTX 3060
tick   17000 alive   786673 genomes  152857 energy   179.7 births 9552724 deaths 9552505 (122.7s) NVIDIA GeForce RTX 3060
tick   18000 alive   782935 genomes  148637 energy   179.6 births 9524058 deaths 9527796 (130.1s) NVIDIA GeForce RTX 3060
tick   19000 alive   784849 genomes  145146 energy   179.4 births 9551087 deaths 9549173 (137.6s) NVIDIA GeForce RTX 3060
tick   20000 alive   784878 genomes  141708 energy   179.3 births 9509431 deaths 9509402 (145.0s) NVIDIA GeForce RTX 3060
tick   21000 alive   787777 genomes  138817 energy   178.9 births 9591431 deaths 9588532 (152.4s) NVIDIA GeForce RTX 3060
tick   22000 alive   788716 genomes  135930 energy   179.2 births 9598371 deaths 9597432 (159.8s) NVIDIA GeForce RTX 3060
tick   23000 alive   793076 genomes  132646 energy   180.2 births 9539159 deaths 9534799 (167.2s) NVIDIA GeForce RTX 3060
tick   24000 alive   791444 genomes  131409 energy   179.8 births 9569874 deaths 9571506 (174.6s) NVIDIA GeForce RTX 3060
tick   25000 alive   795532 genomes  130224 energy   179.7 births 9570713 deaths 9566625 (182.0s) NVIDIA GeForce RTX 3060
tick   26000 alive   798820 genomes  128170 energy   180.0 births 9599515 deaths 9596227 (189.4s) NVIDIA GeForce RTX 3060
tick   27000 alive   801743 genomes  127781 energy   179.5 births 9634632 deaths 9631709 (196.8s) NVIDIA GeForce RTX 3060
tick   28000 alive   801276 genomes  126388 energy   179.8 births 9581610 deaths 9582077 (204.3s) NVIDIA GeForce RTX 3060
tick   29000 alive   805780 genomes  125800 energy   180.0 births 9599018 deaths 9594514 (211.7s) NVIDIA GeForce RTX 3060
tick   30000 alive   808832 genomes  123941 energy   179.9 births 9614711 deaths 9611659 (219.1s) NVIDIA GeForce RTX 3060
tick   31000 alive   812382 genomes  122429 energy   179.3 births 9704583 deaths 9701033 (226.6s) NVIDIA GeForce RTX 3060
tick   32000 alive   814585 genomes  120124 energy   180.0 births 9691183 deaths 9688980 (234.0s) NVIDIA GeForce RTX 3060
tick   33000 alive   812847 genomes  118708 energy   180.0 births 9639545 deaths 9641283 (241.5s) NVIDIA GeForce RTX 3060
tick   34000 alive   813296 genomes  116872 energy   179.9 births 9592207 deaths 9591758 (248.9s) NVIDIA GeForce RTX 3060
tick   35000 alive   820800 genomes  115396 energy   180.1 births 9635404 deaths 9627900 (256.3s) NVIDIA GeForce RTX 3060
tick   36000 alive   823430 genomes  112138 energy   180.3 births 9620277 deaths 9617647 (263.8s) NVIDIA GeForce RTX 3060
tick   37000 alive   826689 genomes  110435 energy   180.0 births 9643603 deaths 9640344 (271.2s) NVIDIA GeForce RTX 3060
tick   38000 alive   831060 genomes  109312 energy   179.9 births 9728795 deaths 9724424 (278.6s) NVIDIA GeForce RTX 3060
tick   39000 alive   833403 genomes  107710 energy   180.1 births 9739483 deaths 9737140 (286.0s) NVIDIA GeForce RTX 3060
tick   40000 alive   831791 genomes  107677 energy   180.1 births 9704423 deaths 9706035 (293.4s) NVIDIA GeForce RTX 3060
tick   41000 alive   832051 genomes  107275 energy   179.6 births 9747584 deaths 9747324 (300.8s) NVIDIA GeForce RTX 3060
tick   42000 alive   836926 genomes  107113 energy   179.5 births 9837341 deaths 9832466 (308.2s) NVIDIA GeForce RTX 3060
tick   43000 alive   835336 genomes  106952 energy   179.6 births 9806881 deaths 9808471 (315.6s) NVIDIA GeForce RTX 3060
tick   44000 alive   837573 genomes  106359 energy   180.2 births 9781343 deaths 9779106 (323.0s) NVIDIA GeForce RTX 3060
tick   45000 alive   839424 genomes  105493 energy   179.8 births 9748907 deaths 9747056 (330.4s) NVIDIA GeForce RTX 3060
tick   46000 alive   839883 genomes  104655 energy   180.0 births 9774458 deaths 9773999 (337.8s) NVIDIA GeForce RTX 3060
tick   47000 alive   842675 genomes  103119 energy   179.5 births 9753829 deaths 9751037 (345.2s) NVIDIA GeForce RTX 3060
tick   48000 alive   847268 genomes  103259 energy   179.1 births 9876241 deaths 9871648 (352.6s) NVIDIA GeForce RTX 3060
tick   49000 alive   848679 genomes  102538 energy   179.3 births 9949666 deaths 9948255 (360.0s) NVIDIA GeForce RTX 3060
tick   50000 alive   853171 genomes  102730 energy   179.1 births 9943036 deaths 9938544 (367.4s) NVIDIA GeForce RTX 3060
tick   51000 alive   852660 genomes  101898 energy   179.7 births 9934740 deaths 9935251 (374.8s) NVIDIA GeForce RTX 3060
tick   52000 alive   853162 genomes  100329 energy   179.7 births 9889555 deaths 9889053 (382.2s) NVIDIA GeForce RTX 3060
tick   53000 alive   859071 genomes   98975 energy   179.3 births 9961771 deaths 9955862 (389.5s) NVIDIA GeForce RTX 3060
tick   54000 alive   862204 genomes   97247 energy   179.0 births 10024277 deaths 10021144 (396.9s) NVIDIA GeForce RTX 3060
tick   55000 alive   866202 genomes   97525 energy   178.8 births 10108334 deaths 10104336 (404.3s) NVIDIA GeForce RTX 3060
tick   56000 alive   871878 genomes   97965 energy   178.4 births 10224399 deaths 10218723 (411.7s) NVIDIA GeForce RTX 3060
tick   57000 alive   870802 genomes   98234 energy   178.4 births 10266997 deaths 10268073 (419.1s) NVIDIA GeForce RTX 3060
tick   58000 alive   875540 genomes   98157 energy   178.6 births 10252923 deaths 10248185 (426.5s) NVIDIA GeForce RTX 3060
tick   59000 alive   873128 genomes   98842 energy   178.7 births 10282684 deaths 10285096 (433.9s) NVIDIA GeForce RTX 3060
tick   60000 alive   876589 genomes   98233 energy   178.8 births 10272073 deaths 10268612 (441.4s) NVIDIA GeForce RTX 3060
tick   61000 alive   880687 genomes   98713 energy   178.8 births 10266683 deaths 10262585 (448.8s) NVIDIA GeForce RTX 3060
tick   62000 alive   883395 genomes   97842 energy   179.2 births 10279598 deaths 10276890 (456.3s) NVIDIA GeForce RTX 3060
tick   63000 alive   886407 genomes   96192 energy   180.1 births 10231955 deaths 10228943 (463.7s) NVIDIA GeForce RTX 3060
tick   64000 alive   887279 genomes   96104 energy   179.9 births 10197874 deaths 10197002 (471.1s) NVIDIA GeForce RTX 3060
tick   65000 alive   890810 genomes   96096 energy   180.0 births 10226249 deaths 10222718 (478.6s) NVIDIA GeForce RTX 3060
tick   66000 alive   890284 genomes   94955 energy   180.9 births 10163860 deaths 10164386 (486.0s) NVIDIA GeForce RTX 3060
tick   67000 alive   892363 genomes   94983 energy   180.8 births 10099373 deaths 10097294 (493.4s) NVIDIA GeForce RTX 3060
tick   68000 alive   893370 genomes   94605 energy   181.0 births 10094340 deaths 10093333 (500.8s) NVIDIA GeForce RTX 3060
tick   69000 alive   895467 genomes   94124 energy   180.0 births 10171457 deaths 10169360 (508.3s) NVIDIA GeForce RTX 3060
tick   70000 alive   899088 genomes   92502 energy   180.0 births 10243191 deaths 10239570 (515.7s) NVIDIA GeForce RTX 3060
tick   71000 alive   901319 genomes   90890 energy   180.0 births 10277541 deaths 10275310 (523.2s) NVIDIA GeForce RTX 3060
tick   72000 alive   905302 genomes   90313 energy   180.3 births 10335437 deaths 10331454 (530.6s) NVIDIA GeForce RTX 3060
tick   73000 alive   907975 genomes   89480 energy   180.1 births 10334384 deaths 10331711 (538.0s) NVIDIA GeForce RTX 3060
tick   74000 alive   907303 genomes   89139 energy   180.3 births 10364806 deaths 10365478 (545.5s) NVIDIA GeForce RTX 3060
tick   75000 alive   910925 genomes   88036 energy   180.6 births 10335117 deaths 10331495 (552.9s) NVIDIA GeForce RTX 3060
tick   76000 alive   910163 genomes   86594 energy   181.1 births 10272518 deaths 10273280 (560.4s) NVIDIA GeForce RTX 3060
tick   77000 alive   911115 genomes   86458 energy   181.1 births 10223704 deaths 10222752 (567.8s) NVIDIA GeForce RTX 3060
tick   78000 alive   910675 genomes   85496 energy   181.3 births 10191458 deaths 10191898 (575.2s) NVIDIA GeForce RTX 3060
tick   79000 alive   911967 genomes   85062 energy   181.5 births 10159748 deaths 10158456 (582.6s) NVIDIA GeForce RTX 3060
tick   80000 alive   913741 genomes   83943 energy   181.2 births 10178542 deaths 10176768 (590.0s) NVIDIA GeForce RTX 3060
tick   81000 alive   916488 genomes   82756 energy   181.0 births 10245308 deaths 10242561 (597.5s) NVIDIA GeForce RTX 3060
tick   82000 alive   919064 genomes   82207 energy   180.9 births 10279137 deaths 10276561 (604.9s) NVIDIA GeForce RTX 3060
tick   83000 alive   923314 genomes   80326 energy   180.9 births 10336582 deaths 10332332 (612.3s) NVIDIA GeForce RTX 3060
tick   84000 alive   923770 genomes   79078 energy   181.2 births 10311641 deaths 10311185 (619.7s) NVIDIA GeForce RTX 3060
tick   85000 alive   927826 genomes   79257 energy   181.1 births 10340648 deaths 10336592 (627.1s) NVIDIA GeForce RTX 3060
tick   86000 alive   929198 genomes   79248 energy   181.1 births 10345632 deaths 10344260 (634.6s) NVIDIA GeForce RTX 3060
tick   87000 alive   931243 genomes   78655 energy   181.4 births 10360402 deaths 10358357 (642.0s) NVIDIA GeForce RTX 3060
tick   88000 alive   932194 genomes   77557 energy   181.3 births 10353895 deaths 10352944 (649.4s) NVIDIA GeForce RTX 3060
tick   89000 alive   933406 genomes   77328 energy   180.7 births 10430815 deaths 10429603 (656.8s) NVIDIA GeForce RTX 3060
tick   90000 alive   931916 genomes   77564 energy   180.8 births 10463625 deaths 10465115 (664.3s) NVIDIA GeForce RTX 3060
tick   91000 alive   932563 genomes   77064 energy   180.9 births 10441621 deaths 10440974 (671.7s) NVIDIA GeForce RTX 3060
tick   92000 alive   933330 genomes   76786 energy   180.8 births 10456464 deaths 10455697 (679.1s) NVIDIA GeForce RTX 3060
tick   93000 alive   933017 genomes   76187 energy   181.2 births 10457948 deaths 10458261 (686.6s) NVIDIA GeForce RTX 3060
tick   94000 alive   932796 genomes   77326 energy   180.8 births 10459197 deaths 10459418 (694.0s) NVIDIA GeForce RTX 3060
tick   95000 alive   933056 genomes   77284 energy   180.5 births 10488728 deaths 10488468 (701.5s) NVIDIA GeForce RTX 3060
tick   96000 alive   933350 genomes   76982 energy   180.6 births 10505769 deaths 10505475 (708.9s) NVIDIA GeForce RTX 3060
tick   97000 alive   937495 genomes   75670 energy   180.7 births 10517582 deaths 10513437 (716.4s) NVIDIA GeForce RTX 3060
tick   98000 alive   937614 genomes   75784 energy   180.7 births 10526195 deaths 10526076 (723.8s) NVIDIA GeForce RTX 3060
tick   99000 alive   935405 genomes   75715 energy   180.6 births 10501905 deaths 10504114 (731.2s) NVIDIA GeForce RTX 3060
tick  100000 alive   937412 genomes   75936 energy   181.0 births 10507338 deaths 10505331 (738.7s) NVIDIA GeForce RTX 3060
tick  101000 alive   938035 genomes   74830 energy   181.3 births 10450696 deaths 10450073 (746.1s) NVIDIA GeForce RTX 3060
tick  102000 alive   937803 genomes   73814 energy   181.5 births 10412729 deaths 10412961 (753.6s) NVIDIA GeForce RTX 3060
tick  103000 alive   936940 genomes   73459 energy   181.1 births 10419879 deaths 10420742 (761.0s) NVIDIA GeForce RTX 3060
tick  104000 alive   938113 genomes   73551 energy   181.7 births 10438951 deaths 10437778 (768.5s) NVIDIA GeForce RTX 3060
tick  105000 alive   940115 genomes   72590 energy   182.1 births 10373597 deaths 10371595 (776.0s) NVIDIA GeForce RTX 3060
tick  106000 alive   938739 genomes   71745 energy   182.3 births 10329354 deaths 10330730 (783.5s) NVIDIA GeForce RTX 3060
tick  107000 alive   940974 genomes   71731 energy   182.0 births 10334711 deaths 10332476 (790.9s) NVIDIA GeForce RTX 3060
tick  108000 alive   940051 genomes   71502 energy   182.7 births 10284353 deaths 10285276 (798.4s) NVIDIA GeForce RTX 3060
tick  109000 alive   940271 genomes   71149 energy   182.8 births 10209792 deaths 10209572 (805.9s) NVIDIA GeForce RTX 3060
tick  110000 alive   940743 genomes   71431 energy   182.8 births 10196550 deaths 10196078 (813.4s) NVIDIA GeForce RTX 3060
tick  111000 alive   938443 genomes   71255 energy   182.9 births 10160308 deaths 10162608 (820.9s) NVIDIA GeForce RTX 3060
tick  112000 alive   941334 genomes   70777 energy   183.2 births 10161673 deaths 10158782 (828.4s) NVIDIA GeForce RTX 3060
tick  113000 alive   941382 genomes   71760 energy   183.1 births 10095885 deaths 10095837 (835.9s) NVIDIA GeForce RTX 3060
tick  114000 alive   939648 genomes   71712 energy   183.3 births 10107047 deaths 10108781 (843.3s) NVIDIA GeForce RTX 3060
tick  115000 alive   938770 genomes   71158 energy   183.2 births 10061298 deaths 10062176 (850.8s) NVIDIA GeForce RTX 3060
tick  116000 alive   940021 genomes   70904 energy   183.2 births 10081718 deaths 10080467 (858.4s) NVIDIA GeForce RTX 3060
tick  117000 alive   941670 genomes   71024 energy   183.2 births 10084241 deaths 10082592 (865.9s) NVIDIA GeForce RTX 3060
tick  118000 alive   940579 genomes   70826 energy   182.9 births 10112938 deaths 10114029 (873.4s) NVIDIA GeForce RTX 3060
tick  119000 alive   940506 genomes   70866 energy   182.8 births 10112321 deaths 10112394 (881.0s) NVIDIA GeForce RTX 3060
tick  120000 alive   940250 genomes   70837 energy   183.0 births 10162706 deaths 10162962 (888.5s) NVIDIA GeForce RTX 3060
tick  121000 alive   940988 genomes   71211 energy   183.1 births 10125451 deaths 10124713 (896.0s) NVIDIA GeForce RTX 3060
tick  122000 alive   939515 genomes   71438 energy   183.4 births 10129219 deaths 10130692 (903.6s) NVIDIA GeForce RTX 3060
tick  123000 alive   939313 genomes   70861 energy   183.7 births 10045168 deaths 10045370 (911.1s) NVIDIA GeForce RTX 3060
tick  124000 alive   936611 genomes   69889 energy   183.9 births 9998685 deaths 10001387 (918.7s) NVIDIA GeForce RTX 3060
tick  125000 alive   935385 genomes   69013 energy   184.2 births 9930572 deaths 9931798 (926.2s) NVIDIA GeForce RTX 3060
tick  126000 alive   936607 genomes   67796 energy   184.1 births 9911626 deaths 9910404 (933.7s) NVIDIA GeForce RTX 3060
tick  127000 alive   939126 genomes   67009 energy   184.8 births 9858422 deaths 9855903 (941.2s) NVIDIA GeForce RTX 3060
tick  128000 alive   939778 genomes   66590 energy   184.7 births 9848983 deaths 9848331 (948.7s) NVIDIA GeForce RTX 3060
tick  129000 alive   938854 genomes   67018 energy   184.3 births 9839013 deaths 9839937 (956.2s) NVIDIA GeForce RTX 3060
tick  130000 alive   938196 genomes   66843 energy   184.6 births 9840967 deaths 9841625 (963.8s) NVIDIA GeForce RTX 3060
tick  131000 alive   938124 genomes   66494 energy   184.4 births 9832223 deaths 9832295 (971.3s) NVIDIA GeForce RTX 3060
tick  132000 alive   938989 genomes   66013 energy   184.1 births 9881041 deaths 9880176 (978.9s) NVIDIA GeForce RTX 3060
tick  133000 alive   937006 genomes   65884 energy   183.6 births 9922491 deaths 9924474 (986.5s) NVIDIA GeForce RTX 3060
tick  134000 alive   938874 genomes   67241 energy   183.6 births 9944631 deaths 9942763 (994.0s) NVIDIA GeForce RTX 3060
tick  135000 alive   938965 genomes   67492 energy   184.1 births 9944449 deaths 9944358 (1001.6s) NVIDIA GeForce RTX 3060
tick  136000 alive   936395 genomes   67336 energy   184.2 births 9920738 deaths 9923308 (1009.2s) NVIDIA GeForce RTX 3060
tick  137000 alive   940086 genomes   66989 energy   184.1 births 9880442 deaths 9876751 (1016.7s) NVIDIA GeForce RTX 3060
tick  138000 alive   940586 genomes   65899 energy   184.9 births 9885000 deaths 9884500 (1024.3s) NVIDIA GeForce RTX 3060
tick  139000 alive   940565 genomes   65071 energy   185.1 births 9806154 deaths 9806175 (1031.9s) NVIDIA GeForce RTX 3060
tick  140000 alive   939705 genomes   64087 energy   185.0 births 9756668 deaths 9757528 (1039.4s) NVIDIA GeForce RTX 3060
tick  141000 alive   940310 genomes   63494 energy   185.1 births 9730149 deaths 9729544 (1047.0s) NVIDIA GeForce RTX 3060
tick  142000 alive   942014 genomes   62847 energy   185.3 births 9763850 deaths 9762146 (1054.6s) NVIDIA GeForce RTX 3060
tick  143000 alive   941070 genomes   63350 energy   185.0 births 9753950 deaths 9754894 (1062.1s) NVIDIA GeForce RTX 3060
tick  144000 alive   942012 genomes   62648 energy   185.5 births 9739644 deaths 9738702 (1069.7s) NVIDIA GeForce RTX 3060
tick  145000 alive   943813 genomes   62724 energy   185.1 births 9736625 deaths 9734824 (1077.3s) NVIDIA GeForce RTX 3060
tick  146000 alive   942429 genomes   61840 energy   185.5 births 9699164 deaths 9700548 (1084.8s) NVIDIA GeForce RTX 3060
tick  147000 alive   941351 genomes   61273 energy   185.8 births 9600436 deaths 9601514 (1092.4s) NVIDIA GeForce RTX 3060
tick  148000 alive   943430 genomes   60347 energy   185.6 births 9616965 deaths 9614886 (1100.0s) NVIDIA GeForce RTX 3060
tick  149000 alive   943063 genomes   59801 energy   185.5 births 9632523 deaths 9632890 (1107.6s) NVIDIA GeForce RTX 3060
tick  150000 alive   943630 genomes   60582 energy   185.1 births 9670082 deaths 9669515 (1115.2s) NVIDIA GeForce RTX 3060
tick  151000 alive   942605 genomes   61389 energy   185.2 births 9660031 deaths 9661056 (1122.8s) NVIDIA GeForce RTX 3060
tick  152000 alive   942257 genomes   61233 energy   185.4 births 9651514 deaths 9651862 (1130.3s) NVIDIA GeForce RTX 3060
tick  153000 alive   940961 genomes   61460 energy   185.5 births 9625511 deaths 9626807 (1137.9s) NVIDIA GeForce RTX 3060
tick  154000 alive   940238 genomes   61160 energy   185.5 births 9566033 deaths 9566756 (1145.5s) NVIDIA GeForce RTX 3060
tick  155000 alive   942348 genomes   61054 energy   185.4 births 9602112 deaths 9600002 (1153.1s) NVIDIA GeForce RTX 3060
tick  156000 alive   942579 genomes   61043 energy   185.3 births 9627610 deaths 9627379 (1160.7s) NVIDIA GeForce RTX 3060
tick  157000 alive   941666 genomes   61498 energy   185.4 births 9641344 deaths 9642257 (1168.4s) NVIDIA GeForce RTX 3060
tick  158000 alive   941253 genomes   61630 energy   185.1 births 9632980 deaths 9633393 (1176.0s) NVIDIA GeForce RTX 3060
tick  159000 alive   941728 genomes   61579 energy   184.6 births 9690171 deaths 9689696 (1183.7s) NVIDIA GeForce RTX 3060
tick  160000 alive   940145 genomes   61379 energy   184.9 births 9698603 deaths 9700186 (1191.3s) NVIDIA GeForce RTX 3060
tick  161000 alive   939664 genomes   61368 energy   185.0 births 9671799 deaths 9672280 (1199.0s) NVIDIA GeForce RTX 3060
tick  162000 alive   939946 genomes   60722 energy   185.6 births 9615867 deaths 9615585 (1206.6s) NVIDIA GeForce RTX 3060
tick  163000 alive   938338 genomes   60055 energy   185.5 births 9566603 deaths 9568211 (1214.3s) NVIDIA GeForce RTX 3060
tick  164000 alive   939259 genomes   59950 energy   185.8 births 9581821 deaths 9580900 (1221.9s) NVIDIA GeForce RTX 3060
tick  165000 alive   939779 genomes   59309 energy   185.6 births 9541875 deaths 9541355 (1229.5s) NVIDIA GeForce RTX 3060
tick  166000 alive   940974 genomes   59931 energy   185.3 births 9605624 deaths 9604429 (1237.2s) NVIDIA GeForce RTX 3060
tick  167000 alive   940773 genomes   59273 energy   185.3 births 9599924 deaths 9600125 (1244.8s) NVIDIA GeForce RTX 3060
tick  168000 alive   942250 genomes   59580 energy   185.0 births 9639427 deaths 9637950 (1252.4s) NVIDIA GeForce RTX 3060
tick  169000 alive   939278 genomes   60066 energy   185.1 births 9656792 deaths 9659764 (1260.1s) NVIDIA GeForce RTX 3060
tick  170000 alive   941010 genomes   59750 energy   185.4 births 9601349 deaths 9599617 (1267.8s) NVIDIA GeForce RTX 3060
tick  171000 alive   941651 genomes   60196 energy   185.8 births 9584880 deaths 9584239 (1275.4s) NVIDIA GeForce RTX 3060
tick  172000 alive   941533 genomes   60989 energy   185.8 births 9552576 deaths 9552694 (1283.1s) NVIDIA GeForce RTX 3060
tick  173000 alive   941009 genomes   60720 energy   185.9 births 9534997 deaths 9535521 (1290.8s) NVIDIA GeForce RTX 3060
tick  174000 alive   942704 genomes   59435 energy   186.5 births 9505623 deaths 9503928 (1298.5s) NVIDIA GeForce RTX 3060
tick  175000 alive   945122 genomes   59497 energy   186.7 births 9417034 deaths 9414616 (1306.1s) NVIDIA GeForce RTX 3060
tick  176000 alive   944503 genomes   59814 energy   186.6 births 9413430 deaths 9414049 (1313.8s) NVIDIA GeForce RTX 3060
tick  177000 alive   943082 genomes   59834 energy   186.5 births 9374265 deaths 9375686 (1321.5s) NVIDIA GeForce RTX 3060
tick  178000 alive   943809 genomes   59352 energy   186.9 births 9375010 deaths 9374283 (1329.2s) NVIDIA GeForce RTX 3060
tick  179000 alive   943497 genomes   58716 energy   186.7 births 9377045 deaths 9377357 (1336.9s) NVIDIA GeForce RTX 3060
tick  180000 alive   943730 genomes   58078 energy   186.3 births 9366026 deaths 9365793 (1344.6s) NVIDIA GeForce RTX 3060
tick  181000 alive   945640 genomes   58052 energy   186.4 births 9380989 deaths 9379079 (1352.4s) NVIDIA GeForce RTX 3060
tick  182000 alive   947004 genomes   58212 energy   186.6 births 9377799 deaths 9376435 (1360.1s) NVIDIA GeForce RTX 3060
tick  183000 alive   947422 genomes   58867 energy   186.4 births 9437039 deaths 9436621 (1367.8s) NVIDIA GeForce RTX 3060
tick  184000 alive   947475 genomes   59020 energy   186.2 births 9462379 deaths 9462326 (1375.5s) NVIDIA GeForce RTX 3060
tick  185000 alive   947853 genomes   60094 energy   185.9 births 9504176 deaths 9503798 (1383.3s) NVIDIA GeForce RTX 3060
tick  186000 alive   947878 genomes   60548 energy   185.6 births 9573487 deaths 9573462 (1391.0s) NVIDIA GeForce RTX 3060
tick  187000 alive   946062 genomes   60824 energy   185.6 births 9564594 deaths 9566410 (1398.8s) NVIDIA GeForce RTX 3060
tick  188000 alive   945219 genomes   60549 energy   185.6 births 9515645 deaths 9516488 (1406.5s) NVIDIA GeForce RTX 3060
tick  189000 alive   946946 genomes   60284 energy   185.9 births 9510741 deaths 9509014 (1414.3s) NVIDIA GeForce RTX 3060
tick  190000 alive   949298 genomes   61111 energy   185.7 births 9539859 deaths 9537507 (1422.0s) NVIDIA GeForce RTX 3060
tick  191000 alive   949603 genomes   61099 energy   186.1 births 9553411 deaths 9553106 (1429.7s) NVIDIA GeForce RTX 3060
tick  192000 alive   949956 genomes   60961 energy   186.0 births 9520517 deaths 9520164 (1437.5s) NVIDIA GeForce RTX 3060
tick  193000 alive   948016 genomes   61244 energy   185.9 births 9527384 deaths 9529324 (1445.2s) NVIDIA GeForce RTX 3060
tick  194000 alive   949881 genomes   61794 energy   185.8 births 9580891 deaths 9579026 (1452.9s) NVIDIA GeForce RTX 3060
tick  195000 alive   949175 genomes   61442 energy   186.0 births 9614232 deaths 9614938 (1460.7s) NVIDIA GeForce RTX 3060
tick  196000 alive   949785 genomes   61780 energy   185.5 births 9645391 deaths 9644781 (1468.4s) NVIDIA GeForce RTX 3060
tick  197000 alive   948656 genomes   61349 energy   186.0 births 9607342 deaths 9608471 (1476.1s) NVIDIA GeForce RTX 3060
tick  198000 alive   949474 genomes   60427 energy   186.5 births 9518281 deaths 9517463 (1483.8s) NVIDIA GeForce RTX 3060
tick  199000 alive   951943 genomes   59458 energy   186.3 births 9469137 deaths 9466668 (1491.5s) NVIDIA GeForce RTX 3060
tick  200000 alive   952442 genomes   58444 energy   186.4 births 9526326 deaths 9525827 (1499.2s) NVIDIA GeForce RTX 3060
done 200000 ticks in 1499.3s
