tick       0 alive    52579 genomes   52579 energy    64.0 births 0 deaths 0 (0.0s) NVIDIA GeForce RTX 4090
tick    1000 alive   311933 genomes  137122 energy   112.9 births 3401843 deaths 3142489 (1.0s) NVIDIA GeForce RTX 4090
tick    2000 alive   695224 genomes  271221 energy   132.2 births 13032386 deaths 12649095 (3.4s) NVIDIA GeForce RTX 4090
tick    3000 alive   777980 genomes  253374 energy   159.8 births 14254028 deaths 14171272 (6.1s) NVIDIA GeForce RTX 4090
tick    4000 alive   816028 genomes  241735 energy   172.3 births 12171276 deaths 12133228 (8.6s) NVIDIA GeForce RTX 4090
tick    5000 alive   831900 genomes  236260 energy   178.1 births 11287104 deaths 11271232 (11.1s) NVIDIA GeForce RTX 4090
tick    6000 alive   813870 genomes  227675 energy   181.3 births 10516967 deaths 10534997 (13.7s) NVIDIA GeForce RTX 4090
tick    7000 alive   787750 genomes  218207 energy   181.1 births 9885248 deaths 9911368 (16.1s) NVIDIA GeForce RTX 4090
tick    8000 alive   763616 genomes  209249 energy   180.2 births 9555743 deaths 9579877 (18.6s) NVIDIA GeForce RTX 4090
tick    9000 alive   755736 genomes  201643 energy   178.3 births 9456041 deaths 9463921 (21.1s) NVIDIA GeForce RTX 4090
tick   10000 alive   766095 genomes  197059 energy   177.7 births 9678475 deaths 9668116 (23.6s) NVIDIA GeForce RTX 4090
tick   11000 alive   768838 genomes  189628 energy   177.0 births 9742362 deaths 9739619 (26.1s) NVIDIA GeForce RTX 4090
tick   12000 alive   776120 genomes  183821 energy   176.8 births 9798697 deaths 9791415 (28.7s) NVIDIA GeForce RTX 4090
tick   13000 alive   786797 genomes  178180 energy   177.2 births 9913524 deaths 9902847 (31.2s) NVIDIA GeForce RTX 4090
tick   14000 alive   793056 genomes  170754 energy   177.8 births 9910150 deaths 9903891 (33.7s) NVIDIA GeForce RTX 4090
tick   15000 alive   798879 genomes  165233 energy   177.6 births 9977765 deaths 9971942 (36.2s) NVIDIA GeForce RTX 4090
tick   16000 alive   803117 genomes  159517 energy   177.8 births 9966522 deaths 9962284 (38.7s) NVIDIA GeForce RTX 4090
tick   17000 alive   805134 genomes  153157 energy   178.3 births 9947221 deaths 9945204 (41.2s) NVIDIA GeForce RTX 4090
tick   18000 alive   804126 genomes  149418 energy   178.2 births 9925612 deaths 9926620 (43.6s) NVIDIA GeForce RTX 4090
tick   19000 alive   804181 genomes  146154 energy   178.2 births 9925034 deaths 9924979 (46.1s) NVIDIA GeForce RTX 4090
tick   20000 alive   804548 genomes  145046 energy   178.1 births 9946224 deaths 9945857 (48.6s) NVIDIA GeForce RTX 4090
tick   21000 alive   796320 genomes  142673 energy   177.9 births 9874573 deaths 9882801 (51.1s) NVIDIA GeForce RTX 4090
tick   22000 alive   798642 genomes  142165 energy   177.4 births 9864506 deaths 9862184 (53.5s) NVIDIA GeForce RTX 4090
tick   23000 alive   794135 genomes  138550 energy   177.0 births 9867711 deaths 9872218 (56.0s) NVIDIA GeForce RTX 4090
tick   24000 alive   788021 genomes  135959 energy   177.2 births 9800269 deaths 9806383 (58.5s) NVIDIA GeForce RTX 4090
tick   25000 alive   790700 genomes  134959 energy   176.6 births 9813933 deaths 9811254 (61.0s) NVIDIA GeForce RTX 4090
tick   26000 alive   792139 genomes  133144 energy   176.0 births 9895462 deaths 9894023 (63.5s) NVIDIA GeForce RTX 4090
tick   27000 alive   791754 genomes  130322 energy   176.4 births 9863461 deaths 9863846 (66.0s) NVIDIA GeForce RTX 4090
tick   28000 alive   790077 genomes  128314 energy   176.1 births 9839757 deaths 9841434 (68.4s) NVIDIA GeForce RTX 4090
tick   29000 alive   794089 genomes  126757 energy   175.6 births 9836342 deaths 9832330 (70.9s) NVIDIA GeForce RTX 4090
tick   30000 alive   795408 genomes  124862 energy   175.7 births 9929126 deaths 9927807 (73.4s) NVIDIA GeForce RTX 4090
tick   31000 alive   795599 genomes  122763 energy   175.5 births 9968175 deaths 9967984 (75.9s) NVIDIA GeForce RTX 4090
tick   32000 alive   799470 genomes  119394 energy   175.4 births 9955101 deaths 9951230 (78.3s) NVIDIA GeForce RTX 4090
tick   33000 alive   804093 genomes  118459 energy   175.1 births 10035681 deaths 10031058 (80.8s) NVIDIA GeForce RTX 4090
tick   34000 alive   807699 genomes  116220 energy   175.0 births 10060075 deaths 10056469 (83.3s) NVIDIA GeForce RTX 4090
tick   35000 alive   807842 genomes  115480 energy   175.2 births 10060533 deaths 10060390 (85.8s) NVIDIA GeForce RTX 4090
tick   36000 alive   806546 genomes  114709 energy   175.2 births 10023566 deaths 10024862 (88.2s) NVIDIA GeForce RTX 4090
tick   37000 alive   805926 genomes  114146 energy   175.5 births 10007030 deaths 10007650 (90.7s) NVIDIA GeForce RTX 4090
tick   38000 alive   809924 genomes  114475 energy   175.0 births 10029656 deaths 10025658 (93.2s) NVIDIA GeForce RTX 4090
tick   39000 alive   809081 genomes  113819 energy   175.3 births 10086953 deaths 10087796 (95.7s) NVIDIA GeForce RTX 4090
tick   40000 alive   813539 genomes  113402 energy   175.1 births 10097121 deaths 10092663 (98.2s) NVIDIA GeForce RTX 4090
tick   41000 alive   814310 genomes  113219 energy   175.4 births 10069886 deaths 10069115 (100.7s) NVIDIA GeForce RTX 4090
tick   42000 alive   816519 genomes  112238 energy   175.4 births 10088449 deaths 10086240 (103.1s) NVIDIA GeForce RTX 4090
tick   43000 alive   823489 genomes  110107 energy   175.6 births 10156371 deaths 10149401 (105.6s) NVIDIA GeForce RTX 4090
tick   44000 alive   826589 genomes  109187 energy   175.8 births 10205407 deaths 10202307 (108.1s) NVIDIA GeForce RTX 4090
tick   45000 alive   826975 genomes  109288 energy   176.3 births 10145599 deaths 10145213 (110.6s) NVIDIA GeForce RTX 4090
tick   46000 alive   829227 genomes  109556 energy   175.8 births 10187775 deaths 10185523 (113.1s) NVIDIA GeForce RTX 4090
tick   47000 alive   833237 genomes  109401 energy   175.9 births 10237752 deaths 10233742 (115.6s) NVIDIA GeForce RTX 4090
tick   48000 alive   832527 genomes  108598 energy   176.1 births 10212593 deaths 10213303 (118.1s) NVIDIA GeForce RTX 4090
tick   49000 alive   834271 genomes  107793 energy   176.3 births 10195506 deaths 10193762 (120.6s) NVIDIA GeForce RTX 4090
tick   50000 alive   831193 genomes  107129 energy   176.7 births 10110602 deaths 10113680 (123.1s) NVIDIA GeForce RTX 4090
tick   51000 alive   835526 genomes  107091 energy   177.3 births 10028347 deaths 10024014 (125.6s) NVIDIA GeForce RTX 4090
tick   52000 alive   834465 genomes  106193 energy   177.4 births 10002941 deaths 10004002 (128.1s) NVIDIA GeForce RTX 4090
tick   53000 alive   835190 genomes  105057 energy   176.8 births 10015450 deaths 10014725 (130.6s) NVIDIA GeForce RTX 4090
tick   54000 alive   839082 genomes  103342 energy   176.5 births 10095925 deaths 10092033 (133.2s) NVIDIA GeForce RTX 4090
tick   55000 alive   837450 genomes  102446 energy   176.3 births 10136500 deaths 10138132 (135.7s) NVIDIA GeForce RTX 4090
tick   56000 alive   841370 genomes  101297 energy   176.2 births 10151402 deaths 10147482 (138.2s) NVIDIA GeForce RTX 4090
tick   57000 alive   843041 genomes   99915 energy   176.8 births 10179806 deaths 10178135 (140.8s) NVIDIA GeForce RTX 4090
tick   58000 alive   841316 genomes   99485 energy   176.7 births 10076520 deaths 10078245 (143.3s) NVIDIA GeForce RTX 4090
tick   59000 alive   841781 genomes   99562 energy   176.6 births 10117332 deaths 10116867 (145.8s) NVIDIA GeForce RTX 4090
tick   60000 alive   844263 genomes   99538 energy   176.8 births 10133059 deaths 10130577 (148.3s) NVIDIA GeForce RTX 4090
tick   61000 alive   845907 genomes   98874 energy   177.1 births 10089661 deaths 10088017 (150.9s) NVIDIA GeForce RTX 4090
tick   62000 alive   848382 genomes   98397 energy   177.0 births 10157410 deaths 10154935 (153.4s) NVIDIA GeForce RTX 4090
tick   63000 alive   849825 genomes   98324 energy   177.3 births 10133093 deaths 10131650 (155.9s) NVIDIA GeForce RTX 4090
tick   64000 alive   850966 genomes   97802 energy   177.0 births 10139405 deaths 10138264 (158.4s) NVIDIA GeForce RTX 4090
tick   65000 alive   856689 genomes   97191 energy   177.1 births 10215212 deaths 10209489 (161.0s) NVIDIA GeForce RTX 4090
tick   66000 alive   860527 genomes   96677 energy   177.0 births 10237156 deaths 10233318 (163.5s) NVIDIA GeForce RTX 4090
tick   67000 alive   864886 genomes   96065 energy   177.1 births 10273915 deaths 10269556 (166.0s) NVIDIA GeForce RTX 4090
tick   68000 alive   870111 genomes   96956 energy   177.5 births 10324894 deaths 10319669 (168.6s) NVIDIA GeForce RTX 4090
tick   69000 alive   872017 genomes   96828 energy   177.8 births 10289901 deaths 10287995 (171.1s) NVIDIA GeForce RTX 4090
tick   70000 alive   871309 genomes   96246 energy   178.3 births 10268370 deaths 10269078 (173.7s) NVIDIA GeForce RTX 4090
tick   71000 alive   872390 genomes   96338 energy   177.9 births 10258381 deaths 10257300 (176.2s) NVIDIA GeForce RTX 4090
tick   72000 alive   872555 genomes   95541 energy   178.4 births 10219857 deaths 10219692 (178.7s) NVIDIA GeForce RTX 4090
tick   73000 alive   877784 genomes   94683 energy   178.4 births 10269553 deaths 10264324 (181.3s) NVIDIA GeForce RTX 4090
tick   74000 alive   875641 genomes   93776 energy   179.1 births 10243991 deaths 10246134 (183.8s) NVIDIA GeForce RTX 4090
tick   75000 alive   877580 genomes   92461 energy   179.1 births 10102375 deaths 10100436 (186.4s) NVIDIA GeForce RTX 4090
tick   76000 alive   880272 genomes   92041 energy   179.5 births 10135259 deaths 10132567 (188.9s) NVIDIA GeForce RTX 4090
tick   77000 alive   883230 genomes   91157 energy   179.6 births 10163312 deaths 10160354 (191.4s) NVIDIA GeForce RTX 4090
tick   78000 alive   888016 genomes   90462 energy   179.4 births 10195833 deaths 10191047 (194.0s) NVIDIA GeForce RTX 4090
tick   79000 alive   888944 genomes   90179 energy   179.5 births 10196911 deaths 10195983 (196.5s) NVIDIA GeForce RTX 4090
tick   80000 alive   889169 genomes   90274 energy   179.9 births 10197662 deaths 10197437 (199.0s) NVIDIA GeForce RTX 4090
tick   81000 alive   886050 genomes   89577 energy   180.5 births 10117921 deaths 10121040 (201.6s) NVIDIA GeForce RTX 4090
tick   82000 alive   886307 genomes   89218 energy   181.0 births 10038697 deaths 10038440 (204.1s) NVIDIA GeForce RTX 4090
tick   83000 alive   884378 genomes   89553 energy   181.0 births 9992851 deaths 9994780 (206.6s) NVIDIA GeForce RTX 4090
tick   84000 alive   880992 genomes   89851 energy   181.0 births 9936584 deaths 9939970 (209.1s) NVIDIA GeForce RTX 4090
tick   85000 alive   883537 genomes   89599 energy   180.7 births 9921773 deaths 9919228 (211.7s) NVIDIA GeForce RTX 4090
tick   86000 alive   881705 genomes   89289 energy   179.9 births 10000650 deaths 10002482 (214.2s) NVIDIA GeForce RTX 4090
tick   87000 alive   887608 genomes   89362 energy   179.2 births 10106814 deaths 10100911 (216.7s) NVIDIA GeForce RTX 4090
tick   88000 alive   887495 genomes   89392 energy   179.4 births 10167026 deaths 10167139 (219.2s) NVIDIA GeForce RTX 4090
tick   89000 alive   886338 genomes   89445 energy   179.1 births 10206343 deaths 10207500 (221.7s) NVIDIA GeForce RTX 4090
tick   90000 alive   886881 genomes   88997 energy   179.5 births 10197301 deaths 10196758 (224.3s) NVIDIA GeForce RTX 4090
tick   91000 alive   884110 genomes   88537 energy   179.6 births 10107716 deaths 10110487 (226.8s) NVIDIA GeForce RTX 4090
tick   92000 alive   880820 genomes   87280 energy   179.8 births 10076190 deaths 10079480 (229.3s) NVIDIA GeForce RTX 4090
tick   93000 alive   880786 genomes   86579 energy   179.9 births 10030750 deaths 10030784 (231.8s) NVIDIA GeForce RTX 4090
tick   94000 alive   882029 genomes   85979 energy   179.8 births 9990020 deaths 9988777 (234.4s) NVIDIA GeForce RTX 4090
tick   95000 alive   882170 genomes   84363 energy   179.8 births 10026100 deaths 10025959 (236.9s) NVIDIA GeForce RTX 4090
tick   96000 alive   881022 genomes   83816 energy   179.6 births 10012853 deaths 10014001 (239.4s) NVIDIA GeForce RTX 4090
tick   97000 alive   884985 genomes   82532 energy   179.4 births 10082609 deaths 10078646 (242.0s) NVIDIA GeForce RTX 4090
tick   98000 alive   887278 genomes   81666 energy   179.5 births 10132746 deaths 10130453 (244.5s) NVIDIA GeForce RTX 4090
tick   99000 alive   887644 genomes   81484 energy   179.9 births 10090384 deaths 10090018 (247.0s) NVIDIA GeForce RTX 4090
tick  100000 alive   886610 genomes   82074 energy   180.7 births 10004555 deaths 10005589 (249.6s) NVIDIA GeForce RTX 4090
tick  101000 alive   887248 genomes   80713 energy   181.0 births 9912735 deaths 9912097 (252.1s) NVIDIA GeForce RTX 4090
tick  102000 alive   884839 genomes   79876 energy   181.5 births 9836140 deaths 9838549 (254.6s) NVIDIA GeForce RTX 4090
tick  103000 alive   885705 genomes   80259 energy   181.8 births 9766980 deaths 9766114 (257.1s) NVIDIA GeForce RTX 4090
tick  104000 alive   886517 genomes   79275 energy   182.0 births 9726062 deaths 9725250 (259.7s) NVIDIA GeForce RTX 4090
tick  105000 alive   884660 genomes   79383 energy   181.9 births 9712720 deaths 9714577 (262.2s) NVIDIA GeForce RTX 4090
tick  106000 alive   880255 genomes   79553 energy   181.8 births 9696691 deaths 9701096 (264.7s) NVIDIA GeForce RTX 4090
tick  107000 alive   879193 genomes   78740 energy   182.0 births 9646811 deaths 9647873 (267.2s) NVIDIA GeForce RTX 4090
tick  108000 alive   880923 genomes   78022 energy   181.9 births 9657319 deaths 9655589 (269.8s) NVIDIA GeForce RTX 4090
tick  109000 alive   882584 genomes   77629 energy   181.6 births 9671413 deaths 9669752 (272.3s) NVIDIA GeForce RTX 4090
tick  110000 alive   881390 genomes   76800 energy   181.5 births 9720496 deaths 9721690 (274.8s) NVIDIA GeForce RTX 4090
tick  111000 alive   883970 genomes   76481 energy   181.0 births 9708830 deaths 9706250 (277.3s) NVIDIA GeForce RTX 4090
tick  112000 alive   887642 genomes   75756 energy   180.7 births 9799135 deaths 9795463 (279.9s) NVIDIA GeForce RTX 4090
tick  113000 alive   888025 genomes   75831 energy   180.4 births 9885986 deaths 9885603 (282.4s) NVIDIA GeForce RTX 4090
tick  114000 alive   889687 genomes   76025 energy   180.5 births 9906547 deaths 9904885 (284.9s) NVIDIA GeForce RTX 4090
tick  115000 alive   888127 genomes   75414 energy   181.0 births 9884177 deaths 9885737 (287.5s) NVIDIA GeForce RTX 4090
tick  116000 alive   887419 genomes   74864 energy   180.9 births 9858250 deaths 9858958 (290.0s) NVIDIA GeForce RTX 4090
tick  117000 alive   882594 genomes   74944 energy   181.1 births 9824629 deaths 9829454 (292.5s) NVIDIA GeForce RTX 4090
tick  118000 alive   882547 genomes   74980 energy   180.7 births 9783498 deaths 9783545 (295.0s) NVIDIA GeForce RTX 4090
tick  119000 alive   876834 genomes   75009 energy   181.1 births 9780222 deaths 9785935 (297.6s) NVIDIA GeForce RTX 4090
tick  120000 alive   877359 genomes   74598 energy   180.7 births 9730613 deaths 9730088 (300.1s) NVIDIA GeForce RTX 4090
tick  121000 alive   874090 genomes   73898 energy   180.7 births 9745788 deaths 9749057 (302.6s) NVIDIA GeForce RTX 4090
tick  122000 alive   871778 genomes   74179 energy   180.6 births 9734354 deaths 9736666 (305.1s) NVIDIA GeForce RTX 4090
tick  123000 alive   869571 genomes   73467 energy   180.7 births 9679943 deaths 9682150 (307.6s) NVIDIA GeForce RTX 4090
tick  124000 alive   869296 genomes   72461 energy   180.5 births 9692940 deaths 9693215 (310.2s) NVIDIA GeForce RTX 4090
tick  125000 alive   869555 genomes   72513 energy   180.0 births 9713323 deaths 9713064 (312.7s) NVIDIA GeForce RTX 4090
tick  126000 alive   873724 genomes   72228 energy   180.2 births 9740248 deaths 9736079 (315.2s) NVIDIA GeForce RTX 4090
tick  127000 alive   875370 genomes   71298 energy   180.1 births 9805196 deaths 9803550 (317.7s) NVIDIA GeForce RTX 4090
tick  128000 alive   874213 genomes   70761 energy   180.2 births 9790146 deaths 9791303 (320.2s) NVIDIA GeForce RTX 4090
tick  129000 alive   870317 genomes   70080 energy   180.6 births 9717980 deaths 9721876 (322.7s) NVIDIA GeForce RTX 4090
tick  130000 alive   871330 genomes   70013 energy   181.1 births 9653143 deaths 9652130 (325.3s) NVIDIA GeForce RTX 4090
tick  131000 alive   870299 genomes   69018 energy   181.2 births 9598983 deaths 9600014 (327.8s) NVIDIA GeForce RTX 4090
tick  132000 alive   870722 genomes   68372 energy   182.0 births 9522309 deaths 9521886 (330.3s) NVIDIA GeForce RTX 4090
tick  133000 alive   869970 genomes   68088 energy   182.3 births 9461449 deaths 9462201 (332.8s) NVIDIA GeForce RTX 4090
tick  134000 alive   870823 genomes   67342 energy   182.9 births 9414426 deaths 9413573 (335.3s) NVIDIA GeForce RTX 4090
tick  135000 alive   866865 genomes   66819 energy   182.9 births 9290929 deaths 9294887 (337.8s) NVIDIA GeForce RTX 4090
tick  136000 alive   866770 genomes   66454 energy   183.4 births 9264065 deaths 9264160 (340.3s) NVIDIA GeForce RTX 4090
tick  137000 alive   864517 genomes   65501 energy   183.6 births 9190188 deaths 9192441 (342.8s) NVIDIA GeForce RTX 4090
tick  138000 alive   864429 genomes   65700 energy   183.2 births 9180727 deaths 9180815 (345.2s) NVIDIA GeForce RTX 4090
tick  139000 alive   866183 genomes   64907 energy   182.8 births 9206677 deaths 9204923 (347.7s) NVIDIA GeForce RTX 4090
tick  140000 alive   863314 genomes   65888 energy   182.8 births 9212896 deaths 9215765 (350.2s) NVIDIA GeForce RTX 4090
tick  141000 alive   862690 genomes   64646 energy   183.5 births 9188923 deaths 9189547 (352.7s) NVIDIA GeForce RTX 4090
tick  142000 alive   862347 genomes   63475 energy   183.7 births 9083731 deaths 9084074 (355.2s) NVIDIA GeForce RTX 4090
tick  143000 alive   862513 genomes   63064 energy   183.8 births 9036180 deaths 9036014 (357.7s) NVIDIA GeForce RTX 4090
tick  144000 alive   861683 genomes   62438 energy   184.2 births 8977061 deaths 8977891 (360.2s) NVIDIA GeForce RTX 4090
tick  145000 alive   859738 genomes   61306 energy   185.2 births 8821333 deaths 8823278 (362.7s) NVIDIA GeForce RTX 4090
tick  146000 alive   861090 genomes   60720 energy   185.4 births 8754992 deaths 8753640 (365.2s) NVIDIA GeForce RTX 4090
tick  147000 alive   858500 genomes   60828 energy   185.6 births 8704827 deaths 8707417 (367.7s) NVIDIA GeForce RTX 4090
tick  148000 alive   858702 genomes   60292 energy   185.5 births 8689888 deaths 8689686 (370.2s) NVIDIA GeForce RTX 4090
tick  149000 alive   860887 genomes   60300 energy   185.9 births 8700945 deaths 8698760 (372.7s) NVIDIA GeForce RTX 4090
tick  150000 alive   860684 genomes   59512 energy   185.9 births 8656845 deaths 8657048 (375.2s) NVIDIA GeForce RTX 4090
tick  151000 alive   858233 genomes   59156 energy   186.3 births 8584322 deaths 8586773 (377.7s) NVIDIA GeForce RTX 4090
tick  152000 alive   858399 genomes   59015 energy   186.4 births 8579752 deaths 8579586 (380.2s) NVIDIA GeForce RTX 4090
tick  153000 alive   857924 genomes   59189 energy   186.6 births 8500924 deaths 8501399 (382.7s) NVIDIA GeForce RTX 4090
tick  154000 alive   858011 genomes   59273 energy   186.3 births 8525733 deaths 8525646 (385.2s) NVIDIA GeForce RTX 4090
tick  155000 alive   858141 genomes   58948 energy   186.3 births 8545436 deaths 8545306 (387.7s) NVIDIA GeForce RTX 4090
tick  156000 alive   860577 genomes   58627 energy   186.1 births 8564800 deaths 8562364 (390.2s) NVIDIA GeForce RTX 4090
tick  157000 alive   862718 genomes   58693 energy   185.9 births 8573353 deaths 8571212 (392.7s) NVIDIA GeForce RTX 4090
tick  158000 alive   865774 genomes   58928 energy   185.6 births 8654728 deaths 8651672 (395.2s) NVIDIA GeForce RTX 4090
tick  159000 alive   863041 genomes   58720 energy   185.7 births 8665701 deaths 8668434 (397.7s) NVIDIA GeForce RTX 4090
tick  160000 alive   866223 genomes   59241 energy   185.5 births 8688330 deaths 8685148 (400.2s) NVIDIA GeForce RTX 4090
tick  161000 alive   866567 genomes   59076 energy   185.8 births 8707598 deaths 8707254 (402.7s) NVIDIA GeForce RTX 4090
tick  162000 alive   867736 genomes   59070 energy   185.7 births 8727770 deaths 8726601 (405.2s) NVIDIA GeForce RTX 4090
tick  163000 alive   865739 genomes   58953 energy   185.6 births 8710172 deaths 8712169 (407.7s) NVIDIA GeForce RTX 4090
tick  164000 alive   867093 genomes   58678 energy   185.9 births 8695277 deaths 8693923 (410.2s) NVIDIA GeForce RTX 4090
tick  165000 alive   864609 genomes   58836 energy   185.6 births 8669066 deaths 8671550 (412.7s) NVIDIA GeForce RTX 4090
tick  166000 alive   870282 genomes   58147 energy   185.8 births 8676701 deaths 8671028 (415.2s) NVIDIA GeForce RTX 4090
tick  167000 alive   869103 genomes   57354 energy   185.9 births 8689894 deaths 8691073 (417.7s) NVIDIA GeForce RTX 4090
tick  168000 alive   872333 genomes   56993 energy   185.8 births 8684598 deaths 8681368 (420.2s) NVIDIA GeForce RTX 4090
tick  169000 alive   874981 genomes   57028 energy   185.9 births 8725216 deaths 8722568 (422.7s) NVIDIA GeForce RTX 4090
tick  170000 alive   873036 genomes   56582 energy   186.0 births 8717576 deaths 8719521 (425.2s) NVIDIA GeForce RTX 4090
tick  171000 alive   873872 genomes   57051 energy   186.2 births 8700272 deaths 8699436 (427.8s) NVIDIA GeForce RTX 4090
tick  172000 alive   876625 genomes   57161 energy   185.9 births 8729326 deaths 8726573 (430.3s) NVIDIA GeForce RTX 4090
tick  173000 alive   876814 genomes   57454 energy   185.9 births 8756641 deaths 8756452 (432.8s) NVIDIA GeForce RTX 4090
tick  174000 alive   876338 genomes   56735 energy   186.4 births 8717336 deaths 8717812 (435.3s) NVIDIA GeForce RTX 4090
tick  175000 alive   875116 genomes   55987 energy   186.7 births 8637150 deaths 8638372 (437.8s) NVIDIA GeForce RTX 4090
tick  176000 alive   878270 genomes   55406 energy   187.0 births 8598543 deaths 8595389 (440.3s) NVIDIA GeForce RTX 4090
tick  177000 alive   879523 genomes   54990 energy   187.3 births 8570669 deaths 8569416 (442.8s) NVIDIA GeForce RTX 4090
tick  178000 alive   878319 genomes   54497 energy   187.5 births 8524614 deaths 8525818 (445.3s) NVIDIA GeForce RTX 4090
tick  179000 alive   877107 genomes   54411 energy   187.6 births 8478617 deaths 8479829 (447.8s) NVIDIA GeForce RTX 4090
tick  180000 alive   874872 genomes   54240 energy   188.0 births 8434170 deaths 8436405 (450.3s) NVIDIA GeForce RTX 4090
tick  181000 alive   875117 genomes   54019 energy   187.8 births 8385460 deaths 8385215 (452.8s) NVIDIA GeForce RTX 4090
tick  182000 alive   874042 genomes   53411 energy   187.9 births 8401357 deaths 8402432 (455.3s) NVIDIA GeForce RTX 4090
tick  183000 alive   877195 genomes   53259 energy   187.8 births 8398021 deaths 8394868 (457.8s) NVIDIA GeForce RTX 4090
tick  184000 alive   875674 genomes   53340 energy   187.9 births 8401427 deaths 8402948 (460.3s) NVIDIA GeForce RTX 4090
tick  185000 alive   875988 genomes   53150 energy   187.9 births 8379279 deaths 8378965 (462.8s) NVIDIA GeForce RTX 4090
tick  186000 alive   876979 genomes   53321 energy   187.8 births 8396929 deaths 8395938 (465.3s) NVIDIA GeForce RTX 4090
tick  187000 alive   877430 genomes   53281 energy   188.0 births 8383600 deaths 8383149 (467.8s) NVIDIA GeForce RTX 4090
tick  188000 alive   876099 genomes   52737 energy   188.4 births 8348518 deaths 8349849 (470.3s) NVIDIA GeForce RTX 4090
tick  189000 alive   879462 genomes   52158 energy   188.0 births 8353666 deaths 8350303 (472.8s) NVIDIA GeForce RTX 4090
tick  190000 alive   881718 genomes   51997 energy   188.2 births 8448417 deaths 8446161 (475.3s) NVIDIA GeForce RTX 4090
tick  191000 alive   881032 genomes   51445 energy   187.8 births 8429636 deaths 8430322 (477.9s) NVIDIA GeForce RTX 4090
tick  192000 alive   880638 genomes   52088 energy   187.5 births 8451615 deaths 8452009 (480.4s) NVIDIA GeForce RTX 4090
tick  193000 alive   879249 genomes   51470 energy   187.5 births 8507126 deaths 8508515 (482.9s) NVIDIA GeForce RTX 4090
tick  194000 alive   879632 genomes   51970 energy   187.2 births 8509342 deaths 8508959 (485.4s) NVIDIA GeForce RTX 4090
tick  195000 alive   879501 genomes   51753 energy   186.9 births 8536376 deaths 8536507 (487.9s) NVIDIA GeForce RTX 4090
tick  196000 alive   880160 genomes   51500 energy   187.4 births 8523543 deaths 8522884 (490.4s) NVIDIA GeForce RTX 4090
tick  197000 alive   879496 genomes   51458 energy   187.2 births 8530794 deaths 8531458 (492.9s) NVIDIA GeForce RTX 4090
tick  198000 alive   879154 genomes   51233 energy   187.4 births 8515637 deaths 8515979 (495.4s) NVIDIA GeForce RTX 4090
tick  199000 alive   880639 genomes   51403 energy   186.9 births 8513296 deaths 8511811 (497.9s) NVIDIA GeForce RTX 4090
tick  200000 alive   882215 genomes   51219 energy   186.6 births 8609472 deaths 8607896 (500.4s) NVIDIA GeForce RTX 4090
done 200000 ticks in 500.4s
