WARNING: radv is not a conformant Vulkan implementation, testing use only.
WARNING: radv is not a conformant Vulkan implementation, testing use only.
tick       0 alive    52687 genomes   52687 energy    64.0 births 0 deaths 0 (0.0s) AMD Radeon RX 9070 XT (RADV GFX1201)
tick    1000 alive  1038495 genomes  328050 energy   155.0 births 22648256 deaths 21662448 (7.8s) AMD Radeon RX 9070 XT (RADV GFX1201)
tick    2000 alive  1039084 genomes  289528 energy   169.2 births 28466502 deaths 28465913 (16.0s) AMD Radeon RX 9070 XT (RADV GFX1201)
tick    3000 alive  1038245 genomes  249032 energy   171.3 births 27554608 deaths 27555447 (24.2s) AMD Radeon RX 9070 XT (RADV GFX1201)
tick    4000 alive  1036393 genomes  218353 energy   174.2 births 27198187 deaths 27200039 (32.4s) AMD Radeon RX 9070 XT (RADV GFX1201)
tick    5000 alive  1031365 genomes  199013 energy   177.8 births 26232934 deaths 26237962 (40.3s) AMD Radeon RX 9070 XT (RADV GFX1201)
tick    6000 alive  1022472 genomes  186702 energy   180.6 births 24974796 deaths 24983689 (48.5s) AMD Radeon RX 9070 XT (RADV GFX1201)
tick    7000 alive  1011903 genomes  178298 energy   183.2 births 23796075 deaths 23806644 (56.6s) AMD Radeon RX 9070 XT (RADV GFX1201)
tick    8000 alive  1001926 genomes  175668 energy   184.1 births 22987307 deaths 22997284 (64.8s) AMD Radeon RX 9070 XT (RADV GFX1201)
tick    9000 alive   985611 genomes  175346 energy   185.1 births 22295470 deaths 22311785 (72.7s) AMD Radeon RX 9070 XT (RADV GFX1201)
tick   10000 alive   971688 genomes  175057 energy   186.4 births 21490139 deaths 21504062 (80.9s) AMD Radeon RX 9070 XT (RADV GFX1201)
tick   11000 alive   955593 genomes  179976 energy   186.1 births 20876667 deaths 20892762 (89.1s) AMD Radeon RX 9070 XT (RADV GFX1201)
tick   12000 alive   941396 genomes  182856 energy   187.0 births 20441626 deaths 20455823 (97.3s) AMD Radeon RX 9070 XT (RADV GFX1201)
tick   13000 alive   928369 genomes  186664 energy   188.8 births 19747866 deaths 19760893 (105.3s) AMD Radeon RX 9070 XT (RADV GFX1201)
tick   14000 alive   913773 genomes  192563 energy   190.2 births 18962781 deaths 18977377 (113.4s) AMD Radeon RX 9070 XT (RADV GFX1201)
tick   15000 alive   900565 genomes  200251 energy   190.4 births 18321836 deaths 18335044 (121.5s) AMD Radeon RX 9070 XT (RADV GFX1201)
tick   16000 alive   886588 genomes  206770 energy   191.2 births 17853722 deaths 17867699 (129.6s) AMD Radeon RX 9070 XT (RADV GFX1201)
tick   17000 alive   878826 genomes  212938 energy   191.7 births 17451480 deaths 17459242 (137.6s) AMD Radeon RX 9070 XT (RADV GFX1201)
tick   18000 alive   874387 genomes  217965 energy   192.5 births 17008799 deaths 17013238 (145.6s) AMD Radeon RX 9070 XT (RADV GFX1201)
tick   19000 alive   874550 genomes  221932 energy   193.4 births 16736748 deaths 16736585 (153.8s) AMD Radeon RX 9070 XT (RADV GFX1201)
tick   20000 alive   872545 genomes  225567 energy   194.4 births 16545690 deaths 16547695 (161.9s) AMD Radeon RX 9070 XT (RADV GFX1201)
tick   21000 alive   866766 genomes  228577 energy   194.8 births 16235916 deaths 16241695 (170.1s) AMD Radeon RX 9070 XT (RADV GFX1201)
tick   22000 alive   857648 genomes  229391 energy   195.2 births 15944221 deaths 15953339 (177.9s) AMD Radeon RX 9070 XT (RADV GFX1201)
tick   23000 alive   859367 genomes  230386 energy   194.9 births 15833417 deaths 15831698 (185.9s) AMD Radeon RX 9070 XT (RADV GFX1201)
tick   24000 alive   866895 genomes  231298 energy   195.3 births 15911029 deaths 15903501 (194.0s) AMD Radeon RX 9070 XT (RADV GFX1201)
tick   25000 alive   866833 genomes  231774 energy   195.5 births 15923816 deaths 15923878 (202.0s) AMD Radeon RX 9070 XT (RADV GFX1201)
tick   26000 alive   865843 genomes  231706 energy   195.7 births 15754606 deaths 15755596 (209.9s) AMD Radeon RX 9070 XT (RADV GFX1201)
tick   27000 alive   864755 genomes  231927 energy   195.4 births 15888825 deaths 15889913 (217.9s) AMD Radeon RX 9070 XT (RADV GFX1201)
tick   28000 alive   866560 genomes  230271 energy   195.7 births 15826612 deaths 15824807 (225.9s) AMD Radeon RX 9070 XT (RADV GFX1201)
tick   29000 alive   867733 genomes  230998 energy   195.8 births 15817079 deaths 15815906 (233.9s) AMD Radeon RX 9070 XT (RADV GFX1201)
tick   30000 alive   867438 genomes  230748 energy   196.0 births 15840891 deaths 15841186 (241.9s) AMD Radeon RX 9070 XT (RADV GFX1201)
tick   31000 alive   871952 genomes  232381 energy   195.8 births 15785839 deaths 15781325 (249.8s) AMD Radeon RX 9070 XT (RADV GFX1201)
tick   32000 alive   868972 genomes  229857 energy   195.9 births 15857190 deaths 15860170 (257.9s) AMD Radeon RX 9070 XT (RADV GFX1201)
tick   33000 alive   870567 genomes  230135 energy   195.9 births 15836382 deaths 15834787 (265.9s) AMD Radeon RX 9070 XT (RADV GFX1201)
tick   34000 alive   869887 genomes  229500 energy   196.1 births 15725243 deaths 15725923 (273.9s) AMD Radeon RX 9070 XT (RADV GFX1201)
tick   35000 alive   869246 genomes  228903 energy   196.3 births 15738548 deaths 15739189 (281.7s) AMD Radeon RX 9070 XT (RADV GFX1201)
tick   36000 alive   872131 genomes  228879 energy   196.6 births 15651937 deaths 15649052 (289.7s) AMD Radeon RX 9070 XT (RADV GFX1201)
tick   37000 alive   870719 genomes  228478 energy   196.8 births 15695146 deaths 15696558 (297.7s) AMD Radeon RX 9070 XT (RADV GFX1201)
tick   38000 alive   872286 genomes  227661 energy   196.5 births 15671170 deaths 15669603 (305.7s) AMD Radeon RX 9070 XT (RADV GFX1201)
tick   39000 alive   873804 genomes  228703 energy   196.4 births 15678489 deaths 15676971 (313.6s) AMD Radeon RX 9070 XT (RADV GFX1201)
tick   40000 alive   872849 genomes  230563 energy   197.5 births 15598779 deaths 15599734 (321.4s) AMD Radeon RX 9070 XT (RADV GFX1201)
tick   41000 alive   866493 genomes  231485 energy   197.9 births 15276524 deaths 15282880 (329.3s) AMD Radeon RX 9070 XT (RADV GFX1201)
tick   42000 alive   864916 genomes  231457 energy   197.8 births 15140467 deaths 15142044 (337.1s) AMD Radeon RX 9070 XT (RADV GFX1201)
tick   43000 alive   868330 genomes  229122 energy   197.8 births 15246629 deaths 15243215 (345.0s) AMD Radeon RX 9070 XT (RADV GFX1201)
tick   44000 alive   872091 genomes  229415 energy   197.6 births 15326191 deaths 15322430 (352.7s) AMD Radeon RX 9070 XT (RADV GFX1201)
tick   45000 alive   872209 genomes  227592 energy   198.1 births 15375766 deaths 15375648 (360.6s) AMD Radeon RX 9070 XT (RADV GFX1201)
tick   46000 alive   876180 genomes  228328 energy   197.5 births 15291905 deaths 15287934 (368.5s) AMD Radeon RX 9070 XT (RADV GFX1201)
tick   47000 alive   874683 genomes  228571 energy   198.3 births 15353342 deaths 15354839 (376.4s) AMD Radeon RX 9070 XT (RADV GFX1201)
tick   48000 alive   875222 genomes  229693 energy   197.8 births 15255820 deaths 15255281 (384.4s) AMD Radeon RX 9070 XT (RADV GFX1201)
tick   49000 alive   877423 genomes  228029 energy   198.1 births 15284480 deaths 15282279 (392.1s) AMD Radeon RX 9070 XT (RADV GFX1201)
tick   50000 alive   882944 genomes  227549 energy   198.3 births 15432762 deaths 15427241 (399.9s) AMD Radeon RX 9070 XT (RADV GFX1201)
tick   51000 alive   878999 genomes  229168 energy   198.4 births 15346455 deaths 15350400 (407.7s) AMD Radeon RX 9070 XT (RADV GFX1201)
tick   52000 alive   878597 genomes  228267 energy   198.4 births 15327932 deaths 15328334 (415.5s) AMD Radeon RX 9070 XT (RADV GFX1201)
tick   53000 alive   887407 genomes  225980 energy   198.0 births 15474260 deaths 15465450 (423.2s) AMD Radeon RX 9070 XT (RADV GFX1201)
tick   54000 alive   891071 genomes  222267 energy   198.4 births 15612140 deaths 15608476 (431.2s) AMD Radeon RX 9070 XT (RADV GFX1201)
tick   55000 alive   887261 genomes  223952 energy   198.8 births 15474996 deaths 15478806 (439.2s) AMD Radeon RX 9070 XT (RADV GFX1201)
tick   56000 alive   887936 genomes  223818 energy   198.2 births 15450032 deaths 15449357 (447.2s) AMD Radeon RX 9070 XT (RADV GFX1201)
tick   57000 alive   891488 genomes  224767 energy   198.8 births 15547046 deaths 15543494 (455.1s) AMD Radeon RX 9070 XT (RADV GFX1201)
tick   58000 alive   892867 genomes  222958 energy   199.0 births 15559082 deaths 15557703 (462.9s) AMD Radeon RX 9070 XT (RADV GFX1201)
tick   59000 alive   888075 genomes  222366 energy   198.8 births 15438512 deaths 15443304 (470.7s) AMD Radeon RX 9070 XT (RADV GFX1201)
tick   60000 alive   893659 genomes  218727 energy   198.2 births 15552869 deaths 15547285 (478.6s) AMD Radeon RX 9070 XT (RADV GFX1201)
tick   61000 alive   899208 genomes  217536 energy   198.3 births 15775930 deaths 15770381 (486.5s) AMD Radeon RX 9070 XT (RADV GFX1201)
tick   62000 alive   895161 genomes  217169 energy   198.9 births 15660295 deaths 15664342 (494.3s) AMD Radeon RX 9070 XT (RADV GFX1201)
tick   63000 alive   892168 genomes  217572 energy   198.9 births 15488448 deaths 15491441 (502.1s) AMD Radeon RX 9070 XT (RADV GFX1201)
tick   64000 alive   894496 genomes  218037 energy   198.5 births 15548274 deaths 15545946 (509.9s) AMD Radeon RX 9070 XT (RADV GFX1201)
tick   65000 alive   891122 genomes  215379 energy   198.6 births 15625491 deaths 15628865 (517.7s) AMD Radeon RX 9070 XT (RADV GFX1201)
tick   66000 alive   896361 genomes  215028 energy   198.8 births 15589949 deaths 15584710 (525.6s) AMD Radeon RX 9070 XT (RADV GFX1201)
tick   67000 alive   897601 genomes  214362 energy   198.6 births 15750608 deaths 15749368 (533.4s) AMD Radeon RX 9070 XT (RADV GFX1201)
tick   68000 alive   901512 genomes  212470 energy   198.4 births 15793196 deaths 15789285 (541.3s) AMD Radeon RX 9070 XT (RADV GFX1201)
tick   69000 alive   899885 genomes  212278 energy   198.8 births 15781929 deaths 15783556 (549.1s) AMD Radeon RX 9070 XT (RADV GFX1201)
tick   70000 alive   897979 genomes  211331 energy   198.6 births 15787190 deaths 15789096 (557.0s) AMD Radeon RX 9070 XT (RADV GFX1201)
tick   71000 alive   894549 genomes  210272 energy   198.3 births 15712786 deaths 15716216 (564.8s) AMD Radeon RX 9070 XT (RADV GFX1201)
tick   72000 alive   901190 genomes  208980 energy   197.9 births 15910379 deaths 15903738 (572.8s) AMD Radeon RX 9070 XT (RADV GFX1201)
tick   73000 alive   906419 genomes  207082 energy   198.2 births 16061494 deaths 16056265 (580.6s) AMD Radeon RX 9070 XT (RADV GFX1201)
tick   74000 alive   902762 genomes  205333 energy   198.9 births 15949552 deaths 15953209 (588.5s) AMD Radeon RX 9070 XT (RADV GFX1201)
tick   75000 alive   905920 genomes  205472 energy   198.5 births 15920207 deaths 15917049 (596.5s) AMD Radeon RX 9070 XT (RADV GFX1201)
tick   76000 alive   908291 genomes  203498 energy   198.4 births 15992856 deaths 15990485 (604.2s) AMD Radeon RX 9070 XT (RADV GFX1201)
tick   77000 alive   911995 genomes  201375 energy   198.3 births 16153119 deaths 16149415 (612.1s) AMD Radeon RX 9070 XT (RADV GFX1201)
tick   78000 alive   912516 genomes  200369 energy   198.4 births 16130012 deaths 16129491 (620.0s) AMD Radeon RX 9070 XT (RADV GFX1201)
tick   79000 alive   911402 genomes  198864 energy   198.1 births 16120459 deaths 16121573 (627.8s) AMD Radeon RX 9070 XT (RADV GFX1201)
tick   80000 alive   913636 genomes  198911 energy   198.0 births 16244676 deaths 16242442 (635.5s) AMD Radeon RX 9070 XT (RADV GFX1201)
tick   81000 alive   914528 genomes  198433 energy   198.0 births 16320622 deaths 16319730 (643.4s) AMD Radeon RX 9070 XT (RADV GFX1201)
tick   82000 alive   913121 genomes  200448 energy   198.1 births 16326760 deaths 16328167 (651.2s) AMD Radeon RX 9070 XT (RADV GFX1201)
tick   83000 alive   910302 genomes  199101 energy   198.6 births 16230609 deaths 16233428 (659.1s) AMD Radeon RX 9070 XT (RADV GFX1201)
tick   84000 alive   911159 genomes  196426 energy   198.1 births 16253987 deaths 16253130 (667.0s) AMD Radeon RX 9070 XT (RADV GFX1201)
tick   85000 alive   919725 genomes  190396 energy   197.3 births 16551032 deaths 16542466 (674.7s) AMD Radeon RX 9070 XT (RADV GFX1201)
tick   86000 alive   927582 genomes  186458 energy   197.1 births 16796820 deaths 16788963 (682.6s) AMD Radeon RX 9070 XT (RADV GFX1201)
tick   87000 alive   927374 genomes  185690 energy   197.3 births 16967554 deaths 16967762 (690.4s) AMD Radeon RX 9070 XT (RADV GFX1201)
tick   88000 alive   924166 genomes  185078 energy   197.2 births 16771322 deaths 16774530 (698.3s) AMD Radeon RX 9070 XT (RADV GFX1201)
tick   89000 alive   923661 genomes  184765 energy   197.4 births 16975429 deaths 16975934 (705.9s) AMD Radeon RX 9070 XT (RADV GFX1201)
tick   90000 alive   927958 genomes  184165 energy   196.8 births 17005922 deaths 17001625 (713.6s) AMD Radeon RX 9070 XT (RADV GFX1201)
tick   91000 alive   932134 genomes  181521 energy   197.0 births 17128635 deaths 17124459 (721.4s) AMD Radeon RX 9070 XT (RADV GFX1201)
tick   92000 alive   926774 genomes  179824 energy   196.8 births 17105979 deaths 17111339 (729.1s) AMD Radeon RX 9070 XT (RADV GFX1201)
tick   93000 alive   929031 genomes  177255 energy   196.4 births 17229273 deaths 17227016 (736.9s) AMD Radeon RX 9070 XT (RADV GFX1201)
tick   94000 alive   940112 genomes  177762 energy   195.9 births 17506678 deaths 17495597 (744.5s) AMD Radeon RX 9070 XT (RADV GFX1201)
tick   95000 alive   933974 genomes  176494 energy   196.5 births 17551045 deaths 17557183 (752.3s) AMD Radeon RX 9070 XT (RADV GFX1201)
tick   96000 alive   930106 genomes  178910 energy   196.1 births 17429160 deaths 17433028 (760.2s) AMD Radeon RX 9070 XT (RADV GFX1201)
tick   97000 alive   925796 genomes  179049 energy   196.2 births 17400341 deaths 17404651 (768.0s) AMD Radeon RX 9070 XT (RADV GFX1201)
tick   98000 alive   928589 genomes  178274 energy   196.2 births 17476877 deaths 17474084 (775.7s) AMD Radeon RX 9070 XT (RADV GFX1201)
tick   99000 alive   931890 genomes  176796 energy   195.6 births 17666566 deaths 17663265 (783.5s) AMD Radeon RX 9070 XT (RADV GFX1201)
tick  100000 alive   935556 genomes  175835 energy   195.4 births 17691723 deaths 17688057 (791.3s) AMD Radeon RX 9070 XT (RADV GFX1201)
tick  101000 alive   933296 genomes  173962 energy   195.5 births 17766546 deaths 17768806 (799.1s) AMD Radeon RX 9070 XT (RADV GFX1201)
tick  102000 alive   936406 genomes  171588 energy   195.0 births 17820619 deaths 17817509 (806.9s) AMD Radeon RX 9070 XT (RADV GFX1201)
tick  103000 alive   935777 genomes  170542 energy   195.3 births 17862993 deaths 17863622 (814.6s) AMD Radeon RX 9070 XT (RADV GFX1201)
tick  104000 alive   936311 genomes  171588 energy   195.4 births 17867041 deaths 17866507 (822.4s) AMD Radeon RX 9070 XT (RADV GFX1201)
tick  105000 alive   935507 genomes  169109 energy   195.2 births 17880556 deaths 17881360 (830.2s) AMD Radeon RX 9070 XT (RADV GFX1201)
tick  106000 alive   939591 genomes  169204 energy   194.5 births 18076114 deaths 18072030 (838.0s) AMD Radeon RX 9070 XT (RADV GFX1201)
tick  107000 alive   941921 genomes  167659 energy   194.5 births 18246017 deaths 18243687 (845.7s) AMD Radeon RX 9070 XT (RADV GFX1201)
tick  108000 alive   935533 genomes  168150 energy   194.8 births 18101838 deaths 18108226 (853.5s) AMD Radeon RX 9070 XT (RADV GFX1201)
tick  109000 alive   932771 genomes  168058 energy   194.9 births 18017218 deaths 18019980 (861.4s) AMD Radeon RX 9070 XT (RADV GFX1201)
tick  110000 alive   932678 genomes  168441 energy   194.1 births 18028913 deaths 18029006 (869.3s) AMD Radeon RX 9070 XT (RADV GFX1201)
tick  111000 alive   936148 genomes  163954 energy   194.5 births 18157451 deaths 18153981 (877.1s) AMD Radeon RX 9070 XT (RADV GFX1201)
tick  112000 alive   942663 genomes  163099 energy   194.1 births 18311250 deaths 18304735 (884.8s) AMD Radeon RX 9070 XT (RADV GFX1201)
tick  113000 alive   938126 genomes  162391 energy   194.5 births 18295614 deaths 18300151 (892.7s) AMD Radeon RX 9070 XT (RADV GFX1201)
tick  114000 alive   937692 genomes  162926 energy   194.3 births 18188247 deaths 18188681 (900.7s) AMD Radeon RX 9070 XT (RADV GFX1201)
tick  115000 alive   938695 genomes  163519 energy   194.3 births 18252651 deaths 18251648 (908.6s) AMD Radeon RX 9070 XT (RADV GFX1201)
tick  116000 alive   936581 genomes  163640 energy   194.7 births 18283559 deaths 18285673 (916.3s) AMD Radeon RX 9070 XT (RADV GFX1201)
tick  117000 alive   931578 genomes  165299 energy   194.7 births 18097743 deaths 18102746 (924.1s) AMD Radeon RX 9070 XT (RADV GFX1201)
tick  118000 alive   932215 genomes  165653 energy   194.1 births 18078381 deaths 18077744 (932.0s) AMD Radeon RX 9070 XT (RADV GFX1201)
tick  119000 alive   933166 genomes  165001 energy   193.7 births 18129137 deaths 18128186 (939.8s) AMD Radeon RX 9070 XT (RADV GFX1201)
tick  120000 alive   939158 genomes  162721 energy   193.9 births 18287838 deaths 18281846 (947.6s) AMD Radeon RX 9070 XT (RADV GFX1201)
tick  121000 alive   941527 genomes  160845 energy   194.4 births 18321007 deaths 18318638 (955.3s) AMD Radeon RX 9070 XT (RADV GFX1201)
tick  122000 alive   944785 genomes  159947 energy   194.2 births 18441935 deaths 18438677 (963.0s) AMD Radeon RX 9070 XT (RADV GFX1201)
tick  123000 alive   941911 genomes  158888 energy   194.0 births 18440652 deaths 18443526 (970.8s) AMD Radeon RX 9070 XT (RADV GFX1201)
tick  124000 alive   940262 genomes  160585 energy   194.0 births 18396388 deaths 18398037 (978.6s) AMD Radeon RX 9070 XT (RADV GFX1201)
tick  125000 alive   938739 genomes  161191 energy   194.5 births 18285112 deaths 18286635 (986.3s) AMD Radeon RX 9070 XT (RADV GFX1201)
tick  126000 alive   939984 genomes  160724 energy   194.3 births 18268774 deaths 18267529 (994.1s) AMD Radeon RX 9070 XT (RADV GFX1201)
tick  127000 alive   941529 genomes  161174 energy   194.8 births 18219471 deaths 18217926 (1001.9s) AMD Radeon RX 9070 XT (RADV GFX1201)
tick  128000 alive   943180 genomes  162618 energy   194.8 births 18238242 deaths 18236591 (1009.8s) AMD Radeon RX 9070 XT (RADV GFX1201)
tick  129000 alive   941041 genomes  162322 energy   194.9 births 18186985 deaths 18189124 (1017.6s) AMD Radeon RX 9070 XT (RADV GFX1201)
tick  130000 alive   944425 genomes  162237 energy   195.3 births 18163122 deaths 18159738 (1025.3s) AMD Radeon RX 9070 XT (RADV GFX1201)
tick  131000 alive   943828 genomes  163614 energy   195.1 births 18094636 deaths 18095233 (1033.1s) AMD Radeon RX 9070 XT (RADV GFX1201)
tick  132000 alive   942171 genomes  163877 energy   195.0 births 18121129 deaths 18122786 (1040.9s) AMD Radeon RX 9070 XT (RADV GFX1201)
tick  133000 alive   943149 genomes  163366 energy   194.9 births 18131586 deaths 18130608 (1048.6s) AMD Radeon RX 9070 XT (RADV GFX1201)
tick  134000 alive   940657 genomes  164117 energy   195.1 births 18106569 deaths 18109061 (1056.3s) AMD Radeon RX 9070 XT (RADV GFX1201)
tick  135000 alive   943045 genomes  166928 energy   194.7 births 18148552 deaths 18146164 (1064.1s) AMD Radeon RX 9070 XT (RADV GFX1201)
tick  136000 alive   939167 genomes  166449 energy   195.1 births 18166911 deaths 18170789 (1072.0s) AMD Radeon RX 9070 XT (RADV GFX1201)
tick  137000 alive   941041 genomes  166955 energy   194.4 births 18157236 deaths 18155362 (1079.9s) AMD Radeon RX 9070 XT (RADV GFX1201)
tick  138000 alive   939273 genomes  165843 energy   195.0 births 18101704 deaths 18103472 (1087.8s) AMD Radeon RX 9070 XT (RADV GFX1201)
tick  139000 alive   940050 genomes  166833 energy   195.4 births 18024334 deaths 18023557 (1095.5s) AMD Radeon RX 9070 XT (RADV GFX1201)
tick  140000 alive   939536 genomes  167516 energy   195.5 births 17902350 deaths 17902864 (1103.5s) AMD Radeon RX 9070 XT (RADV GFX1201)
tick  141000 alive   943054 genomes  167591 energy   195.0 births 17943942 deaths 17940424 (1111.4s) AMD Radeon RX 9070 XT (RADV GFX1201)
tick  142000 alive   944329 genomes  166199 energy   195.8 births 17961360 deaths 17960085 (1119.5s) AMD Radeon RX 9070 XT (RADV GFX1201)
tick  143000 alive   943257 genomes  165999 energy   196.4 births 17754540 deaths 17755612 (1127.3s) AMD Radeon RX 9070 XT (RADV GFX1201)
tick  144000 alive   943958 genomes  167309 energy   196.3 births 17704709 deaths 17704008 (1135.2s) AMD Radeon RX 9070 XT (RADV GFX1201)
tick  145000 alive   941096 genomes  169002 energy   196.7 births 17600192 deaths 17603054 (1143.1s) AMD Radeon RX 9070 XT (RADV GFX1201)
tick  146000 alive   941361 genomes  170781 energy   196.8 births 17454084 deaths 17453819 (1151.0s) AMD Radeon RX 9070 XT (RADV GFX1201)
tick  147000 alive   941318 genomes  171642 energy   197.4 births 17418541 deaths 17418584 (1158.9s) AMD Radeon RX 9070 XT (RADV GFX1201)
tick  148000 alive   942139 genomes  171679 energy   197.5 births 17319545 deaths 17318724 (1166.8s) AMD Radeon RX 9070 XT (RADV GFX1201)
tick  149000 alive   940320 genomes  171904 energy   197.6 births 17275448 deaths 17277267 (1174.8s) AMD Radeon RX 9070 XT (RADV GFX1201)
tick  150000 alive   938695 genomes  172393 energy   197.5 births 17236440 deaths 17238065 (1182.8s) AMD Radeon RX 9070 XT (RADV GFX1201)
tick  151000 alive   935773 genomes  173338 energy   197.5 births 17128356 deaths 17131278 (1190.8s) AMD Radeon RX 9070 XT (RADV GFX1201)
tick  152000 alive   937887 genomes  174871 energy   197.5 births 17152529 deaths 17150415 (1198.6s) AMD Radeon RX 9070 XT (RADV GFX1201)
tick  153000 alive   936503 genomes  173294 energy   197.5 births 17166610 deaths 17167994 (1206.6s) AMD Radeon RX 9070 XT (RADV GFX1201)
tick  154000 alive   938477 genomes  173380 energy   197.4 births 17219691 deaths 17217717 (1214.6s) AMD Radeon RX 9070 XT (RADV GFX1201)
tick  155000 alive   939518 genomes  171994 energy   197.6 births 17174440 deaths 17173399 (1222.5s) AMD Radeon RX 9070 XT (RADV GFX1201)
tick  156000 alive   937580 genomes  172946 energy   197.8 births 17052854 deaths 17054792 (1230.3s) AMD Radeon RX 9070 XT (RADV GFX1201)
tick  157000 alive   936282 genomes  174114 energy   198.4 births 16998681 deaths 16999979 (1238.2s) AMD Radeon RX 9070 XT (RADV GFX1201)
tick  158000 alive   930981 genomes  176997 energy   198.0 births 16877321 deaths 16882622 (1246.1s) AMD Radeon RX 9070 XT (RADV GFX1201)
tick  159000 alive   935393 genomes  177376 energy   197.9 births 16913505 deaths 16909093 (1254.0s) AMD Radeon RX 9070 XT (RADV GFX1201)
tick  160000 alive   935046 genomes  177938 energy   198.3 births 16954561 deaths 16954908 (1261.8s) AMD Radeon RX 9070 XT (RADV GFX1201)
tick  161000 alive   934474 genomes  179634 energy   197.9 births 16866690 deaths 16867262 (1269.5s) AMD Radeon RX 9070 XT (RADV GFX1201)
tick  162000 alive   929591 genomes  178823 energy   198.5 births 16794246 deaths 16799129 (1277.4s) AMD Radeon RX 9070 XT (RADV GFX1201)
tick  163000 alive   932097 genomes  181053 energy   198.5 births 16809024 deaths 16806518 (1285.4s) AMD Radeon RX 9070 XT (RADV GFX1201)
tick  164000 alive   928310 genomes  181643 energy   198.1 births 16789064 deaths 16792851 (1293.3s) AMD Radeon RX 9070 XT (RADV GFX1201)
tick  165000 alive   923913 genomes  183365 energy   197.9 births 16651976 deaths 16656373 (1301.0s) AMD Radeon RX 9070 XT (RADV GFX1201)
tick  166000 alive   927161 genomes  183766 energy   197.6 births 16775078 deaths 16771830 (1308.9s) AMD Radeon RX 9070 XT (RADV GFX1201)
tick  167000 alive   923505 genomes  183466 energy   199.1 births 16688316 deaths 16691972 (1316.9s) AMD Radeon RX 9070 XT (RADV GFX1201)
tick  168000 alive   922286 genomes  183916 energy   198.2 births 16458316 deaths 16459535 (1324.8s) AMD Radeon RX 9070 XT (RADV GFX1201)
tick  169000 alive   929957 genomes  184696 energy   198.5 births 16595308 deaths 16587637 (1332.6s) AMD Radeon RX 9070 XT (RADV GFX1201)
tick  170000 alive   929639 genomes  185720 energy   198.5 births 16654010 deaths 16654328 (1340.6s) AMD Radeon RX 9070 XT (RADV GFX1201)
tick  171000 alive   928667 genomes  184703 energy   198.7 births 16595393 deaths 16596365 (1348.7s) AMD Radeon RX 9070 XT (RADV GFX1201)
tick  172000 alive   932262 genomes  183639 energy   198.7 births 16556412 deaths 16552817 (1356.8s) AMD Radeon RX 9070 XT (RADV GFX1201)
tick  173000 alive   934812 genomes  184067 energy   198.5 births 16672180 deaths 16669630 (1364.9s) AMD Radeon RX 9070 XT (RADV GFX1201)
tick  174000 alive   932154 genomes  182697 energy   199.0 births 16583470 deaths 16586128 (1372.7s) AMD Radeon RX 9070 XT (RADV GFX1201)
tick  175000 alive   931308 genomes  181192 energy   199.3 births 16538823 deaths 16539669 (1380.7s) AMD Radeon RX 9070 XT (RADV GFX1201)
tick  176000 alive   929313 genomes  181929 energy   199.6 births 16427333 deaths 16429328 (1388.6s) AMD Radeon RX 9070 XT (RADV GFX1201)
tick  177000 alive   926511 genomes  182636 energy   199.2 births 16261571 deaths 16264373 (1396.5s) AMD Radeon RX 9070 XT (RADV GFX1201)
tick  178000 alive   928915 genomes  181743 energy   199.2 births 16397745 deaths 16395341 (1404.3s) AMD Radeon RX 9070 XT (RADV GFX1201)
tick  179000 alive   930617 genomes  179616 energy   199.4 births 16426542 deaths 16424840 (1412.3s) AMD Radeon RX 9070 XT (RADV GFX1201)
tick  180000 alive   931279 genomes  181088 energy   198.8 births 16484115 deaths 16483453 (1420.4s) AMD Radeon RX 9070 XT (RADV GFX1201)
tick  181000 alive   932213 genomes  181287 energy   198.9 births 16490006 deaths 16489072 (1428.4s) AMD Radeon RX 9070 XT (RADV GFX1201)
tick  182000 alive   932801 genomes  179402 energy   199.7 births 16434740 deaths 16434152 (1436.2s) AMD Radeon RX 9070 XT (RADV GFX1201)
tick  183000 alive   932528 genomes  179951 energy   199.2 births 16442375 deaths 16442648 (1444.1s) AMD Radeon RX 9070 XT (RADV GFX1201)
tick  184000 alive   933694 genomes  178098 energy   199.2 births 16528232 deaths 16527066 (1452.0s) AMD Radeon RX 9070 XT (RADV GFX1201)
tick  185000 alive   933171 genomes  178302 energy   199.7 births 16518140 deaths 16518663 (1460.0s) AMD Radeon RX 9070 XT (RADV GFX1201)
tick  186000 alive   933951 genomes  179059 energy   199.6 births 16403626 deaths 16402846 (1467.9s) AMD Radeon RX 9070 XT (RADV GFX1201)
tick  187000 alive   933203 genomes  177915 energy   199.5 births 16467877 deaths 16468625 (1475.6s) AMD Radeon RX 9070 XT (RADV GFX1201)
tick  188000 alive   941755 genomes  176242 energy   199.7 births 16622802 deaths 16614250 (1483.5s) AMD Radeon RX 9070 XT (RADV GFX1201)
tick  189000 alive   943528 genomes  173566 energy   199.6 births 16660454 deaths 16658681 (1491.5s) AMD Radeon RX 9070 XT (RADV GFX1201)
tick  190000 alive   940004 genomes  172820 energy   199.8 births 16552048 deaths 16555572 (1499.4s) AMD Radeon RX 9070 XT (RADV GFX1201)
tick  191000 alive   937406 genomes  173492 energy   199.5 births 16490510 deaths 16493108 (1507.2s) AMD Radeon RX 9070 XT (RADV GFX1201)
tick  192000 alive   937669 genomes  173768 energy   199.9 births 16471631 deaths 16471368 (1515.2s) AMD Radeon RX 9070 XT (RADV GFX1201)
tick  193000 alive   937285 genomes  175225 energy   199.6 births 16442687 deaths 16443071 (1523.2s) AMD Radeon RX 9070 XT (RADV GFX1201)
tick  194000 alive   933390 genomes  175820 energy   200.2 births 16418485 deaths 16422380 (1531.2s) AMD Radeon RX 9070 XT (RADV GFX1201)
tick  195000 alive   931716 genomes  176495 energy   199.7 births 16332748 deaths 16334422 (1539.0s) AMD Radeon RX 9070 XT (RADV GFX1201)
tick  196000 alive   929133 genomes  176447 energy   200.3 births 16277858 deaths 16280441 (1547.1s) AMD Radeon RX 9070 XT (RADV GFX1201)
tick  197000 alive   933886 genomes  176251 energy   199.8 births 16336981 deaths 16332228 (1555.1s) AMD Radeon RX 9070 XT (RADV GFX1201)
tick  198000 alive   932530 genomes  174042 energy   200.3 births 16292325 deaths 16293681 (1563.2s) AMD Radeon RX 9070 XT (RADV GFX1201)
tick  199000 alive   932528 genomes  174713 energy   200.5 births 16217173 deaths 16217175 (1571.1s) AMD Radeon RX 9070 XT (RADV GFX1201)
tick  200000 alive   932602 genomes  176261 energy   200.1 births 16195522 deaths 16195448 (1579.0s) AMD Radeon RX 9070 XT (RADV GFX1201)
done 200000 ticks in 1579.0s
