tick       0 alive    52104 genomes   52104 energy    64.0 births 0 deaths 0 (0.0s) NVIDIA GeForce RTX 3060
tick    1000 alive  1039489 genomes  296208 energy   172.3 births 20805792 deaths 19818407 (1.0s) NVIDIA GeForce RTX 3060
tick    2000 alive  1041906 genomes  227365 energy   193.1 births 22571043 deaths 22568626 (2.0s) NVIDIA GeForce RTX 3060
tick    3000 alive  1038147 genomes  186855 energy   198.1 births 19650326 deaths 19654085 (2.9s) NVIDIA GeForce RTX 3060
tick    4000 alive  1032411 genomes  175429 energy   198.1 births 19026768 deaths 19032504 (3.8s) NVIDIA GeForce RTX 3060
tick    5000 alive  1026892 genomes  180327 energy   198.2 births 19043648 deaths 19049167 (4.8s) NVIDIA GeForce RTX 3060
tick    6000 alive  1019851 genomes  190549 energy   198.8 births 18774785 deaths 18781826 (5.8s) NVIDIA GeForce RTX 3060
tick    7000 alive  1005569 genomes  198256 energy   200.3 births 18139763 deaths 18154045 (6.7s) NVIDIA GeForce RTX 3060
tick    8000 alive   988371 genomes  207118 energy   201.3 births 17494849 deaths 17512047 (7.7s) NVIDIA GeForce RTX 3060
tick    9000 alive   974466 genomes  215963 energy   202.3 births 16937524 deaths 16951429 (8.6s) NVIDIA GeForce RTX 3060
tick   10000 alive   958327 genomes  223035 energy   203.2 births 16285396 deaths 16301535 (9.6s) NVIDIA GeForce RTX 3060
tick   11000 alive   950947 genomes  231707 energy   204.3 births 15774845 deaths 15782225 (10.5s) NVIDIA GeForce RTX 3060
tick   12000 alive   939270 genomes  238612 energy   205.3 births 15257917 deaths 15269594 (11.4s) NVIDIA GeForce RTX 3060
tick   13000 alive   928696 genomes  244997 energy   206.3 births 14683739 deaths 14694313 (12.3s) NVIDIA GeForce RTX 3060
tick   14000 alive   910093 genomes  251529 energy   207.3 births 14055991 deaths 14074594 (13.3s) NVIDIA GeForce RTX 3060
tick   15000 alive   894297 genomes  255256 energy   207.7 births 13476522 deaths 13492318 (14.2s) NVIDIA GeForce RTX 3060
tick   16000 alive   891736 genomes  260097 energy   208.4 births 13196342 deaths 13198903 (15.1s) NVIDIA GeForce RTX 3060
tick   17000 alive   883448 genomes  264558 energy   208.9 births 12917762 deaths 12926050 (16.0s) NVIDIA GeForce RTX 3060
tick   18000 alive   867146 genomes  268277 energy   209.5 births 12452564 deaths 12468866 (16.9s) NVIDIA GeForce RTX 3060
tick   19000 alive   864648 genomes  271143 energy   210.3 births 12149706 deaths 12152204 (17.7s) NVIDIA GeForce RTX 3060
tick   20000 alive   858223 genomes  270907 energy   210.6 births 11911946 deaths 11918371 (18.6s) NVIDIA GeForce RTX 3060
tick   21000 alive   857716 genomes  272970 energy   211.3 births 11765251 deaths 11765758 (19.5s) NVIDIA GeForce RTX 3060
tick   22000 alive   854656 genomes  272743 energy   211.0 births 11592751 deaths 11595811 (20.4s) NVIDIA GeForce RTX 3060
tick   23000 alive   848652 genomes  274537 energy   211.6 births 11455437 deaths 11461441 (21.3s) NVIDIA GeForce RTX 3060
tick   24000 alive   848526 genomes  275211 energy   211.4 births 11397502 deaths 11397628 (22.1s) NVIDIA GeForce RTX 3060
tick   25000 alive   841585 genomes  275430 energy   211.9 births 11295396 deaths 11302337 (23.0s) NVIDIA GeForce RTX 3060
tick   26000 alive   847421 genomes  276375 energy   211.6 births 11281635 deaths 11275799 (23.9s) NVIDIA GeForce RTX 3060
tick   27000 alive   845533 genomes  276020 energy   211.7 births 11232223 deaths 11234111 (24.7s) NVIDIA GeForce RTX 3060
tick   28000 alive   840706 genomes  276285 energy   211.7 births 11208501 deaths 11213328 (25.6s) NVIDIA GeForce RTX 3060
tick   29000 alive   845110 genomes  275691 energy   211.4 births 11170735 deaths 11166331 (26.5s) NVIDIA GeForce RTX 3060
tick   30000 alive   843535 genomes  275836 energy   211.7 births 11257937 deaths 11259512 (27.3s) NVIDIA GeForce RTX 3060
tick   31000 alive   839907 genomes  276807 energy   212.5 births 11129722 deaths 11133350 (28.2s) NVIDIA GeForce RTX 3060
tick   32000 alive   837201 genomes  276891 energy   212.1 births 10983792 deaths 10986498 (29.1s) NVIDIA GeForce RTX 3060
tick   33000 alive   839492 genomes  277394 energy   212.5 births 11001402 deaths 10999111 (29.9s) NVIDIA GeForce RTX 3060
tick   34000 alive   837070 genomes  277606 energy   213.0 births 10905212 deaths 10907634 (30.8s) NVIDIA GeForce RTX 3060
tick   35000 alive   831548 genomes  278280 energy   212.8 births 10803558 deaths 10809080 (31.6s) NVIDIA GeForce RTX 3060
tick   36000 alive   838439 genomes  276482 energy   212.0 births 10919795 deaths 10912904 (32.5s) NVIDIA GeForce RTX 3060
tick   37000 alive   847033 genomes  277644 energy   212.4 births 11125960 deaths 11117366 (33.4s) NVIDIA GeForce RTX 3060
tick   38000 alive   837921 genomes  277154 energy   213.0 births 11025841 deaths 11034953 (34.2s) NVIDIA GeForce RTX 3060
tick   39000 alive   834386 genomes  277038 energy   212.4 births 10884808 deaths 10888343 (35.1s) NVIDIA GeForce RTX 3060
tick   40000 alive   838856 genomes  277470 energy   212.6 births 10962681 deaths 10958211 (35.9s) NVIDIA GeForce RTX 3060
tick   41000 alive   837929 genomes  277934 energy   212.8 births 10912342 deaths 10913269 (36.8s) NVIDIA GeForce RTX 3060
tick   42000 alive   833767 genomes  277157 energy   212.8 births 10837919 deaths 10842081 (37.6s) NVIDIA GeForce RTX 3060
tick   43000 alive   831739 genomes  275453 energy   212.0 births 10895096 deaths 10897124 (38.5s) NVIDIA GeForce RTX 3060
tick   44000 alive   843555 genomes  276656 energy   212.1 births 11018081 deaths 11006265 (39.4s) NVIDIA GeForce RTX 3060
tick   45000 alive   838650 genomes  275310 energy   212.8 births 10935252 deaths 10940157 (40.2s) NVIDIA GeForce RTX 3060
tick   46000 alive   832765 genomes  275310 energy   213.1 births 10819124 deaths 10825009 (41.1s) NVIDIA GeForce RTX 3060
tick   47000 alive   838342 genomes  277351 energy   213.1 births 10885452 deaths 10879875 (41.9s) NVIDIA GeForce RTX 3060
tick   48000 alive   834950 genomes  276575 energy   212.9 births 10825991 deaths 10829383 (42.8s) NVIDIA GeForce RTX 3060
tick   49000 alive   838659 genomes  276832 energy   212.8 births 10891165 deaths 10887456 (43.6s) NVIDIA GeForce RTX 3060
tick   50000 alive   840142 genomes  276923 energy   212.1 births 10970622 deaths 10969139 (44.5s) NVIDIA GeForce RTX 3060
tick   51000 alive   840549 genomes  275619 energy   212.5 births 11070014 deaths 11069607 (45.3s) NVIDIA GeForce RTX 3060
tick   52000 alive   843542 genomes  275410 energy   212.4 births 11039817 deaths 11036824 (46.2s) NVIDIA GeForce RTX 3060
tick   53000 alive   842995 genomes  275195 energy   212.7 births 11063420 deaths 11063967 (47.0s) NVIDIA GeForce RTX 3060
tick   54000 alive   836433 genomes  273429 energy   211.8 births 10961089 deaths 10967651 (47.9s) NVIDIA GeForce RTX 3060
tick   55000 alive   843977 genomes  272639 energy   212.3 births 11101847 deaths 11094303 (48.7s) NVIDIA GeForce RTX 3060
tick   56000 alive   846940 genomes  272100 energy   212.5 births 11109905 deaths 11106942 (49.6s) NVIDIA GeForce RTX 3060
tick   57000 alive   840813 genomes  270699 energy   212.6 births 11024837 deaths 11030964 (50.4s) NVIDIA GeForce RTX 3060
tick   58000 alive   840183 genomes  269695 energy   212.3 births 10988260 deaths 10988890 (51.3s) NVIDIA GeForce RTX 3060
tick   59000 alive   846724 genomes  271707 energy   212.4 births 11139480 deaths 11132939 (52.1s) NVIDIA GeForce RTX 3060
tick   60000 alive   842404 genomes  270374 energy   212.3 births 11071368 deaths 11075688 (53.0s) NVIDIA GeForce RTX 3060
tick   61000 alive   841479 genomes  271577 energy   212.2 births 11065936 deaths 11066861 (53.8s) NVIDIA GeForce RTX 3060
tick   62000 alive   843118 genomes  270631 energy   212.0 births 11058579 deaths 11056940 (54.7s) NVIDIA GeForce RTX 3060
tick   63000 alive   844851 genomes  270141 energy   212.8 births 11114963 deaths 11113230 (55.5s) NVIDIA GeForce RTX 3060
tick   64000 alive   844656 genomes  269774 energy   212.1 births 11073494 deaths 11073689 (56.4s) NVIDIA GeForce RTX 3060
tick   65000 alive   845693 genomes  268988 energy   211.7 births 11202210 deaths 11201173 (57.2s) NVIDIA GeForce RTX 3060
tick   66000 alive   848951 genomes  267047 energy   212.4 births 11251319 deaths 11248061 (58.1s) NVIDIA GeForce RTX 3060
tick   67000 alive   846220 genomes  266522 energy   212.1 births 11181377 deaths 11184108 (58.9s) NVIDIA GeForce RTX 3060
tick   68000 alive   845548 genomes  266136 energy   212.0 births 11211635 deaths 11212307 (59.8s) NVIDIA GeForce RTX 3060
tick   69000 alive   845971 genomes  264254 energy   211.9 births 11219372 deaths 11218949 (60.6s) NVIDIA GeForce RTX 3060
tick   70000 alive   854865 genomes  265128 energy   211.9 births 11384717 deaths 11375823 (61.5s) NVIDIA GeForce RTX 3060
tick   71000 alive   846978 genomes  263670 energy   212.0 births 11299679 deaths 11307566 (62.3s) NVIDIA GeForce RTX 3060
tick   72000 alive   845480 genomes  263042 energy   211.9 births 11249656 deaths 11251154 (63.2s) NVIDIA GeForce RTX 3060
tick   73000 alive   853617 genomes  264294 energy   212.1 births 11369723 deaths 11361586 (64.0s) NVIDIA GeForce RTX 3060
tick   74000 alive   847404 genomes  263509 energy   212.0 births 11322664 deaths 11328877 (64.9s) NVIDIA GeForce RTX 3060
tick   75000 alive   853978 genomes  261495 energy   211.3 births 11469831 deaths 11463257 (65.8s) NVIDIA GeForce RTX 3060
tick   76000 alive   858396 genomes  258892 energy   211.7 births 11577175 deaths 11572757 (66.6s) NVIDIA GeForce RTX 3060
tick   77000 alive   856160 genomes  259088 energy   211.7 births 11576757 deaths 11578993 (67.5s) NVIDIA GeForce RTX 3060
tick   78000 alive   857241 genomes  259814 energy   211.5 births 11544178 deaths 11543097 (68.3s) NVIDIA GeForce RTX 3060
tick   79000 alive   856700 genomes  260173 energy   211.2 births 11640998 deaths 11641539 (69.2s) NVIDIA GeForce RTX 3060
tick   80000 alive   857578 genomes  259415 energy   210.9 births 11586533 deaths 11585655 (70.0s) NVIDIA GeForce RTX 3060
tick   81000 alive   855925 genomes  258369 energy   211.3 births 11676824 deaths 11678477 (70.9s) NVIDIA GeForce RTX 3060
tick   82000 alive   859324 genomes  257097 energy   210.9 births 11631807 deaths 11628408 (71.8s) NVIDIA GeForce RTX 3060
tick   83000 alive   860815 genomes  257447 energy   211.2 births 11688859 deaths 11687368 (72.6s) NVIDIA GeForce RTX 3060
tick   84000 alive   858552 genomes  258863 energy   211.2 births 11630256 deaths 11632519 (73.5s) NVIDIA GeForce RTX 3060
tick   85000 alive   858925 genomes  258700 energy   211.3 births 11680463 deaths 11680090 (74.3s) NVIDIA GeForce RTX 3060
tick   86000 alive   853138 genomes  257625 energy   211.3 births 11591636 deaths 11597423 (75.2s) NVIDIA GeForce RTX 3060
tick   87000 alive   859627 genomes  255902 energy   211.0 births 11670699 deaths 11664210 (76.0s) NVIDIA GeForce RTX 3060
tick   88000 alive   861646 genomes  254414 energy   211.3 births 11780082 deaths 11778063 (76.9s) NVIDIA GeForce RTX 3060
tick   89000 alive   857749 genomes  253762 energy   211.4 births 11656115 deaths 11660012 (77.8s) NVIDIA GeForce RTX 3060
tick   90000 alive   864225 genomes  253311 energy   211.2 births 11781914 deaths 11775438 (78.6s) NVIDIA GeForce RTX 3060
tick   91000 alive   860165 genomes  252435 energy   211.2 births 11700603 deaths 11704663 (79.5s) NVIDIA GeForce RTX 3060
tick   92000 alive   860315 genomes  250669 energy   211.6 births 11693233 deaths 11693083 (80.3s) NVIDIA GeForce RTX 3060
tick   93000 alive   860096 genomes  250222 energy   211.2 births 11696304 deaths 11696523 (81.2s) NVIDIA GeForce RTX 3060
tick   94000 alive   861467 genomes  246784 energy   210.9 births 11826051 deaths 11824680 (82.0s) NVIDIA GeForce RTX 3060
tick   95000 alive   867641 genomes  245781 energy   210.2 births 11892900 deaths 11886726 (82.9s) NVIDIA GeForce RTX 3060
tick   96000 alive   868484 genomes  245480 energy   210.2 births 12113924 deaths 12113081 (83.8s) NVIDIA GeForce RTX 3060
tick   97000 alive   865228 genomes  243756 energy   209.8 births 12037298 deaths 12040554 (84.6s) NVIDIA GeForce RTX 3060
tick   98000 alive   868523 genomes  241916 energy   210.2 births 12104932 deaths 12101637 (85.5s) NVIDIA GeForce RTX 3060
tick   99000 alive   867743 genomes  241260 energy   209.9 births 12138131 deaths 12138911 (86.4s) NVIDIA GeForce RTX 3060
tick  100000 alive   869278 genomes  239543 energy   210.3 births 12129123 deaths 12127588 (87.2s) NVIDIA GeForce RTX 3060
tick  101000 alive   872494 genomes  239468 energy   209.8 births 12219285 deaths 12216069 (88.1s) NVIDIA GeForce RTX 3060
tick  102000 alive   872711 genomes  239619 energy   210.0 births 12306990 deaths 12306773 (88.9s) NVIDIA GeForce RTX 3060
tick  103000 alive   867157 genomes  239713 energy   210.0 births 12164967 deaths 12170521 (89.8s) NVIDIA GeForce RTX 3060
tick  104000 alive   866445 genomes  239631 energy   209.9 births 12138736 deaths 12139448 (90.7s) NVIDIA GeForce RTX 3060
tick  105000 alive   871805 genomes  238705 energy   210.0 births 12162768 deaths 12157408 (91.5s) NVIDIA GeForce RTX 3060
tick  106000 alive   871449 genomes  241122 energy   209.8 births 12293319 deaths 12293675 (92.4s) NVIDIA GeForce RTX 3060
tick  107000 alive   866633 genomes  241163 energy   210.1 births 12227099 deaths 12231915 (93.3s) NVIDIA GeForce RTX 3060
tick  108000 alive   868221 genomes  242491 energy   209.6 births 12175688 deaths 12174100 (94.1s) NVIDIA GeForce RTX 3060
tick  109000 alive   867466 genomes  242213 energy   210.0 births 12227858 deaths 12228613 (95.0s) NVIDIA GeForce RTX 3060
tick  110000 alive   865013 genomes  242812 energy   209.8 births 12138846 deaths 12141299 (95.9s) NVIDIA GeForce RTX 3060
tick  111000 alive   868118 genomes  241410 energy   209.6 births 12246960 deaths 12243855 (96.7s) NVIDIA GeForce RTX 3060
tick  112000 alive   872324 genomes  241877 energy   210.0 births 12299025 deaths 12294819 (97.6s) NVIDIA GeForce RTX 3060
tick  113000 alive   869903 genomes  241405 energy   209.8 births 12241724 deaths 12244145 (98.5s) NVIDIA GeForce RTX 3060
tick  114000 alive   866759 genomes  240380 energy   209.8 births 12105147 deaths 12108291 (99.3s) NVIDIA GeForce RTX 3060
tick  115000 alive   864265 genomes  240917 energy   210.2 births 12054601 deaths 12057095 (100.2s) NVIDIA GeForce RTX 3060
tick  116000 alive   865516 genomes  241316 energy   209.8 births 12081002 deaths 12079751 (101.1s) NVIDIA GeForce RTX 3060
tick  117000 alive   863992 genomes  239156 energy   210.5 births 12060327 deaths 12061851 (101.9s) NVIDIA GeForce RTX 3060
tick  118000 alive   863173 genomes  236826 energy   209.8 births 12012887 deaths 12013706 (102.8s) NVIDIA GeForce RTX 3060
tick  119000 alive   875115 genomes  237428 energy   209.6 births 12212845 deaths 12200903 (103.6s) NVIDIA GeForce RTX 3060
tick  120000 alive   868179 genomes  236819 energy   210.1 births 12221064 deaths 12228000 (104.5s) NVIDIA GeForce RTX 3060
tick  121000 alive   871114 genomes  235664 energy   209.8 births 12193917 deaths 12190982 (105.4s) NVIDIA GeForce RTX 3060
tick  122000 alive   872562 genomes  235827 energy   209.9 births 12252617 deaths 12251169 (106.2s) NVIDIA GeForce RTX 3060
tick  123000 alive   868475 genomes  234499 energy   209.8 births 12258080 deaths 12262167 (107.1s) NVIDIA GeForce RTX 3060
tick  124000 alive   868903 genomes  232833 energy   209.9 births 12199750 deaths 12199322 (108.0s) NVIDIA GeForce RTX 3060
tick  125000 alive   869366 genomes  232832 energy   209.7 births 12300133 deaths 12299670 (108.8s) NVIDIA GeForce RTX 3060
tick  126000 alive   872755 genomes  232806 energy   209.6 births 12328622 deaths 12325233 (109.7s) NVIDIA GeForce RTX 3060
tick  127000 alive   870514 genomes  233015 energy   209.5 births 12289771 deaths 12292012 (110.6s) NVIDIA GeForce RTX 3060
tick  128000 alive   866833 genomes  234657 energy   209.9 births 12234287 deaths 12237968 (111.4s) NVIDIA GeForce RTX 3060
tick  129000 alive   867214 genomes  236195 energy   209.4 births 12240003 deaths 12239622 (112.3s) NVIDIA GeForce RTX 3060
tick  130000 alive   867615 genomes  234635 energy   209.8 births 12242601 deaths 12242200 (113.1s) NVIDIA GeForce RTX 3060
tick  131000 alive   866467 genomes  232942 energy   209.1 births 12272208 deaths 12273356 (114.0s) NVIDIA GeForce RTX 3060
tick  132000 alive   871237 genomes  232785 energy   209.4 births 12377841 deaths 12373071 (114.9s) NVIDIA GeForce RTX 3060
tick  133000 alive   870329 genomes  233475 energy   209.9 births 12397223 deaths 12398131 (115.7s) NVIDIA GeForce RTX 3060
tick  134000 alive   865292 genomes  232456 energy   209.7 births 12162520 deaths 12167557 (116.6s) NVIDIA GeForce RTX 3060
tick  135000 alive   869875 genomes  233221 energy   209.5 births 12270429 deaths 12265846 (117.5s) NVIDIA GeForce RTX 3060
tick  136000 alive   866873 genomes  233685 energy   209.1 births 12292361 deaths 12295363 (118.3s) NVIDIA GeForce RTX 3060
tick  137000 alive   871089 genomes  230149 energy   208.5 births 12431993 deaths 12427777 (119.2s) NVIDIA GeForce RTX 3060
tick  138000 alive   877379 genomes  227222 energy   208.9 births 12555573 deaths 12549283 (120.1s) NVIDIA GeForce RTX 3060
tick  139000 alive   880432 genomes  225618 energy   209.2 births 12570375 deaths 12567322 (120.9s) NVIDIA GeForce RTX 3060
tick  140000 alive   875160 genomes  226331 energy   209.2 births 12478458 deaths 12483730 (121.8s) NVIDIA GeForce RTX 3060
tick  141000 alive   872634 genomes  224960 energy   209.5 births 12480252 deaths 12482778 (122.7s) NVIDIA GeForce RTX 3060
tick  142000 alive   881552 genomes  224856 energy   208.5 births 12586456 deaths 12577538 (123.5s) NVIDIA GeForce RTX 3060
tick  143000 alive   878890 genomes  225610 energy   209.5 births 12636522 deaths 12639184 (124.4s) NVIDIA GeForce RTX 3060
tick  144000 alive   871591 genomes  226018 energy   209.1 births 12479392 deaths 12486691 (125.3s) NVIDIA GeForce RTX 3060
tick  145000 alive   869376 genomes  227543 energy   209.3 births 12448544 deaths 12450759 (126.1s) NVIDIA GeForce RTX 3060
tick  146000 alive   876295 genomes  228265 energy   209.4 births 12456098 deaths 12449179 (127.0s) NVIDIA GeForce RTX 3060
tick  147000 alive   873724 genomes  230261 energy   209.3 births 12430941 deaths 12433512 (127.8s) NVIDIA GeForce RTX 3060
tick  148000 alive   867035 genomes  230034 energy   209.6 births 12355267 deaths 12361956 (128.7s) NVIDIA GeForce RTX 3060
tick  149000 alive   871430 genomes  228727 energy   209.0 births 12313574 deaths 12309179 (129.6s) NVIDIA GeForce RTX 3060
tick  150000 alive   870908 genomes  226679 energy   208.9 births 12412985 deaths 12413507 (130.4s) NVIDIA GeForce RTX 3060
tick  151000 alive   879217 genomes  226155 energy   209.0 births 12585302 deaths 12576993 (131.3s) NVIDIA GeForce RTX 3060
tick  152000 alive   880343 genomes  223803 energy   208.9 births 12656036 deaths 12654910 (132.2s) NVIDIA GeForce RTX 3060
tick  153000 alive   879639 genomes  222729 energy   209.3 births 12588788 deaths 12589492 (133.0s) NVIDIA GeForce RTX 3060
tick  154000 alive   881697 genomes  224077 energy   209.6 births 12558537 deaths 12556479 (133.9s) NVIDIA GeForce RTX 3060
tick  155000 alive   873550 genomes  224428 energy   209.1 births 12524599 deaths 12532746 (134.8s) NVIDIA GeForce RTX 3060
tick  156000 alive   879468 genomes  222012 energy   208.6 births 12537356 deaths 12531438 (135.6s) NVIDIA GeForce RTX 3060
tick  157000 alive   879943 genomes  224576 energy   209.4 births 12657778 deaths 12657303 (136.5s) NVIDIA GeForce RTX 3060
tick  158000 alive   872548 genomes  225963 energy   208.6 births 12491407 deaths 12498802 (137.4s) NVIDIA GeForce RTX 3060
tick  159000 alive   876581 genomes  227189 energy   209.0 births 12614735 deaths 12610702 (138.2s) NVIDIA GeForce RTX 3060
tick  160000 alive   873403 genomes  226967 energy   209.0 births 12451662 deaths 12454840 (139.1s) NVIDIA GeForce RTX 3060
tick  161000 alive   868985 genomes  228012 energy   209.5 births 12374139 deaths 12378557 (140.0s) NVIDIA GeForce RTX 3060
tick  162000 alive   865318 genomes  227736 energy   209.5 births 12247508 deaths 12251175 (140.8s) NVIDIA GeForce RTX 3060
tick  163000 alive   869336 genomes  229305 energy   209.2 births 12292745 deaths 12288727 (141.7s) NVIDIA GeForce RTX 3060
tick  164000 alive   867499 genomes  229802 energy   209.0 births 12326190 deaths 12328027 (142.5s) NVIDIA GeForce RTX 3060
tick  165000 alive   868256 genomes  228573 energy   209.3 births 12294713 deaths 12293956 (143.4s) NVIDIA GeForce RTX 3060
tick  166000 alive   869701 genomes  230455 energy   209.8 births 12288671 deaths 12287226 (144.3s) NVIDIA GeForce RTX 3060
tick  167000 alive   868099 genomes  228346 energy   209.7 births 12148374 deaths 12149976 (145.1s) NVIDIA GeForce RTX 3060
tick  168000 alive   865931 genomes  229367 energy   209.8 births 12165182 deaths 12167350 (146.0s) NVIDIA GeForce RTX 3060
tick  169000 alive   866341 genomes  230220 energy   209.7 births 12192368 deaths 12191958 (146.8s) NVIDIA GeForce RTX 3060
tick  170000 alive   867808 genomes  231123 energy   209.5 births 12148823 deaths 12147356 (147.7s) NVIDIA GeForce RTX 3060
tick  171000 alive   866347 genomes  232784 energy   209.8 births 12215535 deaths 12216996 (148.6s) NVIDIA GeForce RTX 3060
tick  172000 alive   861826 genomes  232882 energy   209.7 births 12125866 deaths 12130387 (149.4s) NVIDIA GeForce RTX 3060
tick  173000 alive   863845 genomes  233015 energy   209.8 births 12101902 deaths 12099883 (150.3s) NVIDIA GeForce RTX 3060
tick  174000 alive   865619 genomes  231701 energy   209.7 births 12106319 deaths 12104545 (151.1s) NVIDIA GeForce RTX 3060
tick  175000 alive   868765 genomes  231537 energy   209.9 births 12175546 deaths 12172400 (152.0s) NVIDIA GeForce RTX 3060
tick  176000 alive   863441 genomes  232782 energy   209.5 births 12142808 deaths 12148132 (152.9s) NVIDIA GeForce RTX 3060
tick  177000 alive   863176 genomes  231767 energy   209.8 births 12099079 deaths 12099344 (153.7s) NVIDIA GeForce RTX 3060
tick  178000 alive   867731 genomes  229494 energy   209.7 births 12149081 deaths 12144526 (154.6s) NVIDIA GeForce RTX 3060
tick  179000 alive   868413 genomes  229747 energy   209.8 births 12179489 deaths 12178807 (155.4s) NVIDIA GeForce RTX 3060
tick  180000 alive   866339 genomes  229031 energy   210.0 births 12146391 deaths 12148465 (156.3s) NVIDIA GeForce RTX 3060
tick  181000 alive   862846 genomes  229012 energy   209.7 births 12161701 deaths 12165194 (157.1s) NVIDIA GeForce RTX 3060
tick  182000 alive   866059 genomes  227659 energy   208.7 births 12174117 deaths 12170904 (158.0s) NVIDIA GeForce RTX 3060
tick  183000 alive   871379 genomes  227197 energy   208.8 births 12397432 deaths 12392112 (158.9s) NVIDIA GeForce RTX 3060
tick  184000 alive   868538 genomes  228289 energy   209.4 births 12319456 deaths 12322297 (159.7s) NVIDIA GeForce RTX 3060
tick  185000 alive   868742 genomes  229378 energy   209.2 births 12330969 deaths 12330765 (160.6s) NVIDIA GeForce RTX 3060
tick  186000 alive   863430 genomes  231378 energy   209.6 births 12159800 deaths 12165112 (161.5s) NVIDIA GeForce RTX 3060
tick  187000 alive   860614 genomes  232813 energy   209.9 births 12083691 deaths 12086507 (162.3s) NVIDIA GeForce RTX 3060
tick  188000 alive   855050 genomes  230164 energy   209.9 births 11985453 deaths 11991017 (163.2s) NVIDIA GeForce RTX 3060
tick  189000 alive   862863 genomes  231229 energy   209.0 births 12067146 deaths 12059333 (164.0s) NVIDIA GeForce RTX 3060
tick  190000 alive   867895 genomes  228888 energy   209.4 births 12228347 deaths 12223315 (164.9s) NVIDIA GeForce RTX 3060
tick  191000 alive   869310 genomes  229400 energy   209.1 births 12299506 deaths 12298091 (165.8s) NVIDIA GeForce RTX 3060
tick  192000 alive   865071 genomes  229118 energy   209.4 births 12275983 deaths 12280222 (166.6s) NVIDIA GeForce RTX 3060
tick  193000 alive   865773 genomes  228601 energy   209.0 births 12230464 deaths 12229762 (167.5s) NVIDIA GeForce RTX 3060
tick  194000 alive   865770 genomes  228916 energy   209.8 births 12175466 deaths 12175469 (168.4s) NVIDIA GeForce RTX 3060
tick  195000 alive   864330 genomes  229326 energy   210.0 births 12098510 deaths 12099950 (169.2s) NVIDIA GeForce RTX 3060
tick  196000 alive   859798 genomes  230452 energy   209.6 births 11955560 deaths 11960092 (170.1s) NVIDIA GeForce RTX 3060
tick  197000 alive   859723 genomes  229569 energy   209.5 births 11981788 deaths 11981863 (170.9s) NVIDIA GeForce RTX 3060
tick  198000 alive   859736 genomes  230712 energy   209.6 births 12069234 deaths 12069221 (171.8s) NVIDIA GeForce RTX 3060
tick  199000 alive   866668 genomes  232142 energy   209.5 births 12163323 deaths 12156391 (172.6s) NVIDIA GeForce RTX 3060
tick  200000 alive   859658 genomes  232652 energy   209.5 births 12020857 deaths 12027867 (173.5s) NVIDIA GeForce RTX 3060
done 200000 ticks in 173.5s
