WARNING: radv is not a conformant Vulkan implementation, testing use only.
WARNING: radv is not a conformant Vulkan implementation, testing use only.
tick       0 alive    52579 genomes   52579 energy    64.0 births 0 deaths 0 (0.0s) AMD Radeon AI PRO R9700 (RADV GFX1201)
tick    1000 alive  1038697 genomes  327843 energy   156.8 births 22408320 deaths 21422202 (6.1s) AMD Radeon AI PRO R9700 (RADV GFX1201)
tick    2000 alive  1039585 genomes  291016 energy   169.9 births 28090114 deaths 28089226 (12.2s) AMD Radeon AI PRO R9700 (RADV GFX1201)
tick    3000 alive  1037573 genomes  250929 energy   170.5 births 27549275 deaths 27551287 (18.4s) AMD Radeon AI PRO R9700 (RADV GFX1201)
tick    4000 alive  1036318 genomes  220046 energy   173.4 births 27354546 deaths 27355801 (24.6s) AMD Radeon AI PRO R9700 (RADV GFX1201)
tick    5000 alive  1031941 genomes  199948 energy   177.8 births 26268748 deaths 26273125 (30.8s) AMD Radeon AI PRO R9700 (RADV GFX1201)
tick    6000 alive  1024383 genomes  187970 energy   180.5 births 25078551 deaths 25086109 (37.1s) AMD Radeon AI PRO R9700 (RADV GFX1201)
tick    7000 alive  1014720 genomes  180325 energy   182.9 births 23879211 deaths 23888874 (43.2s) AMD Radeon AI PRO R9700 (RADV GFX1201)
tick    8000 alive  1001656 genomes  175953 energy   184.3 births 22900693 deaths 22913757 (49.4s) AMD Radeon AI PRO R9700 (RADV GFX1201)
tick    9000 alive   987079 genomes  174300 energy   185.4 births 22113079 deaths 22127656 (55.6s) AMD Radeon AI PRO R9700 (RADV GFX1201)
tick   10000 alive   974356 genomes  178299 energy   186.1 births 21522345 deaths 21535068 (61.8s) AMD Radeon AI PRO R9700 (RADV GFX1201)
tick   11000 alive   959730 genomes  184220 energy   186.3 births 20970603 deaths 20985229 (68.0s) AMD Radeon AI PRO R9700 (RADV GFX1201)
tick   12000 alive   945281 genomes  188610 energy   187.6 births 20306827 deaths 20321276 (74.2s) AMD Radeon AI PRO R9700 (RADV GFX1201)
tick   13000 alive   932613 genomes  194035 energy   189.0 births 19661143 deaths 19673811 (80.4s) AMD Radeon AI PRO R9700 (RADV GFX1201)
tick   14000 alive   914574 genomes  200854 energy   189.4 births 18994434 deaths 19012473 (86.6s) AMD Radeon AI PRO R9700 (RADV GFX1201)
tick   15000 alive   902023 genomes  207216 energy   190.0 births 18416874 deaths 18429425 (92.9s) AMD Radeon AI PRO R9700 (RADV GFX1201)
tick   16000 alive   892424 genomes  213108 energy   191.6 births 17920434 deaths 17930033 (99.1s) AMD Radeon AI PRO R9700 (RADV GFX1201)
tick   17000 alive   881630 genomes  219611 energy   192.6 births 17330408 deaths 17341202 (105.3s) AMD Radeon AI PRO R9700 (RADV GFX1201)
tick   18000 alive   877672 genomes  226852 energy   192.5 births 16977542 deaths 16981500 (111.6s) AMD Radeon AI PRO R9700 (RADV GFX1201)
tick   19000 alive   868349 genomes  228585 energy   193.5 births 16691884 deaths 16701207 (117.8s) AMD Radeon AI PRO R9700 (RADV GFX1201)
tick   20000 alive   868548 genomes  231203 energy   194.0 births 16443167 deaths 16442968 (124.0s) AMD Radeon AI PRO R9700 (RADV GFX1201)
tick   21000 alive   874039 genomes  233747 energy   193.9 births 16427320 deaths 16421829 (130.2s) AMD Radeon AI PRO R9700 (RADV GFX1201)
tick   22000 alive   875646 genomes  234054 energy   193.9 births 16498604 deaths 16496997 (136.5s) AMD Radeon AI PRO R9700 (RADV GFX1201)
tick   23000 alive   871987 genomes  233998 energy   194.5 births 16384014 deaths 16387673 (142.7s) AMD Radeon AI PRO R9700 (RADV GFX1201)
tick   24000 alive   875097 genomes  234090 energy   193.9 births 16385335 deaths 16382225 (149.0s) AMD Radeon AI PRO R9700 (RADV GFX1201)
tick   25000 alive   879293 genomes  234974 energy   194.3 births 16459199 deaths 16455003 (155.2s) AMD Radeon AI PRO R9700 (RADV GFX1201)
tick   26000 alive   876354 genomes  233102 energy   195.3 births 16272769 deaths 16275708 (161.4s) AMD Radeon AI PRO R9700 (RADV GFX1201)
tick   27000 alive   872399 genomes  235700 energy   195.2 births 16131515 deaths 16135470 (167.6s) AMD Radeon AI PRO R9700 (RADV GFX1201)
tick   28000 alive   870507 genomes  236109 energy   195.7 births 15943851 deaths 15945743 (173.8s) AMD Radeon AI PRO R9700 (RADV GFX1201)
tick   29000 alive   873527 genomes  237398 energy   194.9 births 15936165 deaths 15933145 (180.1s) AMD Radeon AI PRO R9700 (RADV GFX1201)
tick   30000 alive   878021 genomes  236848 energy   195.4 births 16169030 deaths 16164536 (186.2s) AMD Radeon AI PRO R9700 (RADV GFX1201)
tick   31000 alive   876335 genomes  234399 energy   196.0 births 16063106 deaths 16064792 (192.5s) AMD Radeon AI PRO R9700 (RADV GFX1201)
tick   32000 alive   878319 genomes  232816 energy   196.1 births 15978905 deaths 15976921 (198.7s) AMD Radeon AI PRO R9700 (RADV GFX1201)
tick   33000 alive   881691 genomes  233715 energy   195.8 births 16083389 deaths 16080017 (204.9s) AMD Radeon AI PRO R9700 (RADV GFX1201)
tick   34000 alive   880766 genomes  231370 energy   196.0 births 16019049 deaths 16019974 (211.2s) AMD Radeon AI PRO R9700 (RADV GFX1201)
tick   35000 alive   882317 genomes  230663 energy   195.5 births 16114296 deaths 16112745 (217.4s) AMD Radeon AI PRO R9700 (RADV GFX1201)
tick   36000 alive   888271 genomes  230043 energy   195.7 births 16258457 deaths 16252503 (223.6s) AMD Radeon AI PRO R9700 (RADV GFX1201)
tick   37000 alive   880754 genomes  229669 energy   196.6 births 16053457 deaths 16060974 (229.8s) AMD Radeon AI PRO R9700 (RADV GFX1201)
tick   38000 alive   883146 genomes  227158 energy   196.7 births 15940072 deaths 15937680 (236.0s) AMD Radeon AI PRO R9700 (RADV GFX1201)
tick   39000 alive   883375 genomes  228193 energy   196.4 births 16008287 deaths 16008058 (242.3s) AMD Radeon AI PRO R9700 (RADV GFX1201)
tick   40000 alive   884288 genomes  229019 energy   196.4 births 15987352 deaths 15986439 (248.5s) AMD Radeon AI PRO R9700 (RADV GFX1201)
tick   41000 alive   884563 genomes  230117 energy   196.1 births 15997492 deaths 15997217 (254.8s) AMD Radeon AI PRO R9700 (RADV GFX1201)
tick   42000 alive   882319 genomes  230909 energy   196.7 births 15994757 deaths 15997001 (261.0s) AMD Radeon AI PRO R9700 (RADV GFX1201)
tick   43000 alive   883973 genomes  230413 energy   196.4 births 15999904 deaths 15998250 (267.3s) AMD Radeon AI PRO R9700 (RADV GFX1201)
tick   44000 alive   882912 genomes  229210 energy   196.6 births 15940623 deaths 15941684 (273.6s) AMD Radeon AI PRO R9700 (RADV GFX1201)
tick   45000 alive   883229 genomes  229405 energy   196.6 births 15906642 deaths 15906325 (279.8s) AMD Radeon AI PRO R9700 (RADV GFX1201)
tick   46000 alive   886129 genomes  228885 energy   196.9 births 15933430 deaths 15930530 (286.1s) AMD Radeon AI PRO R9700 (RADV GFX1201)
tick   47000 alive   884133 genomes  229929 energy   196.6 births 15885054 deaths 15887050 (292.3s) AMD Radeon AI PRO R9700 (RADV GFX1201)
tick   48000 alive   887540 genomes  230589 energy   196.4 births 15979819 deaths 15976412 (298.6s) AMD Radeon AI PRO R9700 (RADV GFX1201)
tick   49000 alive   889699 genomes  228823 energy   196.7 births 16127487 deaths 16125328 (304.8s) AMD Radeon AI PRO R9700 (RADV GFX1201)
tick   50000 alive   892975 genomes  227572 energy   196.7 births 16071121 deaths 16067845 (311.1s) AMD Radeon AI PRO R9700 (RADV GFX1201)
tick   51000 alive   888000 genomes  226068 energy   196.8 births 16031356 deaths 16036331 (317.4s) AMD Radeon AI PRO R9700 (RADV GFX1201)
tick   52000 alive   896644 genomes  225534 energy   196.2 births 16157315 deaths 16148671 (323.7s) AMD Radeon AI PRO R9700 (RADV GFX1201)
tick   53000 alive   892520 genomes  224627 energy   197.5 births 16163336 deaths 16167460 (329.9s) AMD Radeon AI PRO R9700 (RADV GFX1201)
tick   54000 alive   888765 genomes  227093 energy   197.2 births 15917591 deaths 15921346 (336.2s) AMD Radeon AI PRO R9700 (RADV GFX1201)
tick   55000 alive   889994 genomes  227026 energy   197.1 births 15940330 deaths 15939101 (342.5s) AMD Radeon AI PRO R9700 (RADV GFX1201)
tick   56000 alive   890566 genomes  228647 energy   197.0 births 16045925 deaths 16045353 (348.8s) AMD Radeon AI PRO R9700 (RADV GFX1201)
tick   57000 alive   882790 genomes  227791 energy   198.1 births 15820513 deaths 15828289 (355.0s) AMD Radeon AI PRO R9700 (RADV GFX1201)
tick   58000 alive   890396 genomes  226007 energy   196.6 births 15841240 deaths 15833634 (361.3s) AMD Radeon AI PRO R9700 (RADV GFX1201)
tick   59000 alive   897002 genomes  223002 energy   196.7 births 16133447 deaths 16126841 (367.5s) AMD Radeon AI PRO R9700 (RADV GFX1201)
tick   60000 alive   896925 genomes  222452 energy   197.1 births 16232871 deaths 16232948 (373.7s) AMD Radeon AI PRO R9700 (RADV GFX1201)
tick   61000 alive   890024 genomes  223549 energy   197.5 births 15931514 deaths 15938415 (380.0s) AMD Radeon AI PRO R9700 (RADV GFX1201)
tick   62000 alive   885431 genomes  222754 energy   197.7 births 15832104 deaths 15836697 (386.3s) AMD Radeon AI PRO R9700 (RADV GFX1201)
tick   63000 alive   890813 genomes  224925 energy   197.4 births 15892749 deaths 15887367 (392.5s) AMD Radeon AI PRO R9700 (RADV GFX1201)
tick   64000 alive   890701 genomes  225450 energy   197.1 births 15941796 deaths 15941908 (398.7s) AMD Radeon AI PRO R9700 (RADV GFX1201)
tick   65000 alive   898051 genomes  220875 energy   196.9 births 16055338 deaths 16047988 (405.0s) AMD Radeon AI PRO R9700 (RADV GFX1201)
tick   66000 alive   902191 genomes  222014 energy   197.4 births 16141963 deaths 16137823 (411.3s) AMD Radeon AI PRO R9700 (RADV GFX1201)
tick   67000 alive   895420 genomes  221598 energy   197.4 births 16083312 deaths 16090083 (417.6s) AMD Radeon AI PRO R9700 (RADV GFX1201)
tick   68000 alive   898909 genomes  220921 energy   197.3 births 16081128 deaths 16077639 (423.8s) AMD Radeon AI PRO R9700 (RADV GFX1201)
tick   69000 alive   895278 genomes  221047 energy   197.8 births 16124435 deaths 16128066 (430.1s) AMD Radeon AI PRO R9700 (RADV GFX1201)
tick   70000 alive   892534 genomes  221824 energy   196.6 births 15944407 deaths 15947151 (436.3s) AMD Radeon AI PRO R9700 (RADV GFX1201)
tick   71000 alive   898097 genomes  222796 energy   197.4 births 16143390 deaths 16137827 (442.6s) AMD Radeon AI PRO R9700 (RADV GFX1201)
tick   72000 alive   893361 genomes  221513 energy   197.4 births 15918817 deaths 15923553 (448.8s) AMD Radeon AI PRO R9700 (RADV GFX1201)
tick   73000 alive   897040 genomes  219445 energy   197.1 births 16060758 deaths 16057079 (455.0s) AMD Radeon AI PRO R9700 (RADV GFX1201)
tick   74000 alive   897276 genomes  217355 energy   197.1 births 16152858 deaths 16152622 (461.3s) AMD Radeon AI PRO R9700 (RADV GFX1201)
tick   75000 alive   898918 genomes  219109 energy   197.2 births 16122782 deaths 16121140 (467.5s) AMD Radeon AI PRO R9700 (RADV GFX1201)
tick   76000 alive   896386 genomes  218743 energy   197.9 births 16059848 deaths 16062380 (473.7s) AMD Radeon AI PRO R9700 (RADV GFX1201)
tick   77000 alive   896667 genomes  221417 energy   197.7 births 16014872 deaths 16014591 (480.0s) AMD Radeon AI PRO R9700 (RADV GFX1201)
tick   78000 alive   897186 genomes  222737 energy   198.0 births 15958109 deaths 15957590 (486.2s) AMD Radeon AI PRO R9700 (RADV GFX1201)
tick   79000 alive   898249 genomes  224080 energy   197.9 births 16006713 deaths 16005650 (492.5s) AMD Radeon AI PRO R9700 (RADV GFX1201)
tick   80000 alive   902015 genomes  221399 energy   197.0 births 16092224 deaths 16088458 (498.8s) AMD Radeon AI PRO R9700 (RADV GFX1201)
tick   81000 alive   907423 genomes  216584 energy   197.2 births 16314749 deaths 16309341 (505.0s) AMD Radeon AI PRO R9700 (RADV GFX1201)
tick   82000 alive   906401 genomes  215695 energy   197.3 births 16339659 deaths 16340681 (511.3s) AMD Radeon AI PRO R9700 (RADV GFX1201)
tick   83000 alive   903193 genomes  215836 energy   197.2 births 16302699 deaths 16305907 (517.5s) AMD Radeon AI PRO R9700 (RADV GFX1201)
tick   84000 alive   904270 genomes  217388 energy   196.9 births 16369190 deaths 16368113 (523.8s) AMD Radeon AI PRO R9700 (RADV GFX1201)
tick   85000 alive   903396 genomes  216212 energy   197.1 births 16393347 deaths 16394221 (530.1s) AMD Radeon AI PRO R9700 (RADV GFX1201)
tick   86000 alive   905524 genomes  215990 energy   196.9 births 16358208 deaths 16356080 (536.3s) AMD Radeon AI PRO R9700 (RADV GFX1201)
tick   87000 alive   907857 genomes  212822 energy   196.8 births 16434749 deaths 16432416 (542.6s) AMD Radeon AI PRO R9700 (RADV GFX1201)
tick   88000 alive   909202 genomes  211784 energy   197.0 births 16517960 deaths 16516615 (548.8s) AMD Radeon AI PRO R9700 (RADV GFX1201)
tick   89000 alive   908627 genomes  211189 energy   196.3 births 16541074 deaths 16541649 (555.1s) AMD Radeon AI PRO R9700 (RADV GFX1201)
tick   90000 alive   904237 genomes  211530 energy   197.1 births 16487981 deaths 16492371 (561.4s) AMD Radeon AI PRO R9700 (RADV GFX1201)
tick   91000 alive   906692 genomes  211634 energy   196.7 births 16421791 deaths 16419336 (567.7s) AMD Radeon AI PRO R9700 (RADV GFX1201)
tick   92000 alive   907581 genomes  210093 energy   196.7 births 16519975 deaths 16519086 (574.0s) AMD Radeon AI PRO R9700 (RADV GFX1201)
tick   93000 alive   907956 genomes  208413 energy   196.5 births 16538099 deaths 16537724 (580.3s) AMD Radeon AI PRO R9700 (RADV GFX1201)
tick   94000 alive   906226 genomes  206292 energy   196.7 births 16510557 deaths 16512287 (586.5s) AMD Radeon AI PRO R9700 (RADV GFX1201)
tick   95000 alive   909377 genomes  206418 energy   196.3 births 16495986 deaths 16492835 (592.8s) AMD Radeon AI PRO R9700 (RADV GFX1201)
tick   96000 alive   910609 genomes  206328 energy   197.1 births 16586598 deaths 16585366 (599.1s) AMD Radeon AI PRO R9700 (RADV GFX1201)
tick   97000 alive   910770 genomes  207675 energy   197.1 births 16489268 deaths 16489107 (605.3s) AMD Radeon AI PRO R9700 (RADV GFX1201)
tick   98000 alive   912168 genomes  209154 energy   196.5 births 16564765 deaths 16563367 (611.7s) AMD Radeon AI PRO R9700 (RADV GFX1201)
tick   99000 alive   909665 genomes  209440 energy   196.6 births 16570722 deaths 16573225 (617.9s) AMD Radeon AI PRO R9700 (RADV GFX1201)
tick  100000 alive   909398 genomes  208009 energy   197.5 births 16518614 deaths 16518881 (624.2s) AMD Radeon AI PRO R9700 (RADV GFX1201)
tick  101000 alive   912850 genomes  206928 energy   197.7 births 16419844 deaths 16416392 (630.5s) AMD Radeon AI PRO R9700 (RADV GFX1201)
tick  102000 alive   916791 genomes  205683 energy   197.4 births 16512284 deaths 16508343 (636.8s) AMD Radeon AI PRO R9700 (RADV GFX1201)
tick  103000 alive   916873 genomes  207024 energy   197.2 births 16609103 deaths 16609021 (643.0s) AMD Radeon AI PRO R9700 (RADV GFX1201)
tick  104000 alive   914457 genomes  207109 energy   197.5 births 16503023 deaths 16505439 (649.3s) AMD Radeon AI PRO R9700 (RADV GFX1201)
tick  105000 alive   906205 genomes  207051 energy   197.8 births 16388841 deaths 16397093 (655.6s) AMD Radeon AI PRO R9700 (RADV GFX1201)
tick  106000 alive   908811 genomes  205199 energy   197.2 births 16288327 deaths 16285721 (661.8s) AMD Radeon AI PRO R9700 (RADV GFX1201)
tick  107000 alive   912567 genomes  203984 energy   197.8 births 16445940 deaths 16442184 (668.1s) AMD Radeon AI PRO R9700 (RADV GFX1201)
tick  108000 alive   914497 genomes  203720 energy   197.6 births 16388562 deaths 16386632 (674.4s) AMD Radeon AI PRO R9700 (RADV GFX1201)
tick  109000 alive   913495 genomes  203465 energy   197.3 births 16486838 deaths 16487840 (680.7s) AMD Radeon AI PRO R9700 (RADV GFX1201)
tick  110000 alive   910928 genomes  203237 energy   197.3 births 16439221 deaths 16441788 (687.0s) AMD Radeon AI PRO R9700 (RADV GFX1201)
tick  111000 alive   916675 genomes  203197 energy   197.3 births 16572936 deaths 16567189 (693.3s) AMD Radeon AI PRO R9700 (RADV GFX1201)
tick  112000 alive   916851 genomes  200543 energy   197.4 births 16588539 deaths 16588363 (699.5s) AMD Radeon AI PRO R9700 (RADV GFX1201)
tick  113000 alive   917740 genomes  199203 energy   197.6 births 16598123 deaths 16597234 (705.8s) AMD Radeon AI PRO R9700 (RADV GFX1201)
tick  114000 alive   917860 genomes  198030 energy   197.7 births 16598511 deaths 16598391 (712.1s) AMD Radeon AI PRO R9700 (RADV GFX1201)
tick  115000 alive   920200 genomes  196634 energy   198.1 births 16452108 deaths 16449768 (718.4s) AMD Radeon AI PRO R9700 (RADV GFX1201)
tick  116000 alive   921549 genomes  194309 energy   198.3 births 16537782 deaths 16536433 (724.6s) AMD Radeon AI PRO R9700 (RADV GFX1201)
tick  117000 alive   920503 genomes  193982 energy   198.2 births 16462339 deaths 16463385 (730.9s) AMD Radeon AI PRO R9700 (RADV GFX1201)
tick  118000 alive   920545 genomes  195178 energy   198.5 births 16483815 deaths 16483773 (737.1s) AMD Radeon AI PRO R9700 (RADV GFX1201)
tick  119000 alive   924752 genomes  197928 energy   198.1 births 16480064 deaths 16475857 (743.5s) AMD Radeon AI PRO R9700 (RADV GFX1201)
tick  120000 alive   919448 genomes  199431 energy   198.4 births 16498458 deaths 16503762 (749.8s) AMD Radeon AI PRO R9700 (RADV GFX1201)
tick  121000 alive   913280 genomes  199101 energy   198.6 births 16236734 deaths 16242902 (756.1s) AMD Radeon AI PRO R9700 (RADV GFX1201)
tick  122000 alive   920199 genomes  200449 energy   197.7 births 16398118 deaths 16391199 (762.4s) AMD Radeon AI PRO R9700 (RADV GFX1201)
tick  123000 alive   923497 genomes  196910 energy   198.0 births 16577493 deaths 16574195 (768.6s) AMD Radeon AI PRO R9700 (RADV GFX1201)
tick  124000 alive   919572 genomes  197402 energy   198.5 births 16465464 deaths 16469389 (774.9s) AMD Radeon AI PRO R9700 (RADV GFX1201)
tick  125000 alive   914525 genomes  200257 energy   198.8 births 16253804 deaths 16258851 (781.2s) AMD Radeon AI PRO R9700 (RADV GFX1201)
tick  126000 alive   913549 genomes  202073 energy   198.7 births 16157743 deaths 16158719 (787.5s) AMD Radeon AI PRO R9700 (RADV GFX1201)
tick  127000 alive   912386 genomes  203618 energy   199.1 births 16129634 deaths 16130797 (793.8s) AMD Radeon AI PRO R9700 (RADV GFX1201)
tick  128000 alive   913775 genomes  202789 energy   197.7 births 16179867 deaths 16178478 (800.1s) AMD Radeon AI PRO R9700 (RADV GFX1201)
tick  129000 alive   918120 genomes  199725 energy   198.5 births 16338175 deaths 16333830 (806.3s) AMD Radeon AI PRO R9700 (RADV GFX1201)
tick  130000 alive   916165 genomes  200384 energy   198.6 births 16266169 deaths 16268124 (812.6s) AMD Radeon AI PRO R9700 (RADV GFX1201)
tick  131000 alive   914407 genomes  201899 energy   198.5 births 16215659 deaths 16217417 (818.9s) AMD Radeon AI PRO R9700 (RADV GFX1201)
tick  132000 alive   917125 genomes  201710 energy   197.6 births 16440178 deaths 16437460 (825.2s) AMD Radeon AI PRO R9700 (RADV GFX1201)
tick  133000 alive   921637 genomes  199821 energy   197.6 births 16519340 deaths 16514828 (831.5s) AMD Radeon AI PRO R9700 (RADV GFX1201)
tick  134000 alive   921561 genomes  197117 energy   198.0 births 16571083 deaths 16571159 (837.8s) AMD Radeon AI PRO R9700 (RADV GFX1201)
tick  135000 alive   923351 genomes  195368 energy   197.9 births 16499975 deaths 16498185 (844.0s) AMD Radeon AI PRO R9700 (RADV GFX1201)
tick  136000 alive   922776 genomes  192905 energy   198.2 births 16550275 deaths 16550850 (850.3s) AMD Radeon AI PRO R9700 (RADV GFX1201)
tick  137000 alive   922242 genomes  191982 energy   198.0 births 16445010 deaths 16445544 (856.4s) AMD Radeon AI PRO R9700 (RADV GFX1201)
tick  138000 alive   924197 genomes  191134 energy   198.5 births 16480028 deaths 16478073 (862.7s) AMD Radeon AI PRO R9700 (RADV GFX1201)
tick  139000 alive   925430 genomes  188338 energy   198.2 births 16567937 deaths 16566704 (868.8s) AMD Radeon AI PRO R9700 (RADV GFX1201)
tick  140000 alive   932055 genomes  188325 energy   198.9 births 16625759 deaths 16619134 (875.0s) AMD Radeon AI PRO R9700 (RADV GFX1201)
tick  141000 alive   929147 genomes  187234 energy   199.0 births 16502286 deaths 16505194 (881.3s) AMD Radeon AI PRO R9700 (RADV GFX1201)
tick  142000 alive   928478 genomes  187956 energy   199.1 births 16445207 deaths 16445876 (887.5s) AMD Radeon AI PRO R9700 (RADV GFX1201)
tick  143000 alive   929543 genomes  188338 energy   199.1 births 16442935 deaths 16441870 (893.7s) AMD Radeon AI PRO R9700 (RADV GFX1201)
tick  144000 alive   926068 genomes  189758 energy   199.5 births 16348700 deaths 16352175 (899.9s) AMD Radeon AI PRO R9700 (RADV GFX1201)
tick  145000 alive   923390 genomes  190243 energy   199.2 births 16238771 deaths 16241449 (906.1s) AMD Radeon AI PRO R9700 (RADV GFX1201)
tick  146000 alive   928023 genomes  187621 energy   198.8 births 16336001 deaths 16331368 (912.3s) AMD Radeon AI PRO R9700 (RADV GFX1201)
tick  147000 alive   933282 genomes  187034 energy   198.9 births 16485945 deaths 16480686 (918.5s) AMD Radeon AI PRO R9700 (RADV GFX1201)
tick  148000 alive   931035 genomes  185485 energy   199.1 births 16523680 deaths 16525927 (924.6s) AMD Radeon AI PRO R9700 (RADV GFX1201)
tick  149000 alive   928838 genomes  187254 energy   199.5 births 16405718 deaths 16407915 (930.8s) AMD Radeon AI PRO R9700 (RADV GFX1201)
tick  150000 alive   926746 genomes  189148 energy   199.6 births 16361899 deaths 16363991 (936.9s) AMD Radeon AI PRO R9700 (RADV GFX1201)
tick  151000 alive   924903 genomes  188406 energy   199.2 births 16291388 deaths 16293231 (943.1s) AMD Radeon AI PRO R9700 (RADV GFX1201)
tick  152000 alive   929693 genomes  187746 energy   199.1 births 16386539 deaths 16381749 (949.3s) AMD Radeon AI PRO R9700 (RADV GFX1201)
tick  153000 alive   929674 genomes  188544 energy   198.8 births 16442958 deaths 16442977 (955.4s) AMD Radeon AI PRO R9700 (RADV GFX1201)
tick  154000 alive   925255 genomes  186053 energy   199.4 births 16364668 deaths 16369087 (961.6s) AMD Radeon AI PRO R9700 (RADV GFX1201)
tick  155000 alive   924873 genomes  187425 energy   199.2 births 16314012 deaths 16314394 (967.7s) AMD Radeon AI PRO R9700 (RADV GFX1201)
tick  156000 alive   924412 genomes  187090 energy   198.4 births 16396818 deaths 16397279 (973.9s) AMD Radeon AI PRO R9700 (RADV GFX1201)
tick  157000 alive   928877 genomes  185105 energy   198.6 births 16527551 deaths 16523086 (980.1s) AMD Radeon AI PRO R9700 (RADV GFX1201)
tick  158000 alive   928583 genomes  185447 energy   199.0 births 16548405 deaths 16548699 (986.3s) AMD Radeon AI PRO R9700 (RADV GFX1201)
tick  159000 alive   925790 genomes  185287 energy   199.0 births 16364918 deaths 16367711 (992.4s) AMD Radeon AI PRO R9700 (RADV GFX1201)
tick  160000 alive   927957 genomes  187395 energy   198.8 births 16439999 deaths 16437832 (998.6s) AMD Radeon AI PRO R9700 (RADV GFX1201)
tick  161000 alive   924760 genomes  187747 energy   199.2 births 16361091 deaths 16364288 (1004.8s) AMD Radeon AI PRO R9700 (RADV GFX1201)
tick  162000 alive   925289 genomes  186654 energy   198.5 births 16385194 deaths 16384665 (1011.0s) AMD Radeon AI PRO R9700 (RADV GFX1201)
tick  163000 alive   929008 genomes  183531 energy   198.6 births 16495906 deaths 16492187 (1017.1s) AMD Radeon AI PRO R9700 (RADV GFX1201)
tick  164000 alive   932900 genomes  183674 energy   198.5 births 16673762 deaths 16669870 (1023.3s) AMD Radeon AI PRO R9700 (RADV GFX1201)
tick  165000 alive   932381 genomes  183213 energy   198.3 births 16616507 deaths 16617026 (1029.5s) AMD Radeon AI PRO R9700 (RADV GFX1201)
tick  166000 alive   928818 genomes  184514 energy   198.9 births 16588886 deaths 16592449 (1035.7s) AMD Radeon AI PRO R9700 (RADV GFX1201)
tick  167000 alive   923209 genomes  185941 energy   198.7 births 16413373 deaths 16418982 (1041.8s) AMD Radeon AI PRO R9700 (RADV GFX1201)
tick  168000 alive   920487 genomes  187904 energy   198.8 births 16341437 deaths 16344159 (1048.0s) AMD Radeon AI PRO R9700 (RADV GFX1201)
tick  169000 alive   922000 genomes  188702 energy   198.6 births 16392311 deaths 16390798 (1054.2s) AMD Radeon AI PRO R9700 (RADV GFX1201)
tick  170000 alive   930372 genomes  187489 energy   198.1 births 16600732 deaths 16592360 (1060.3s) AMD Radeon AI PRO R9700 (RADV GFX1201)
tick  171000 alive   930503 genomes  184006 energy   198.7 births 16670426 deaths 16670295 (1066.4s) AMD Radeon AI PRO R9700 (RADV GFX1201)
tick  172000 alive   928206 genomes  184746 energy   198.9 births 16419074 deaths 16421371 (1072.6s) AMD Radeon AI PRO R9700 (RADV GFX1201)
tick  173000 alive   928491 genomes  185688 energy   198.8 births 16475746 deaths 16475461 (1078.7s) AMD Radeon AI PRO R9700 (RADV GFX1201)
tick  174000 alive   922220 genomes  186493 energy   199.2 births 16389583 deaths 16395854 (1084.9s) AMD Radeon AI PRO R9700 (RADV GFX1201)
tick  175000 alive   922439 genomes  187706 energy   198.4 births 16416611 deaths 16416392 (1091.1s) AMD Radeon AI PRO R9700 (RADV GFX1201)
tick  176000 alive   918878 genomes  185736 energy   198.9 births 16344055 deaths 16347616 (1097.2s) AMD Radeon AI PRO R9700 (RADV GFX1201)
tick  177000 alive   926434 genomes  183887 energy   198.5 births 16509720 deaths 16502164 (1103.4s) AMD Radeon AI PRO R9700 (RADV GFX1201)
tick  178000 alive   929961 genomes  180668 energy   198.6 births 16576887 deaths 16573360 (1109.4s) AMD Radeon AI PRO R9700 (RADV GFX1201)
tick  179000 alive   928408 genomes  180903 energy   199.2 births 16455143 deaths 16456696 (1115.5s) AMD Radeon AI PRO R9700 (RADV GFX1201)
tick  180000 alive   921329 genomes  183369 energy   199.1 births 16300316 deaths 16307395 (1121.6s) AMD Radeon AI PRO R9700 (RADV GFX1201)
tick  181000 alive   917826 genomes  183604 energy   199.0 births 16225924 deaths 16229427 (1127.7s) AMD Radeon AI PRO R9700 (RADV GFX1201)
tick  182000 alive   925510 genomes  183547 energy   198.7 births 16449351 deaths 16441667 (1133.8s) AMD Radeon AI PRO R9700 (RADV GFX1201)
tick  183000 alive   927749 genomes  182152 energy   198.7 births 16544293 deaths 16542054 (1139.9s) AMD Radeon AI PRO R9700 (RADV GFX1201)
tick  184000 alive   926425 genomes  180862 energy   198.4 births 16502732 deaths 16504056 (1146.0s) AMD Radeon AI PRO R9700 (RADV GFX1201)
tick  185000 alive   924565 genomes  182595 energy   198.8 births 16470848 deaths 16472708 (1152.1s) AMD Radeon AI PRO R9700 (RADV GFX1201)
tick  186000 alive   921296 genomes  185476 energy   199.2 births 16284992 deaths 16288261 (1158.3s) AMD Radeon AI PRO R9700 (RADV GFX1201)
tick  187000 alive   921604 genomes  186676 energy   198.6 births 16332652 deaths 16332344 (1164.4s) AMD Radeon AI PRO R9700 (RADV GFX1201)
tick  188000 alive   919331 genomes  186200 energy   198.4 births 16331556 deaths 16333829 (1170.5s) AMD Radeon AI PRO R9700 (RADV GFX1201)
tick  189000 alive   922824 genomes  186544 energy   198.7 births 16387242 deaths 16383749 (1176.7s) AMD Radeon AI PRO R9700 (RADV GFX1201)
tick  190000 alive   923266 genomes  186072 energy   198.6 births 16400407 deaths 16399965 (1182.7s) AMD Radeon AI PRO R9700 (RADV GFX1201)
tick  191000 alive   923220 genomes  185791 energy   198.3 births 16478015 deaths 16478061 (1188.9s) AMD Radeon AI PRO R9700 (RADV GFX1201)
tick  192000 alive   922146 genomes  184633 energy   198.3 births 16486391 deaths 16487465 (1195.0s) AMD Radeon AI PRO R9700 (RADV GFX1201)
tick  193000 alive   927212 genomes  183175 energy   198.4 births 16626274 deaths 16621208 (1201.1s) AMD Radeon AI PRO R9700 (RADV GFX1201)
tick  194000 alive   925121 genomes  179844 energy   198.8 births 16546264 deaths 16548355 (1207.2s) AMD Radeon AI PRO R9700 (RADV GFX1201)
tick  195000 alive   924524 genomes  182410 energy   198.8 births 16474998 deaths 16475595 (1213.4s) AMD Radeon AI PRO R9700 (RADV GFX1201)
tick  196000 alive   920141 genomes  182324 energy   198.7 births 16420084 deaths 16424467 (1219.5s) AMD Radeon AI PRO R9700 (RADV GFX1201)
tick  197000 alive   916529 genomes  181833 energy   198.6 births 16298170 deaths 16301782 (1225.6s) AMD Radeon AI PRO R9700 (RADV GFX1201)
tick  198000 alive   919439 genomes  182203 energy   198.5 births 16313311 deaths 16310401 (1231.7s) AMD Radeon AI PRO R9700 (RADV GFX1201)
tick  199000 alive   921376 genomes  182639 energy   198.7 births 16348191 deaths 16346254 (1237.9s) AMD Radeon AI PRO R9700 (RADV GFX1201)
tick  200000 alive   925152 genomes  181616 energy   198.8 births 16474075 deaths 16470299 (1244.1s) AMD Radeon AI PRO R9700 (RADV GFX1201)
done 200000 ticks in 1244.1s
