w4_prop_combined: chunk 0 complete on adler40 RTX 4090 (1/64)
w4_prop_combined: chunk 1 complete on adler40 RTX 4080 (2/64)
w4_prop_combined: chunk 7 complete on falke64 R9700 #0 (3/64)
w4_prop_combined: chunk 5 complete on specht32 RX 9070 XT (4/64)
w4_prop_combined: chunk 6 complete on specht32 RX 9060 XT (5/64)
w4_prop_combined: chunk 8 complete on falke64 R9700 #1 (6/64)
w4_prop_combined: chunk 2 complete on knecht24 RTX 3060 #0 (7/64)
w4_prop_combined: chunk 10 complete on adler40 RTX 4080 (8/64)
w4_prop_combined: chunk 9 complete on adler40 RTX 4090 (9/64)
w4_prop_combined: chunk 14 complete on falke64 R9700 #1 (10/64)
w4_prop_combined: chunk 11 complete on falke64 R9700 #0 (11/64)
w4_prop_combined: chunk 3 complete on knecht24 RTX 3060 #1 (12/64)
w4_prop_combined: chunk 12 complete on specht32 RX 9070 XT (13/64)
w4_prop_combined: chunk 4 complete on knecht24 RTX 3060 #2 (14/64)
w4_prop_combined: chunk 16 complete on adler40 RTX 4080 (15/64)
w4_prop_combined: chunk 17 complete on adler40 RTX 4090 (16/64)
w4_prop_combined: chunk 18 complete on falke64 R9700 #1 (17/64)
w4_prop_combined: chunk 19 complete on falke64 R9700 #0 (18/64)
w4_prop_combined: chunk 13 complete on specht32 RX 9060 XT (19/64)
w4_prop_combined: chunk 24 complete on adler40 RTX 4090 (20/64)
w4_prop_combined: chunk 21 complete on specht32 RX 9070 XT (21/64)
w4_prop_combined: chunk 23 complete on adler40 RTX 4080 (22/64)
w4_prop_combined: chunk 26 complete on falke64 R9700 #0 (23/64)
w4_prop_combined: chunk 15 complete on knecht24 RTX 3060 #0 (24/64)
w4_prop_combined: chunk 22 complete on knecht24 RTX 3060 #2 (25/64)
w4_prop_combined: chunk 25 complete on falke64 R9700 #1 (26/64)
w4_prop_combined: chunk 34 complete on falke64 R9700 #1 (27/64)
w4_prop_combined: chunk 30 complete on adler40 RTX 4080 (28/64)
w4_prop_combined: chunk 35 complete on falke64 R9700 #1 (29/64)
w4_prop_combined: chunk 28 complete on adler40 RTX 4090 (30/64)
w4_prop_combined: chunk 20 complete on knecht24 RTX 3060 #1 (31/64)
w4_prop_combined: chunk 32 complete on knecht24 RTX 3060 #0 (32/64)
w4_prop_combined: chunk 36 complete on adler40 RTX 4080 (33/64)
w4_prop_combined: chunk 29 complete on specht32 RX 9070 XT (34/64)
w4_prop_combined: chunk 38 complete on adler40 RTX 4090 (35/64)
w4_prop_combined: chunk 37 complete on falke64 R9700 #1 (36/64)
w4_prop_combined: chunk 31 complete on falke64 R9700 #0 (37/64)
w4_prop_combined: chunk 33 complete on knecht24 RTX 3060 #2 (38/64)
w4_prop_combined: chunk 39 complete on knecht24 RTX 3060 #1 (39/64)
w4_prop_combined: chunk 27 complete on specht32 RX 9060 XT (40/64)
w4_prop_combined: chunk 42 complete on specht32 RX 9070 XT (41/64)
w4_prop_combined: chunk 41 complete on adler40 RTX 4080 (42/64)
w4_prop_combined: chunk 43 complete on adler40 RTX 4090 (43/64)
w4_prop_combined: chunk 45 complete on falke64 R9700 #0 (44/64)
w4_prop_combined: chunk 44 complete on falke64 R9700 #1 (45/64)
w4_prop_combined: chunk 50 complete on adler40 RTX 4080 (46/64)
w4_prop_combined: chunk 46 complete on knecht24 RTX 3060 #2 (47/64)
w4_prop_combined: chunk 51 complete on adler40 RTX 4090 (48/64)
w4_prop_combined: chunk 49 complete on specht32 RX 9070 XT (49/64)
w4_prop_combined: chunk 40 complete on knecht24 RTX 3060 #0 (50/64)
w4_prop_combined: chunk 54 complete on adler40 RTX 4080 (51/64)
w4_prop_combined: chunk 52 complete on falke64 R9700 #0 (52/64)
w4_prop_combined: chunk 48 complete on specht32 RX 9060 XT (53/64)
w4_prop_combined: chunk 53 complete on falke64 R9700 #1 (54/64)
w4_prop_combined: chunk 47 complete on knecht24 RTX 3060 #1 (55/64)
w4_prop_combined: chunk 56 complete on adler40 RTX 4090 (56/64)
w4_prop_combined: chunk 62 complete on falke64 R9700 #1 (57/64)
w4_prop_combined: chunk 57 complete on specht32 RX 9070 XT (58/64)
w4_prop_combined: chunk 59 complete on adler40 RTX 4080 (59/64)
w4_prop_combined: chunk 60 complete on falke64 R9700 #0 (60/64)
w4_prop_combined: chunk 58 complete on knecht24 RTX 3060 #0 (61/64)
w4_prop_combined: chunk 55 complete on knecht24 RTX 3060 #2 (62/64)
w4_prop_combined: chunk 61 complete on specht32 RX 9060 XT (63/64)
w4_prop_combined: chunk 63 complete on knecht24 RTX 3060 #1 (64/64)
228409 distinct operators / 18446744073709551616 universe; gaps=[] -> C:\Users\end\Desktop\u1\results\exp05_w4_prop_combined.json
w4_prop_combined: 2^32 programs in 31.5s (0.14 Gprog/s) on 9 GPUs
w4_o2_add_sknz: chunk 0 complete on adler40 RTX 4090 (1/64)
w4_o2_add_sknz: chunk 1 complete on adler40 RTX 4080 (2/64)
w4_o2_add_sknz: chunk 5 complete on specht32 RX 9070 XT (3/64)
w4_o2_add_sknz: chunk 7 complete on falke64 R9700 #0 (4/64)
w4_o2_add_sknz: chunk 8 complete on falke64 R9700 #1 (5/64)
w4_o2_add_sknz: chunk 9 complete on adler40 RTX 4090 (6/64)
w4_o2_add_sknz: chunk 10 complete on adler40 RTX 4080 (7/64)
w4_o2_add_sknz: chunk 6 complete on specht32 RX 9060 XT (8/64)
w4_o2_add_sknz: chunk 2 complete on knecht24 RTX 3060 #0 (9/64)
w4_o2_add_sknz: chunk 12 complete on falke64 R9700 #0 (10/64)
w4_o2_add_sknz: chunk 11 complete on specht32 RX 9070 XT (11/64)
w4_o2_add_sknz: chunk 13 complete on falke64 R9700 #1 (12/64)
w4_o2_add_sknz: chunk 3 complete on knecht24 RTX 3060 #1 (13/64)
w4_o2_add_sknz: chunk 4 complete on knecht24 RTX 3060 #2 (14/64)
w4_o2_add_sknz: chunk 14 complete on adler40 RTX 4090 (15/64)
w4_o2_add_sknz: chunk 15 complete on adler40 RTX 4080 (16/64)
w4_o2_add_sknz: chunk 18 complete on falke64 R9700 #0 (17/64)
w4_o2_add_sknz: chunk 19 complete on specht32 RX 9070 XT (18/64)
w4_o2_add_sknz: chunk 20 complete on falke64 R9700 #1 (19/64)
w4_o2_add_sknz: chunk 23 complete on adler40 RTX 4090 (20/64)
w4_o2_add_sknz: chunk 24 complete on adler40 RTX 4080 (21/64)
w4_o2_add_sknz: chunk 16 complete on specht32 RX 9060 XT (22/64)
w4_o2_add_sknz: chunk 25 complete on falke64 R9700 #0 (23/64)
w4_o2_add_sknz: chunk 17 complete on knecht24 RTX 3060 #0 (24/64)
w4_o2_add_sknz: chunk 26 complete on specht32 RX 9070 XT (25/64)
w4_o2_add_sknz: chunk 28 complete on adler40 RTX 4090 (26/64)
w4_o2_add_sknz: chunk 27 complete on falke64 R9700 #1 (27/64)
w4_o2_add_sknz: chunk 21 complete on knecht24 RTX 3060 #1 (28/64)
w4_o2_add_sknz: chunk 22 complete on knecht24 RTX 3060 #2 (29/64)
w4_o2_add_sknz: chunk 29 complete on adler40 RTX 4080 (30/64)
w4_o2_add_sknz: chunk 34 complete on adler40 RTX 4090 (31/64)
w4_o2_add_sknz: chunk 31 complete on falke64 R9700 #0 (32/64)
w4_o2_add_sknz: chunk 33 complete on specht32 RX 9070 XT (33/64)
w4_o2_add_sknz: chunk 35 complete on falke64 R9700 #1 (34/64)
w4_o2_add_sknz: chunk 38 complete on adler40 RTX 4080 (35/64)
w4_o2_add_sknz: chunk 30 complete on specht32 RX 9060 XT (36/64)
w4_o2_add_sknz: chunk 39 complete on adler40 RTX 4090 (37/64)
w4_o2_add_sknz: chunk 40 complete on falke64 R9700 #0 (38/64)
w4_o2_add_sknz: chunk 41 complete on specht32 RX 9070 XT (39/64)
w4_o2_add_sknz: chunk 32 complete on knecht24 RTX 3060 #0 (40/64)
w4_o2_add_sknz: chunk 43 complete on adler40 RTX 4080 (41/64)
w4_o2_add_sknz: chunk 42 complete on falke64 R9700 #1 (42/64)
w4_o2_add_sknz: chunk 45 complete on adler40 RTX 4090 (43/64)
w4_o2_add_sknz: chunk 36 complete on knecht24 RTX 3060 #1 (44/64)
w4_o2_add_sknz: chunk 37 complete on knecht24 RTX 3060 #2 (45/64)
w4_o2_add_sknz: chunk 46 complete on falke64 R9700 #0 (46/64)
w4_o2_add_sknz: chunk 49 complete on adler40 RTX 4080 (47/64)
w4_o2_add_sknz: chunk 51 complete on adler40 RTX 4090 (48/64)
w4_o2_add_sknz: chunk 47 complete on specht32 RX 9070 XT (49/64)
w4_o2_add_sknz: chunk 50 complete on falke64 R9700 #1 (50/64)
w4_o2_add_sknz: chunk 44 complete on specht32 RX 9060 XT (51/64)
w4_o2_add_sknz: chunk 55 complete on adler40 RTX 4080 (52/64)
w4_o2_add_sknz: chunk 54 complete on falke64 R9700 #0 (53/64)
w4_o2_add_sknz: chunk 56 complete on adler40 RTX 4090 (54/64)
w4_o2_add_sknz: chunk 48 complete on knecht24 RTX 3060 #0 (55/64)
w4_o2_add_sknz: chunk 57 complete on specht32 RX 9070 XT (56/64)
w4_o2_add_sknz: chunk 58 complete on falke64 R9700 #1 (57/64)
w4_o2_add_sknz: chunk 53 complete on knecht24 RTX 3060 #2 (58/64)
w4_o2_add_sknz: chunk 52 complete on knecht24 RTX 3060 #1 (59/64)
w4_o2_add_sknz: chunk 62 complete on adler40 RTX 4090 (60/64)
w4_o2_add_sknz: chunk 60 complete on adler40 RTX 4080 (61/64)
w4_o2_add_sknz: chunk 61 complete on falke64 R9700 #0 (62/64)
w4_o2_add_sknz: chunk 59 complete on specht32 RX 9060 XT (63/64)
w4_o2_add_sknz: chunk 63 complete on knecht24 RTX 3060 #0 (64/64)
1043408 distinct operators / 18446744073709551616 universe; gaps=[] -> C:\Users\end\Desktop\u1\results\exp05_w4_o2_add_sknz.json
w4_o2_add_sknz: 2^32 programs in 62.4s (0.07 Gprog/s) on 9 GPUs
w4_o2_add_jz: chunk 0 complete on adler40 RTX 4090 (1/64)
w4_o2_add_jz: chunk 1 complete on adler40 RTX 4080 (2/64)
w4_o2_add_jz: chunk 5 complete on specht32 RX 9070 XT (3/64)
w4_o2_add_jz: chunk 7 complete on falke64 R9700 #0 (4/64)
w4_o2_add_jz: chunk 8 complete on falke64 R9700 #1 (5/64)
w4_o2_add_jz: chunk 9 complete on adler40 RTX 4090 (6/64)
w4_o2_add_jz: chunk 10 complete on adler40 RTX 4080 (7/64)
w4_o2_add_jz: chunk 6 complete on specht32 RX 9060 XT (8/64)
w4_o2_add_jz: chunk 3 complete on knecht24 RTX 3060 #1 (9/64)
w4_o2_add_jz: chunk 2 complete on knecht24 RTX 3060 #0 (10/64)
w4_o2_add_jz: chunk 12 complete on falke64 R9700 #0 (11/64)
w4_o2_add_jz: chunk 11 complete on specht32 RX 9070 XT (12/64)
w4_o2_add_jz: chunk 13 complete on falke64 R9700 #1 (13/64)
w4_o2_add_jz: chunk 4 complete on knecht24 RTX 3060 #2 (14/64)
w4_o2_add_jz: chunk 14 complete on adler40 RTX 4090 (15/64)
w4_o2_add_jz: chunk 15 complete on adler40 RTX 4080 (16/64)
w4_o2_add_jz: chunk 19 complete on falke64 R9700 #0 (17/64)
w4_o2_add_jz: chunk 21 complete on falke64 R9700 #1 (18/64)
w4_o2_add_jz: chunk 20 complete on specht32 RX 9070 XT (19/64)
w4_o2_add_jz: chunk 23 complete on adler40 RTX 4090 (20/64)
w4_o2_add_jz: chunk 24 complete on adler40 RTX 4080 (21/64)
w4_o2_add_jz: chunk 16 complete on specht32 RX 9060 XT (22/64)
w4_o2_add_jz: chunk 18 complete on knecht24 RTX 3060 #0 (23/64)
w4_o2_add_jz: chunk 17 complete on knecht24 RTX 3060 #1 (24/64)
w4_o2_add_jz: chunk 25 complete on falke64 R9700 #0 (25/64)
w4_o2_add_jz: chunk 26 complete on falke64 R9700 #1 (26/64)
w4_o2_add_jz: chunk 28 complete on adler40 RTX 4090 (27/64)
w4_o2_add_jz: chunk 27 complete on specht32 RX 9070 XT (28/64)
w4_o2_add_jz: chunk 22 complete on knecht24 RTX 3060 #2 (29/64)
w4_o2_add_jz: chunk 29 complete on adler40 RTX 4080 (30/64)
w4_o2_add_jz: chunk 35 complete on adler40 RTX 4090 (31/64)
w4_o2_add_jz: chunk 33 complete on falke64 R9700 #0 (32/64)
w4_o2_add_jz: chunk 34 complete on falke64 R9700 #1 (33/64)
w4_o2_add_jz: chunk 36 complete on specht32 RX 9070 XT (34/64)
w4_o2_add_jz: chunk 38 complete on adler40 RTX 4080 (35/64)
w4_o2_add_jz: chunk 30 complete on specht32 RX 9060 XT (36/64)
w4_o2_add_jz: chunk 39 complete on adler40 RTX 4090 (37/64)
w4_o2_add_jz: chunk 31 complete on knecht24 RTX 3060 #0 (38/64)
w4_o2_add_jz: chunk 40 complete on falke64 R9700 #0 (39/64)
w4_o2_add_jz: chunk 41 complete on falke64 R9700 #1 (40/64)
w4_o2_add_jz: chunk 32 complete on knecht24 RTX 3060 #1 (41/64)
w4_o2_add_jz: chunk 43 complete on adler40 RTX 4080 (42/64)
w4_o2_add_jz: chunk 42 complete on specht32 RX 9070 XT (43/64)
w4_o2_add_jz: chunk 37 complete on knecht24 RTX 3060 #2 (44/64)
w4_o2_add_jz: chunk 45 complete on adler40 RTX 4090 (45/64)
w4_o2_add_jz: chunk 50 complete on adler40 RTX 4080 (46/64)
w4_o2_add_jz: chunk 47 complete on falke64 R9700 #0 (47/64)
w4_o2_add_jz: chunk 48 complete on falke64 R9700 #1 (48/64)
w4_o2_add_jz: chunk 53 complete on adler40 RTX 4090 (49/64)
w4_o2_add_jz: chunk 51 complete on specht32 RX 9070 XT (50/64)
w4_o2_add_jz: chunk 44 complete on specht32 RX 9060 XT (51/64)
w4_o2_add_jz: chunk 54 complete on adler40 RTX 4080 (52/64)
w4_o2_add_jz: chunk 46 complete on knecht24 RTX 3060 #0 (53/64)
w4_o2_add_jz: chunk 55 complete on falke64 R9700 #0 (54/64)
w4_o2_add_jz: chunk 57 complete on adler40 RTX 4090 (55/64)
w4_o2_add_jz: chunk 49 complete on knecht24 RTX 3060 #1 (56/64)
w4_o2_add_jz: chunk 56 complete on falke64 R9700 #1 (57/64)
w4_o2_add_jz: chunk 58 complete on specht32 RX 9070 XT (58/64)
w4_o2_add_jz: chunk 52 complete on knecht24 RTX 3060 #2 (59/64)
w4_o2_add_jz: chunk 60 complete on adler40 RTX 4080 (60/64)
w4_o2_add_jz: chunk 63 complete on adler40 RTX 4090 (61/64)
w4_o2_add_jz: chunk 62 complete on falke64 R9700 #0 (62/64)
w4_o2_add_jz: chunk 59 complete on specht32 RX 9060 XT (63/64)
w4_o2_add_jz: chunk 61 complete on knecht24 RTX 3060 #0 (64/64)
5181022 distinct operators / 18446744073709551616 universe; gaps=[] -> C:\Users\end\Desktop\u1\results\exp05_w4_o2_add_jz.json
w4_o2_add_jz: 2^32 programs in 55.5s (0.08 Gprog/s) on 9 GPUs
w4_o2_add_jc: chunk 0 complete on adler40 RTX 4090 (1/64)
w4_o2_add_jc: chunk 1 complete on adler40 RTX 4080 (2/64)
w4_o2_add_jc: chunk 5 complete on specht32 RX 9070 XT (3/64)
w4_o2_add_jc: chunk 7 complete on falke64 R9700 #0 (4/64)
w4_o2_add_jc: chunk 8 complete on falke64 R9700 #1 (5/64)
w4_o2_add_jc: chunk 9 complete on adler40 RTX 4090 (6/64)
w4_o2_add_jc: chunk 10 complete on adler40 RTX 4080 (7/64)
w4_o2_add_jc: chunk 6 complete on specht32 RX 9060 XT (8/64)
w4_o2_add_jc: chunk 3 complete on knecht24 RTX 3060 #1 (9/64)
w4_o2_add_jc: chunk 2 complete on knecht24 RTX 3060 #0 (10/64)
w4_o2_add_jc: chunk 4 complete on knecht24 RTX 3060 #2 (11/64)
w4_o2_add_jc: chunk 12 complete on falke64 R9700 #0 (12/64)
w4_o2_add_jc: chunk 11 complete on specht32 RX 9070 XT (13/64)
w4_o2_add_jc: chunk 13 complete on falke64 R9700 #1 (14/64)
w4_o2_add_jc: chunk 14 complete on adler40 RTX 4090 (15/64)
w4_o2_add_jc: chunk 15 complete on adler40 RTX 4080 (16/64)
w4_o2_add_jc: chunk 23 complete on adler40 RTX 4090 (17/64)
w4_o2_add_jc: chunk 20 complete on falke64 R9700 #0 (18/64)
w4_o2_add_jc: chunk 21 complete on specht32 RX 9070 XT (19/64)
w4_o2_add_jc: chunk 22 complete on falke64 R9700 #1 (20/64)
w4_o2_add_jc: chunk 24 complete on adler40 RTX 4080 (21/64)
w4_o2_add_jc: chunk 16 complete on specht32 RX 9060 XT (22/64)
w4_o2_add_jc: chunk 25 complete on adler40 RTX 4090 (23/64)
w4_o2_add_jc: chunk 26 complete on falke64 R9700 #0 (24/64)
w4_o2_add_jc: chunk 18 complete on knecht24 RTX 3060 #0 (25/64)
w4_o2_add_jc: chunk 17 complete on knecht24 RTX 3060 #1 (26/64)
w4_o2_add_jc: chunk 29 complete on adler40 RTX 4080 (27/64)
w4_o2_add_jc: chunk 27 complete on specht32 RX 9070 XT (28/64)
w4_o2_add_jc: chunk 19 complete on knecht24 RTX 3060 #2 (29/64)
w4_o2_add_jc: chunk 28 complete on falke64 R9700 #1 (30/64)
w4_o2_add_jc: chunk 31 complete on adler40 RTX 4090 (31/64)
w4_o2_add_jc: chunk 35 complete on adler40 RTX 4080 (32/64)
w4_o2_add_jc: chunk 32 complete on falke64 R9700 #0 (33/64)
w4_o2_add_jc: chunk 36 complete on specht32 RX 9070 XT (34/64)
w4_o2_add_jc: chunk 38 complete on falke64 R9700 #1 (35/64)
w4_o2_add_jc: chunk 39 complete on adler40 RTX 4090 (36/64)
w4_o2_add_jc: chunk 30 complete on specht32 RX 9060 XT (37/64)
w4_o2_add_jc: chunk 40 complete on adler40 RTX 4080 (38/64)
w4_o2_add_jc: chunk 34 complete on knecht24 RTX 3060 #1 (39/64)
w4_o2_add_jc: chunk 41 complete on falke64 R9700 #0 (40/64)
w4_o2_add_jc: chunk 44 complete on adler40 RTX 4090 (41/64)
w4_o2_add_jc: chunk 33 complete on knecht24 RTX 3060 #0 (42/64)
w4_o2_add_jc: chunk 42 complete on specht32 RX 9070 XT (43/64)
w4_o2_add_jc: chunk 37 complete on knecht24 RTX 3060 #2 (44/64)
w4_o2_add_jc: chunk 43 complete on falke64 R9700 #1 (45/64)
w4_o2_add_jc: chunk 46 complete on adler40 RTX 4080 (46/64)
w4_o2_add_jc: chunk 49 complete on adler40 RTX 4090 (47/64)
w4_o2_add_jc: chunk 48 complete on falke64 R9700 #0 (48/64)
w4_o2_add_jc: chunk 51 complete on specht32 RX 9070 XT (49/64)
w4_o2_add_jc: chunk 53 complete on falke64 R9700 #1 (50/64)
w4_o2_add_jc: chunk 54 complete on adler40 RTX 4080 (51/64)
w4_o2_add_jc: chunk 45 complete on specht32 RX 9060 XT (52/64)
w4_o2_add_jc: chunk 55 complete on adler40 RTX 4090 (53/64)
w4_o2_add_jc: chunk 47 complete on knecht24 RTX 3060 #1 (54/64)
w4_o2_add_jc: chunk 50 complete on knecht24 RTX 3060 #0 (55/64)
w4_o2_add_jc: chunk 56 complete on falke64 R9700 #0 (56/64)
w4_o2_add_jc: chunk 59 complete on adler40 RTX 4080 (57/64)
w4_o2_add_jc: chunk 57 complete on specht32 RX 9070 XT (58/64)
w4_o2_add_jc: chunk 52 complete on knecht24 RTX 3060 #2 (59/64)
w4_o2_add_jc: chunk 61 complete on adler40 RTX 4090 (60/64)
w4_o2_add_jc: chunk 58 complete on falke64 R9700 #1 (61/64)
w4_o2_add_jc: chunk 60 complete on specht32 RX 9060 XT (62/64)
w4_o2_add_jc: chunk 63 complete on knecht24 RTX 3060 #0 (63/64)
w4_o2_add_jc: chunk 62 complete on knecht24 RTX 3060 #1 (64/64)
8533818 distinct operators / 18446744073709551616 universe; gaps=[] -> C:\Users\end\Desktop\u1\results\exp05_w4_o2_add_jc.json
w4_o2_add_jc: 2^32 programs in 56.2s (0.08 Gprog/s) on 9 GPUs
w4_o2_xor: chunk 0 complete on adler40 RTX 4090 (1/64)
w4_o2_xor: chunk 1 complete on adler40 RTX 4080 (2/64)
w4_o2_xor: chunk 5 complete on specht32 RX 9070 XT (3/64)
w4_o2_xor: chunk 7 complete on falke64 R9700 #0 (4/64)
w4_o2_xor: chunk 8 complete on falke64 R9700 #1 (5/64)
w4_o2_xor: chunk 9 complete on adler40 RTX 4090 (6/64)
w4_o2_xor: chunk 6 complete on specht32 RX 9060 XT (7/64)
w4_o2_xor: chunk 10 complete on adler40 RTX 4080 (8/64)
w4_o2_xor: chunk 11 complete on specht32 RX 9070 XT (9/64)
w4_o2_xor: chunk 12 complete on falke64 R9700 #0 (10/64)
w4_o2_xor: chunk 13 complete on falke64 R9700 #1 (11/64)
w4_o2_xor: chunk 2 complete on knecht24 RTX 3060 #0 (12/64)
w4_o2_xor: chunk 3 complete on knecht24 RTX 3060 #1 (13/64)
w4_o2_xor: chunk 4 complete on knecht24 RTX 3060 #2 (14/64)
w4_o2_xor: chunk 14 complete on adler40 RTX 4090 (15/64)
w4_o2_xor: chunk 16 complete on adler40 RTX 4080 (16/64)
w4_o2_xor: chunk 18 complete on falke64 R9700 #0 (17/64)
w4_o2_xor: chunk 17 complete on specht32 RX 9070 XT (18/64)
w4_o2_xor: chunk 19 complete on falke64 R9700 #1 (19/64)
w4_o2_xor: chunk 23 complete on adler40 RTX 4090 (20/64)
w4_o2_xor: chunk 15 complete on specht32 RX 9060 XT (21/64)
w4_o2_xor: chunk 24 complete on adler40 RTX 4080 (22/64)
w4_o2_xor: chunk 25 complete on falke64 R9700 #0 (23/64)
w4_o2_xor: chunk 26 complete on specht32 RX 9070 XT (24/64)
w4_o2_xor: chunk 27 complete on falke64 R9700 #1 (25/64)
w4_o2_xor: chunk 28 complete on adler40 RTX 4090 (26/64)
w4_o2_xor: chunk 20 complete on knecht24 RTX 3060 #0 (27/64)
w4_o2_xor: chunk 21 complete on knecht24 RTX 3060 #1 (28/64)
w4_o2_xor: chunk 22 complete on knecht24 RTX 3060 #2 (29/64)
w4_o2_xor: chunk 30 complete on adler40 RTX 4080 (30/64)
w4_o2_xor: chunk 32 complete on specht32 RX 9070 XT (31/64)
w4_o2_xor: chunk 31 complete on falke64 R9700 #0 (32/64)
w4_o2_xor: chunk 34 complete on adler40 RTX 4090 (33/64)
w4_o2_xor: chunk 33 complete on falke64 R9700 #1 (34/64)
w4_o2_xor: chunk 29 complete on specht32 RX 9060 XT (35/64)
w4_o2_xor: chunk 38 complete on adler40 RTX 4080 (36/64)
w4_o2_xor: chunk 41 complete on adler40 RTX 4090 (37/64)
w4_o2_xor: chunk 40 complete on falke64 R9700 #0 (38/64)
w4_o2_xor: chunk 39 complete on specht32 RX 9070 XT (39/64)
w4_o2_xor: chunk 42 complete on falke64 R9700 #1 (40/64)
w4_o2_xor: chunk 44 complete on adler40 RTX 4080 (41/64)
w4_o2_xor: chunk 35 complete on knecht24 RTX 3060 #0 (42/64)
w4_o2_xor: chunk 45 complete on adler40 RTX 4090 (43/64)
w4_o2_xor: chunk 37 complete on knecht24 RTX 3060 #2 (44/64)
w4_o2_xor: chunk 36 complete on knecht24 RTX 3060 #1 (45/64)
w4_o2_xor: chunk 46 complete on falke64 R9700 #0 (46/64)
w4_o2_xor: chunk 48 complete on falke64 R9700 #1 (47/64)
w4_o2_xor: chunk 47 complete on specht32 RX 9070 XT (48/64)
w4_o2_xor: chunk 49 complete on adler40 RTX 4080 (49/64)
w4_o2_xor: chunk 43 complete on specht32 RX 9060 XT (50/64)
w4_o2_xor: chunk 51 complete on adler40 RTX 4090 (51/64)
w4_o2_xor: chunk 54 complete on falke64 R9700 #0 (52/64)
w4_o2_xor: chunk 55 complete on falke64 R9700 #1 (53/64)
w4_o2_xor: chunk 57 complete on adler40 RTX 4080 (54/64)
w4_o2_xor: chunk 56 complete on specht32 RX 9070 XT (55/64)
w4_o2_xor: chunk 59 complete on adler40 RTX 4090 (56/64)
w4_o2_xor: chunk 50 complete on knecht24 RTX 3060 #0 (57/64)
w4_o2_xor: chunk 52 complete on knecht24 RTX 3060 #2 (58/64)
w4_o2_xor: chunk 53 complete on knecht24 RTX 3060 #1 (59/64)
w4_o2_xor: chunk 60 complete on falke64 R9700 #0 (60/64)
w4_o2_xor: chunk 62 complete on adler40 RTX 4080 (61/64)
w4_o2_xor: chunk 58 complete on specht32 RX 9060 XT (62/64)
w4_o2_xor: chunk 61 complete on falke64 R9700 #1 (63/64)
w4_o2_xor: chunk 63 complete on specht32 RX 9070 XT (64/64)
547533 distinct operators / 18446744073709551616 universe; gaps=[] -> C:\Users\end\Desktop\u1\results\exp05_w4_o2_xor.json
w4_o2_xor: 2^32 programs in 56.4s (0.08 Gprog/s) on 9 GPUs
w4_o2_sub: chunk 0 complete on adler40 RTX 4090 (1/64)
w4_o2_sub: chunk 1 complete on adler40 RTX 4080 (2/64)
w4_o2_sub: chunk 5 complete on specht32 RX 9070 XT (3/64)
w4_o2_sub: chunk 8 complete on falke64 R9700 #1 (4/64)
w4_o2_sub: chunk 7 complete on falke64 R9700 #0 (5/64)
w4_o2_sub: chunk 9 complete on adler40 RTX 4090 (6/64)
w4_o2_sub: chunk 10 complete on adler40 RTX 4080 (7/64)
w4_o2_sub: chunk 6 complete on specht32 RX 9060 XT (8/64)
w4_o2_sub: chunk 13 complete on falke64 R9700 #0 (9/64)
w4_o2_sub: chunk 12 complete on falke64 R9700 #1 (10/64)
w4_o2_sub: chunk 2 complete on knecht24 RTX 3060 #0 (11/64)
w4_o2_sub: chunk 11 complete on specht32 RX 9070 XT (12/64)
w4_o2_sub: chunk 3 complete on knecht24 RTX 3060 #1 (13/64)
w4_o2_sub: chunk 4 complete on knecht24 RTX 3060 #2 (14/64)
w4_o2_sub: chunk 14 complete on adler40 RTX 4090 (15/64)
w4_o2_sub: chunk 15 complete on adler40 RTX 4080 (16/64)
w4_o2_sub: chunk 17 complete on falke64 R9700 #0 (17/64)
w4_o2_sub: chunk 18 complete on falke64 R9700 #1 (18/64)
w4_o2_sub: chunk 20 complete on specht32 RX 9070 XT (19/64)
w4_o2_sub: chunk 23 complete on adler40 RTX 4090 (20/64)
w4_o2_sub: chunk 24 complete on adler40 RTX 4080 (21/64)
w4_o2_sub: chunk 16 complete on specht32 RX 9060 XT (22/64)
w4_o2_sub: chunk 25 complete on falke64 R9700 #0 (23/64)
w4_o2_sub: chunk 26 complete on falke64 R9700 #1 (24/64)
w4_o2_sub: chunk 28 complete on adler40 RTX 4090 (25/64)
w4_o2_sub: chunk 19 complete on knecht24 RTX 3060 #0 (26/64)
w4_o2_sub: chunk 21 complete on knecht24 RTX 3060 #1 (27/64)
w4_o2_sub: chunk 27 complete on specht32 RX 9070 XT (28/64)
w4_o2_sub: chunk 22 complete on knecht24 RTX 3060 #2 (29/64)
w4_o2_sub: chunk 29 complete on adler40 RTX 4080 (30/64)
w4_o2_sub: chunk 33 complete on adler40 RTX 4090 (31/64)
w4_o2_sub: chunk 31 complete on falke64 R9700 #0 (32/64)
w4_o2_sub: chunk 32 complete on falke64 R9700 #1 (33/64)
w4_o2_sub: chunk 36 complete on specht32 RX 9070 XT (34/64)
w4_o2_sub: chunk 38 complete on adler40 RTX 4080 (35/64)
w4_o2_sub: chunk 30 complete on specht32 RX 9060 XT (36/64)
w4_o2_sub: chunk 39 complete on adler40 RTX 4090 (37/64)
w4_o2_sub: chunk 40 complete on falke64 R9700 #0 (38/64)
w4_o2_sub: chunk 41 complete on falke64 R9700 #1 (39/64)
w4_o2_sub: chunk 43 complete on adler40 RTX 4080 (40/64)
w4_o2_sub: chunk 34 complete on knecht24 RTX 3060 #0 (41/64)
w4_o2_sub: chunk 42 complete on specht32 RX 9070 XT (42/64)
w4_o2_sub: chunk 35 complete on knecht24 RTX 3060 #1 (43/64)
w4_o2_sub: chunk 45 complete on adler40 RTX 4090 (44/64)
w4_o2_sub: chunk 37 complete on knecht24 RTX 3060 #2 (45/64)
w4_o2_sub: chunk 46 complete on falke64 R9700 #0 (46/64)
w4_o2_sub: chunk 48 complete on adler40 RTX 4080 (47/64)
w4_o2_sub: chunk 47 complete on falke64 R9700 #1 (48/64)
w4_o2_sub: chunk 52 complete on adler40 RTX 4090 (49/64)
w4_o2_sub: chunk 50 complete on specht32 RX 9070 XT (50/64)
w4_o2_sub: chunk 44 complete on specht32 RX 9060 XT (51/64)
w4_o2_sub: chunk 55 complete on adler40 RTX 4080 (52/64)
w4_o2_sub: chunk 57 complete on adler40 RTX 4090 (53/64)
w4_o2_sub: chunk 49 complete on knecht24 RTX 3060 #0 (54/64)
w4_o2_sub: chunk 54 complete on falke64 R9700 #0 (55/64)
w4_o2_sub: chunk 56 complete on falke64 R9700 #1 (56/64)
w4_o2_sub: chunk 58 complete on specht32 RX 9070 XT (57/64)
w4_o2_sub: chunk 53 complete on knecht24 RTX 3060 #2 (58/64)
w4_o2_sub: chunk 51 complete on knecht24 RTX 3060 #1 (59/64)
w4_o2_sub: chunk 61 complete on adler40 RTX 4090 (60/64)
w4_o2_sub: chunk 60 complete on adler40 RTX 4080 (61/64)
w4_o2_sub: chunk 63 complete on falke64 R9700 #0 (62/64)
w4_o2_sub: chunk 59 complete on specht32 RX 9060 XT (63/64)
w4_o2_sub: chunk 62 complete on knecht24 RTX 3060 #0 (64/64)
1123714 distinct operators / 18446744073709551616 universe; gaps=[] -> C:\Users\end\Desktop\u1\results\exp05_w4_o2_sub.json
w4_o2_sub: 2^32 programs in 58.1s (0.07 Gprog/s) on 9 GPUs
w4_o2_adc: chunk 0 complete on adler40 RTX 4090 (1/64)
w4_o2_adc: chunk 1 complete on adler40 RTX 4080 (2/64)
w4_o2_adc: chunk 5 complete on specht32 RX 9070 XT (3/64)
w4_o2_adc: chunk 7 complete on falke64 R9700 #0 (4/64)
w4_o2_adc: chunk 8 complete on falke64 R9700 #1 (5/64)
w4_o2_adc: chunk 9 complete on adler40 RTX 4090 (6/64)
w4_o2_adc: chunk 10 complete on adler40 RTX 4080 (7/64)
w4_o2_adc: chunk 6 complete on specht32 RX 9060 XT (8/64)
w4_o2_adc: chunk 2 complete on knecht24 RTX 3060 #0 (9/64)
w4_o2_adc: chunk 3 complete on knecht24 RTX 3060 #1 (10/64)
w4_o2_adc: chunk 12 complete on falke64 R9700 #0 (11/64)
w4_o2_adc: chunk 11 complete on specht32 RX 9070 XT (12/64)
w4_o2_adc: chunk 13 complete on falke64 R9700 #1 (13/64)
w4_o2_adc: chunk 4 complete on knecht24 RTX 3060 #2 (14/64)
w4_o2_adc: chunk 14 complete on adler40 RTX 4090 (15/64)
w4_o2_adc: chunk 15 complete on adler40 RTX 4080 (16/64)
w4_o2_adc: chunk 19 complete on falke64 R9700 #0 (17/64)
w4_o2_adc: chunk 21 complete on falke64 R9700 #1 (18/64)
w4_o2_adc: chunk 20 complete on specht32 RX 9070 XT (19/64)
w4_o2_adc: chunk 23 complete on adler40 RTX 4090 (20/64)
w4_o2_adc: chunk 24 complete on adler40 RTX 4080 (21/64)
w4_o2_adc: chunk 16 complete on specht32 RX 9060 XT (22/64)
w4_o2_adc: chunk 17 complete on knecht24 RTX 3060 #0 (23/64)
w4_o2_adc: chunk 18 complete on knecht24 RTX 3060 #1 (24/64)
w4_o2_adc: chunk 25 complete on falke64 R9700 #0 (25/64)
w4_o2_adc: chunk 28 complete on adler40 RTX 4090 (26/64)
w4_o2_adc: chunk 26 complete on falke64 R9700 #1 (27/64)
w4_o2_adc: chunk 27 complete on specht32 RX 9070 XT (28/64)
w4_o2_adc: chunk 22 complete on knecht24 RTX 3060 #2 (29/64)
w4_o2_adc: chunk 29 complete on adler40 RTX 4080 (30/64)
w4_o2_adc: chunk 34 complete on adler40 RTX 4090 (31/64)
w4_o2_adc: chunk 33 complete on falke64 R9700 #0 (32/64)
w4_o2_adc: chunk 35 complete on falke64 R9700 #1 (33/64)
w4_o2_adc: chunk 38 complete on adler40 RTX 4080 (34/64)
w4_o2_adc: chunk 36 complete on specht32 RX 9070 XT (35/64)
w4_o2_adc: chunk 30 complete on specht32 RX 9060 XT (36/64)
w4_o2_adc: chunk 39 complete on adler40 RTX 4090 (37/64)
w4_o2_adc: chunk 31 complete on knecht24 RTX 3060 #0 (38/64)
w4_o2_adc: chunk 40 complete on falke64 R9700 #0 (39/64)
w4_o2_adc: chunk 42 complete on adler40 RTX 4080 (40/64)
w4_o2_adc: chunk 41 complete on falke64 R9700 #1 (41/64)
w4_o2_adc: chunk 32 complete on knecht24 RTX 3060 #1 (42/64)
w4_o2_adc: chunk 43 complete on specht32 RX 9070 XT (43/64)
w4_o2_adc: chunk 37 complete on knecht24 RTX 3060 #2 (44/64)
w4_o2_adc: chunk 45 complete on adler40 RTX 4090 (45/64)
w4_o2_adc: chunk 48 complete on adler40 RTX 4080 (46/64)
w4_o2_adc: chunk 47 complete on falke64 R9700 #0 (47/64)
w4_o2_adc: chunk 53 complete on adler40 RTX 4090 (48/64)
w4_o2_adc: chunk 49 complete on falke64 R9700 #1 (49/64)
w4_o2_adc: chunk 44 complete on specht32 RX 9060 XT (50/64)
w4_o2_adc: chunk 51 complete on specht32 RX 9070 XT (51/64)
w4_o2_adc: chunk 54 complete on adler40 RTX 4080 (52/64)
w4_o2_adc: chunk 46 complete on knecht24 RTX 3060 #0 (53/64)
w4_o2_adc: chunk 56 complete on adler40 RTX 4090 (54/64)
w4_o2_adc: chunk 50 complete on knecht24 RTX 3060 #1 (55/64)
w4_o2_adc: chunk 55 complete on falke64 R9700 #0 (56/64)
w4_o2_adc: chunk 57 complete on falke64 R9700 #1 (57/64)
w4_o2_adc: chunk 52 complete on knecht24 RTX 3060 #2 (58/64)
w4_o2_adc: chunk 59 complete on specht32 RX 9070 XT (59/64)
w4_o2_adc: chunk 60 complete on adler40 RTX 4080 (60/64)
w4_o2_adc: chunk 62 complete on adler40 RTX 4090 (61/64)
w4_o2_adc: chunk 58 complete on specht32 RX 9060 XT (62/64)
w4_o2_adc: chunk 61 complete on knecht24 RTX 3060 #0 (63/64)
w4_o2_adc: chunk 63 complete on knecht24 RTX 3060 #1 (64/64)
7873949 distinct operators / 18446744073709551616 universe; gaps=[] -> C:\Users\end\Desktop\u1\results\exp05_w4_o2_adc.json
w4_o2_adc: 2^32 programs in 61.4s (0.07 Gprog/s) on 9 GPUs
w4_o2_shr: chunk 0 complete on adler40 RTX 4090 (1/64)
w4_o2_shr: chunk 1 complete on adler40 RTX 4080 (2/64)
w4_o2_shr: chunk 5 complete on specht32 RX 9070 XT (3/64)
w4_o2_shr: chunk 7 complete on falke64 R9700 #0 (4/64)
w4_o2_shr: chunk 8 complete on falke64 R9700 #1 (5/64)
w4_o2_shr: chunk 9 complete on adler40 RTX 4090 (6/64)
w4_o2_shr: chunk 6 complete on specht32 RX 9060 XT (7/64)
w4_o2_shr: chunk 10 complete on adler40 RTX 4080 (8/64)
w4_o2_shr: chunk 12 complete on falke64 R9700 #0 (9/64)
w4_o2_shr: chunk 11 complete on specht32 RX 9070 XT (10/64)
w4_o2_shr: chunk 13 complete on falke64 R9700 #1 (11/64)
w4_o2_shr: chunk 2 complete on knecht24 RTX 3060 #0 (12/64)
w4_o2_shr: chunk 3 complete on knecht24 RTX 3060 #1 (13/64)
w4_o2_shr: chunk 4 complete on knecht24 RTX 3060 #2 (14/64)
w4_o2_shr: chunk 14 complete on adler40 RTX 4090 (15/64)
w4_o2_shr: chunk 16 complete on adler40 RTX 4080 (16/64)
w4_o2_shr: chunk 17 complete on falke64 R9700 #0 (17/64)
w4_o2_shr: chunk 18 complete on specht32 RX 9070 XT (18/64)
w4_o2_shr: chunk 19 complete on falke64 R9700 #1 (19/64)
w4_o2_shr: chunk 23 complete on adler40 RTX 4090 (20/64)
w4_o2_shr: chunk 15 complete on specht32 RX 9060 XT (21/64)
w4_o2_shr: chunk 24 complete on adler40 RTX 4080 (22/64)
w4_o2_shr: chunk 25 complete on falke64 R9700 #0 (23/64)
w4_o2_shr: chunk 26 complete on specht32 RX 9070 XT (24/64)
w4_o2_shr: chunk 27 complete on falke64 R9700 #1 (25/64)
w4_o2_shr: chunk 28 complete on adler40 RTX 4090 (26/64)
w4_o2_shr: chunk 21 complete on knecht24 RTX 3060 #1 (27/64)
w4_o2_shr: chunk 20 complete on knecht24 RTX 3060 #0 (28/64)
w4_o2_shr: chunk 22 complete on knecht24 RTX 3060 #2 (29/64)
w4_o2_shr: chunk 30 complete on adler40 RTX 4080 (30/64)
w4_o2_shr: chunk 31 complete on falke64 R9700 #0 (31/64)
w4_o2_shr: chunk 34 complete on adler40 RTX 4090 (32/64)
w4_o2_shr: chunk 32 complete on specht32 RX 9070 XT (33/64)
w4_o2_shr: chunk 33 complete on falke64 R9700 #1 (34/64)
w4_o2_shr: chunk 29 complete on specht32 RX 9060 XT (35/64)
w4_o2_shr: chunk 38 complete on adler40 RTX 4080 (36/64)
w4_o2_shr: chunk 40 complete on adler40 RTX 4090 (37/64)
w4_o2_shr: chunk 41 complete on specht32 RX 9070 XT (38/64)
w4_o2_shr: chunk 39 complete on falke64 R9700 #0 (39/64)
w4_o2_shr: chunk 42 complete on falke64 R9700 #1 (40/64)
w4_o2_shr: chunk 44 complete on adler40 RTX 4080 (41/64)
w4_o2_shr: chunk 45 complete on adler40 RTX 4090 (42/64)
w4_o2_shr: chunk 37 complete on knecht24 RTX 3060 #2 (43/64)
w4_o2_shr: chunk 35 complete on knecht24 RTX 3060 #1 (44/64)
w4_o2_shr: chunk 36 complete on knecht24 RTX 3060 #0 (45/64)
w4_o2_shr: chunk 46 complete on specht32 RX 9070 XT (46/64)
w4_o2_shr: chunk 47 complete on falke64 R9700 #0 (47/64)
w4_o2_shr: chunk 48 complete on falke64 R9700 #1 (48/64)
w4_o2_shr: chunk 43 complete on specht32 RX 9060 XT (49/64)
w4_o2_shr: chunk 49 complete on adler40 RTX 4080 (50/64)
w4_o2_shr: chunk 50 complete on adler40 RTX 4090 (51/64)
w4_o2_shr: chunk 54 complete on specht32 RX 9070 XT (52/64)
w4_o2_shr: chunk 55 complete on falke64 R9700 #0 (53/64)
w4_o2_shr: chunk 56 complete on falke64 R9700 #1 (54/64)
w4_o2_shr: chunk 58 complete on adler40 RTX 4080 (55/64)
w4_o2_shr: chunk 59 complete on adler40 RTX 4090 (56/64)
w4_o2_shr: chunk 60 complete on specht32 RX 9070 XT (57/64)
w4_o2_shr: chunk 53 complete on knecht24 RTX 3060 #0 (58/64)
w4_o2_shr: chunk 63 complete on adler40 RTX 4080 (59/64)
w4_o2_shr: chunk 61 complete on falke64 R9700 #0 (60/64)
w4_o2_shr: chunk 51 complete on knecht24 RTX 3060 #2 (61/64)
w4_o2_shr: chunk 52 complete on knecht24 RTX 3060 #1 (62/64)
w4_o2_shr: chunk 62 complete on falke64 R9700 #1 (63/64)
w4_o2_shr: chunk 57 complete on specht32 RX 9060 XT (64/64)
331839 distinct operators / 18446744073709551616 universe; gaps=[] -> C:\Users\end\Desktop\u1\results\exp05_w4_o2_shr.json
w4_o2_shr: 2^32 programs in 55.4s (0.08 Gprog/s) on 9 GPUs
w4_o2_rol: chunk 0 complete on adler40 RTX 4090 (1/64)
w4_o2_rol: chunk 7 complete on falke64 R9700 #0 (2/64)
w4_o2_rol: chunk 1 complete on adler40 RTX 4080 (3/64)
w4_o2_rol: chunk 5 complete on specht32 RX 9070 XT (4/64)
w4_o2_rol: chunk 8 complete on falke64 R9700 #1 (5/64)
w4_o2_rol: chunk 6 complete on specht32 RX 9060 XT (6/64)
w4_o2_rol: chunk 9 complete on adler40 RTX 4090 (7/64)
w4_o2_rol: chunk 10 complete on falke64 R9700 #0 (8/64)
w4_o2_rol: chunk 11 complete on adler40 RTX 4080 (9/64)
w4_o2_rol: chunk 13 complete on falke64 R9700 #1 (10/64)
w4_o2_rol: chunk 12 complete on specht32 RX 9070 XT (11/64)
w4_o2_rol: chunk 2 complete on knecht24 RTX 3060 #0 (12/64)
w4_o2_rol: chunk 3 complete on knecht24 RTX 3060 #1 (13/64)
w4_o2_rol: chunk 4 complete on knecht24 RTX 3060 #2 (14/64)
w4_o2_rol: chunk 15 complete on adler40 RTX 4090 (15/64)
w4_o2_rol: chunk 17 complete on adler40 RTX 4080 (16/64)
w4_o2_rol: chunk 16 complete on falke64 R9700 #0 (17/64)
w4_o2_rol: chunk 18 complete on falke64 R9700 #1 (18/64)
w4_o2_rol: chunk 19 complete on specht32 RX 9070 XT (19/64)
w4_o2_rol: chunk 14 complete on specht32 RX 9060 XT (20/64)
w4_o2_rol: chunk 23 complete on adler40 RTX 4090 (21/64)
w4_o2_rol: chunk 25 complete on falke64 R9700 #0 (22/64)
w4_o2_rol: chunk 24 complete on adler40 RTX 4080 (23/64)
w4_o2_rol: chunk 26 complete on falke64 R9700 #1 (24/64)
w4_o2_rol: chunk 27 complete on specht32 RX 9070 XT (25/64)
w4_o2_rol: chunk 29 complete on adler40 RTX 4090 (26/64)
w4_o2_rol: chunk 20 complete on knecht24 RTX 3060 #0 (27/64)
w4_o2_rol: chunk 21 complete on knecht24 RTX 3060 #1 (28/64)
w4_o2_rol: chunk 22 complete on knecht24 RTX 3060 #2 (29/64)
w4_o2_rol: chunk 30 complete on falke64 R9700 #0 (30/64)
w4_o2_rol: chunk 31 complete on adler40 RTX 4080 (31/64)
w4_o2_rol: chunk 32 complete on falke64 R9700 #1 (32/64)
w4_o2_rol: chunk 33 complete on specht32 RX 9070 XT (33/64)
w4_o2_rol: chunk 34 complete on adler40 RTX 4090 (34/64)
w4_o2_rol: chunk 28 complete on specht32 RX 9060 XT (35/64)
w4_o2_rol: chunk 38 complete on falke64 R9700 #0 (36/64)
w4_o2_rol: chunk 39 complete on adler40 RTX 4080 (37/64)
w4_o2_rol: chunk 41 complete on specht32 RX 9070 XT (38/64)
w4_o2_rol: chunk 40 complete on falke64 R9700 #1 (39/64)
w4_o2_rol: chunk 42 complete on adler40 RTX 4090 (40/64)
w4_o2_rol: chunk 44 complete on falke64 R9700 #0 (41/64)
w4_o2_rol: chunk 35 complete on knecht24 RTX 3060 #0 (42/64)
w4_o2_rol: chunk 45 complete on adler40 RTX 4080 (43/64)
w4_o2_rol: chunk 46 complete on specht32 RX 9070 XT (44/64)
w4_o2_rol: chunk 48 complete on adler40 RTX 4090 (45/64)
w4_o2_rol: chunk 47 complete on falke64 R9700 #1 (46/64)
w4_o2_rol: chunk 36 complete on knecht24 RTX 3060 #1 (47/64)
w4_o2_rol: chunk 43 complete on specht32 RX 9060 XT (48/64)
w4_o2_rol: chunk 37 complete on knecht24 RTX 3060 #2 (49/64)
w4_o2_rol: chunk 49 complete on falke64 R9700 #0 (50/64)
w4_o2_rol: chunk 51 complete on adler40 RTX 4080 (51/64)
w4_o2_rol: chunk 53 complete on adler40 RTX 4090 (52/64)
w4_o2_rol: chunk 54 complete on falke64 R9700 #1 (53/64)
w4_o2_rol: chunk 52 complete on specht32 RX 9070 XT (54/64)
w4_o2_rol: chunk 58 complete on falke64 R9700 #0 (55/64)
w4_o2_rol: chunk 59 complete on adler40 RTX 4080 (56/64)
w4_o2_rol: chunk 60 complete on adler40 RTX 4090 (57/64)
w4_o2_rol: chunk 56 complete on specht32 RX 9060 XT (58/64)
w4_o2_rol: chunk 61 complete on falke64 R9700 #1 (59/64)
w4_o2_rol: chunk 62 complete on specht32 RX 9070 XT (60/64)
w4_o2_rol: chunk 50 complete on knecht24 RTX 3060 #0 (61/64)
w4_o2_rol: chunk 55 complete on knecht24 RTX 3060 #1 (62/64)
w4_o2_rol: chunk 57 complete on knecht24 RTX 3060 #2 (63/64)
w4_o2_rol: chunk 63 complete on falke64 R9700 #0 (64/64)
1259140 distinct operators / 18446744073709551616 universe; gaps=[] -> C:\Users\end\Desktop\u1\results\exp05_w4_o2_rol.json
w4_o2_rol: 2^32 programs in 38.3s (0.11 Gprog/s) on 9 GPUs
w4_o2_nocond: chunk 0 complete on adler40 RTX 4090 (1/64)
w4_o2_nocond: chunk 5 complete on specht32 RX 9070 XT (2/64)
w4_o2_nocond: chunk 1 complete on adler40 RTX 4080 (3/64)
w4_o2_nocond: chunk 7 complete on falke64 R9700 #0 (4/64)
w4_o2_nocond: chunk 8 complete on falke64 R9700 #1 (5/64)
w4_o2_nocond: chunk 6 complete on specht32 RX 9060 XT (6/64)
w4_o2_nocond: chunk 9 complete on adler40 RTX 4090 (7/64)
w4_o2_nocond: chunk 10 complete on specht32 RX 9070 XT (8/64)
w4_o2_nocond: chunk 11 complete on adler40 RTX 4080 (9/64)
w4_o2_nocond: chunk 12 complete on falke64 R9700 #0 (10/64)
w4_o2_nocond: chunk 13 complete on falke64 R9700 #1 (11/64)
w4_o2_nocond: chunk 2 complete on knecht24 RTX 3060 #0 (12/64)
w4_o2_nocond: chunk 3 complete on knecht24 RTX 3060 #1 (13/64)
w4_o2_nocond: chunk 4 complete on knecht24 RTX 3060 #2 (14/64)
w4_o2_nocond: chunk 15 complete on adler40 RTX 4090 (15/64)
w4_o2_nocond: chunk 18 complete on falke64 R9700 #0 (16/64)
w4_o2_nocond: chunk 17 complete on adler40 RTX 4080 (17/64)
w4_o2_nocond: chunk 16 complete on specht32 RX 9070 XT (18/64)
w4_o2_nocond: chunk 19 complete on falke64 R9700 #1 (19/64)
w4_o2_nocond: chunk 14 complete on specht32 RX 9060 XT (20/64)
w4_o2_nocond: chunk 23 complete on adler40 RTX 4090 (21/64)
w4_o2_nocond: chunk 24 complete on falke64 R9700 #0 (22/64)
w4_o2_nocond: chunk 26 complete on specht32 RX 9070 XT (23/64)
w4_o2_nocond: chunk 25 complete on adler40 RTX 4080 (24/64)
w4_o2_nocond: chunk 27 complete on falke64 R9700 #1 (25/64)
w4_o2_nocond: chunk 29 complete on adler40 RTX 4090 (26/64)
w4_o2_nocond: chunk 30 complete on falke64 R9700 #0 (27/64)
w4_o2_nocond: chunk 20 complete on knecht24 RTX 3060 #0 (28/64)
w4_o2_nocond: chunk 31 complete on specht32 RX 9070 XT (29/64)
w4_o2_nocond: chunk 22 complete on knecht24 RTX 3060 #2 (30/64)
w4_o2_nocond: chunk 32 complete on adler40 RTX 4080 (31/64)
w4_o2_nocond: chunk 21 complete on knecht24 RTX 3060 #1 (32/64)
w4_o2_nocond: chunk 33 complete on falke64 R9700 #1 (33/64)
w4_o2_nocond: chunk 28 complete on specht32 RX 9060 XT (34/64)
w4_o2_nocond: chunk 34 complete on adler40 RTX 4090 (35/64)
w4_o2_nocond: chunk 35 complete on falke64 R9700 #0 (36/64)
w4_o2_nocond: chunk 37 complete on specht32 RX 9070 XT (37/64)
w4_o2_nocond: chunk 39 complete on adler40 RTX 4080 (38/64)
w4_o2_nocond: chunk 41 complete on falke64 R9700 #1 (39/64)
w4_o2_nocond: chunk 43 complete on adler40 RTX 4090 (40/64)
w4_o2_nocond: chunk 44 complete on falke64 R9700 #0 (41/64)
w4_o2_nocond: chunk 45 complete on specht32 RX 9070 XT (42/64)
w4_o2_nocond: chunk 42 complete on specht32 RX 9060 XT (43/64)
w4_o2_nocond: chunk 46 complete on adler40 RTX 4080 (44/64)
w4_o2_nocond: chunk 47 complete on falke64 R9700 #1 (45/64)
w4_o2_nocond: chunk 36 complete on knecht24 RTX 3060 #0 (46/64)
w4_o2_nocond: chunk 48 complete on adler40 RTX 4090 (47/64)
w4_o2_nocond: chunk 38 complete on knecht24 RTX 3060 #2 (48/64)
w4_o2_nocond: chunk 40 complete on knecht24 RTX 3060 #1 (49/64)
w4_o2_nocond: chunk 49 complete on falke64 R9700 #0 (50/64)
w4_o2_nocond: chunk 50 complete on specht32 RX 9070 XT (51/64)
w4_o2_nocond: chunk 53 complete on falke64 R9700 #1 (52/64)
w4_o2_nocond: chunk 52 complete on adler40 RTX 4080 (53/64)
w4_o2_nocond: chunk 55 complete on adler40 RTX 4090 (54/64)
w4_o2_nocond: chunk 58 complete on falke64 R9700 #0 (55/64)
w4_o2_nocond: chunk 51 complete on specht32 RX 9060 XT (56/64)
w4_o2_nocond: chunk 59 complete on specht32 RX 9070 XT (57/64)
w4_o2_nocond: chunk 61 complete on adler40 RTX 4080 (58/64)
w4_o2_nocond: chunk 60 complete on falke64 R9700 #1 (59/64)
w4_o2_nocond: chunk 62 complete on adler40 RTX 4090 (60/64)
w4_o2_nocond: chunk 63 complete on falke64 R9700 #0 (61/64)
w4_o2_nocond: chunk 54 complete on knecht24 RTX 3060 #0 (62/64)
w4_o2_nocond: chunk 56 complete on knecht24 RTX 3060 #2 (63/64)
w4_o2_nocond: chunk 57 complete on knecht24 RTX 3060 #1 (64/64)
1055395 distinct operators / 18446744073709551616 universe; gaps=[] -> C:\Users\end\Desktop\u1\results\exp05_w4_o2_nocond.json
w4_o2_nocond: 2^32 programs in 40.0s (0.11 Gprog/s) on 9 GPUs
w4_i8_o3: chunk 0 complete on adler40 RTX 4090 (1/64)
w4_i8_o3: chunk 1 complete on adler40 RTX 4080 (2/64)
w4_i8_o3: chunk 8 complete on falke64 R9700 #1 (3/64)
w4_i8_o3: chunk 5 complete on specht32 RX 9070 XT (4/64)
w4_i8_o3: chunk 7 complete on falke64 R9700 #0 (5/64)
w4_i8_o3: chunk 9 complete on adler40 RTX 4090 (6/64)
w4_i8_o3: chunk 10 complete on adler40 RTX 4080 (7/64)
w4_i8_o3: chunk 6 complete on specht32 RX 9060 XT (8/64)
w4_i8_o3: chunk 3 complete on knecht24 RTX 3060 #1 (9/64)
w4_i8_o3: chunk 11 complete on falke64 R9700 #1 (10/64)
w4_i8_o3: chunk 13 complete on falke64 R9700 #0 (11/64)
w4_i8_o3: chunk 4 complete on knecht24 RTX 3060 #2 (12/64)
w4_i8_o3: chunk 12 complete on specht32 RX 9070 XT (13/64)
w4_i8_o3: chunk 2 complete on knecht24 RTX 3060 #0 (14/64)
w4_i8_o3: chunk 14 complete on adler40 RTX 4090 (15/64)
w4_i8_o3: chunk 15 complete on adler40 RTX 4080 (16/64)
w4_i8_o3: chunk 19 complete on falke64 R9700 #0 (17/64)
w4_i8_o3: chunk 18 complete on falke64 R9700 #1 (18/64)
w4_i8_o3: chunk 23 complete on adler40 RTX 4090 (19/64)
w4_i8_o3: chunk 21 complete on specht32 RX 9070 XT (20/64)
w4_i8_o3: chunk 24 complete on adler40 RTX 4080 (21/64)
w4_i8_o3: chunk 16 complete on specht32 RX 9060 XT (22/64)
w4_i8_o3: chunk 27 complete on adler40 RTX 4090 (23/64)
w4_i8_o3: chunk 17 complete on knecht24 RTX 3060 #1 (24/64)
w4_i8_o3: chunk 20 complete on knecht24 RTX 3060 #2 (25/64)
w4_i8_o3: chunk 22 complete on knecht24 RTX 3060 #0 (26/64)
w4_i8_o3: chunk 25 complete on falke64 R9700 #0 (27/64)
w4_i8_o3: chunk 29 complete on adler40 RTX 4080 (28/64)
w4_i8_o3: chunk 26 complete on falke64 R9700 #1 (29/64)
w4_i8_o3: chunk 35 complete on falke64 R9700 #0 (30/64)
w4_i8_o3: chunk 28 complete on specht32 RX 9070 XT (31/64)
w4_i8_o3: chunk 36 complete on adler40 RTX 4080 (32/64)
w4_i8_o3: chunk 38 complete on falke64 R9700 #0 (33/64)
w4_i8_o3: chunk 31 complete on adler40 RTX 4090 (34/64)
w4_i8_o3: chunk 37 complete on falke64 R9700 #1 (35/64)
w4_i8_o3: chunk 39 complete on specht32 RX 9070 XT (36/64)
w4_i8_o3: chunk 33 complete on knecht24 RTX 3060 #2 (37/64)
w4_i8_o3: chunk 34 complete on knecht24 RTX 3060 #0 (38/64)
w4_i8_o3: chunk 32 complete on knecht24 RTX 3060 #1 (39/64)
w4_i8_o3: chunk 42 complete on adler40 RTX 4090 (40/64)
w4_i8_o3: chunk 41 complete on falke64 R9700 #0 (41/64)
w4_i8_o3: chunk 40 complete on adler40 RTX 4080 (42/64)
w4_i8_o3: chunk 43 complete on falke64 R9700 #1 (43/64)
w4_i8_o3: chunk 44 complete on specht32 RX 9070 XT (44/64)
w4_i8_o3: chunk 30 complete on specht32 RX 9060 XT (45/64)
w4_i8_o3: chunk 48 complete on adler40 RTX 4090 (46/64)
w4_i8_o3: chunk 50 complete on adler40 RTX 4080 (47/64)
w4_i8_o3: chunk 49 complete on falke64 R9700 #0 (48/64)
w4_i8_o3: chunk 51 complete on falke64 R9700 #1 (49/64)
w4_i8_o3: chunk 52 complete on specht32 RX 9070 XT (50/64)
w4_i8_o3: chunk 46 complete on knecht24 RTX 3060 #0 (51/64)
w4_i8_o3: chunk 45 complete on knecht24 RTX 3060 #2 (52/64)
w4_i8_o3: chunk 47 complete on knecht24 RTX 3060 #1 (53/64)
w4_i8_o3: chunk 54 complete on adler40 RTX 4090 (54/64)
w4_i8_o3: chunk 55 complete on adler40 RTX 4080 (55/64)
w4_i8_o3: chunk 56 complete on falke64 R9700 #0 (56/64)
w4_i8_o3: chunk 53 complete on specht32 RX 9060 XT (57/64)
w4_i8_o3: chunk 57 complete on falke64 R9700 #1 (58/64)
w4_i8_o3: chunk 62 complete on adler40 RTX 4090 (59/64)
w4_i8_o3: chunk 58 complete on specht32 RX 9070 XT (60/64)
w4_i8_o3: chunk 63 complete on adler40 RTX 4080 (61/64)
w4_i8_o3: chunk 60 complete on knecht24 RTX 3060 #2 (62/64)
w4_i8_o3: chunk 59 complete on knecht24 RTX 3060 #0 (63/64)
w4_i8_o3: chunk 61 complete on knecht24 RTX 3060 #1 (64/64)
1157 distinct operators / 18446744073709551616 universe; gaps=[] -> C:\Users\end\Desktop\u1\results\exp05_w4_i8_o3.json
w4_i8_o3: 2^32 programs in 28.1s (0.15 Gprog/s) on 9 GPUs
w4_i8_o4: chunk 0 complete on adler40 RTX 4090 (1/64)
w4_i8_o4: chunk 1 complete on adler40 RTX 4080 (2/64)
w4_i8_o4: chunk 8 complete on falke64 R9700 #1 (3/64)
w4_i8_o4: chunk 7 complete on falke64 R9700 #0 (4/64)
w4_i8_o4: chunk 5 complete on specht32 RX 9070 XT (5/64)
w4_i8_o4: chunk 9 complete on adler40 RTX 4090 (6/64)
w4_i8_o4: chunk 10 complete on adler40 RTX 4080 (7/64)
w4_i8_o4: chunk 6 complete on specht32 RX 9060 XT (8/64)
w4_i8_o4: chunk 12 complete on falke64 R9700 #0 (9/64)
w4_i8_o4: chunk 11 complete on falke64 R9700 #1 (10/64)
w4_i8_o4: chunk 2 complete on knecht24 RTX 3060 #0 (11/64)
w4_i8_o4: chunk 4 complete on knecht24 RTX 3060 #2 (12/64)
w4_i8_o4: chunk 13 complete on specht32 RX 9070 XT (13/64)
w4_i8_o4: chunk 3 complete on knecht24 RTX 3060 #1 (14/64)
w4_i8_o4: chunk 14 complete on adler40 RTX 4090 (15/64)
w4_i8_o4: chunk 15 complete on adler40 RTX 4080 (16/64)
w4_i8_o4: chunk 17 complete on falke64 R9700 #0 (17/64)
w4_i8_o4: chunk 23 complete on adler40 RTX 4090 (18/64)
w4_i8_o4: chunk 18 complete on falke64 R9700 #1 (19/64)
w4_i8_o4: chunk 21 complete on specht32 RX 9070 XT (20/64)
w4_i8_o4: chunk 24 complete on adler40 RTX 4080 (21/64)
w4_i8_o4: chunk 26 complete on adler40 RTX 4090 (22/64)
w4_i8_o4: chunk 16 complete on specht32 RX 9060 XT (23/64)
w4_i8_o4: chunk 19 complete on knecht24 RTX 3060 #0 (24/64)
w4_i8_o4: chunk 25 complete on falke64 R9700 #0 (25/64)
w4_i8_o4: chunk 20 complete on knecht24 RTX 3060 #2 (26/64)
w4_i8_o4: chunk 22 complete on knecht24 RTX 3060 #1 (27/64)
w4_i8_o4: chunk 27 complete on falke64 R9700 #1 (28/64)
w4_i8_o4: chunk 29 complete on adler40 RTX 4080 (29/64)
w4_i8_o4: chunk 28 complete on specht32 RX 9070 XT (30/64)
w4_i8_o4: chunk 30 complete on adler40 RTX 4090 (31/64)
w4_i8_o4: chunk 33 complete on falke64 R9700 #0 (32/64)
w4_i8_o4: chunk 37 complete on adler40 RTX 4080 (33/64)
w4_i8_o4: chunk 36 complete on falke64 R9700 #1 (34/64)
w4_i8_o4: chunk 39 complete on adler40 RTX 4090 (35/64)
w4_i8_o4: chunk 38 complete on specht32 RX 9070 XT (36/64)
w4_i8_o4: chunk 31 complete on specht32 RX 9060 XT (37/64)
w4_i8_o4: chunk 41 complete on adler40 RTX 4080 (38/64)
w4_i8_o4: chunk 40 complete on falke64 R9700 #0 (39/64)
w4_i8_o4: chunk 32 complete on knecht24 RTX 3060 #0 (40/64)
w4_i8_o4: chunk 43 complete on adler40 RTX 4090 (41/64)
w4_i8_o4: chunk 35 complete on knecht24 RTX 3060 #1 (42/64)
w4_i8_o4: chunk 34 complete on knecht24 RTX 3060 #2 (43/64)
w4_i8_o4: chunk 44 complete on specht32 RX 9070 XT (44/64)
w4_i8_o4: chunk 42 complete on falke64 R9700 #1 (45/64)
w4_i8_o4: chunk 46 complete on adler40 RTX 4080 (46/64)
w4_i8_o4: chunk 49 complete on adler40 RTX 4090 (47/64)
w4_i8_o4: chunk 47 complete on falke64 R9700 #0 (48/64)
w4_i8_o4: chunk 54 complete on adler40 RTX 4080 (49/64)
w4_i8_o4: chunk 45 complete on specht32 RX 9060 XT (50/64)
w4_i8_o4: chunk 55 complete on adler40 RTX 4090 (51/64)
w4_i8_o4: chunk 53 complete on falke64 R9700 #1 (52/64)
w4_i8_o4: chunk 52 complete on specht32 RX 9070 XT (53/64)
w4_i8_o4: chunk 48 complete on knecht24 RTX 3060 #0 (54/64)
w4_i8_o4: chunk 50 complete on knecht24 RTX 3060 #1 (55/64)
w4_i8_o4: chunk 51 complete on knecht24 RTX 3060 #2 (56/64)
w4_i8_o4: chunk 60 complete on falke64 R9700 #1 (57/64)
w4_i8_o4: chunk 61 complete on specht32 RX 9070 XT (58/64)
w4_i8_o4: chunk 57 complete on adler40 RTX 4080 (59/64)
w4_i8_o4: chunk 56 complete on falke64 R9700 #0 (60/64)
w4_i8_o4: chunk 59 complete on adler40 RTX 4090 (61/64)
w4_i8_o4: chunk 62 complete on knecht24 RTX 3060 #0 (62/64)
w4_i8_o4: chunk 63 complete on knecht24 RTX 3060 #1 (63/64)
w4_i8_o4: chunk 58 complete on specht32 RX 9060 XT (64/64)
4926 distinct operators / 18446744073709551616 universe; gaps=[] -> C:\Users\end\Desktop\u1\results\exp05_w4_i8_o4.json
w4_i8_o4: 2^32 programs in 38.1s (0.11 Gprog/s) on 9 GPUs
w4_codex_shr_mul: chunk 7 complete on falke64 R9700 #0 (1/64)
w4_codex_shr_mul: chunk 0 complete on adler40 RTX 4090 (2/64)
w4_codex_shr_mul: chunk 1 complete on adler40 RTX 4080 (3/64)
w4_codex_shr_mul: chunk 5 complete on specht32 RX 9070 XT (4/64)
w4_codex_shr_mul: chunk 8 complete on falke64 R9700 #1 (5/64)
w4_codex_shr_mul: chunk 3 complete on knecht24 RTX 3060 #1 (6/64)
w4_codex_shr_mul: chunk 11 complete on adler40 RTX 4080 (7/64)
w4_codex_shr_mul: chunk 9 complete on falke64 R9700 #0 (8/64)
w4_codex_shr_mul: chunk 10 complete on adler40 RTX 4090 (9/64)
w4_codex_shr_mul: chunk 6 complete on specht32 RX 9060 XT (10/64)
w4_codex_shr_mul: chunk 12 complete on specht32 RX 9070 XT (11/64)
w4_codex_shr_mul: chunk 13 complete on falke64 R9700 #1 (12/64)
w4_codex_shr_mul: chunk 2 complete on knecht24 RTX 3060 #0 (13/64)
w4_codex_shr_mul: chunk 15 complete on adler40 RTX 4080 (14/64)
w4_codex_shr_mul: chunk 4 complete on knecht24 RTX 3060 #2 (15/64)
w4_codex_shr_mul: chunk 17 complete on adler40 RTX 4090 (16/64)
w4_codex_shr_mul: chunk 16 complete on falke64 R9700 #0 (17/64)
w4_codex_shr_mul: chunk 19 complete on specht32 RX 9070 XT (18/64)
w4_codex_shr_mul: chunk 20 complete on falke64 R9700 #1 (19/64)
w4_codex_shr_mul: chunk 22 complete on adler40 RTX 4080 (20/64)
w4_codex_shr_mul: chunk 24 complete on adler40 RTX 4090 (21/64)
w4_codex_shr_mul: chunk 25 complete on falke64 R9700 #0 (22/64)
w4_codex_shr_mul: chunk 18 complete on specht32 RX 9060 XT (23/64)
w4_codex_shr_mul: chunk 27 complete on falke64 R9700 #1 (24/64)
w4_codex_shr_mul: chunk 26 complete on specht32 RX 9070 XT (25/64)
w4_codex_shr_mul: chunk 14 complete on knecht24 RTX 3060 #1 (26/64)
w4_codex_shr_mul: chunk 23 complete on knecht24 RTX 3060 #2 (27/64)
w4_codex_shr_mul: chunk 28 complete on adler40 RTX 4080 (28/64)
w4_codex_shr_mul: chunk 29 complete on adler40 RTX 4090 (29/64)
w4_codex_shr_mul: chunk 21 complete on knecht24 RTX 3060 #0 (30/64)
w4_codex_shr_mul: chunk 30 complete on falke64 R9700 #0 (31/64)
w4_codex_shr_mul: chunk 31 complete on specht32 RX 9060 XT (32/64)
w4_codex_shr_mul: chunk 33 complete on specht32 RX 9070 XT (33/64)
w4_codex_shr_mul: chunk 32 complete on falke64 R9700 #1 (34/64)
w4_codex_shr_mul: chunk 36 complete on adler40 RTX 4080 (35/64)
w4_codex_shr_mul: chunk 39 complete on falke64 R9700 #0 (36/64)
w4_codex_shr_mul: chunk 37 complete on adler40 RTX 4090 (37/64)
w4_codex_shr_mul: chunk 35 complete on knecht24 RTX 3060 #2 (38/64)
w4_codex_shr_mul: chunk 43 complete on adler40 RTX 4080 (39/64)
w4_codex_shr_mul: chunk 41 complete on specht32 RX 9070 XT (40/64)
w4_codex_shr_mul: chunk 42 complete on falke64 R9700 #1 (41/64)
w4_codex_shr_mul: chunk 34 complete on knecht24 RTX 3060 #1 (42/64)
w4_codex_shr_mul: chunk 45 complete on adler40 RTX 4090 (43/64)
w4_codex_shr_mul: chunk 44 complete on falke64 R9700 #0 (44/64)
w4_codex_shr_mul: chunk 47 complete on adler40 RTX 4080 (45/64)
w4_codex_shr_mul: chunk 40 complete on specht32 RX 9060 XT (46/64)
w4_codex_shr_mul: chunk 38 complete on knecht24 RTX 3060 #0 (47/64)
w4_codex_shr_mul: chunk 51 complete on adler40 RTX 4090 (48/64)
w4_codex_shr_mul: chunk 49 complete on falke64 R9700 #1 (49/64)
w4_codex_shr_mul: chunk 56 complete on adler40 RTX 4090 (50/64)
w4_codex_shr_mul: chunk 48 complete on specht32 RX 9070 XT (51/64)
w4_codex_shr_mul: chunk 57 complete on falke64 R9700 #1 (52/64)
w4_codex_shr_mul: chunk 52 complete on falke64 R9700 #0 (53/64)
w4_codex_shr_mul: chunk 58 complete on adler40 RTX 4090 (54/64)
w4_codex_shr_mul: chunk 60 complete on falke64 R9700 #1 (55/64)
w4_codex_shr_mul: chunk 61 complete on falke64 R9700 #0 (56/64)
w4_codex_shr_mul: chunk 53 complete on adler40 RTX 4080 (57/64)
w4_codex_shr_mul: chunk 59 complete on specht32 RX 9070 XT (58/64)
w4_codex_shr_mul: chunk 62 complete on adler40 RTX 4090 (59/64)
w4_codex_shr_mul: chunk 46 complete on knecht24 RTX 3060 #2 (60/64)
w4_codex_shr_mul: chunk 63 complete on falke64 R9700 #1 (61/64)
w4_codex_shr_mul: chunk 50 complete on knecht24 RTX 3060 #1 (62/64)
w4_codex_shr_mul: chunk 55 complete on knecht24 RTX 3060 #0 (63/64)
w4_codex_shr_mul: chunk 54 complete on specht32 RX 9060 XT (64/64)
3038671 distinct operators / 18446744073709551616 universe; gaps=[] -> C:\Users\end\Desktop\u1\results\exp05_w4_codex_shr_mul.json
w4_codex_shr_mul: 2^32 programs in 30.9s (0.14 Gprog/s) on 9 GPUs
w4_o2_xor_shr: chunk 0 complete on adler40 RTX 4090 (1/64)
w4_o2_xor_shr: chunk 5 complete on specht32 RX 9070 XT (2/64)
w4_o2_xor_shr: chunk 1 complete on adler40 RTX 4080 (3/64)
w4_o2_xor_shr: chunk 7 complete on falke64 R9700 #0 (4/64)
w4_o2_xor_shr: chunk 8 complete on falke64 R9700 #1 (5/64)
w4_o2_xor_shr: chunk 6 complete on specht32 RX 9060 XT (6/64)
w4_o2_xor_shr: chunk 9 complete on adler40 RTX 4090 (7/64)
w4_o2_xor_shr: chunk 10 complete on specht32 RX 9070 XT (8/64)
w4_o2_xor_shr: chunk 11 complete on adler40 RTX 4080 (9/64)
w4_o2_xor_shr: chunk 12 complete on falke64 R9700 #0 (10/64)
w4_o2_xor_shr: chunk 13 complete on falke64 R9700 #1 (11/64)
w4_o2_xor_shr: chunk 2 complete on knecht24 RTX 3060 #0 (12/64)
w4_o2_xor_shr: chunk 3 complete on knecht24 RTX 3060 #1 (13/64)
w4_o2_xor_shr: chunk 4 complete on knecht24 RTX 3060 #2 (14/64)
w4_o2_xor_shr: chunk 15 complete on adler40 RTX 4090 (15/64)
w4_o2_xor_shr: chunk 18 complete on falke64 R9700 #0 (16/64)
w4_o2_xor_shr: chunk 16 complete on specht32 RX 9070 XT (17/64)
w4_o2_xor_shr: chunk 17 complete on adler40 RTX 4080 (18/64)
w4_o2_xor_shr: chunk 19 complete on falke64 R9700 #1 (19/64)
w4_o2_xor_shr: chunk 14 complete on specht32 RX 9060 XT (20/64)
w4_o2_xor_shr: chunk 23 complete on adler40 RTX 4090 (21/64)
w4_o2_xor_shr: chunk 24 complete on falke64 R9700 #0 (22/64)
w4_o2_xor_shr: chunk 25 complete on specht32 RX 9070 XT (23/64)
w4_o2_xor_shr: chunk 26 complete on adler40 RTX 4080 (24/64)
w4_o2_xor_shr: chunk 27 complete on falke64 R9700 #1 (25/64)
w4_o2_xor_shr: chunk 29 complete on adler40 RTX 4090 (26/64)
w4_o2_xor_shr: chunk 20 complete on knecht24 RTX 3060 #0 (27/64)
w4_o2_xor_shr: chunk 30 complete on falke64 R9700 #0 (28/64)
w4_o2_xor_shr: chunk 21 complete on knecht24 RTX 3060 #1 (29/64)
w4_o2_xor_shr: chunk 22 complete on knecht24 RTX 3060 #2 (30/64)
w4_o2_xor_shr: chunk 31 complete on specht32 RX 9070 XT (31/64)
w4_o2_xor_shr: chunk 32 complete on adler40 RTX 4080 (32/64)
w4_o2_xor_shr: chunk 33 complete on falke64 R9700 #1 (33/64)
w4_o2_xor_shr: chunk 28 complete on specht32 RX 9060 XT (34/64)
w4_o2_xor_shr: chunk 34 complete on adler40 RTX 4090 (35/64)
w4_o2_xor_shr: chunk 36 complete on falke64 R9700 #0 (36/64)
w4_o2_xor_shr: chunk 39 complete on specht32 RX 9070 XT (37/64)
w4_o2_xor_shr: chunk 41 complete on falke64 R9700 #1 (38/64)
w4_o2_xor_shr: chunk 40 complete on adler40 RTX 4080 (39/64)
w4_o2_xor_shr: chunk 43 complete on adler40 RTX 4090 (40/64)
w4_o2_xor_shr: chunk 44 complete on falke64 R9700 #0 (41/64)
w4_o2_xor_shr: chunk 42 complete on specht32 RX 9060 XT (42/64)
w4_o2_xor_shr: chunk 46 complete on falke64 R9700 #1 (43/64)
w4_o2_xor_shr: chunk 45 complete on specht32 RX 9070 XT (44/64)
w4_o2_xor_shr: chunk 47 complete on adler40 RTX 4080 (45/64)
w4_o2_xor_shr: chunk 38 complete on knecht24 RTX 3060 #2 (46/64)
w4_o2_xor_shr: chunk 35 complete on knecht24 RTX 3060 #0 (47/64)
w4_o2_xor_shr: chunk 48 complete on adler40 RTX 4090 (48/64)
w4_o2_xor_shr: chunk 37 complete on knecht24 RTX 3060 #1 (49/64)
w4_o2_xor_shr: chunk 49 complete on falke64 R9700 #0 (50/64)
w4_o2_xor_shr: chunk 51 complete on falke64 R9700 #1 (51/64)
w4_o2_xor_shr: chunk 52 complete on specht32 RX 9070 XT (52/64)
w4_o2_xor_shr: chunk 53 complete on adler40 RTX 4080 (53/64)
w4_o2_xor_shr: chunk 56 complete on adler40 RTX 4090 (54/64)
w4_o2_xor_shr: chunk 58 complete on falke64 R9700 #0 (55/64)
w4_o2_xor_shr: chunk 50 complete on specht32 RX 9060 XT (56/64)
w4_o2_xor_shr: chunk 59 complete on falke64 R9700 #1 (57/64)
w4_o2_xor_shr: chunk 61 complete on adler40 RTX 4080 (58/64)
w4_o2_xor_shr: chunk 60 complete on specht32 RX 9070 XT (59/64)
w4_o2_xor_shr: chunk 62 complete on adler40 RTX 4090 (60/64)
w4_o2_xor_shr: chunk 63 complete on falke64 R9700 #0 (61/64)
w4_o2_xor_shr: chunk 54 complete on knecht24 RTX 3060 #2 (62/64)
w4_o2_xor_shr: chunk 55 complete on knecht24 RTX 3060 #0 (63/64)
w4_o2_xor_shr: chunk 57 complete on knecht24 RTX 3060 #1 (64/64)
500264 distinct operators / 18446744073709551616 universe; gaps=[] -> C:\Users\end\Desktop\u1\results\exp05_w4_o2_xor_shr.json
w4_o2_xor_shr: 2^32 programs in 39.6s (0.11 Gprog/s) on 9 GPUs
# exp05: 4-byte (2^32 program) exhaustive sweeps

Wall time includes dispatch and GPU work; excludes shard download and merge.

| W | run | a | p | I | opcode bits | ISA | mode | distinct operators | universe | seconds | M programs/s | coverage |
|---|---|---|---|---|---|---|---|---:|---|---:|---:|---|
| 4 | exp05_w4_o2_add_jc | 2 | 3 | 4 | 2 | SWAP,ADD,NAND,JC | unary | 8533818 | 2^64 | 56.25 | 76.36 | complete |
| 4 | exp05_w4_o2_adc | 2 | 3 | 4 | 2 | SWAP,ADC,NAND,SKZ | unary | 7873949 | 2^64 | 61.44 | 69.9 | complete |
| 4 | exp05_w4_o2_add_jz | 2 | 3 | 4 | 2 | SWAP,ADD,NAND,JZ | unary | 5181022 | 2^64 | 55.52 | 77.35 | complete |
| 4 | exp05_w4_codex_shr_mul | 2 | 3 | 4 | 3 | SWAP,ADD,NAND,XOR,SHR,MUL,SKZ,HALT | unary | 3038671 | 2^64 | 30.9 | 139.02 | complete |
| 4 | exp05_w4_o2_rol | 2 | 3 | 4 | 2 | SWAP,ADD,NAND,ROL | unary | 1259140 | 2^64 | 38.28 | 112.21 | complete |
| 4 | exp05_w4_o2_sub | 2 | 3 | 4 | 2 | SWAP,SUB,NAND,SKZ | unary | 1123714 | 2^64 | 58.14 | 73.87 | complete |
| 4 | exp05_w4_o2_nocond | 2 | 3 | 4 | 2 | SWAP,ADD,NAND,SHR | unary | 1055395 | 2^64 | 40.03 | 107.3 | complete |
| 4 | exp05_w4_o2_add_sknz | 2 | 3 | 4 | 2 | SWAP,ADD,NAND,SKNZ | unary | 1043408 | 2^64 | 62.42 | 68.81 | complete |
| 4 | exp05_w4_o2_xor | 2 | 3 | 4 | 2 | SWAP,ADD,XOR,SKZ | unary | 547533 | 2^64 | 56.41 | 76.13 | complete |
| 4 | exp05_w4_o2_xor_shr | 2 | 3 | 4 | 2 | SWAP,ADD,XOR,SHR | unary | 500264 | 2^64 | 39.56 | 108.56 | complete |
| 4 | exp05_w4_o2_shr | 2 | 3 | 4 | 2 | SWAP,ADD,SHR,SKZ | unary | 331839 | 2^64 | 55.39 | 77.54 | complete |
| 4 | exp05_w4_prop_combined | 2 | 3 | 4 | 3 | SWAP,ADD,NAND,SKZ,HALT,LD,ST,LDI | unary | 228409 | 2^64 | 31.45 | 136.55 | complete |
| 4 | exp05_w4_i8_o4 | 4 | 2 | 8 | 4 | LD,ST,LDI,NOT,AND,OR,XOR,ADD,SUB,SHL,SHR,JMP,JZ,JC,SWAP,HALT | unary | 4926 | 2^64 | 38.13 | 112.65 | complete |
| 4 | exp05_w4_i8_o3 | 2 | 2 | 8 | 3 | SWAP,ADD,NAND,SKZ,HALT,LDI,SHR,ROL | unary | 1157 | 2^64 | 28.1 | 152.86 | complete |

## Highest counts among completed candidates

- W=4, unary: exp05_w4_o2_add_jc (8533818 operators).

These rankings compare only the configured candidate ISAs; they do not prove global optimality.
All runs use layout L3 (address 0 aliases A), so no memory-layout winner is established.
Raw shards and minimum-program witnesses are in results/shards/ on the coordinator and producing worker.
W<=4 unary and W<=2 binary use exact keys; larger tables are represented by hashes.
GPU engines do not report halt/loop/budget distributions. W=8 binary exceeds the current GPU table limit.
