w4_o3_core: chunk 0 complete on adler40 RTX 4090 (1/64)
w4_o3_core: chunk 1 complete on adler40 RTX 4080 (2/64)
w4_o3_core: chunk 7 complete on falke64 R9700 #0 (3/64)
w4_o3_core: chunk 8 complete on falke64 R9700 #1 (4/64)
w4_o3_core: chunk 5 complete on specht32 RX 9070 XT (5/64)
w4_o3_core: chunk 9 complete on adler40 RTX 4090 (6/64)
w4_o3_core: chunk 3 complete on knecht24 RTX 3060 #1 (7/64)
w4_o3_core: chunk 10 complete on adler40 RTX 4080 (8/64)
w4_o3_core: chunk 4 complete on knecht24 RTX 3060 #2 (9/64)
w4_o3_core: chunk 2 complete on knecht24 RTX 3060 #0 (10/64)
w4_o3_core: chunk 14 complete on adler40 RTX 4090 (11/64)
w4_o3_core: chunk 11 complete on falke64 R9700 #0 (12/64)
w4_o3_core: chunk 6 complete on specht32 RX 9060 XT (13/64)
w4_o3_core: chunk 16 complete on adler40 RTX 4080 (14/64)
w4_o3_core: chunk 13 complete on specht32 RX 9070 XT (15/64)
w4_o3_core: chunk 12 complete on falke64 R9700 #1 (16/64)
w4_o3_core: chunk 19 complete on adler40 RTX 4090 (17/64)
w4_o3_core: chunk 15 complete on knecht24 RTX 3060 #1 (18/64)
w4_o3_core: chunk 22 complete on adler40 RTX 4080 (19/64)
w4_o3_core: chunk 20 complete on falke64 R9700 #0 (20/64)
w4_o3_core: chunk 25 complete on adler40 RTX 4090 (21/64)
w4_o3_core: chunk 24 complete on falke64 R9700 #1 (22/64)
w4_o3_core: chunk 23 complete on specht32 RX 9070 XT (23/64)
w4_o3_core: chunk 27 complete on adler40 RTX 4080 (24/64)
w4_o3_core: chunk 17 complete on knecht24 RTX 3060 #2 (25/64)
w4_o3_core: chunk 18 complete on knecht24 RTX 3060 #0 (26/64)
w4_o3_core: chunk 29 complete on adler40 RTX 4090 (27/64)
w4_o3_core: chunk 21 complete on specht32 RX 9060 XT (28/64)
w4_o3_core: chunk 28 complete on falke64 R9700 #0 (29/64)
w4_o3_core: chunk 32 complete on adler40 RTX 4080 (30/64)
w4_o3_core: chunk 31 complete on specht32 RX 9070 XT (31/64)
w4_o3_core: chunk 30 complete on falke64 R9700 #1 (32/64)
w4_o3_core: chunk 35 complete on adler40 RTX 4090 (33/64)
w4_o3_core: chunk 26 complete on knecht24 RTX 3060 #1 (34/64)
w4_o3_core: chunk 38 complete on adler40 RTX 4080 (35/64)
w4_o3_core: chunk 41 complete on adler40 RTX 4090 (36/64)
w4_o3_core: chunk 37 complete on falke64 R9700 #0 (37/64)
w4_o3_core: chunk 33 complete on knecht24 RTX 3060 #2 (38/64)
w4_o3_core: chunk 39 complete on specht32 RX 9070 XT (39/64)
w4_o3_core: chunk 40 complete on falke64 R9700 #1 (40/64)
w4_o3_core: chunk 34 complete on knecht24 RTX 3060 #0 (41/64)
w4_o3_core: chunk 43 complete on adler40 RTX 4080 (42/64)
w4_o3_core: chunk 44 complete on adler40 RTX 4090 (43/64)
w4_o3_core: chunk 45 complete on falke64 R9700 #0 (44/64)
w4_o3_core: chunk 36 complete on specht32 RX 9060 XT (45/64)
w4_o3_core: chunk 42 complete on knecht24 RTX 3060 #1 (46/64)
w4_o3_core: chunk 51 complete on adler40 RTX 4090 (47/64)
w4_o3_core: chunk 50 complete on adler40 RTX 4080 (48/64)
w4_o3_core: chunk 47 complete on specht32 RX 9070 XT (49/64)
w4_o3_core: chunk 48 complete on falke64 R9700 #1 (50/64)
w4_o3_core: chunk 56 complete on adler40 RTX 4080 (51/64)
w4_o3_core: chunk 55 complete on adler40 RTX 4090 (52/64)
w4_o3_core: chunk 46 complete on knecht24 RTX 3060 #2 (53/64)
w4_o3_core: chunk 60 complete on adler40 RTX 4090 (54/64)
w4_o3_core: chunk 49 complete on knecht24 RTX 3060 #0 (55/64)
w4_o3_core: chunk 59 complete on adler40 RTX 4080 (56/64)
w4_o3_core: chunk 52 complete on falke64 R9700 #0 (57/64)
w4_o3_core: chunk 57 complete on specht32 RX 9070 XT (58/64)
w4_o3_core: chunk 58 complete on falke64 R9700 #1 (59/64)
w4_o3_core: chunk 62 complete on adler40 RTX 4090 (60/64)
w4_o3_core: chunk 61 complete on knecht24 RTX 3060 #2 (61/64)
w4_o3_core: chunk 54 complete on knecht24 RTX 3060 #1 (62/64)
w4_o3_core: chunk 63 complete on knecht24 RTX 3060 #0 (63/64)
w4_o3_core: chunk 53 complete on specht32 RX 9060 XT (64/64)
62880 distinct operators / 18446744073709551616 universe; gaps=[] -> results/exp03_w4_o3_core.json
w4_o3_core: 2^32 programs in 27.0s (0.16 Gprog/s) on 9 GPUs
w4_o3_bool: chunk 7 complete on falke64 R9700 #0 (1/64)
w4_o3_bool: chunk 0 complete on adler40 RTX 4090 (2/64)
w4_o3_bool: chunk 5 complete on specht32 RX 9070 XT (3/64)
w4_o3_bool: chunk 1 complete on adler40 RTX 4080 (4/64)
w4_o3_bool: chunk 8 complete on falke64 R9700 #1 (5/64)
w4_o3_bool: chunk 3 complete on knecht24 RTX 3060 #1 (6/64)
w4_o3_bool: chunk 11 complete on specht32 RX 9070 XT (7/64)
w4_o3_bool: chunk 6 complete on specht32 RX 9060 XT (8/64)
w4_o3_bool: chunk 10 complete on adler40 RTX 4090 (9/64)
w4_o3_bool: chunk 9 complete on falke64 R9700 #0 (10/64)
w4_o3_bool: chunk 12 complete on adler40 RTX 4080 (11/64)
w4_o3_bool: chunk 13 complete on falke64 R9700 #1 (12/64)
w4_o3_bool: chunk 4 complete on knecht24 RTX 3060 #2 (13/64)
w4_o3_bool: chunk 15 complete on specht32 RX 9070 XT (14/64)
w4_o3_bool: chunk 2 complete on knecht24 RTX 3060 #0 (15/64)
w4_o3_bool: chunk 19 complete on adler40 RTX 4080 (16/64)
w4_o3_bool: chunk 17 complete on adler40 RTX 4090 (17/64)
w4_o3_bool: chunk 18 complete on falke64 R9700 #0 (18/64)
w4_o3_bool: chunk 20 complete on falke64 R9700 #1 (19/64)
w4_o3_bool: chunk 16 complete on specht32 RX 9060 XT (20/64)
w4_o3_bool: chunk 22 complete on specht32 RX 9070 XT (21/64)
w4_o3_bool: chunk 25 complete on adler40 RTX 4090 (22/64)
w4_o3_bool: chunk 27 complete on falke64 R9700 #1 (23/64)
w4_o3_bool: chunk 24 complete on adler40 RTX 4080 (24/64)
w4_o3_bool: chunk 26 complete on falke64 R9700 #0 (25/64)
w4_o3_bool: chunk 14 complete on knecht24 RTX 3060 #1 (26/64)
w4_o3_bool: chunk 23 complete on knecht24 RTX 3060 #0 (27/64)
w4_o3_bool: chunk 31 complete on falke64 R9700 #1 (28/64)
w4_o3_bool: chunk 29 complete on specht32 RX 9070 XT (29/64)
w4_o3_bool: chunk 30 complete on adler40 RTX 4090 (30/64)
w4_o3_bool: chunk 21 complete on knecht24 RTX 3060 #2 (31/64)
w4_o3_bool: chunk 32 complete on adler40 RTX 4080 (32/64)
w4_o3_bool: chunk 33 complete on falke64 R9700 #0 (33/64)
w4_o3_bool: chunk 36 complete on falke64 R9700 #1 (34/64)
w4_o3_bool: chunk 35 complete on knecht24 RTX 3060 #0 (35/64)
w4_o3_bool: chunk 28 complete on specht32 RX 9060 XT (36/64)
w4_o3_bool: chunk 38 complete on adler40 RTX 4090 (37/64)
w4_o3_bool: chunk 37 complete on specht32 RX 9070 XT (38/64)
w4_o3_bool: chunk 40 complete on adler40 RTX 4080 (39/64)
w4_o3_bool: chunk 41 complete on falke64 R9700 #0 (40/64)
w4_o3_bool: chunk 39 complete on knecht24 RTX 3060 #2 (41/64)
w4_o3_bool: chunk 34 complete on knecht24 RTX 3060 #1 (42/64)
w4_o3_bool: chunk 42 complete on falke64 R9700 #1 (43/64)
w4_o3_bool: chunk 47 complete on adler40 RTX 4080 (44/64)
w4_o3_bool: chunk 45 complete on adler40 RTX 4090 (45/64)
w4_o3_bool: chunk 46 complete on specht32 RX 9070 XT (46/64)
w4_o3_bool: chunk 43 complete on knecht24 RTX 3060 #0 (47/64)
w4_o3_bool: chunk 48 complete on falke64 R9700 #0 (48/64)
w4_o3_bool: chunk 56 complete on falke64 R9700 #0 (49/64)
w4_o3_bool: chunk 51 complete on falke64 R9700 #1 (50/64)
w4_o3_bool: chunk 52 complete on adler40 RTX 4080 (51/64)
w4_o3_bool: chunk 53 complete on adler40 RTX 4090 (52/64)
w4_o3_bool: chunk 44 complete on specht32 RX 9060 XT (53/64)
w4_o3_bool: chunk 58 complete on falke64 R9700 #1 (54/64)
w4_o3_bool: chunk 57 complete on falke64 R9700 #0 (55/64)
w4_o3_bool: chunk 62 complete on falke64 R9700 #1 (56/64)
w4_o3_bool: chunk 60 complete on adler40 RTX 4090 (57/64)
w4_o3_bool: chunk 61 complete on specht32 RX 9060 XT (58/64)
w4_o3_bool: chunk 59 complete on adler40 RTX 4080 (59/64)
w4_o3_bool: chunk 63 complete on falke64 R9700 #0 (60/64)
w4_o3_bool: chunk 54 complete on specht32 RX 9070 XT (61/64)
w4_o3_bool: chunk 50 complete on knecht24 RTX 3060 #1 (62/64)
w4_o3_bool: chunk 55 complete on knecht24 RTX 3060 #0 (63/64)
w4_o3_bool: chunk 49 complete on knecht24 RTX 3060 #2 (64/64)
16 distinct operators / 18446744073709551616 universe; gaps=[] -> results/exp03_w4_o3_bool.json
w4_o3_bool: 2^32 programs in 20.9s (0.21 Gprog/s) on 9 GPUs
w4_o3_arith: chunk 0 complete on adler40 RTX 4090 (1/64)
w4_o3_arith: chunk 1 complete on adler40 RTX 4080 (2/64)
w4_o3_arith: chunk 5 complete on specht32 RX 9070 XT (3/64)
w4_o3_arith: chunk 7 complete on falke64 R9700 #0 (4/64)
w4_o3_arith: chunk 8 complete on falke64 R9700 #1 (5/64)
w4_o3_arith: chunk 9 complete on adler40 RTX 4090 (6/64)
w4_o3_arith: chunk 3 complete on knecht24 RTX 3060 #1 (7/64)
w4_o3_arith: chunk 10 complete on adler40 RTX 4080 (8/64)
w4_o3_arith: chunk 4 complete on knecht24 RTX 3060 #2 (9/64)
w4_o3_arith: chunk 2 complete on knecht24 RTX 3060 #0 (10/64)
w4_o3_arith: chunk 14 complete on adler40 RTX 4090 (11/64)
w4_o3_arith: chunk 16 complete on adler40 RTX 4080 (12/64)
w4_o3_arith: chunk 11 complete on specht32 RX 9070 XT (13/64)
w4_o3_arith: chunk 12 complete on falke64 R9700 #0 (14/64)
w4_o3_arith: chunk 19 complete on adler40 RTX 4090 (15/64)
w4_o3_arith: chunk 13 complete on falke64 R9700 #1 (16/64)
w4_o3_arith: chunk 6 complete on specht32 RX 9060 XT (17/64)
w4_o3_arith: chunk 15 complete on knecht24 RTX 3060 #1 (18/64)
w4_o3_arith: chunk 20 complete on adler40 RTX 4080 (19/64)
w4_o3_arith: chunk 23 complete on adler40 RTX 4090 (20/64)
w4_o3_arith: chunk 27 complete on adler40 RTX 4080 (21/64)
w4_o3_arith: chunk 17 complete on knecht24 RTX 3060 #2 (22/64)
w4_o3_arith: chunk 22 complete on falke64 R9700 #0 (23/64)
w4_o3_arith: chunk 21 complete on specht32 RX 9070 XT (24/64)
w4_o3_arith: chunk 18 complete on knecht24 RTX 3060 #0 (25/64)
w4_o3_arith: chunk 24 complete on falke64 R9700 #1 (26/64)
w4_o3_arith: chunk 28 complete on adler40 RTX 4090 (27/64)
w4_o3_arith: chunk 29 complete on adler40 RTX 4080 (28/64)
w4_o3_arith: chunk 35 complete on adler40 RTX 4090 (29/64)
w4_o3_arith: chunk 26 complete on knecht24 RTX 3060 #1 (30/64)
w4_o3_arith: chunk 31 complete on falke64 R9700 #0 (31/64)
w4_o3_arith: chunk 32 complete on specht32 RX 9070 XT (32/64)
w4_o3_arith: chunk 25 complete on specht32 RX 9060 XT (33/64)
w4_o3_arith: chunk 34 complete on falke64 R9700 #1 (34/64)
w4_o3_arith: chunk 36 complete on adler40 RTX 4080 (35/64)
w4_o3_arith: chunk 37 complete on adler40 RTX 4090 (36/64)
w4_o3_arith: chunk 30 complete on knecht24 RTX 3060 #2 (37/64)
w4_o3_arith: chunk 33 complete on knecht24 RTX 3060 #0 (38/64)
w4_o3_arith: chunk 43 complete on adler40 RTX 4080 (39/64)
w4_o3_arith: chunk 44 complete on adler40 RTX 4090 (40/64)
w4_o3_arith: chunk 39 complete on falke64 R9700 #0 (41/64)
w4_o3_arith: chunk 40 complete on specht32 RX 9070 XT (42/64)
w4_o3_arith: chunk 47 complete on adler40 RTX 4080 (43/64)
w4_o3_arith: chunk 42 complete on falke64 R9700 #1 (44/64)
w4_o3_arith: chunk 48 complete on adler40 RTX 4090 (45/64)
w4_o3_arith: chunk 38 complete on knecht24 RTX 3060 #1 (46/64)
w4_o3_arith: chunk 51 complete on adler40 RTX 4080 (47/64)
w4_o3_arith: chunk 53 complete on adler40 RTX 4090 (48/64)
w4_o3_arith: chunk 45 complete on knecht24 RTX 3060 #2 (49/64)
w4_o3_arith: chunk 49 complete on falke64 R9700 #0 (50/64)
w4_o3_arith: chunk 55 complete on adler40 RTX 4080 (51/64)
w4_o3_arith: chunk 41 complete on specht32 RX 9060 XT (52/64)
w4_o3_arith: chunk 46 complete on knecht24 RTX 3060 #0 (53/64)
w4_o3_arith: chunk 56 complete on adler40 RTX 4090 (54/64)
w4_o3_arith: chunk 50 complete on specht32 RX 9070 XT (55/64)
w4_o3_arith: chunk 52 complete on falke64 R9700 #1 (56/64)
w4_o3_arith: chunk 59 complete on adler40 RTX 4080 (57/64)
w4_o3_arith: chunk 62 complete on adler40 RTX 4090 (58/64)
w4_o3_arith: chunk 57 complete on knecht24 RTX 3060 #2 (59/64)
w4_o3_arith: chunk 61 complete on knecht24 RTX 3060 #0 (60/64)
w4_o3_arith: chunk 54 complete on knecht24 RTX 3060 #1 (61/64)
w4_o3_arith: chunk 58 complete on falke64 R9700 #0 (62/64)
w4_o3_arith: chunk 63 complete on specht32 RX 9070 XT (63/64)
w4_o3_arith: chunk 60 complete on specht32 RX 9060 XT (64/64)
24420 distinct operators / 18446744073709551616 universe; gaps=[] -> results/exp03_w4_o3_arith.json
w4_o3_arith: 2^32 programs in 35.0s (0.12 Gprog/s) on 9 GPUs
w4_o3_swap: chunk 7 complete on falke64 R9700 #0 (1/64)
w4_o3_swap: chunk 0 complete on adler40 RTX 4090 (2/64)
w4_o3_swap: chunk 1 complete on adler40 RTX 4080 (3/64)
w4_o3_swap: chunk 5 complete on specht32 RX 9070 XT (4/64)
w4_o3_swap: chunk 8 complete on falke64 R9700 #1 (5/64)
w4_o3_swap: chunk 3 complete on knecht24 RTX 3060 #1 (6/64)
w4_o3_swap: chunk 11 complete on adler40 RTX 4080 (7/64)
w4_o3_swap: chunk 10 complete on adler40 RTX 4090 (8/64)
w4_o3_swap: chunk 9 complete on falke64 R9700 #0 (9/64)
w4_o3_swap: chunk 15 complete on adler40 RTX 4080 (10/64)
w4_o3_swap: chunk 6 complete on specht32 RX 9060 XT (11/64)
w4_o3_swap: chunk 13 complete on falke64 R9700 #1 (12/64)
w4_o3_swap: chunk 12 complete on specht32 RX 9070 XT (13/64)
w4_o3_swap: chunk 2 complete on knecht24 RTX 3060 #0 (14/64)
w4_o3_swap: chunk 4 complete on knecht24 RTX 3060 #2 (15/64)
w4_o3_swap: chunk 16 complete on adler40 RTX 4090 (16/64)
w4_o3_swap: chunk 17 complete on falke64 R9700 #0 (17/64)
w4_o3_swap: chunk 18 complete on adler40 RTX 4080 (18/64)
w4_o3_swap: chunk 20 complete on falke64 R9700 #1 (19/64)
w4_o3_swap: chunk 24 complete on adler40 RTX 4090 (20/64)
w4_o3_swap: chunk 19 complete on specht32 RX 9060 XT (21/64)
w4_o3_swap: chunk 21 complete on specht32 RX 9070 XT (22/64)
w4_o3_swap: chunk 14 complete on knecht24 RTX 3060 #1 (23/64)
w4_o3_swap: chunk 23 complete on knecht24 RTX 3060 #2 (24/64)
w4_o3_swap: chunk 25 complete on falke64 R9700 #0 (25/64)
w4_o3_swap: chunk 26 complete on adler40 RTX 4080 (26/64)
w4_o3_swap: chunk 27 complete on falke64 R9700 #1 (27/64)
w4_o3_swap: chunk 28 complete on adler40 RTX 4090 (28/64)
w4_o3_swap: chunk 22 complete on knecht24 RTX 3060 #0 (29/64)
w4_o3_swap: chunk 30 complete on specht32 RX 9070 XT (30/64)
w4_o3_swap: chunk 35 complete on falke64 R9700 #1 (31/64)
w4_o3_swap: chunk 34 complete on adler40 RTX 4080 (32/64)
w4_o3_swap: chunk 33 complete on falke64 R9700 #0 (33/64)
w4_o3_swap: chunk 31 complete on knecht24 RTX 3060 #1 (34/64)
w4_o3_swap: chunk 36 complete on adler40 RTX 4090 (35/64)
w4_o3_swap: chunk 39 complete on falke64 R9700 #1 (36/64)
w4_o3_swap: chunk 29 complete on specht32 RX 9060 XT (37/64)
w4_o3_swap: chunk 43 complete on adler40 RTX 4090 (38/64)
w4_o3_swap: chunk 40 complete on adler40 RTX 4080 (39/64)
w4_o3_swap: chunk 38 complete on specht32 RX 9070 XT (40/64)
w4_o3_swap: chunk 32 complete on knecht24 RTX 3060 #2 (41/64)
w4_o3_swap: chunk 41 complete on falke64 R9700 #0 (42/64)
w4_o3_swap: chunk 47 complete on adler40 RTX 4080 (43/64)
w4_o3_swap: chunk 46 complete on adler40 RTX 4090 (44/64)
w4_o3_swap: chunk 44 complete on falke64 R9700 #1 (45/64)
w4_o3_swap: chunk 37 complete on knecht24 RTX 3060 #0 (46/64)
w4_o3_swap: chunk 48 complete on specht32 RX 9070 XT (47/64)
w4_o3_swap: chunk 51 complete on adler40 RTX 4080 (48/64)
w4_o3_swap: chunk 42 complete on knecht24 RTX 3060 #1 (49/64)
w4_o3_swap: chunk 56 complete on adler40 RTX 4080 (50/64)
w4_o3_swap: chunk 52 complete on adler40 RTX 4090 (51/64)
w4_o3_swap: chunk 50 complete on falke64 R9700 #0 (52/64)
w4_o3_swap: chunk 60 complete on falke64 R9700 #0 (53/64)
w4_o3_swap: chunk 59 complete on adler40 RTX 4090 (54/64)
w4_o3_swap: chunk 57 complete on knecht24 RTX 3060 #1 (55/64)
w4_o3_swap: chunk 61 complete on falke64 R9700 #0 (56/64)
w4_o3_swap: chunk 45 complete on specht32 RX 9060 XT (57/64)
w4_o3_swap: chunk 55 complete on specht32 RX 9070 XT (58/64)
w4_o3_swap: chunk 53 complete on falke64 R9700 #1 (59/64)
w4_o3_swap: chunk 58 complete on adler40 RTX 4080 (60/64)
w4_o3_swap: chunk 63 complete on knecht24 RTX 3060 #1 (61/64)
w4_o3_swap: chunk 62 complete on adler40 RTX 4090 (62/64)
w4_o3_swap: chunk 49 complete on knecht24 RTX 3060 #2 (63/64)
w4_o3_swap: chunk 54 complete on knecht24 RTX 3060 #0 (64/64)
1463824 distinct operators / 18446744073709551616 universe; gaps=[] -> results/exp03_w4_o3_swap.json
w4_o3_swap: 2^32 programs in 29.8s (0.14 Gprog/s) on 9 GPUs
w4_o2_nand: chunk 0 complete on adler40 RTX 4090 (1/64)
w4_o2_nand: chunk 1 complete on adler40 RTX 4080 (2/64)
w4_o2_nand: chunk 5 complete on specht32 RX 9070 XT (3/64)
w4_o2_nand: chunk 7 complete on falke64 R9700 #0 (4/64)
w4_o2_nand: chunk 8 complete on falke64 R9700 #1 (5/64)
w4_o2_nand: chunk 9 complete on adler40 RTX 4090 (6/64)
w4_o2_nand: chunk 10 complete on adler40 RTX 4080 (7/64)
w4_o2_nand: chunk 3 complete on knecht24 RTX 3060 #1 (8/64)
w4_o2_nand: chunk 2 complete on knecht24 RTX 3060 #0 (9/64)
w4_o2_nand: chunk 6 complete on specht32 RX 9060 XT (10/64)
w4_o2_nand: chunk 4 complete on knecht24 RTX 3060 #2 (11/64)
w4_o2_nand: chunk 12 complete on falke64 R9700 #0 (12/64)
w4_o2_nand: chunk 13 complete on falke64 R9700 #1 (13/64)
w4_o2_nand: chunk 11 complete on specht32 RX 9070 XT (14/64)
w4_o2_nand: chunk 14 complete on adler40 RTX 4090 (15/64)
w4_o2_nand: chunk 15 complete on adler40 RTX 4080 (16/64)
w4_o2_nand: chunk 23 complete on adler40 RTX 4090 (17/64)
w4_o2_nand: chunk 21 complete on falke64 R9700 #1 (18/64)
w4_o2_nand: chunk 20 complete on falke64 R9700 #0 (19/64)
w4_o2_nand: chunk 22 complete on specht32 RX 9070 XT (20/64)
w4_o2_nand: chunk 24 complete on adler40 RTX 4080 (21/64)
w4_o2_nand: chunk 17 complete on knecht24 RTX 3060 #0 (22/64)
w4_o2_nand: chunk 25 complete on adler40 RTX 4090 (23/64)
w4_o2_nand: chunk 16 complete on knecht24 RTX 3060 #1 (24/64)
w4_o2_nand: chunk 19 complete on knecht24 RTX 3060 #2 (25/64)
w4_o2_nand: chunk 18 complete on specht32 RX 9060 XT (26/64)
w4_o2_nand: chunk 29 complete on adler40 RTX 4080 (27/64)
w4_o2_nand: chunk 26 complete on falke64 R9700 #1 (28/64)
w4_o2_nand: chunk 27 complete on falke64 R9700 #0 (29/64)
w4_o2_nand: chunk 28 complete on specht32 RX 9070 XT (30/64)
w4_o2_nand: chunk 31 complete on adler40 RTX 4090 (31/64)
w4_o2_nand: chunk 35 complete on adler40 RTX 4080 (32/64)
w4_o2_nand: chunk 39 complete on adler40 RTX 4090 (33/64)
w4_o2_nand: chunk 36 complete on falke64 R9700 #1 (34/64)
w4_o2_nand: chunk 37 complete on falke64 R9700 #0 (35/64)
w4_o2_nand: chunk 38 complete on specht32 RX 9070 XT (36/64)
w4_o2_nand: chunk 32 complete on knecht24 RTX 3060 #1 (37/64)
w4_o2_nand: chunk 40 complete on adler40 RTX 4080 (38/64)
w4_o2_nand: chunk 30 complete on knecht24 RTX 3060 #0 (39/64)
w4_o2_nand: chunk 33 complete on knecht24 RTX 3060 #2 (40/64)
w4_o2_nand: chunk 41 complete on adler40 RTX 4090 (41/64)
w4_o2_nand: chunk 34 complete on specht32 RX 9060 XT (42/64)
w4_o2_nand: chunk 42 complete on falke64 R9700 #1 (43/64)
w4_o2_nand: chunk 43 complete on falke64 R9700 #0 (44/64)
w4_o2_nand: chunk 46 complete on adler40 RTX 4080 (45/64)
w4_o2_nand: chunk 44 complete on specht32 RX 9070 XT (46/64)
w4_o2_nand: chunk 49 complete on adler40 RTX 4090 (47/64)
w4_o2_nand: chunk 55 complete on adler40 RTX 4090 (48/64)
w4_o2_nand: chunk 53 complete on adler40 RTX 4080 (49/64)
w4_o2_nand: chunk 51 complete on falke64 R9700 #1 (50/64)
w4_o2_nand: chunk 45 complete on knecht24 RTX 3060 #1 (51/64)
w4_o2_nand: chunk 52 complete on falke64 R9700 #0 (52/64)
w4_o2_nand: chunk 47 complete on knecht24 RTX 3060 #0 (53/64)
w4_o2_nand: chunk 54 complete on specht32 RX 9070 XT (54/64)
w4_o2_nand: chunk 48 complete on knecht24 RTX 3060 #2 (55/64)
w4_o2_nand: chunk 56 complete on adler40 RTX 4090 (56/64)
w4_o2_nand: chunk 50 complete on specht32 RX 9060 XT (57/64)
w4_o2_nand: chunk 57 complete on adler40 RTX 4080 (58/64)
w4_o2_nand: chunk 58 complete on falke64 R9700 #1 (59/64)
w4_o2_nand: chunk 60 complete on falke64 R9700 #0 (60/64)
w4_o2_nand: chunk 62 complete on specht32 RX 9070 XT (61/64)
w4_o2_nand: chunk 59 complete on knecht24 RTX 3060 #1 (62/64)
w4_o2_nand: chunk 61 complete on knecht24 RTX 3060 #0 (63/64)
w4_o2_nand: chunk 63 complete on knecht24 RTX 3060 #2 (64/64)
16 distinct operators / 18446744073709551616 universe; gaps=[] -> results/exp03_w4_o2_nand.json
w4_o2_nand: 2^32 programs in 41.0s (0.10 Gprog/s) on 9 GPUs
w4_o2_add: chunk 0 complete on adler40 RTX 4090 (1/64)
w4_o2_add: chunk 1 complete on adler40 RTX 4080 (2/64)
w4_o2_add: chunk 5 complete on specht32 RX 9070 XT (3/64)
w4_o2_add: chunk 8 complete on falke64 R9700 #1 (4/64)
w4_o2_add: chunk 7 complete on falke64 R9700 #0 (5/64)
w4_o2_add: chunk 9 complete on adler40 RTX 4090 (6/64)
w4_o2_add: chunk 10 complete on adler40 RTX 4080 (7/64)
w4_o2_add: chunk 2 complete on knecht24 RTX 3060 #0 (8/64)
w4_o2_add: chunk 6 complete on specht32 RX 9060 XT (9/64)
w4_o2_add: chunk 3 complete on knecht24 RTX 3060 #1 (10/64)
w4_o2_add: chunk 12 complete on falke64 R9700 #1 (11/64)
w4_o2_add: chunk 11 complete on specht32 RX 9070 XT (12/64)
w4_o2_add: chunk 13 complete on falke64 R9700 #0 (13/64)
w4_o2_add: chunk 4 complete on knecht24 RTX 3060 #2 (14/64)
w4_o2_add: chunk 14 complete on adler40 RTX 4090 (15/64)
w4_o2_add: chunk 15 complete on adler40 RTX 4080 (16/64)
w4_o2_add: chunk 23 complete on adler40 RTX 4090 (17/64)
w4_o2_add: chunk 21 complete on falke64 R9700 #0 (18/64)
w4_o2_add: chunk 19 complete on falke64 R9700 #1 (19/64)
w4_o2_add: chunk 20 complete on specht32 RX 9070 XT (20/64)
w4_o2_add: chunk 24 complete on adler40 RTX 4080 (21/64)
w4_o2_add: chunk 17 complete on specht32 RX 9060 XT (22/64)
w4_o2_add: chunk 25 complete on adler40 RTX 4090 (23/64)
w4_o2_add: chunk 18 complete on knecht24 RTX 3060 #1 (24/64)
w4_o2_add: chunk 16 complete on knecht24 RTX 3060 #0 (25/64)
w4_o2_add: chunk 22 complete on knecht24 RTX 3060 #2 (26/64)
w4_o2_add: chunk 29 complete on adler40 RTX 4080 (27/64)
w4_o2_add: chunk 26 complete on falke64 R9700 #0 (28/64)
w4_o2_add: chunk 27 complete on falke64 R9700 #1 (29/64)
w4_o2_add: chunk 28 complete on specht32 RX 9070 XT (30/64)
w4_o2_add: chunk 31 complete on adler40 RTX 4090 (31/64)
w4_o2_add: chunk 35 complete on adler40 RTX 4080 (32/64)
w4_o2_add: chunk 39 complete on adler40 RTX 4090 (33/64)
w4_o2_add: chunk 36 complete on falke64 R9700 #0 (34/64)
w4_o2_add: chunk 37 complete on falke64 R9700 #1 (35/64)
w4_o2_add: chunk 38 complete on specht32 RX 9070 XT (36/64)
w4_o2_add: chunk 30 complete on specht32 RX 9060 XT (37/64)
w4_o2_add: chunk 40 complete on adler40 RTX 4080 (38/64)
w4_o2_add: chunk 33 complete on knecht24 RTX 3060 #0 (39/64)
w4_o2_add: chunk 32 complete on knecht24 RTX 3060 #1 (40/64)
w4_o2_add: chunk 41 complete on adler40 RTX 4090 (41/64)
w4_o2_add: chunk 34 complete on knecht24 RTX 3060 #2 (42/64)
w4_o2_add: chunk 42 complete on falke64 R9700 #0 (43/64)
w4_o2_add: chunk 44 complete on specht32 RX 9070 XT (44/64)
w4_o2_add: chunk 43 complete on falke64 R9700 #1 (45/64)
w4_o2_add: chunk 46 complete on adler40 RTX 4080 (46/64)
w4_o2_add: chunk 49 complete on adler40 RTX 4090 (47/64)
w4_o2_add: chunk 45 complete on specht32 RX 9060 XT (48/64)
w4_o2_add: chunk 51 complete on falke64 R9700 #0 (49/64)
w4_o2_add: chunk 55 complete on adler40 RTX 4090 (50/64)
w4_o2_add: chunk 54 complete on adler40 RTX 4080 (51/64)
w4_o2_add: chunk 52 complete on specht32 RX 9070 XT (52/64)
w4_o2_add: chunk 53 complete on falke64 R9700 #1 (53/64)
w4_o2_add: chunk 50 complete on knecht24 RTX 3060 #2 (54/64)
w4_o2_add: chunk 47 complete on knecht24 RTX 3060 #0 (55/64)
w4_o2_add: chunk 48 complete on knecht24 RTX 3060 #1 (56/64)
w4_o2_add: chunk 58 complete on adler40 RTX 4090 (57/64)
w4_o2_add: chunk 59 complete on adler40 RTX 4080 (58/64)
w4_o2_add: chunk 57 complete on falke64 R9700 #0 (59/64)
w4_o2_add: chunk 61 complete on falke64 R9700 #1 (60/64)
w4_o2_add: chunk 60 complete on specht32 RX 9070 XT (61/64)
w4_o2_add: chunk 56 complete on specht32 RX 9060 XT (62/64)
w4_o2_add: chunk 62 complete on knecht24 RTX 3060 #2 (63/64)
w4_o2_add: chunk 63 complete on knecht24 RTX 3060 #0 (64/64)
1829051 distinct operators / 18446744073709551616 universe; gaps=[] -> results/exp03_w4_o2_add.json
w4_o2_add: 2^32 programs in 55.0s (0.08 Gprog/s) on 9 GPUs
w4_o4_full: chunk 7 complete on falke64 R9700 #0 (1/64)
w4_o4_full: chunk 5 complete on specht32 RX 9070 XT (2/64)
w4_o4_full: chunk 0 complete on adler40 RTX 4090 (3/64)
w4_o4_full: chunk 8 complete on falke64 R9700 #1 (4/64)
w4_o4_full: chunk 1 complete on adler40 RTX 4080 (5/64)
w4_o4_full: chunk 11 complete on adler40 RTX 4090 (6/64)
w4_o4_full: chunk 6 complete on specht32 RX 9060 XT (7/64)
w4_o4_full: chunk 9 complete on falke64 R9700 #0 (8/64)
w4_o4_full: chunk 10 complete on specht32 RX 9070 XT (9/64)
w4_o4_full: chunk 12 complete on falke64 R9700 #1 (10/64)
w4_o4_full: chunk 3 complete on knecht24 RTX 3060 #1 (11/64)
w4_o4_full: chunk 13 complete on adler40 RTX 4080 (12/64)
w4_o4_full: chunk 4 complete on knecht24 RTX 3060 #2 (13/64)
w4_o4_full: chunk 14 complete on adler40 RTX 4090 (14/64)
w4_o4_full: chunk 16 complete on falke64 R9700 #0 (15/64)
w4_o4_full: chunk 2 complete on knecht24 RTX 3060 #0 (16/64)
w4_o4_full: chunk 17 complete on specht32 RX 9070 XT (17/64)
w4_o4_full: chunk 18 complete on falke64 R9700 #1 (18/64)
w4_o4_full: chunk 20 complete on adler40 RTX 4080 (19/64)
w4_o4_full: chunk 15 complete on specht32 RX 9060 XT (20/64)
w4_o4_full: chunk 23 complete on falke64 R9700 #0 (21/64)
w4_o4_full: chunk 22 complete on adler40 RTX 4090 (22/64)
w4_o4_full: chunk 26 complete on falke64 R9700 #1 (23/64)
w4_o4_full: chunk 25 complete on specht32 RX 9070 XT (24/64)
w4_o4_full: chunk 27 complete on adler40 RTX 4080 (25/64)
w4_o4_full: chunk 19 complete on knecht24 RTX 3060 #1 (26/64)
w4_o4_full: chunk 29 complete on falke64 R9700 #0 (27/64)
w4_o4_full: chunk 31 complete on falke64 R9700 #1 (28/64)
w4_o4_full: chunk 30 complete on adler40 RTX 4090 (29/64)
w4_o4_full: chunk 32 complete on specht32 RX 9070 XT (30/64)
w4_o4_full: chunk 28 complete on specht32 RX 9060 XT (31/64)
w4_o4_full: chunk 33 complete on adler40 RTX 4080 (32/64)
w4_o4_full: chunk 21 complete on knecht24 RTX 3060 #2 (33/64)
w4_o4_full: chunk 35 complete on falke64 R9700 #0 (34/64)
w4_o4_full: chunk 24 complete on knecht24 RTX 3060 #0 (35/64)
w4_o4_full: chunk 36 complete on falke64 R9700 #1 (36/64)
w4_o4_full: chunk 37 complete on adler40 RTX 4090 (37/64)
w4_o4_full: chunk 38 complete on specht32 RX 9070 XT (38/64)
w4_o4_full: chunk 42 complete on falke64 R9700 #0 (39/64)
w4_o4_full: chunk 40 complete on adler40 RTX 4080 (40/64)
w4_o4_full: chunk 44 complete on falke64 R9700 #1 (41/64)
w4_o4_full: chunk 39 complete on specht32 RX 9060 XT (42/64)
w4_o4_full: chunk 45 complete on adler40 RTX 4090 (43/64)
w4_o4_full: chunk 46 complete on specht32 RX 9070 XT (44/64)
w4_o4_full: chunk 34 complete on knecht24 RTX 3060 #1 (45/64)
w4_o4_full: chunk 47 complete on falke64 R9700 #0 (46/64)
w4_o4_full: chunk 48 complete on adler40 RTX 4080 (47/64)
w4_o4_full: chunk 51 complete on adler40 RTX 4090 (48/64)
w4_o4_full: chunk 49 complete on falke64 R9700 #1 (49/64)
w4_o4_full: chunk 43 complete on knecht24 RTX 3060 #0 (50/64)
w4_o4_full: chunk 52 complete on specht32 RX 9070 XT (51/64)
w4_o4_full: chunk 41 complete on knecht24 RTX 3060 #2 (52/64)
w4_o4_full: chunk 54 complete on falke64 R9700 #0 (53/64)
w4_o4_full: chunk 55 complete on adler40 RTX 4080 (54/64)
w4_o4_full: chunk 56 complete on adler40 RTX 4090 (55/64)
w4_o4_full: chunk 61 complete on falke64 R9700 #0 (56/64)
w4_o4_full: chunk 50 complete on specht32 RX 9060 XT (57/64)
w4_o4_full: chunk 60 complete on knecht24 RTX 3060 #2 (58/64)
w4_o4_full: chunk 62 complete on adler40 RTX 4080 (59/64)
w4_o4_full: chunk 63 complete on adler40 RTX 4090 (60/64)
w4_o4_full: chunk 57 complete on falke64 R9700 #1 (61/64)
w4_o4_full: chunk 59 complete on specht32 RX 9070 XT (62/64)
w4_o4_full: chunk 53 complete on knecht24 RTX 3060 #1 (63/64)
w4_o4_full: chunk 58 complete on knecht24 RTX 3060 #0 (64/64)
977928 distinct operators / 18446744073709551616 universe; gaps=[] -> results/exp03_w4_o4_full.json
w4_o4_full: 2^32 programs in 43.0s (0.10 Gprog/s) on 9 GPUs
w2_o1: chunk 0 complete on adler40 RTX 4090 (1/64)
w2_o1: chunk 1 complete on adler40 RTX 4080 (2/64)
w2_o1: chunk 5 complete on specht32 RX 9070 XT (3/64)
w2_o1: chunk 7 complete on falke64 R9700 #0 (4/64)
w2_o1: chunk 8 complete on falke64 R9700 #1 (5/64)
w2_o1: chunk 6 complete on specht32 RX 9060 XT (6/64)
w2_o1: chunk 9 complete on adler40 RTX 4090 (7/64)
w2_o1: chunk 10 complete on adler40 RTX 4080 (8/64)
w2_o1: chunk 3 complete on knecht24 RTX 3060 #1 (9/64)
w2_o1: chunk 2 complete on knecht24 RTX 3060 #0 (10/64)
w2_o1: chunk 4 complete on knecht24 RTX 3060 #2 (11/64)
w2_o1: chunk 11 complete on specht32 RX 9070 XT (12/64)
w2_o1: chunk 12 complete on falke64 R9700 #0 (13/64)
w2_o1: chunk 13 complete on falke64 R9700 #1 (14/64)
w2_o1: chunk 15 complete on adler40 RTX 4090 (15/64)
w2_o1: chunk 16 complete on adler40 RTX 4080 (16/64)
w2_o1: chunk 21 complete on falke64 R9700 #0 (17/64)
w2_o1: chunk 20 complete on specht32 RX 9070 XT (18/64)
w2_o1: chunk 14 complete on specht32 RX 9060 XT (19/64)
w2_o1: chunk 17 complete on knecht24 RTX 3060 #1 (20/64)
w2_o1: chunk 22 complete on falke64 R9700 #1 (21/64)
w2_o1: chunk 18 complete on knecht24 RTX 3060 #0 (22/64)
w2_o1: chunk 23 complete on adler40 RTX 4090 (23/64)
w2_o1: chunk 24 complete on adler40 RTX 4080 (24/64)
w2_o1: chunk 19 complete on knecht24 RTX 3060 #2 (25/64)
w2_o1: chunk 25 complete on falke64 R9700 #0 (26/64)
w2_o1: chunk 26 complete on specht32 RX 9070 XT (27/64)
w2_o1: chunk 31 complete on adler40 RTX 4090 (28/64)
w2_o1: chunk 29 complete on falke64 R9700 #1 (29/64)
w2_o1: chunk 32 complete on adler40 RTX 4080 (30/64)
w2_o1: chunk 36 complete on adler40 RTX 4090 (31/64)
w2_o1: chunk 34 complete on falke64 R9700 #0 (32/64)
w2_o1: chunk 28 complete on knecht24 RTX 3060 #1 (33/64)
w2_o1: chunk 27 complete on specht32 RX 9060 XT (34/64)
w2_o1: chunk 35 complete on specht32 RX 9070 XT (35/64)
w2_o1: chunk 30 complete on knecht24 RTX 3060 #0 (36/64)
w2_o1: chunk 38 complete on adler40 RTX 4080 (37/64)
w2_o1: chunk 33 complete on knecht24 RTX 3060 #2 (38/64)
w2_o1: chunk 37 complete on falke64 R9700 #1 (39/64)
w2_o1: chunk 39 complete on adler40 RTX 4090 (40/64)
w2_o1: chunk 40 complete on falke64 R9700 #0 (41/64)
w2_o1: chunk 45 complete on adler40 RTX 4080 (42/64)
w2_o1: chunk 43 complete on specht32 RX 9070 XT (43/64)
w2_o1: chunk 48 complete on adler40 RTX 4090 (44/64)
w2_o1: chunk 47 complete on falke64 R9700 #1 (45/64)
w2_o1: chunk 42 complete on specht32 RX 9060 XT (46/64)
w2_o1: chunk 41 complete on knecht24 RTX 3060 #1 (47/64)
w2_o1: chunk 46 complete on knecht24 RTX 3060 #2 (48/64)
w2_o1: chunk 44 complete on knecht24 RTX 3060 #0 (49/64)
w2_o1: chunk 49 complete on falke64 R9700 #0 (50/64)
w2_o1: chunk 50 complete on adler40 RTX 4080 (51/64)
w2_o1: chunk 52 complete on adler40 RTX 4090 (52/64)
w2_o1: chunk 51 complete on specht32 RX 9070 XT (53/64)
w2_o1: chunk 53 complete on falke64 R9700 #1 (54/64)
w2_o1: chunk 60 complete on adler40 RTX 4090 (55/64)
w2_o1: chunk 59 complete on adler40 RTX 4080 (56/64)
w2_o1: chunk 58 complete on falke64 R9700 #0 (57/64)
w2_o1: chunk 54 complete on specht32 RX 9060 XT (58/64)
w2_o1: chunk 61 complete on specht32 RX 9070 XT (59/64)
w2_o1: chunk 62 complete on falke64 R9700 #1 (60/64)
w2_o1: chunk 55 complete on knecht24 RTX 3060 #1 (61/64)
w2_o1: chunk 63 complete on adler40 RTX 4090 (62/64)
w2_o1: chunk 56 complete on knecht24 RTX 3060 #2 (63/64)
w2_o1: chunk 57 complete on knecht24 RTX 3060 #0 (64/64)
12 distinct operators / 256 universe; gaps=[] -> results/exp03_w2_o1.json
w2_o1: 2^32 programs in 13.4s (0.32 Gprog/s) on 9 GPUs
w2_o1_swap: chunk 0 complete on adler40 RTX 4090 (1/64)
w2_o1_swap: chunk 1 complete on adler40 RTX 4080 (2/64)
w2_o1_swap: chunk 5 complete on specht32 RX 9070 XT (3/64)
w2_o1_swap: chunk 7 complete on falke64 R9700 #0 (4/64)
w2_o1_swap: chunk 8 complete on falke64 R9700 #1 (5/64)
w2_o1_swap: chunk 9 complete on adler40 RTX 4090 (6/64)
w2_o1_swap: chunk 10 complete on adler40 RTX 4080 (7/64)
w2_o1_swap: chunk 3 complete on knecht24 RTX 3060 #1 (8/64)
w2_o1_swap: chunk 6 complete on specht32 RX 9060 XT (9/64)
w2_o1_swap: chunk 2 complete on knecht24 RTX 3060 #0 (10/64)
w2_o1_swap: chunk 4 complete on knecht24 RTX 3060 #2 (11/64)
w2_o1_swap: chunk 12 complete on falke64 R9700 #0 (12/64)
w2_o1_swap: chunk 11 complete on specht32 RX 9070 XT (13/64)
w2_o1_swap: chunk 13 complete on falke64 R9700 #1 (14/64)
w2_o1_swap: chunk 14 complete on adler40 RTX 4090 (15/64)
w2_o1_swap: chunk 15 complete on adler40 RTX 4080 (16/64)
w2_o1_swap: chunk 16 complete on knecht24 RTX 3060 #1 (17/64)
w2_o1_swap: chunk 20 complete on falke64 R9700 #0 (18/64)
w2_o1_swap: chunk 18 complete on knecht24 RTX 3060 #0 (19/64)
w2_o1_swap: chunk 19 complete on knecht24 RTX 3060 #2 (20/64)
w2_o1_swap: chunk 17 complete on specht32 RX 9060 XT (21/64)
w2_o1_swap: chunk 23 complete on adler40 RTX 4090 (22/64)
w2_o1_swap: chunk 24 complete on adler40 RTX 4080 (23/64)
w2_o1_swap: chunk 22 complete on falke64 R9700 #1 (24/64)
w2_o1_swap: chunk 21 complete on specht32 RX 9070 XT (25/64)
w2_o1_swap: chunk 26 complete on falke64 R9700 #0 (26/64)
w2_o1_swap: chunk 30 complete on adler40 RTX 4090 (27/64)
w2_o1_swap: chunk 31 complete on adler40 RTX 4080 (28/64)
w2_o1_swap: chunk 32 complete on falke64 R9700 #1 (29/64)
w2_o1_swap: chunk 25 complete on knecht24 RTX 3060 #1 (30/64)
w2_o1_swap: chunk 33 complete on specht32 RX 9070 XT (31/64)
w2_o1_swap: chunk 27 complete on knecht24 RTX 3060 #0 (32/64)
w2_o1_swap: chunk 28 complete on knecht24 RTX 3060 #2 (33/64)
w2_o1_swap: chunk 29 complete on specht32 RX 9060 XT (34/64)
w2_o1_swap: chunk 34 complete on falke64 R9700 #0 (35/64)
w2_o1_swap: chunk 35 complete on adler40 RTX 4090 (36/64)
w2_o1_swap: chunk 36 complete on adler40 RTX 4080 (37/64)
w2_o1_swap: chunk 37 complete on falke64 R9700 #1 (38/64)
w2_o1_swap: chunk 39 complete on specht32 RX 9070 XT (39/64)
w2_o1_swap: chunk 44 complete on adler40 RTX 4090 (40/64)
w2_o1_swap: chunk 45 complete on adler40 RTX 4080 (41/64)
w2_o1_swap: chunk 40 complete on knecht24 RTX 3060 #0 (42/64)
w2_o1_swap: chunk 38 complete on knecht24 RTX 3060 #1 (43/64)
w2_o1_swap: chunk 43 complete on falke64 R9700 #0 (44/64)
w2_o1_swap: chunk 41 complete on knecht24 RTX 3060 #2 (45/64)
w2_o1_swap: chunk 42 complete on specht32 RX 9060 XT (46/64)
w2_o1_swap: chunk 48 complete on adler40 RTX 4090 (47/64)
w2_o1_swap: chunk 49 complete on adler40 RTX 4080 (48/64)
w2_o1_swap: chunk 46 complete on falke64 R9700 #1 (49/64)
w2_o1_swap: chunk 47 complete on specht32 RX 9070 XT (50/64)
w2_o1_swap: chunk 52 complete on falke64 R9700 #0 (51/64)
w2_o1_swap: chunk 55 complete on adler40 RTX 4090 (52/64)
w2_o1_swap: chunk 56 complete on adler40 RTX 4080 (53/64)
w2_o1_swap: chunk 50 complete on knecht24 RTX 3060 #0 (54/64)
w2_o1_swap: chunk 51 complete on knecht24 RTX 3060 #1 (55/64)
w2_o1_swap: chunk 53 complete on knecht24 RTX 3060 #2 (56/64)
w2_o1_swap: chunk 60 complete on adler40 RTX 4090 (57/64)
w2_o1_swap: chunk 54 complete on specht32 RX 9060 XT (58/64)
w2_o1_swap: chunk 58 complete on specht32 RX 9070 XT (59/64)
w2_o1_swap: chunk 57 complete on falke64 R9700 #1 (60/64)
w2_o1_swap: chunk 61 complete on adler40 RTX 4080 (61/64)
w2_o1_swap: chunk 59 complete on falke64 R9700 #0 (62/64)
w2_o1_swap: chunk 62 complete on knecht24 RTX 3060 #0 (63/64)
w2_o1_swap: chunk 63 complete on knecht24 RTX 3060 #1 (64/64)
2 distinct operators / 256 universe; gaps=[] -> results/exp03_w2_o1_swap.json
w2_o1_swap: 2^32 programs in 19.1s (0.22 Gprog/s) on 9 GPUs
w1_nand_jz: chunk 5 complete on specht32 RX 9070 XT (1/64)
w1_nand_jz: chunk 0 complete on adler40 RTX 4090 (2/64)
w1_nand_jz: chunk 1 complete on adler40 RTX 4080 (3/64)
w1_nand_jz: chunk 7 complete on falke64 R9700 #0 (4/64)
w1_nand_jz: chunk 6 complete on specht32 RX 9060 XT (5/64)
w1_nand_jz: chunk 8 complete on falke64 R9700 #1 (6/64)
w1_nand_jz: chunk 2 complete on knecht24 RTX 3060 #0 (7/64)
w1_nand_jz: chunk 3 complete on knecht24 RTX 3060 #1 (8/64)
w1_nand_jz: chunk 9 complete on specht32 RX 9070 XT (9/64)
w1_nand_jz: chunk 12 complete on falke64 R9700 #0 (10/64)
w1_nand_jz: chunk 4 complete on knecht24 RTX 3060 #2 (11/64)
w1_nand_jz: chunk 10 complete on adler40 RTX 4090 (12/64)
w1_nand_jz: chunk 11 complete on adler40 RTX 4080 (13/64)
w1_nand_jz: chunk 14 complete on falke64 R9700 #1 (14/64)
w1_nand_jz: chunk 13 complete on specht32 RX 9060 XT (15/64)
w1_nand_jz: chunk 18 complete on falke64 R9700 #0 (16/64)
w1_nand_jz: chunk 17 complete on specht32 RX 9070 XT (17/64)
w1_nand_jz: chunk 20 complete on adler40 RTX 4090 (18/64)
w1_nand_jz: chunk 21 complete on adler40 RTX 4080 (19/64)
w1_nand_jz: chunk 22 complete on falke64 R9700 #1 (20/64)
w1_nand_jz: chunk 16 complete on knecht24 RTX 3060 #1 (21/64)
w1_nand_jz: chunk 15 complete on knecht24 RTX 3060 #0 (22/64)
w1_nand_jz: chunk 19 complete on knecht24 RTX 3060 #2 (23/64)
w1_nand_jz: chunk 24 complete on falke64 R9700 #0 (24/64)
w1_nand_jz: chunk 25 complete on specht32 RX 9070 XT (25/64)
w1_nand_jz: chunk 26 complete on adler40 RTX 4090 (26/64)
w1_nand_jz: chunk 27 complete on adler40 RTX 4080 (27/64)
w1_nand_jz: chunk 28 complete on falke64 R9700 #1 (28/64)
w1_nand_jz: chunk 23 complete on specht32 RX 9060 XT (29/64)
w1_nand_jz: chunk 32 complete on falke64 R9700 #0 (30/64)
w1_nand_jz: chunk 29 complete on knecht24 RTX 3060 #1 (31/64)
w1_nand_jz: chunk 33 complete on specht32 RX 9070 XT (32/64)
w1_nand_jz: chunk 30 complete on knecht24 RTX 3060 #0 (33/64)
w1_nand_jz: chunk 31 complete on knecht24 RTX 3060 #2 (34/64)
w1_nand_jz: chunk 34 complete on adler40 RTX 4090 (35/64)
w1_nand_jz: chunk 35 complete on adler40 RTX 4080 (36/64)
w1_nand_jz: chunk 36 complete on falke64 R9700 #1 (37/64)
w1_nand_jz: chunk 37 complete on specht32 RX 9060 XT (38/64)
w1_nand_jz: chunk 38 complete on falke64 R9700 #0 (39/64)
w1_nand_jz: chunk 40 complete on specht32 RX 9070 XT (40/64)
w1_nand_jz: chunk 43 complete on adler40 RTX 4090 (41/64)
w1_nand_jz: chunk 44 complete on adler40 RTX 4080 (42/64)
w1_nand_jz: chunk 45 complete on falke64 R9700 #1 (43/64)
w1_nand_jz: chunk 39 complete on knecht24 RTX 3060 #1 (44/64)
w1_nand_jz: chunk 42 complete on knecht24 RTX 3060 #2 (45/64)
w1_nand_jz: chunk 47 complete on falke64 R9700 #0 (46/64)
w1_nand_jz: chunk 41 complete on knecht24 RTX 3060 #0 (47/64)
w1_nand_jz: chunk 46 complete on specht32 RX 9060 XT (48/64)
w1_nand_jz: chunk 49 complete on adler40 RTX 4090 (49/64)
w1_nand_jz: chunk 50 complete on adler40 RTX 4080 (50/64)
w1_nand_jz: chunk 48 complete on specht32 RX 9070 XT (51/64)
w1_nand_jz: chunk 51 complete on falke64 R9700 #1 (52/64)
w1_nand_jz: chunk 54 complete on falke64 R9700 #0 (53/64)
w1_nand_jz: chunk 52 complete on knecht24 RTX 3060 #1 (54/64)
w1_nand_jz: chunk 57 complete on adler40 RTX 4090 (55/64)
w1_nand_jz: chunk 53 complete on knecht24 RTX 3060 #2 (56/64)
w1_nand_jz: chunk 58 complete on adler40 RTX 4080 (57/64)
w1_nand_jz: chunk 55 complete on knecht24 RTX 3060 #0 (58/64)
w1_nand_jz: chunk 60 complete on falke64 R9700 #1 (59/64)
w1_nand_jz: chunk 61 complete on falke64 R9700 #0 (60/64)
w1_nand_jz: chunk 59 complete on specht32 RX 9070 XT (61/64)
w1_nand_jz: chunk 56 complete on specht32 RX 9060 XT (62/64)
w1_nand_jz: chunk 63 complete on adler40 RTX 4090 (63/64)
w1_nand_jz: chunk 62 complete on knecht24 RTX 3060 #1 (64/64)
4 distinct operators / 4 universe; gaps=[] -> results/exp03_w1_nand_jz.json
w1_nand_jz: 2^32 programs in 11.9s (0.36 Gprog/s) on 9 GPUs
w1_nand_skz: chunk 0 complete on adler40 RTX 4090 (1/64)
w1_nand_skz: chunk 1 complete on adler40 RTX 4080 (2/64)
w1_nand_skz: chunk 5 complete on specht32 RX 9070 XT (3/64)
w1_nand_skz: chunk 8 complete on falke64 R9700 #1 (4/64)
w1_nand_skz: chunk 7 complete on falke64 R9700 #0 (5/64)
w1_nand_skz: chunk 2 complete on knecht24 RTX 3060 #0 (6/64)
w1_nand_skz: chunk 9 complete on adler40 RTX 4090 (7/64)
w1_nand_skz: chunk 4 complete on knecht24 RTX 3060 #2 (8/64)
w1_nand_skz: chunk 10 complete on adler40 RTX 4080 (9/64)
w1_nand_skz: chunk 3 complete on knecht24 RTX 3060 #1 (10/64)
w1_nand_skz: chunk 6 complete on specht32 RX 9060 XT (11/64)
w1_nand_skz: chunk 12 complete on falke64 R9700 #1 (12/64)
w1_nand_skz: chunk 11 complete on specht32 RX 9070 XT (13/64)
w1_nand_skz: chunk 15 complete on adler40 RTX 4090 (14/64)
w1_nand_skz: chunk 17 complete on adler40 RTX 4080 (15/64)
w1_nand_skz: chunk 13 complete on falke64 R9700 #0 (16/64)
w1_nand_skz: chunk 16 complete on knecht24 RTX 3060 #2 (17/64)
w1_nand_skz: chunk 14 complete on knecht24 RTX 3060 #0 (18/64)
w1_nand_skz: chunk 22 complete on adler40 RTX 4090 (19/64)
w1_nand_skz: chunk 23 complete on adler40 RTX 4080 (20/64)
w1_nand_skz: chunk 18 complete on knecht24 RTX 3060 #1 (21/64)
w1_nand_skz: chunk 20 complete on falke64 R9700 #1 (22/64)
w1_nand_skz: chunk 19 complete on specht32 RX 9060 XT (23/64)
w1_nand_skz: chunk 21 complete on specht32 RX 9070 XT (24/64)
w1_nand_skz: chunk 27 complete on adler40 RTX 4090 (25/64)
w1_nand_skz: chunk 28 complete on adler40 RTX 4080 (26/64)
w1_nand_skz: chunk 24 complete on falke64 R9700 #0 (27/64)
w1_nand_skz: chunk 30 complete on falke64 R9700 #1 (28/64)
w1_nand_skz: chunk 25 complete on knecht24 RTX 3060 #2 (29/64)
w1_nand_skz: chunk 26 complete on knecht24 RTX 3060 #0 (30/64)
w1_nand_skz: chunk 29 complete on knecht24 RTX 3060 #1 (31/64)
w1_nand_skz: chunk 33 complete on adler40 RTX 4090 (32/64)
w1_nand_skz: chunk 34 complete on adler40 RTX 4080 (33/64)
w1_nand_skz: chunk 32 complete on specht32 RX 9070 XT (34/64)
w1_nand_skz: chunk 31 complete on specht32 RX 9060 XT (35/64)
w1_nand_skz: chunk 35 complete on falke64 R9700 #0 (36/64)
w1_nand_skz: chunk 36 complete on falke64 R9700 #1 (37/64)
w1_nand_skz: chunk 40 complete on adler40 RTX 4090 (38/64)
w1_nand_skz: chunk 41 complete on adler40 RTX 4080 (39/64)
w1_nand_skz: chunk 37 complete on knecht24 RTX 3060 #2 (40/64)
w1_nand_skz: chunk 39 complete on knecht24 RTX 3060 #1 (41/64)
w1_nand_skz: chunk 38 complete on knecht24 RTX 3060 #0 (42/64)
w1_nand_skz: chunk 42 complete on specht32 RX 9070 XT (43/64)
w1_nand_skz: chunk 46 complete on adler40 RTX 4090 (44/64)
w1_nand_skz: chunk 47 complete on adler40 RTX 4080 (45/64)
w1_nand_skz: chunk 44 complete on falke64 R9700 #0 (46/64)
w1_nand_skz: chunk 45 complete on falke64 R9700 #1 (47/64)
w1_nand_skz: chunk 52 complete on adler40 RTX 4090 (48/64)
w1_nand_skz: chunk 53 complete on adler40 RTX 4080 (49/64)
w1_nand_skz: chunk 48 complete on knecht24 RTX 3060 #2 (50/64)
w1_nand_skz: chunk 51 complete on specht32 RX 9070 XT (51/64)
w1_nand_skz: chunk 49 complete on knecht24 RTX 3060 #1 (52/64)
w1_nand_skz: chunk 50 complete on knecht24 RTX 3060 #0 (53/64)
w1_nand_skz: chunk 43 complete on specht32 RX 9060 XT (54/64)
w1_nand_skz: chunk 54 complete on falke64 R9700 #0 (55/64)
w1_nand_skz: chunk 55 complete on falke64 R9700 #1 (56/64)
w1_nand_skz: chunk 56 complete on adler40 RTX 4090 (57/64)
w1_nand_skz: chunk 57 complete on adler40 RTX 4080 (58/64)
w1_nand_skz: chunk 59 complete on specht32 RX 9070 XT (59/64)
w1_nand_skz: chunk 60 complete on knecht24 RTX 3060 #1 (60/64)
w1_nand_skz: chunk 61 complete on knecht24 RTX 3060 #0 (61/64)
w1_nand_skz: chunk 58 complete on knecht24 RTX 3060 #2 (62/64)
w1_nand_skz: chunk 63 complete on falke64 R9700 #0 (63/64)
w1_nand_skz: chunk 62 complete on specht32 RX 9060 XT (64/64)
4 distinct operators / 4 universe; gaps=[] -> results/exp03_w1_nand_skz.json
w1_nand_skz: 2^32 programs in 12.4s (0.35 Gprog/s) on 9 GPUs
!! specht32 RX 9060 XT failed chunk 6: WARNING: radv is not a conformant Vulkan implementation, testing use only.
WARNING: radv is not a conformant Vulkan implementation, testing use only.
radv/amdgpu: The CS has been cancelled because the - chunk requeued, device retired!! specht32 RX 9070 XT failed chunk 5: WARNING: radv is not a conformant Vulkan implementation, testing use only.
WARNING: radv is not a conformant Vulkan implementation, testing use only.
radv/amdgpu: The CS has been cancelled because the - chunk requeued, device retired

!! falke64 R9700 #1 failed chunk 8: WARNING: radv is not a conformant Vulkan implementation, testing use only.
WARNING: radv is not a conformant Vulkan implementation, testing use only.
radv/amdgpu: The CS has been cancelled because the - chunk requeued, device retired
!! falke64 R9700 #0 failed chunk 7: WARNING: radv is not a conformant Vulkan implementation, testing use only.
WARNING: radv is not a conformant Vulkan implementation, testing use only.
radv/amdgpu: The CS has been cancelled because the - chunk requeued, device retired
w8_o4: chunk 0 complete on adler40 RTX 4090 (1/64)
w8_o4: chunk 1 complete on adler40 RTX 4080 (2/64)
w8_o4: chunk 9 complete on adler40 RTX 4090 (3/64)
w8_o4: chunk 10 complete on adler40 RTX 4080 (4/64)
w8_o4: chunk 11 complete on adler40 RTX 4090 (5/64)
w8_o4: chunk 4 complete on knecht24 RTX 3060 #2 (6/64)
w8_o4: chunk 2 complete on knecht24 RTX 3060 #0 (7/64)
w8_o4: chunk 3 complete on knecht24 RTX 3060 #1 (8/64)
w8_o4: chunk 12 complete on adler40 RTX 4080 (9/64)
w8_o4: chunk 13 complete on adler40 RTX 4090 (10/64)
w8_o4: chunk 17 complete on adler40 RTX 4080 (11/64)
w8_o4: chunk 18 complete on adler40 RTX 4090 (12/64)
w8_o4: chunk 19 complete on adler40 RTX 4080 (13/64)
w8_o4: chunk 15 complete on knecht24 RTX 3060 #0 (14/64)
w8_o4: chunk 20 complete on adler40 RTX 4090 (15/64)
w8_o4: chunk 14 complete on knecht24 RTX 3060 #2 (16/64)
w8_o4: chunk 16 complete on knecht24 RTX 3060 #1 (17/64)
w8_o4: chunk 21 complete on adler40 RTX 4080 (18/64)
w8_o4: chunk 23 complete on adler40 RTX 4090 (19/64)
w8_o4: chunk 26 complete on adler40 RTX 4080 (20/64)
w8_o4: chunk 27 complete on adler40 RTX 4090 (21/64)
w8_o4: chunk 22 complete on knecht24 RTX 3060 #0 (22/64)
w8_o4: chunk 29 complete on adler40 RTX 4090 (23/64)
w8_o4: chunk 28 complete on adler40 RTX 4080 (24/64)
w8_o4: chunk 24 complete on knecht24 RTX 3060 #2 (25/64)
w8_o4: chunk 25 complete on knecht24 RTX 3060 #1 (26/64)
w8_o4: chunk 31 complete on adler40 RTX 4090 (27/64)
w8_o4: chunk 32 complete on adler40 RTX 4080 (28/64)
w8_o4: chunk 35 complete on adler40 RTX 4090 (29/64)
w8_o4: chunk 36 complete on adler40 RTX 4080 (30/64)
w8_o4: chunk 30 complete on knecht24 RTX 3060 #0 (31/64)
w8_o4: chunk 37 complete on adler40 RTX 4090 (32/64)
w8_o4: chunk 33 complete on knecht24 RTX 3060 #2 (33/64)
w8_o4: chunk 34 complete on knecht24 RTX 3060 #1 (34/64)
w8_o4: chunk 38 complete on adler40 RTX 4080 (35/64)
w8_o4: chunk 40 complete on adler40 RTX 4090 (36/64)
w8_o4: chunk 43 complete on adler40 RTX 4080 (37/64)
w8_o4: chunk 44 complete on adler40 RTX 4090 (38/64)
w8_o4: chunk 45 complete on adler40 RTX 4080 (39/64)
w8_o4: chunk 46 complete on adler40 RTX 4090 (40/64)
w8_o4: chunk 39 complete on knecht24 RTX 3060 #0 (41/64)
w8_o4: chunk 47 complete on adler40 RTX 4080 (42/64)
w8_o4: chunk 48 complete on adler40 RTX 4090 (43/64)
w8_o4: chunk 41 complete on knecht24 RTX 3060 #2 (44/64)
w8_o4: chunk 42 complete on knecht24 RTX 3060 #1 (45/64)
w8_o4: chunk 50 complete on adler40 RTX 4080 (46/64)
w8_o4: chunk 51 complete on adler40 RTX 4090 (47/64)
w8_o4: chunk 55 complete on adler40 RTX 4090 (48/64)
w8_o4: chunk 54 complete on adler40 RTX 4080 (49/64)
w8_o4: chunk 49 complete on knecht24 RTX 3060 #0 (50/64)
w8_o4: chunk 56 complete on adler40 RTX 4090 (51/64)
w8_o4: chunk 52 complete on knecht24 RTX 3060 #2 (52/64)
w8_o4: chunk 57 complete on adler40 RTX 4080 (53/64)
w8_o4: chunk 61 complete on adler40 RTX 4080 (54/64)
w8_o4: chunk 53 complete on knecht24 RTX 3060 #1 (55/64)
w8_o4: chunk 62 complete on adler40 RTX 4080 (56/64)
w8_o4: chunk 60 complete on knecht24 RTX 3060 #2 (57/64)
w8_o4: chunk 63 complete on knecht24 RTX 3060 #1 (58/64)
w8_o4: chunk 59 complete on adler40 RTX 4090 (59/64)
w8_o4: chunk 5 complete on adler40 RTX 4080 (60/64)
w8_o4: chunk 7 complete on adler40 RTX 4090 (61/64)
w8_o4: chunk 58 complete on knecht24 RTX 3060 #0 (62/64)
w8_o4: chunk 6 complete on knecht24 RTX 3060 #2 (63/64)
w8_o4: chunk 8 complete on knecht24 RTX 3060 #1 (64/64)
7119 distinct operators / 32317006071311007300714876688669951960444102669715484032130345427524655138867890893197201411522913463688717960921898019494119559150490921095088152386448283120630877367300996091750197750389652106796057638384067568276792218642619756161838094338476170470581645852036305042887575891541065808607552399123930385521914333389668342420684974786564569494856176035326322058077805659331026192708460314150258592864177116725943603718461857357598351152301645904403697613233287231227125684710820209725157101726931323469678542580656697935045997268352998638215525166389437335543602135433229604645318478604952148193555853611059596230656 universe; gaps=[] -> results/exp03_w8_o4.json
w8_o4: 2^32 programs in 677.3s (0.01 Gprog/s) on 9 GPUs
# Experiment 03: 4-byte (2^32 program) exhaustive sweeps

Wall time includes dispatch and GPU work; excludes shard download and merge.

| W | run | a | p | I | opcode bits | ISA | mode | distinct operators | universe | seconds | M programs/s | coverage |
|---|---|---|---|---|---|---|---|---:|---|---:|---:|---|
| 1 | exp03_w1_nand_jz | 2 | 5 | 1 | 1 | NAND,JZ | unary | 4 | 2^2 | 11.91 | 360.5 | complete |
| 1 | exp03_w1_nand_skz | 2 | 5 | 1 | 1 | NAND,SKZ | unary | 4 | 2^2 | 12.43 | 345.63 | complete |
| 2 | exp03_w2_o1 | 2 | 4 | 2 | 1 | NAND,JZ | unary | 12 | 2^8 | 13.42 | 320.05 | complete |
| 2 | exp03_w2_o1_swap | 2 | 4 | 2 | 1 | SWAP,SKNZ | unary | 2 | 2^8 | 19.14 | 224.37 | complete |
| 4 | exp03_w4_o2_add | 2 | 3 | 4 | 2 | SWAP,ADD,NAND,SKZ | unary | 1829051 | 2^64 | 54.97 | 78.13 | complete |
| 4 | exp03_w4_o3_swap | 2 | 3 | 4 | 3 | SWAP,LDI,NAND,ADD,ROL,SKNZ,INC,HALT | unary | 1463824 | 2^64 | 29.79 | 144.18 | complete |
| 4 | exp03_w4_o4_full | 1 | 3 | 4 | 4 | LD,ST,NOT,AND,OR,XOR,ADD,SUB,INC,DEC,SHL,SHR,ROL,SKZ,SKNZ,HALT | unary | 977928 | 2^64 | 42.99 | 99.91 | complete |
| 4 | exp03_w4_o3_core | 2 | 3 | 4 | 3 | LD,ST,LDI,NAND,ADD,SHL,JZ,HALT | unary | 62880 | 2^64 | 27.05 | 158.79 | complete |
| 4 | exp03_w4_o3_arith | 2 | 3 | 4 | 3 | LD,ST,ADD,SUB,SHL,SHR,JNZ,HALT | unary | 24420 | 2^64 | 35.02 | 122.64 | complete |
| 4 | exp03_w4_o2_nand | 2 | 3 | 4 | 2 | LD,ST,NAND,JZ | unary | 16 | 2^64 | 41.01 | 104.72 | complete |
| 4 | exp03_w4_o3_bool | 2 | 3 | 4 | 3 | LD,ST,NOT,AND,OR,XOR,SKZ,HALT | unary | 16 | 2^64 | 20.95 | 205.03 | complete |
| 8 | exp03_w8_o4 | 4 | 2 | 8 | 4 | LD,ST,LDI,NOT,AND,OR,XOR,ADD,SUB,SHL,SHR,JMP,JZ,JC,SWAP,HALT | unary | 7119 | 2^2048 | 677.31 | 6.34 | complete |

## Highest counts among completed candidates

- W=1, unary: exp03_w1_nand_jz, exp03_w1_nand_skz (4 operators).
- W=2, unary: exp03_w2_o1 (12 operators).
- W=4, unary: exp03_w4_o2_add (1829051 operators).
- W=8, unary: exp03_w8_o4 (7119 operators).

These rankings compare only the configured candidate ISAs; they do not prove global optimality.
All runs use layout L3 (address 0 aliases A), so no memory-layout winner is established.
Raw shards and minimum-program witnesses are in results/shards/ on the coordinator and producing worker.
W<=4 unary and W<=2 binary use exact keys; larger tables are represented by hashes.
GPU engines do not report halt/loop/budget distributions. W=8 binary exceeds the current GPU table limit.
