skip w8_o4: binary truth table exceeds the GPU's 256-entry limit
w4_o3_core_bin: chunk 0 complete on adler40 RTX 4090 (1/64)
w4_o3_core_bin: chunk 1 complete on adler40 RTX 4080 (2/64)
w4_o3_core_bin: chunk 3 complete on knecht24 RTX 3060 #1 (3/64)
w4_o3_core_bin: chunk 9 complete on adler40 RTX 4090 (4/64)
w4_o3_core_bin: chunk 7 complete on falke64 R9700 #0 (5/64)
w4_o3_core_bin: chunk 5 complete on specht32 RX 9070 XT (6/64)
w4_o3_core_bin: chunk 10 complete on adler40 RTX 4080 (7/64)
w4_o3_core_bin: chunk 8 complete on falke64 R9700 #1 (8/64)
w4_o3_core_bin: chunk 4 complete on knecht24 RTX 3060 #2 (9/64)
w4_o3_core_bin: chunk 12 complete on adler40 RTX 4090 (10/64)
w4_o3_core_bin: chunk 2 complete on knecht24 RTX 3060 #0 (11/64)
w4_o3_core_bin: chunk 15 complete on adler40 RTX 4080 (12/64)
w4_o3_core_bin: chunk 11 complete on knecht24 RTX 3060 #1 (13/64)
w4_o3_core_bin: chunk 6 complete on specht32 RX 9060 XT (14/64)
w4_o3_core_bin: chunk 18 complete on adler40 RTX 4090 (15/64)
w4_o3_core_bin: chunk 20 complete on adler40 RTX 4080 (16/64)
w4_o3_core_bin: chunk 13 complete on falke64 R9700 #0 (17/64)
w4_o3_core_bin: chunk 14 complete on specht32 RX 9070 XT (18/64)
w4_o3_core_bin: chunk 23 complete on adler40 RTX 4090 (19/64)
w4_o3_core_bin: chunk 16 complete on falke64 R9700 #1 (20/64)
w4_o3_core_bin: chunk 19 complete on knecht24 RTX 3060 #0 (21/64)
w4_o3_core_bin: chunk 24 complete on adler40 RTX 4080 (22/64)
w4_o3_core_bin: chunk 27 complete on adler40 RTX 4090 (23/64)
w4_o3_core_bin: chunk 17 complete on knecht24 RTX 3060 #2 (24/64)
w4_o3_core_bin: chunk 31 complete on adler40 RTX 4090 (25/64)
w4_o3_core_bin: chunk 30 complete on adler40 RTX 4080 (26/64)
w4_o3_core_bin: chunk 21 complete on knecht24 RTX 3060 #1 (27/64)
w4_o3_core_bin: chunk 25 complete on falke64 R9700 #0 (28/64)
w4_o3_core_bin: chunk 26 complete on specht32 RX 9070 XT (29/64)
w4_o3_core_bin: chunk 33 complete on adler40 RTX 4090 (30/64)
w4_o3_core_bin: chunk 28 complete on falke64 R9700 #1 (31/64)
w4_o3_core_bin: chunk 34 complete on adler40 RTX 4080 (32/64)
w4_o3_core_bin: chunk 22 complete on specht32 RX 9060 XT (33/64)
w4_o3_core_bin: chunk 29 complete on knecht24 RTX 3060 #0 (34/64)
w4_o3_core_bin: chunk 38 complete on adler40 RTX 4090 (35/64)
w4_o3_core_bin: chunk 35 complete on knecht24 RTX 3060 #1 (36/64)
w4_o3_core_bin: chunk 43 complete on adler40 RTX 4090 (37/64)
w4_o3_core_bin: chunk 40 complete on adler40 RTX 4080 (38/64)
w4_o3_core_bin: chunk 32 complete on knecht24 RTX 3060 #2 (39/64)
w4_o3_core_bin: chunk 37 complete on specht32 RX 9070 XT (40/64)
w4_o3_core_bin: chunk 36 complete on falke64 R9700 #0 (41/64)
w4_o3_core_bin: chunk 39 complete on falke64 R9700 #1 (42/64)
w4_o3_core_bin: chunk 45 complete on adler40 RTX 4090 (43/64)
w4_o3_core_bin: chunk 46 complete on adler40 RTX 4080 (44/64)
w4_o3_core_bin: chunk 51 complete on adler40 RTX 4090 (45/64)
w4_o3_core_bin: chunk 47 complete on knecht24 RTX 3060 #2 (46/64)
w4_o3_core_bin: chunk 42 complete on knecht24 RTX 3060 #0 (47/64)
w4_o3_core_bin: chunk 52 complete on adler40 RTX 4080 (48/64)
w4_o3_core_bin: chunk 53 complete on adler40 RTX 4090 (49/64)
w4_o3_core_bin: chunk 56 complete on adler40 RTX 4080 (50/64)
w4_o3_core_bin: chunk 48 complete on specht32 RX 9070 XT (51/64)
w4_o3_core_bin: chunk 49 complete on falke64 R9700 #0 (52/64)
w4_o3_core_bin: chunk 41 complete on specht32 RX 9060 XT (53/64)
w4_o3_core_bin: chunk 57 complete on adler40 RTX 4090 (54/64)
w4_o3_core_bin: chunk 44 complete on knecht24 RTX 3060 #1 (55/64)
w4_o3_core_bin: chunk 58 complete on adler40 RTX 4080 (56/64)
w4_o3_core_bin: chunk 50 complete on falke64 R9700 #1 (57/64)
w4_o3_core_bin: chunk 62 complete on adler40 RTX 4090 (58/64)
w4_o3_core_bin: chunk 55 complete on knecht24 RTX 3060 #0 (59/64)
w4_o3_core_bin: chunk 63 complete on knecht24 RTX 3060 #1 (60/64)
w4_o3_core_bin: chunk 59 complete on specht32 RX 9070 XT (61/64)
w4_o3_core_bin: chunk 60 complete on falke64 R9700 #0 (62/64)
w4_o3_core_bin: chunk 54 complete on knecht24 RTX 3060 #2 (63/64)
w4_o3_core_bin: chunk 61 complete on specht32 RX 9060 XT (64/64)
1020901 distinct operators / 179769313486231590772930519078902473361797697894230657273430081157732675805500963132708477322407536021120113879871393357658789768814416622492847430639474124377767893424865485276302219601246094119453082952085005768838150682342462881473913110540827237163350510684586298239947245938479716304835356329624224137216 universe; gaps=[] -> results/exp03_w4_o3_core_bin.json
w4_o3_core_bin: 2^32 programs in 397.6s (0.01 Gprog/s) on 9 GPUs
w4_o3_bool_bin: chunk 0 complete on adler40 RTX 4090 (1/64)
w4_o3_bool_bin: chunk 1 complete on adler40 RTX 4080 (2/64)
w4_o3_bool_bin: chunk 7 complete on falke64 R9700 #0 (3/64)
w4_o3_bool_bin: chunk 3 complete on knecht24 RTX 3060 #1 (4/64)
w4_o3_bool_bin: chunk 5 complete on specht32 RX 9070 XT (5/64)
w4_o3_bool_bin: chunk 8 complete on falke64 R9700 #1 (6/64)
w4_o3_bool_bin: chunk 9 complete on adler40 RTX 4090 (7/64)
w4_o3_bool_bin: chunk 10 complete on adler40 RTX 4080 (8/64)
w4_o3_bool_bin: chunk 11 complete on falke64 R9700 #0 (9/64)
w4_o3_bool_bin: chunk 15 complete on adler40 RTX 4090 (10/64)
w4_o3_bool_bin: chunk 4 complete on knecht24 RTX 3060 #2 (11/64)
w4_o3_bool_bin: chunk 2 complete on knecht24 RTX 3060 #0 (12/64)
w4_o3_bool_bin: chunk 6 complete on specht32 RX 9060 XT (13/64)
w4_o3_bool_bin: chunk 16 complete on adler40 RTX 4080 (14/64)
w4_o3_bool_bin: chunk 18 complete on adler40 RTX 4090 (15/64)
w4_o3_bool_bin: chunk 13 complete on specht32 RX 9070 XT (16/64)
w4_o3_bool_bin: chunk 14 complete on falke64 R9700 #1 (17/64)
w4_o3_bool_bin: chunk 23 complete on adler40 RTX 4090 (18/64)
w4_o3_bool_bin: chunk 17 complete on falke64 R9700 #0 (19/64)
w4_o3_bool_bin: chunk 19 complete on knecht24 RTX 3060 #2 (20/64)
w4_o3_bool_bin: chunk 22 complete on adler40 RTX 4080 (21/64)
w4_o3_bool_bin: chunk 12 complete on knecht24 RTX 3060 #1 (22/64)
w4_o3_bool_bin: chunk 26 complete on adler40 RTX 4090 (23/64)
w4_o3_bool_bin: chunk 27 complete on falke64 R9700 #0 (24/64)
w4_o3_bool_bin: chunk 24 complete on specht32 RX 9070 XT (25/64)
w4_o3_bool_bin: chunk 29 complete on adler40 RTX 4080 (26/64)
w4_o3_bool_bin: chunk 31 complete on adler40 RTX 4090 (27/64)
w4_o3_bool_bin: chunk 25 complete on falke64 R9700 #1 (28/64)
w4_o3_bool_bin: chunk 20 complete on knecht24 RTX 3060 #0 (29/64)
w4_o3_bool_bin: chunk 21 complete on specht32 RX 9060 XT (30/64)
w4_o3_bool_bin: chunk 35 complete on adler40 RTX 4090 (31/64)
w4_o3_bool_bin: chunk 34 complete on adler40 RTX 4080 (32/64)
w4_o3_bool_bin: chunk 39 complete on adler40 RTX 4090 (33/64)
w4_o3_bool_bin: chunk 28 complete on knecht24 RTX 3060 #2 (34/64)
w4_o3_bool_bin: chunk 33 complete on specht32 RX 9070 XT (35/64)
w4_o3_bool_bin: chunk 32 complete on falke64 R9700 #0 (36/64)
w4_o3_bool_bin: chunk 30 complete on knecht24 RTX 3060 #1 (37/64)
w4_o3_bool_bin: chunk 36 complete on falke64 R9700 #1 (38/64)
w4_o3_bool_bin: chunk 41 complete on adler40 RTX 4090 (39/64)
w4_o3_bool_bin: chunk 40 complete on adler40 RTX 4080 (40/64)
w4_o3_bool_bin: chunk 47 complete on adler40 RTX 4090 (41/64)
w4_o3_bool_bin: chunk 43 complete on specht32 RX 9070 XT (42/64)
w4_o3_bool_bin: chunk 37 complete on knecht24 RTX 3060 #0 (43/64)
w4_o3_bool_bin: chunk 38 complete on specht32 RX 9060 XT (44/64)
w4_o3_bool_bin: chunk 48 complete on adler40 RTX 4080 (45/64)
w4_o3_bool_bin: chunk 44 complete on falke64 R9700 #0 (46/64)
w4_o3_bool_bin: chunk 49 complete on adler40 RTX 4090 (47/64)
w4_o3_bool_bin: chunk 46 complete on falke64 R9700 #1 (48/64)
w4_o3_bool_bin: chunk 56 complete on falke64 R9700 #1 (49/64)
w4_o3_bool_bin: chunk 57 complete on falke64 R9700 #1 (50/64)
w4_o3_bool_bin: chunk 58 complete on falke64 R9700 #1 (51/64)
w4_o3_bool_bin: chunk 55 complete on adler40 RTX 4090 (52/64)
w4_o3_bool_bin: chunk 60 complete on adler40 RTX 4090 (53/64)
w4_o3_bool_bin: chunk 53 complete on adler40 RTX 4080 (54/64)
w4_o3_bool_bin: chunk 51 complete on knecht24 RTX 3060 #0 (55/64)
w4_o3_bool_bin: chunk 61 complete on adler40 RTX 4090 (56/64)
w4_o3_bool_bin: chunk 62 complete on adler40 RTX 4080 (57/64)
w4_o3_bool_bin: chunk 45 complete on knecht24 RTX 3060 #1 (58/64)
w4_o3_bool_bin: chunk 42 complete on knecht24 RTX 3060 #2 (59/64)
w4_o3_bool_bin: chunk 50 complete on specht32 RX 9070 XT (60/64)
w4_o3_bool_bin: chunk 59 complete on falke64 R9700 #1 (61/64)
w4_o3_bool_bin: chunk 63 complete on knecht24 RTX 3060 #0 (62/64)
w4_o3_bool_bin: chunk 54 complete on falke64 R9700 #0 (63/64)
w4_o3_bool_bin: chunk 52 complete on specht32 RX 9060 XT (64/64)
11946 distinct operators / 179769313486231590772930519078902473361797697894230657273430081157732675805500963132708477322407536021120113879871393357658789768814416622492847430639474124377767893424865485276302219601246094119453082952085005768838150682342462881473913110540827237163350510684586298239947245938479716304835356329624224137216 universe; gaps=[] -> results/exp03_w4_o3_bool_bin.json
w4_o3_bool_bin: 2^32 programs in 331.6s (0.01 Gprog/s) on 9 GPUs
w4_o3_arith_bin: chunk 0 complete on adler40 RTX 4090 (1/64)
w4_o3_arith_bin: chunk 1 complete on adler40 RTX 4080 (2/64)
w4_o3_arith_bin: chunk 9 complete on adler40 RTX 4090 (3/64)
w4_o3_arith_bin: chunk 3 complete on knecht24 RTX 3060 #1 (4/64)
w4_o3_arith_bin: chunk 10 complete on adler40 RTX 4080 (5/64)
w4_o3_arith_bin: chunk 7 complete on falke64 R9700 #0 (6/64)
w4_o3_arith_bin: chunk 5 complete on specht32 RX 9070 XT (7/64)
w4_o3_arith_bin: chunk 8 complete on falke64 R9700 #1 (8/64)
w4_o3_arith_bin: chunk 11 complete on adler40 RTX 4090 (9/64)
w4_o3_arith_bin: chunk 4 complete on knecht24 RTX 3060 #2 (10/64)
w4_o3_arith_bin: chunk 2 complete on knecht24 RTX 3060 #0 (11/64)
w4_o3_arith_bin: chunk 13 complete on adler40 RTX 4080 (12/64)
w4_o3_arith_bin: chunk 17 complete on adler40 RTX 4090 (13/64)
w4_o3_arith_bin: chunk 6 complete on specht32 RX 9060 XT (14/64)
w4_o3_arith_bin: chunk 20 complete on adler40 RTX 4080 (15/64)
w4_o3_arith_bin: chunk 21 complete on adler40 RTX 4090 (16/64)
w4_o3_arith_bin: chunk 15 complete on specht32 RX 9070 XT (17/64)
w4_o3_arith_bin: chunk 14 complete on falke64 R9700 #0 (18/64)
w4_o3_arith_bin: chunk 12 complete on knecht24 RTX 3060 #1 (19/64)
w4_o3_arith_bin: chunk 16 complete on falke64 R9700 #1 (20/64)
w4_o3_arith_bin: chunk 19 complete on knecht24 RTX 3060 #0 (21/64)
w4_o3_arith_bin: chunk 23 complete on adler40 RTX 4080 (22/64)
w4_o3_arith_bin: chunk 24 complete on adler40 RTX 4090 (23/64)
w4_o3_arith_bin: chunk 18 complete on knecht24 RTX 3060 #2 (24/64)
w4_o3_arith_bin: chunk 31 complete on adler40 RTX 4090 (25/64)
w4_o3_arith_bin: chunk 30 complete on adler40 RTX 4080 (26/64)
w4_o3_arith_bin: chunk 27 complete on knecht24 RTX 3060 #1 (27/64)
w4_o3_arith_bin: chunk 25 complete on specht32 RX 9070 XT (28/64)
w4_o3_arith_bin: chunk 26 complete on falke64 R9700 #0 (29/64)
w4_o3_arith_bin: chunk 33 complete on adler40 RTX 4090 (30/64)
w4_o3_arith_bin: chunk 28 complete on falke64 R9700 #1 (31/64)
w4_o3_arith_bin: chunk 34 complete on adler40 RTX 4080 (32/64)
w4_o3_arith_bin: chunk 29 complete on knecht24 RTX 3060 #0 (33/64)
w4_o3_arith_bin: chunk 38 complete on adler40 RTX 4090 (34/64)
w4_o3_arith_bin: chunk 40 complete on adler40 RTX 4080 (35/64)
w4_o3_arith_bin: chunk 22 complete on specht32 RX 9060 XT (36/64)
w4_o3_arith_bin: chunk 32 complete on knecht24 RTX 3060 #2 (37/64)
w4_o3_arith_bin: chunk 35 complete on knecht24 RTX 3060 #1 (38/64)
w4_o3_arith_bin: chunk 42 complete on adler40 RTX 4090 (39/64)
w4_o3_arith_bin: chunk 43 complete on adler40 RTX 4080 (40/64)
w4_o3_arith_bin: chunk 36 complete on specht32 RX 9070 XT (41/64)
w4_o3_arith_bin: chunk 37 complete on falke64 R9700 #0 (42/64)
w4_o3_arith_bin: chunk 39 complete on falke64 R9700 #1 (43/64)
w4_o3_arith_bin: chunk 47 complete on adler40 RTX 4090 (44/64)
w4_o3_arith_bin: chunk 48 complete on adler40 RTX 4080 (45/64)
w4_o3_arith_bin: chunk 41 complete on knecht24 RTX 3060 #0 (46/64)
w4_o3_arith_bin: chunk 52 complete on adler40 RTX 4090 (47/64)
w4_o3_arith_bin: chunk 53 complete on adler40 RTX 4080 (48/64)
w4_o3_arith_bin: chunk 55 complete on adler40 RTX 4090 (49/64)
w4_o3_arith_bin: chunk 45 complete on knecht24 RTX 3060 #2 (50/64)
w4_o3_arith_bin: chunk 49 complete on specht32 RX 9070 XT (51/64)
w4_o3_arith_bin: chunk 56 complete on adler40 RTX 4080 (52/64)
w4_o3_arith_bin: chunk 57 complete on adler40 RTX 4090 (53/64)
w4_o3_arith_bin: chunk 46 complete on knecht24 RTX 3060 #1 (54/64)
w4_o3_arith_bin: chunk 51 complete on falke64 R9700 #1 (55/64)
w4_o3_arith_bin: chunk 50 complete on falke64 R9700 #0 (56/64)
w4_o3_arith_bin: chunk 60 complete on adler40 RTX 4080 (57/64)
w4_o3_arith_bin: chunk 61 complete on adler40 RTX 4090 (58/64)
w4_o3_arith_bin: chunk 58 complete on knecht24 RTX 3060 #2 (59/64)
w4_o3_arith_bin: chunk 44 complete on specht32 RX 9060 XT (60/64)
w4_o3_arith_bin: chunk 62 complete on knecht24 RTX 3060 #1 (61/64)
w4_o3_arith_bin: chunk 54 complete on knecht24 RTX 3060 #0 (62/64)
w4_o3_arith_bin: chunk 59 complete on specht32 RX 9070 XT (63/64)
w4_o3_arith_bin: chunk 63 complete on falke64 R9700 #1 (64/64)
339877 distinct operators / 179769313486231590772930519078902473361797697894230657273430081157732675805500963132708477322407536021120113879871393357658789768814416622492847430639474124377767893424865485276302219601246094119453082952085005768838150682342462881473913110540827237163350510684586298239947245938479716304835356329624224137216 universe; gaps=[] -> results/exp03_w4_o3_arith_bin.json
w4_o3_arith_bin: 2^32 programs in 474.8s (0.01 Gprog/s) on 9 GPUs
w4_o3_swap_bin: chunk 0 complete on adler40 RTX 4090 (1/64)
w4_o3_swap_bin: chunk 1 complete on adler40 RTX 4080 (2/64)
w4_o3_swap_bin: chunk 7 complete on falke64 R9700 #0 (3/64)
w4_o3_swap_bin: chunk 3 complete on knecht24 RTX 3060 #1 (4/64)
w4_o3_swap_bin: chunk 8 complete on falke64 R9700 #1 (5/64)
w4_o3_swap_bin: chunk 5 complete on specht32 RX 9070 XT (6/64)
w4_o3_swap_bin: chunk 9 complete on adler40 RTX 4090 (7/64)
w4_o3_swap_bin: chunk 11 complete on falke64 R9700 #0 (8/64)
w4_o3_swap_bin: chunk 10 complete on adler40 RTX 4080 (9/64)
w4_o3_swap_bin: chunk 15 complete on adler40 RTX 4090 (10/64)
w4_o3_swap_bin: chunk 2 complete on knecht24 RTX 3060 #0 (11/64)
w4_o3_swap_bin: chunk 4 complete on knecht24 RTX 3060 #2 (12/64)
w4_o3_swap_bin: chunk 17 complete on adler40 RTX 4080 (13/64)
w4_o3_swap_bin: chunk 6 complete on specht32 RX 9060 XT (14/64)
w4_o3_swap_bin: chunk 18 complete on adler40 RTX 4090 (15/64)
w4_o3_swap_bin: chunk 13 complete on falke64 R9700 #1 (16/64)
w4_o3_swap_bin: chunk 14 complete on specht32 RX 9070 XT (17/64)
w4_o3_swap_bin: chunk 16 complete on falke64 R9700 #0 (18/64)
w4_o3_swap_bin: chunk 23 complete on adler40 RTX 4090 (19/64)
w4_o3_swap_bin: chunk 21 complete on adler40 RTX 4080 (20/64)
w4_o3_swap_bin: chunk 19 complete on knecht24 RTX 3060 #0 (21/64)
w4_o3_swap_bin: chunk 12 complete on knecht24 RTX 3060 #1 (22/64)
w4_o3_swap_bin: chunk 27 complete on adler40 RTX 4090 (23/64)
w4_o3_swap_bin: chunk 31 complete on adler40 RTX 4090 (24/64)
w4_o3_swap_bin: chunk 24 complete on falke64 R9700 #1 (25/64)
w4_o3_swap_bin: chunk 25 complete on specht32 RX 9070 XT (26/64)
w4_o3_swap_bin: chunk 28 complete on adler40 RTX 4080 (27/64)
w4_o3_swap_bin: chunk 26 complete on falke64 R9700 #0 (28/64)
w4_o3_swap_bin: chunk 20 complete on knecht24 RTX 3060 #2 (29/64)
w4_o3_swap_bin: chunk 35 complete on adler40 RTX 4080 (30/64)
w4_o3_swap_bin: chunk 32 complete on adler40 RTX 4090 (31/64)
w4_o3_swap_bin: chunk 22 complete on specht32 RX 9060 XT (32/64)
w4_o3_swap_bin: chunk 39 complete on adler40 RTX 4090 (33/64)
w4_o3_swap_bin: chunk 33 complete on falke64 R9700 #1 (34/64)
w4_o3_swap_bin: chunk 34 complete on specht32 RX 9070 XT (35/64)
w4_o3_swap_bin: chunk 38 complete on adler40 RTX 4080 (36/64)
w4_o3_swap_bin: chunk 29 complete on knecht24 RTX 3060 #0 (37/64)
w4_o3_swap_bin: chunk 30 complete on knecht24 RTX 3060 #1 (38/64)
w4_o3_swap_bin: chunk 41 complete on adler40 RTX 4090 (39/64)
w4_o3_swap_bin: chunk 36 complete on falke64 R9700 #0 (40/64)
w4_o3_swap_bin: chunk 47 complete on adler40 RTX 4090 (41/64)
w4_o3_swap_bin: chunk 44 complete on adler40 RTX 4080 (42/64)
w4_o3_swap_bin: chunk 43 complete on specht32 RX 9070 XT (43/64)
w4_o3_swap_bin: chunk 37 complete on knecht24 RTX 3060 #2 (44/64)
w4_o3_swap_bin: chunk 42 complete on falke64 R9700 #1 (45/64)
w4_o3_swap_bin: chunk 49 complete on adler40 RTX 4090 (46/64)
w4_o3_swap_bin: chunk 51 complete on specht32 RX 9070 XT (47/64)
w4_o3_swap_bin: chunk 50 complete on adler40 RTX 4080 (48/64)
w4_o3_swap_bin: chunk 48 complete on falke64 R9700 #0 (49/64)
w4_o3_swap_bin: chunk 40 complete on specht32 RX 9060 XT (50/64)
w4_o3_swap_bin: chunk 56 complete on adler40 RTX 4080 (51/64)
w4_o3_swap_bin: chunk 57 complete on falke64 R9700 #0 (52/64)
w4_o3_swap_bin: chunk 59 complete on adler40 RTX 4080 (53/64)
w4_o3_swap_bin: chunk 60 complete on falke64 R9700 #0 (54/64)
w4_o3_swap_bin: chunk 45 complete on knecht24 RTX 3060 #0 (55/64)
w4_o3_swap_bin: chunk 61 complete on adler40 RTX 4080 (56/64)
w4_o3_swap_bin: chunk 46 complete on knecht24 RTX 3060 #1 (57/64)
w4_o3_swap_bin: chunk 54 complete on adler40 RTX 4090 (58/64)
w4_o3_swap_bin: chunk 63 complete on knecht24 RTX 3060 #0 (59/64)
w4_o3_swap_bin: chunk 55 complete on specht32 RX 9070 XT (60/64)
w4_o3_swap_bin: chunk 62 complete on falke64 R9700 #0 (61/64)
w4_o3_swap_bin: chunk 58 complete on specht32 RX 9060 XT (62/64)
w4_o3_swap_bin: chunk 53 complete on falke64 R9700 #1 (63/64)
w4_o3_swap_bin: chunk 52 complete on knecht24 RTX 3060 #2 (64/64)
7690892 distinct operators / 179769313486231590772930519078902473361797697894230657273430081157732675805500963132708477322407536021120113879871393357658789768814416622492847430639474124377767893424865485276302219601246094119453082952085005768838150682342462881473913110540827237163350510684586298239947245938479716304835356329624224137216 universe; gaps=[] -> results/exp03_w4_o3_swap_bin.json
w4_o3_swap_bin: 2^32 programs in 438.2s (0.01 Gprog/s) on 9 GPUs
w4_o2_nand_bin: chunk 0 complete on adler40 RTX 4090 (1/64)
w4_o2_nand_bin: chunk 1 complete on adler40 RTX 4080 (2/64)
w4_o2_nand_bin: chunk 5 complete on specht32 RX 9070 XT (3/64)
w4_o2_nand_bin: chunk 7 complete on falke64 R9700 #0 (4/64)
w4_o2_nand_bin: chunk 8 complete on falke64 R9700 #1 (5/64)
w4_o2_nand_bin: chunk 9 complete on adler40 RTX 4090 (6/64)
w4_o2_nand_bin: chunk 10 complete on adler40 RTX 4080 (7/64)
w4_o2_nand_bin: chunk 4 complete on knecht24 RTX 3060 #2 (8/64)
w4_o2_nand_bin: chunk 3 complete on knecht24 RTX 3060 #1 (9/64)
w4_o2_nand_bin: chunk 2 complete on knecht24 RTX 3060 #0 (10/64)
w4_o2_nand_bin: chunk 6 complete on specht32 RX 9060 XT (11/64)
w4_o2_nand_bin: chunk 14 complete on adler40 RTX 4090 (12/64)
w4_o2_nand_bin: chunk 15 complete on adler40 RTX 4080 (13/64)
w4_o2_nand_bin: chunk 11 complete on specht32 RX 9070 XT (14/64)
w4_o2_nand_bin: chunk 12 complete on falke64 R9700 #0 (15/64)
w4_o2_nand_bin: chunk 13 complete on falke64 R9700 #1 (16/64)
w4_o2_nand_bin: chunk 20 complete on adler40 RTX 4090 (17/64)
w4_o2_nand_bin: chunk 21 complete on adler40 RTX 4080 (18/64)
w4_o2_nand_bin: chunk 25 complete on adler40 RTX 4090 (19/64)
w4_o2_nand_bin: chunk 18 complete on knecht24 RTX 3060 #0 (20/64)
w4_o2_nand_bin: chunk 17 complete on knecht24 RTX 3060 #1 (21/64)
w4_o2_nand_bin: chunk 16 complete on knecht24 RTX 3060 #2 (22/64)
w4_o2_nand_bin: chunk 22 complete on specht32 RX 9070 XT (23/64)
w4_o2_nand_bin: chunk 26 complete on adler40 RTX 4080 (24/64)
w4_o2_nand_bin: chunk 23 complete on falke64 R9700 #0 (25/64)
w4_o2_nand_bin: chunk 24 complete on falke64 R9700 #1 (26/64)
w4_o2_nand_bin: chunk 27 complete on adler40 RTX 4090 (27/64)
w4_o2_nand_bin: chunk 19 complete on specht32 RX 9060 XT (28/64)
w4_o2_nand_bin: chunk 32 complete on adler40 RTX 4080 (29/64)
w4_o2_nand_bin: chunk 35 complete on adler40 RTX 4090 (30/64)
w4_o2_nand_bin: chunk 31 complete on specht32 RX 9070 XT (31/64)
w4_o2_nand_bin: chunk 33 complete on falke64 R9700 #0 (32/64)
w4_o2_nand_bin: chunk 37 complete on adler40 RTX 4080 (33/64)
w4_o2_nand_bin: chunk 38 complete on adler40 RTX 4090 (34/64)
w4_o2_nand_bin: chunk 34 complete on falke64 R9700 #1 (35/64)
w4_o2_nand_bin: chunk 28 complete on knecht24 RTX 3060 #0 (36/64)
w4_o2_nand_bin: chunk 29 complete on knecht24 RTX 3060 #1 (37/64)
w4_o2_nand_bin: chunk 30 complete on knecht24 RTX 3060 #2 (38/64)
w4_o2_nand_bin: chunk 41 complete on adler40 RTX 4080 (39/64)
w4_o2_nand_bin: chunk 42 complete on adler40 RTX 4090 (40/64)
w4_o2_nand_bin: chunk 39 complete on specht32 RX 9070 XT (41/64)
w4_o2_nand_bin: chunk 36 complete on specht32 RX 9060 XT (42/64)
w4_o2_nand_bin: chunk 40 complete on falke64 R9700 #0 (43/64)
w4_o2_nand_bin: chunk 48 complete on adler40 RTX 4090 (44/64)
w4_o2_nand_bin: chunk 47 complete on adler40 RTX 4080 (45/64)
w4_o2_nand_bin: chunk 43 complete on falke64 R9700 #1 (46/64)
w4_o2_nand_bin: chunk 52 complete on adler40 RTX 4090 (47/64)
w4_o2_nand_bin: chunk 53 complete on adler40 RTX 4080 (48/64)
w4_o2_nand_bin: chunk 44 complete on knecht24 RTX 3060 #0 (49/64)
w4_o2_nand_bin: chunk 49 complete on specht32 RX 9070 XT (50/64)
w4_o2_nand_bin: chunk 45 complete on knecht24 RTX 3060 #1 (51/64)
w4_o2_nand_bin: chunk 46 complete on knecht24 RTX 3060 #2 (52/64)
w4_o2_nand_bin: chunk 51 complete on falke64 R9700 #0 (53/64)
w4_o2_nand_bin: chunk 55 complete on adler40 RTX 4090 (54/64)
w4_o2_nand_bin: chunk 56 complete on adler40 RTX 4080 (55/64)
w4_o2_nand_bin: chunk 54 complete on falke64 R9700 #1 (56/64)
w4_o2_nand_bin: chunk 62 complete on adler40 RTX 4090 (57/64)
w4_o2_nand_bin: chunk 50 complete on specht32 RX 9060 XT (58/64)
w4_o2_nand_bin: chunk 63 complete on adler40 RTX 4080 (59/64)
w4_o2_nand_bin: chunk 58 complete on specht32 RX 9070 XT (60/64)
w4_o2_nand_bin: chunk 61 complete on falke64 R9700 #0 (61/64)
w4_o2_nand_bin: chunk 57 complete on knecht24 RTX 3060 #0 (62/64)
w4_o2_nand_bin: chunk 59 complete on knecht24 RTX 3060 #1 (63/64)
w4_o2_nand_bin: chunk 60 complete on knecht24 RTX 3060 #2 (64/64)
17827 distinct operators / 179769313486231590772930519078902473361797697894230657273430081157732675805500963132708477322407536021120113879871393357658789768814416622492847430639474124377767893424865485276302219601246094119453082952085005768838150682342462881473913110540827237163350510684586298239947245938479716304835356329624224137216 universe; gaps=[] -> results/exp03_w4_o2_nand_bin.json
w4_o2_nand_bin: 2^32 programs in 587.8s (0.01 Gprog/s) on 9 GPUs
w4_o2_add_bin: chunk 0 complete on adler40 RTX 4090 (1/64)
w4_o2_add_bin: chunk 1 complete on adler40 RTX 4080 (2/64)
w4_o2_add_bin: chunk 5 complete on specht32 RX 9070 XT (3/64)
w4_o2_add_bin: chunk 8 complete on falke64 R9700 #1 (4/64)
w4_o2_add_bin: chunk 7 complete on falke64 R9700 #0 (5/64)
w4_o2_add_bin: chunk 9 complete on adler40 RTX 4090 (6/64)
w4_o2_add_bin: chunk 10 complete on adler40 RTX 4080 (7/64)
w4_o2_add_bin: chunk 2 complete on knecht24 RTX 3060 #0 (8/64)
w4_o2_add_bin: chunk 3 complete on knecht24 RTX 3060 #1 (9/64)
w4_o2_add_bin: chunk 6 complete on specht32 RX 9060 XT (10/64)
w4_o2_add_bin: chunk 4 complete on knecht24 RTX 3060 #2 (11/64)
w4_o2_add_bin: chunk 14 complete on adler40 RTX 4090 (12/64)
w4_o2_add_bin: chunk 15 complete on adler40 RTX 4080 (13/64)
w4_o2_add_bin: chunk 11 complete on specht32 RX 9070 XT (14/64)
w4_o2_add_bin: chunk 13 complete on falke64 R9700 #0 (15/64)
w4_o2_add_bin: chunk 12 complete on falke64 R9700 #1 (16/64)
w4_o2_add_bin: chunk 20 complete on adler40 RTX 4090 (17/64)
w4_o2_add_bin: chunk 21 complete on adler40 RTX 4080 (18/64)
w4_o2_add_bin: chunk 25 complete on adler40 RTX 4090 (19/64)
w4_o2_add_bin: chunk 22 complete on specht32 RX 9070 XT (20/64)
w4_o2_add_bin: chunk 24 complete on falke64 R9700 #1 (21/64)
w4_o2_add_bin: chunk 23 complete on falke64 R9700 #0 (22/64)
w4_o2_add_bin: chunk 16 complete on knecht24 RTX 3060 #0 (23/64)
w4_o2_add_bin: chunk 26 complete on adler40 RTX 4080 (24/64)
w4_o2_add_bin: chunk 17 complete on knecht24 RTX 3060 #1 (25/64)
w4_o2_add_bin: chunk 18 complete on specht32 RX 9060 XT (26/64)
w4_o2_add_bin: chunk 19 complete on knecht24 RTX 3060 #2 (27/64)
w4_o2_add_bin: chunk 27 complete on adler40 RTX 4090 (28/64)
w4_o2_add_bin: chunk 32 complete on adler40 RTX 4080 (29/64)
w4_o2_add_bin: chunk 28 complete on specht32 RX 9070 XT (30/64)
w4_o2_add_bin: chunk 36 complete on adler40 RTX 4090 (31/64)
w4_o2_add_bin: chunk 29 complete on falke64 R9700 #1 (32/64)
w4_o2_add_bin: chunk 30 complete on falke64 R9700 #0 (33/64)
w4_o2_add_bin: chunk 37 complete on adler40 RTX 4080 (34/64)
w4_o2_add_bin: chunk 39 complete on adler40 RTX 4090 (35/64)
w4_o2_add_bin: chunk 33 complete on knecht24 RTX 3060 #1 (36/64)
w4_o2_add_bin: chunk 31 complete on knecht24 RTX 3060 #0 (37/64)
w4_o2_add_bin: chunk 38 complete on specht32 RX 9070 XT (38/64)
w4_o2_add_bin: chunk 34 complete on specht32 RX 9060 XT (39/64)
w4_o2_add_bin: chunk 42 complete on adler40 RTX 4080 (40/64)
w4_o2_add_bin: chunk 35 complete on knecht24 RTX 3060 #2 (41/64)
w4_o2_add_bin: chunk 43 complete on adler40 RTX 4090 (42/64)
w4_o2_add_bin: chunk 41 complete on falke64 R9700 #0 (43/64)
w4_o2_add_bin: chunk 40 complete on falke64 R9700 #1 (44/64)
w4_o2_add_bin: chunk 50 complete on adler40 RTX 4090 (45/64)
w4_o2_add_bin: chunk 48 complete on adler40 RTX 4080 (46/64)
w4_o2_add_bin: chunk 46 complete on specht32 RX 9070 XT (47/64)
w4_o2_add_bin: chunk 53 complete on adler40 RTX 4090 (48/64)
w4_o2_add_bin: chunk 54 complete on adler40 RTX 4080 (49/64)
w4_o2_add_bin: chunk 51 complete on falke64 R9700 #0 (50/64)
w4_o2_add_bin: chunk 52 complete on falke64 R9700 #1 (51/64)
w4_o2_add_bin: chunk 45 complete on knecht24 RTX 3060 #0 (52/64)
w4_o2_add_bin: chunk 44 complete on knecht24 RTX 3060 #1 (53/64)
w4_o2_add_bin: chunk 49 complete on knecht24 RTX 3060 #2 (54/64)
w4_o2_add_bin: chunk 56 complete on adler40 RTX 4090 (55/64)
w4_o2_add_bin: chunk 47 complete on specht32 RX 9060 XT (56/64)
w4_o2_add_bin: chunk 57 complete on adler40 RTX 4080 (57/64)
w4_o2_add_bin: chunk 55 complete on specht32 RX 9070 XT (58/64)
w4_o2_add_bin: chunk 58 complete on falke64 R9700 #0 (59/64)
w4_o2_add_bin: chunk 63 complete on adler40 RTX 4090 (60/64)
w4_o2_add_bin: chunk 59 complete on falke64 R9700 #1 (61/64)
w4_o2_add_bin: chunk 60 complete on knecht24 RTX 3060 #0 (62/64)
w4_o2_add_bin: chunk 61 complete on knecht24 RTX 3060 #1 (63/64)
w4_o2_add_bin: chunk 62 complete on knecht24 RTX 3060 #2 (64/64)
24684247 distinct operators / 179769313486231590772930519078902473361797697894230657273430081157732675805500963132708477322407536021120113879871393357658789768814416622492847430639474124377767893424865485276302219601246094119453082952085005768838150682342462881473913110540827237163350510684586298239947245938479716304835356329624224137216 universe; gaps=[] -> results/exp03_w4_o2_add_bin.json
w4_o2_add_bin: 2^32 programs in 840.9s (0.01 Gprog/s) on 9 GPUs
w4_o4_full_bin: chunk 0 complete on adler40 RTX 4090 (1/64)
w4_o4_full_bin: chunk 7 complete on falke64 R9700 #0 (2/64)
w4_o4_full_bin: chunk 1 complete on adler40 RTX 4080 (3/64)
w4_o4_full_bin: chunk 5 complete on specht32 RX 9070 XT (4/64)
w4_o4_full_bin: chunk 8 complete on falke64 R9700 #1 (5/64)
w4_o4_full_bin: chunk 9 complete on adler40 RTX 4090 (6/64)
w4_o4_full_bin: chunk 11 complete on adler40 RTX 4080 (7/64)
w4_o4_full_bin: chunk 6 complete on specht32 RX 9060 XT (8/64)
w4_o4_full_bin: chunk 10 complete on falke64 R9700 #0 (9/64)
w4_o4_full_bin: chunk 3 complete on knecht24 RTX 3060 #1 (10/64)
w4_o4_full_bin: chunk 12 complete on specht32 RX 9070 XT (11/64)
w4_o4_full_bin: chunk 13 complete on falke64 R9700 #1 (12/64)
w4_o4_full_bin: chunk 4 complete on knecht24 RTX 3060 #2 (13/64)
w4_o4_full_bin: chunk 15 complete on adler40 RTX 4080 (14/64)
w4_o4_full_bin: chunk 14 complete on adler40 RTX 4090 (15/64)
w4_o4_full_bin: chunk 2 complete on knecht24 RTX 3060 #0 (16/64)
w4_o4_full_bin: chunk 19 complete on specht32 RX 9070 XT (17/64)
w4_o4_full_bin: chunk 17 complete on falke64 R9700 #0 (18/64)
w4_o4_full_bin: chunk 23 complete on adler40 RTX 4090 (19/64)
w4_o4_full_bin: chunk 20 complete on falke64 R9700 #1 (20/64)
w4_o4_full_bin: chunk 22 complete on adler40 RTX 4080 (21/64)
w4_o4_full_bin: chunk 16 complete on specht32 RX 9060 XT (22/64)
w4_o4_full_bin: chunk 27 complete on adler40 RTX 4090 (23/64)
w4_o4_full_bin: chunk 25 complete on specht32 RX 9070 XT (24/64)
w4_o4_full_bin: chunk 26 complete on falke64 R9700 #0 (25/64)
w4_o4_full_bin: chunk 28 complete on falke64 R9700 #1 (26/64)
w4_o4_full_bin: chunk 29 complete on adler40 RTX 4080 (27/64)
w4_o4_full_bin: chunk 31 complete on adler40 RTX 4090 (28/64)
w4_o4_full_bin: chunk 18 complete on knecht24 RTX 3060 #1 (29/64)
w4_o4_full_bin: chunk 21 complete on knecht24 RTX 3060 #2 (30/64)
w4_o4_full_bin: chunk 24 complete on knecht24 RTX 3060 #0 (31/64)
w4_o4_full_bin: chunk 32 complete on specht32 RX 9070 XT (32/64)
w4_o4_full_bin: chunk 35 complete on adler40 RTX 4080 (33/64)
w4_o4_full_bin: chunk 33 complete on falke64 R9700 #0 (34/64)
w4_o4_full_bin: chunk 36 complete on adler40 RTX 4090 (35/64)
w4_o4_full_bin: chunk 34 complete on falke64 R9700 #1 (36/64)
w4_o4_full_bin: chunk 30 complete on specht32 RX 9060 XT (37/64)
w4_o4_full_bin: chunk 43 complete on adler40 RTX 4090 (38/64)
w4_o4_full_bin: chunk 41 complete on adler40 RTX 4080 (39/64)
w4_o4_full_bin: chunk 40 complete on specht32 RX 9070 XT (40/64)
w4_o4_full_bin: chunk 42 complete on falke64 R9700 #0 (41/64)
w4_o4_full_bin: chunk 44 complete on falke64 R9700 #1 (42/64)
w4_o4_full_bin: chunk 46 complete on adler40 RTX 4090 (43/64)
w4_o4_full_bin: chunk 47 complete on adler40 RTX 4080 (44/64)
w4_o4_full_bin: chunk 39 complete on knecht24 RTX 3060 #0 (45/64)
w4_o4_full_bin: chunk 37 complete on knecht24 RTX 3060 #1 (46/64)
w4_o4_full_bin: chunk 48 complete on specht32 RX 9070 XT (47/64)
w4_o4_full_bin: chunk 49 complete on falke64 R9700 #0 (48/64)
w4_o4_full_bin: chunk 45 complete on specht32 RX 9060 XT (49/64)
w4_o4_full_bin: chunk 51 complete on adler40 RTX 4090 (50/64)
w4_o4_full_bin: chunk 38 complete on knecht24 RTX 3060 #2 (51/64)
w4_o4_full_bin: chunk 52 complete on adler40 RTX 4080 (52/64)
w4_o4_full_bin: chunk 60 complete on adler40 RTX 4080 (53/64)
w4_o4_full_bin: chunk 50 complete on falke64 R9700 #1 (54/64)
w4_o4_full_bin: chunk 62 complete on falke64 R9700 #1 (55/64)
w4_o4_full_bin: chunk 61 complete on adler40 RTX 4080 (56/64)
w4_o4_full_bin: chunk 55 complete on specht32 RX 9070 XT (57/64)
w4_o4_full_bin: chunk 63 complete on falke64 R9700 #1 (58/64)
w4_o4_full_bin: chunk 58 complete on adler40 RTX 4090 (59/64)
w4_o4_full_bin: chunk 56 complete on falke64 R9700 #0 (60/64)
w4_o4_full_bin: chunk 53 complete on knecht24 RTX 3060 #0 (61/64)
w4_o4_full_bin: chunk 59 complete on knecht24 RTX 3060 #2 (62/64)
w4_o4_full_bin: chunk 57 complete on specht32 RX 9060 XT (63/64)
w4_o4_full_bin: chunk 54 complete on knecht24 RTX 3060 #1 (64/64)
977928 distinct operators / 179769313486231590772930519078902473361797697894230657273430081157732675805500963132708477322407536021120113879871393357658789768814416622492847430639474124377767893424865485276302219601246094119453082952085005768838150682342462881473913110540827237163350510684586298239947245938479716304835356329624224137216 universe; gaps=[] -> results/exp03_w4_o4_full_bin.json
w4_o4_full_bin: 2^32 programs in 649.6s (0.01 Gprog/s) on 9 GPUs
w2_o1_bin: chunk 0 complete on adler40 RTX 4090 (1/64)
w2_o1_bin: chunk 1 complete on adler40 RTX 4080 (2/64)
w2_o1_bin: chunk 5 complete on specht32 RX 9070 XT (3/64)
w2_o1_bin: chunk 8 complete on falke64 R9700 #1 (4/64)
w2_o1_bin: chunk 7 complete on falke64 R9700 #0 (5/64)
w2_o1_bin: chunk 9 complete on adler40 RTX 4090 (6/64)
w2_o1_bin: chunk 10 complete on adler40 RTX 4080 (7/64)
w2_o1_bin: chunk 6 complete on specht32 RX 9060 XT (8/64)
w2_o1_bin: chunk 2 complete on knecht24 RTX 3060 #0 (9/64)
w2_o1_bin: chunk 3 complete on knecht24 RTX 3060 #1 (10/64)
w2_o1_bin: chunk 4 complete on knecht24 RTX 3060 #2 (11/64)
w2_o1_bin: chunk 11 complete on specht32 RX 9070 XT (12/64)
w2_o1_bin: chunk 14 complete on adler40 RTX 4090 (13/64)
w2_o1_bin: chunk 12 complete on falke64 R9700 #1 (14/64)
w2_o1_bin: chunk 15 complete on adler40 RTX 4080 (15/64)
w2_o1_bin: chunk 13 complete on falke64 R9700 #0 (16/64)
w2_o1_bin: chunk 21 complete on adler40 RTX 4090 (17/64)
w2_o1_bin: chunk 23 complete on adler40 RTX 4080 (18/64)
w2_o1_bin: chunk 20 complete on specht32 RX 9070 XT (19/64)
w2_o1_bin: chunk 22 complete on falke64 R9700 #1 (20/64)
w2_o1_bin: chunk 25 complete on adler40 RTX 4090 (21/64)
w2_o1_bin: chunk 17 complete on knecht24 RTX 3060 #0 (22/64)
w2_o1_bin: chunk 16 complete on specht32 RX 9060 XT (23/64)
w2_o1_bin: chunk 18 complete on knecht24 RTX 3060 #1 (24/64)
w2_o1_bin: chunk 19 complete on knecht24 RTX 3060 #2 (25/64)
w2_o1_bin: chunk 26 complete on adler40 RTX 4080 (26/64)
w2_o1_bin: chunk 24 complete on falke64 R9700 #0 (27/64)
w2_o1_bin: chunk 27 complete on specht32 RX 9070 XT (28/64)
w2_o1_bin: chunk 28 complete on falke64 R9700 #1 (29/64)
w2_o1_bin: chunk 29 complete on adler40 RTX 4090 (30/64)
w2_o1_bin: chunk 34 complete on adler40 RTX 4080 (31/64)
w2_o1_bin: chunk 38 complete on adler40 RTX 4090 (32/64)
w2_o1_bin: chunk 35 complete on falke64 R9700 #0 (33/64)
w2_o1_bin: chunk 37 complete on falke64 R9700 #1 (34/64)
w2_o1_bin: chunk 36 complete on specht32 RX 9070 XT (35/64)
w2_o1_bin: chunk 30 complete on knecht24 RTX 3060 #0 (36/64)
w2_o1_bin: chunk 39 complete on adler40 RTX 4080 (37/64)
w2_o1_bin: chunk 31 complete on specht32 RX 9060 XT (38/64)
w2_o1_bin: chunk 32 complete on knecht24 RTX 3060 #1 (39/64)
w2_o1_bin: chunk 33 complete on knecht24 RTX 3060 #2 (40/64)
w2_o1_bin: chunk 40 complete on adler40 RTX 4090 (41/64)
w2_o1_bin: chunk 45 complete on adler40 RTX 4080 (42/64)
w2_o1_bin: chunk 43 complete on specht32 RX 9070 XT (43/64)
w2_o1_bin: chunk 49 complete on adler40 RTX 4090 (44/64)
w2_o1_bin: chunk 42 complete on falke64 R9700 #1 (45/64)
w2_o1_bin: chunk 41 complete on falke64 R9700 #0 (46/64)
w2_o1_bin: chunk 50 complete on adler40 RTX 4080 (47/64)
w2_o1_bin: chunk 52 complete on adler40 RTX 4090 (48/64)
w2_o1_bin: chunk 44 complete on knecht24 RTX 3060 #0 (49/64)
w2_o1_bin: chunk 46 complete on specht32 RX 9060 XT (50/64)
w2_o1_bin: chunk 47 complete on knecht24 RTX 3060 #1 (51/64)
w2_o1_bin: chunk 51 complete on specht32 RX 9070 XT (52/64)
w2_o1_bin: chunk 53 complete on falke64 R9700 #1 (53/64)
w2_o1_bin: chunk 48 complete on knecht24 RTX 3060 #2 (54/64)
w2_o1_bin: chunk 55 complete on adler40 RTX 4080 (55/64)
w2_o1_bin: chunk 56 complete on adler40 RTX 4090 (56/64)
w2_o1_bin: chunk 54 complete on falke64 R9700 #0 (57/64)
w2_o1_bin: chunk 60 complete on specht32 RX 9070 XT (58/64)
w2_o1_bin: chunk 61 complete on falke64 R9700 #1 (59/64)
w2_o1_bin: chunk 63 complete on adler40 RTX 4080 (60/64)
w2_o1_bin: chunk 57 complete on knecht24 RTX 3060 #0 (61/64)
w2_o1_bin: chunk 59 complete on knecht24 RTX 3060 #1 (62/64)
w2_o1_bin: chunk 58 complete on specht32 RX 9060 XT (63/64)
w2_o1_bin: chunk 62 complete on knecht24 RTX 3060 #2 (64/64)
2131 distinct operators / 4294967296 universe; gaps=[] -> results/exp03_w2_o1_bin.json
w2_o1_bin: 2^32 programs in 42.4s (0.10 Gprog/s) on 9 GPUs
w2_o1_swap_bin: chunk 0 complete on adler40 RTX 4090 (1/64)
w2_o1_swap_bin: chunk 1 complete on adler40 RTX 4080 (2/64)
w2_o1_swap_bin: chunk 8 complete on falke64 R9700 #1 (3/64)
w2_o1_swap_bin: chunk 5 complete on specht32 RX 9070 XT (4/64)
w2_o1_swap_bin: chunk 7 complete on falke64 R9700 #0 (5/64)
w2_o1_swap_bin: chunk 9 complete on adler40 RTX 4090 (6/64)
w2_o1_swap_bin: chunk 10 complete on adler40 RTX 4080 (7/64)
w2_o1_swap_bin: chunk 2 complete on knecht24 RTX 3060 #0 (8/64)
w2_o1_swap_bin: chunk 3 complete on knecht24 RTX 3060 #1 (9/64)
w2_o1_swap_bin: chunk 4 complete on knecht24 RTX 3060 #2 (10/64)
w2_o1_swap_bin: chunk 6 complete on specht32 RX 9060 XT (11/64)
w2_o1_swap_bin: chunk 14 complete on adler40 RTX 4090 (12/64)
w2_o1_swap_bin: chunk 15 complete on adler40 RTX 4080 (13/64)
w2_o1_swap_bin: chunk 11 complete on falke64 R9700 #1 (14/64)
w2_o1_swap_bin: chunk 12 complete on specht32 RX 9070 XT (15/64)
w2_o1_swap_bin: chunk 13 complete on falke64 R9700 #0 (16/64)
w2_o1_swap_bin: chunk 20 complete on adler40 RTX 4090 (17/64)
w2_o1_swap_bin: chunk 21 complete on adler40 RTX 4080 (18/64)
w2_o1_swap_bin: chunk 22 complete on falke64 R9700 #1 (19/64)
w2_o1_swap_bin: chunk 25 complete on adler40 RTX 4090 (20/64)
w2_o1_swap_bin: chunk 23 complete on specht32 RX 9070 XT (21/64)
w2_o1_swap_bin: chunk 16 complete on knecht24 RTX 3060 #0 (22/64)
w2_o1_swap_bin: chunk 17 complete on knecht24 RTX 3060 #1 (23/64)
w2_o1_swap_bin: chunk 18 complete on knecht24 RTX 3060 #2 (24/64)
w2_o1_swap_bin: chunk 26 complete on adler40 RTX 4080 (25/64)
w2_o1_swap_bin: chunk 24 complete on falke64 R9700 #0 (26/64)
w2_o1_swap_bin: chunk 19 complete on specht32 RX 9060 XT (27/64)
w2_o1_swap_bin: chunk 28 complete on adler40 RTX 4090 (28/64)
w2_o1_swap_bin: chunk 33 complete on adler40 RTX 4080 (29/64)
w2_o1_swap_bin: chunk 27 complete on falke64 R9700 #1 (30/64)
w2_o1_swap_bin: chunk 29 complete on specht32 RX 9070 XT (31/64)
w2_o1_swap_bin: chunk 36 complete on adler40 RTX 4090 (32/64)
w2_o1_swap_bin: chunk 34 complete on falke64 R9700 #0 (33/64)
w2_o1_swap_bin: chunk 37 complete on adler40 RTX 4080 (34/64)
w2_o1_swap_bin: chunk 40 complete on adler40 RTX 4090 (35/64)
w2_o1_swap_bin: chunk 32 complete on knecht24 RTX 3060 #2 (36/64)
w2_o1_swap_bin: chunk 30 complete on knecht24 RTX 3060 #0 (37/64)
w2_o1_swap_bin: chunk 31 complete on knecht24 RTX 3060 #1 (38/64)
w2_o1_swap_bin: chunk 38 complete on falke64 R9700 #1 (39/64)
w2_o1_swap_bin: chunk 39 complete on specht32 RX 9070 XT (40/64)
w2_o1_swap_bin: chunk 42 complete on adler40 RTX 4080 (41/64)
w2_o1_swap_bin: chunk 43 complete on adler40 RTX 4090 (42/64)
w2_o1_swap_bin: chunk 35 complete on specht32 RX 9060 XT (43/64)
w2_o1_swap_bin: chunk 41 complete on falke64 R9700 #0 (44/64)
w2_o1_swap_bin: chunk 50 complete on adler40 RTX 4090 (45/64)
w2_o1_swap_bin: chunk 49 complete on adler40 RTX 4080 (46/64)
w2_o1_swap_bin: chunk 47 complete on falke64 R9700 #1 (47/64)
w2_o1_swap_bin: chunk 48 complete on specht32 RX 9070 XT (48/64)
w2_o1_swap_bin: chunk 44 complete on knecht24 RTX 3060 #2 (49/64)
w2_o1_swap_bin: chunk 46 complete on knecht24 RTX 3060 #1 (50/64)
w2_o1_swap_bin: chunk 45 complete on knecht24 RTX 3060 #0 (51/64)
w2_o1_swap_bin: chunk 53 complete on adler40 RTX 4090 (52/64)
w2_o1_swap_bin: chunk 54 complete on adler40 RTX 4080 (53/64)
w2_o1_swap_bin: chunk 52 complete on falke64 R9700 #0 (54/64)
w2_o1_swap_bin: chunk 55 complete on falke64 R9700 #1 (55/64)
w2_o1_swap_bin: chunk 60 complete on adler40 RTX 4090 (56/64)
w2_o1_swap_bin: chunk 56 complete on specht32 RX 9070 XT (57/64)
w2_o1_swap_bin: chunk 51 complete on specht32 RX 9060 XT (58/64)
w2_o1_swap_bin: chunk 61 complete on adler40 RTX 4080 (59/64)
w2_o1_swap_bin: chunk 62 complete on falke64 R9700 #0 (60/64)
w2_o1_swap_bin: chunk 59 complete on knecht24 RTX 3060 #0 (61/64)
w2_o1_swap_bin: chunk 58 complete on knecht24 RTX 3060 #1 (62/64)
w2_o1_swap_bin: chunk 57 complete on knecht24 RTX 3060 #2 (63/64)
w2_o1_swap_bin: chunk 63 complete on falke64 R9700 #1 (64/64)
8 distinct operators / 4294967296 universe; gaps=[] -> results/exp03_w2_o1_swap_bin.json
w2_o1_swap_bin: 2^32 programs in 48.9s (0.09 Gprog/s) on 9 GPUs
w1_nand_jz_bin: chunk 7 complete on falke64 R9700 #0 (1/64)
w1_nand_jz_bin: chunk 8 complete on falke64 R9700 #1 (2/64)
w1_nand_jz_bin: chunk 5 complete on specht32 RX 9070 XT (3/64)
w1_nand_jz_bin: chunk 0 complete on adler40 RTX 4090 (4/64)
w1_nand_jz_bin: chunk 1 complete on adler40 RTX 4080 (5/64)
w1_nand_jz_bin: chunk 6 complete on specht32 RX 9060 XT (6/64)
w1_nand_jz_bin: chunk 9 complete on falke64 R9700 #0 (7/64)
w1_nand_jz_bin: chunk 10 complete on falke64 R9700 #1 (8/64)
w1_nand_jz_bin: chunk 11 complete on specht32 RX 9070 XT (9/64)
w1_nand_jz_bin: chunk 12 complete on adler40 RTX 4090 (10/64)
w1_nand_jz_bin: chunk 13 complete on adler40 RTX 4080 (11/64)
w1_nand_jz_bin: chunk 2 complete on knecht24 RTX 3060 #0 (12/64)
w1_nand_jz_bin: chunk 3 complete on knecht24 RTX 3060 #1 (13/64)
w1_nand_jz_bin: chunk 15 complete on falke64 R9700 #0 (14/64)
w1_nand_jz_bin: chunk 4 complete on knecht24 RTX 3060 #2 (15/64)
w1_nand_jz_bin: chunk 16 complete on falke64 R9700 #1 (16/64)
w1_nand_jz_bin: chunk 14 complete on specht32 RX 9060 XT (17/64)
w1_nand_jz_bin: chunk 18 complete on adler40 RTX 4090 (18/64)
w1_nand_jz_bin: chunk 17 complete on specht32 RX 9070 XT (19/64)
w1_nand_jz_bin: chunk 19 complete on adler40 RTX 4080 (20/64)
w1_nand_jz_bin: chunk 22 complete on falke64 R9700 #0 (21/64)
w1_nand_jz_bin: chunk 24 complete on falke64 R9700 #1 (22/64)
w1_nand_jz_bin: chunk 26 complete on adler40 RTX 4090 (23/64)
w1_nand_jz_bin: chunk 27 complete on specht32 RX 9070 XT (24/64)
w1_nand_jz_bin: chunk 29 complete on falke64 R9700 #0 (25/64)
w1_nand_jz_bin: chunk 28 complete on adler40 RTX 4080 (26/64)
w1_nand_jz_bin: chunk 25 complete on specht32 RX 9060 XT (27/64)
w1_nand_jz_bin: chunk 23 complete on knecht24 RTX 3060 #2 (28/64)
w1_nand_jz_bin: chunk 30 complete on falke64 R9700 #1 (29/64)
w1_nand_jz_bin: chunk 20 complete on knecht24 RTX 3060 #0 (30/64)
w1_nand_jz_bin: chunk 31 complete on adler40 RTX 4090 (31/64)
w1_nand_jz_bin: chunk 21 complete on knecht24 RTX 3060 #1 (32/64)
w1_nand_jz_bin: chunk 33 complete on falke64 R9700 #0 (33/64)
w1_nand_jz_bin: chunk 34 complete on adler40 RTX 4080 (34/64)
w1_nand_jz_bin: chunk 32 complete on specht32 RX 9070 XT (35/64)
w1_nand_jz_bin: chunk 37 complete on falke64 R9700 #1 (36/64)
w1_nand_jz_bin: chunk 39 complete on adler40 RTX 4090 (37/64)
w1_nand_jz_bin: chunk 41 complete on falke64 R9700 #0 (38/64)
w1_nand_jz_bin: chunk 35 complete on specht32 RX 9060 XT (39/64)
w1_nand_jz_bin: chunk 42 complete on adler40 RTX 4080 (40/64)
w1_nand_jz_bin: chunk 43 complete on specht32 RX 9070 XT (41/64)
w1_nand_jz_bin: chunk 45 complete on adler40 RTX 4090 (42/64)
w1_nand_jz_bin: chunk 46 complete on falke64 R9700 #0 (43/64)
w1_nand_jz_bin: chunk 44 complete on falke64 R9700 #1 (44/64)
w1_nand_jz_bin: chunk 38 complete on knecht24 RTX 3060 #0 (45/64)
w1_nand_jz_bin: chunk 36 complete on knecht24 RTX 3060 #2 (46/64)
w1_nand_jz_bin: chunk 48 complete on adler40 RTX 4080 (47/64)
w1_nand_jz_bin: chunk 40 complete on knecht24 RTX 3060 #1 (48/64)
w1_nand_jz_bin: chunk 49 complete on specht32 RX 9070 XT (49/64)
w1_nand_jz_bin: chunk 47 complete on specht32 RX 9060 XT (50/64)
w1_nand_jz_bin: chunk 51 complete on falke64 R9700 #0 (51/64)
w1_nand_jz_bin: chunk 50 complete on adler40 RTX 4090 (52/64)
w1_nand_jz_bin: chunk 52 complete on falke64 R9700 #1 (53/64)
w1_nand_jz_bin: chunk 55 complete on adler40 RTX 4080 (54/64)
w1_nand_jz_bin: chunk 57 complete on specht32 RX 9070 XT (55/64)
w1_nand_jz_bin: chunk 59 complete on falke64 R9700 #0 (56/64)
w1_nand_jz_bin: chunk 60 complete on adler40 RTX 4090 (57/64)
w1_nand_jz_bin: chunk 61 complete on falke64 R9700 #1 (58/64)
w1_nand_jz_bin: chunk 53 complete on knecht24 RTX 3060 #0 (59/64)
w1_nand_jz_bin: chunk 58 complete on specht32 RX 9060 XT (60/64)
w1_nand_jz_bin: chunk 62 complete on adler40 RTX 4080 (61/64)
w1_nand_jz_bin: chunk 63 complete on specht32 RX 9070 XT (62/64)
w1_nand_jz_bin: chunk 54 complete on knecht24 RTX 3060 #2 (63/64)
w1_nand_jz_bin: chunk 56 complete on knecht24 RTX 3060 #1 (64/64)
4 distinct operators / 16 universe; gaps=[] -> results/exp03_w1_nand_jz_bin.json
w1_nand_jz_bin: 2^32 programs in 16.9s (0.25 Gprog/s) on 9 GPUs
w1_nand_skz_bin: chunk 0 complete on adler40 RTX 4090 (1/64)
w1_nand_skz_bin: chunk 1 complete on adler40 RTX 4080 (2/64)
w1_nand_skz_bin: chunk 8 complete on falke64 R9700 #1 (3/64)
w1_nand_skz_bin: chunk 5 complete on specht32 RX 9070 XT (4/64)
w1_nand_skz_bin: chunk 7 complete on falke64 R9700 #0 (5/64)
w1_nand_skz_bin: chunk 9 complete on adler40 RTX 4090 (6/64)
w1_nand_skz_bin: chunk 10 complete on adler40 RTX 4080 (7/64)
w1_nand_skz_bin: chunk 3 complete on knecht24 RTX 3060 #1 (8/64)
w1_nand_skz_bin: chunk 6 complete on specht32 RX 9060 XT (9/64)
w1_nand_skz_bin: chunk 2 complete on knecht24 RTX 3060 #0 (10/64)
w1_nand_skz_bin: chunk 4 complete on knecht24 RTX 3060 #2 (11/64)
w1_nand_skz_bin: chunk 11 complete on falke64 R9700 #1 (12/64)
w1_nand_skz_bin: chunk 12 complete on specht32 RX 9070 XT (13/64)
w1_nand_skz_bin: chunk 14 complete on adler40 RTX 4090 (14/64)
w1_nand_skz_bin: chunk 13 complete on falke64 R9700 #0 (15/64)
w1_nand_skz_bin: chunk 15 complete on adler40 RTX 4080 (16/64)
w1_nand_skz_bin: chunk 22 complete on adler40 RTX 4090 (17/64)
w1_nand_skz_bin: chunk 20 complete on falke64 R9700 #1 (18/64)
w1_nand_skz_bin: chunk 24 complete on adler40 RTX 4080 (19/64)
w1_nand_skz_bin: chunk 16 complete on knecht24 RTX 3060 #1 (20/64)
w1_nand_skz_bin: chunk 21 complete on specht32 RX 9070 XT (21/64)
w1_nand_skz_bin: chunk 17 complete on specht32 RX 9060 XT (22/64)
w1_nand_skz_bin: chunk 18 complete on knecht24 RTX 3060 #0 (23/64)
w1_nand_skz_bin: chunk 23 complete on falke64 R9700 #0 (24/64)
w1_nand_skz_bin: chunk 19 complete on knecht24 RTX 3060 #2 (25/64)
w1_nand_skz_bin: chunk 25 complete on adler40 RTX 4090 (26/64)
w1_nand_skz_bin: chunk 27 complete on adler40 RTX 4080 (27/64)
w1_nand_skz_bin: chunk 26 complete on falke64 R9700 #1 (28/64)
w1_nand_skz_bin: chunk 34 complete on adler40 RTX 4090 (29/64)
w1_nand_skz_bin: chunk 29 complete on specht32 RX 9070 XT (30/64)
w1_nand_skz_bin: chunk 35 complete on adler40 RTX 4080 (31/64)
w1_nand_skz_bin: chunk 32 complete on falke64 R9700 #0 (32/64)
w1_nand_skz_bin: chunk 31 complete on knecht24 RTX 3060 #0 (33/64)
w1_nand_skz_bin: chunk 37 complete on adler40 RTX 4090 (34/64)
w1_nand_skz_bin: chunk 28 complete on knecht24 RTX 3060 #1 (35/64)
w1_nand_skz_bin: chunk 36 complete on falke64 R9700 #1 (36/64)
w1_nand_skz_bin: chunk 30 complete on specht32 RX 9060 XT (37/64)
w1_nand_skz_bin: chunk 33 complete on knecht24 RTX 3060 #2 (38/64)
w1_nand_skz_bin: chunk 39 complete on adler40 RTX 4080 (39/64)
w1_nand_skz_bin: chunk 42 complete on adler40 RTX 4090 (40/64)
w1_nand_skz_bin: chunk 38 complete on specht32 RX 9070 XT (41/64)
w1_nand_skz_bin: chunk 40 complete on falke64 R9700 #0 (42/64)
w1_nand_skz_bin: chunk 47 complete on adler40 RTX 4080 (43/64)
w1_nand_skz_bin: chunk 44 complete on falke64 R9700 #1 (44/64)
w1_nand_skz_bin: chunk 48 complete on adler40 RTX 4090 (45/64)
w1_nand_skz_bin: chunk 41 complete on knecht24 RTX 3060 #0 (46/64)
w1_nand_skz_bin: chunk 43 complete on knecht24 RTX 3060 #1 (47/64)
w1_nand_skz_bin: chunk 51 complete on adler40 RTX 4080 (48/64)
w1_nand_skz_bin: chunk 46 complete on knecht24 RTX 3060 #2 (49/64)
w1_nand_skz_bin: chunk 49 complete on specht32 RX 9070 XT (50/64)
w1_nand_skz_bin: chunk 45 complete on specht32 RX 9060 XT (51/64)
w1_nand_skz_bin: chunk 50 complete on falke64 R9700 #0 (52/64)
w1_nand_skz_bin: chunk 53 complete on adler40 RTX 4090 (53/64)
w1_nand_skz_bin: chunk 52 complete on falke64 R9700 #1 (54/64)
w1_nand_skz_bin: chunk 56 complete on adler40 RTX 4080 (55/64)
w1_nand_skz_bin: chunk 61 complete on adler40 RTX 4090 (56/64)
w1_nand_skz_bin: chunk 60 complete on falke64 R9700 #0 (57/64)
w1_nand_skz_bin: chunk 54 complete on knecht24 RTX 3060 #0 (58/64)
w1_nand_skz_bin: chunk 63 complete on adler40 RTX 4080 (59/64)
w1_nand_skz_bin: chunk 58 complete on specht32 RX 9070 XT (60/64)
w1_nand_skz_bin: chunk 55 complete on knecht24 RTX 3060 #1 (61/64)
w1_nand_skz_bin: chunk 62 complete on falke64 R9700 #1 (62/64)
w1_nand_skz_bin: chunk 57 complete on knecht24 RTX 3060 #2 (63/64)
w1_nand_skz_bin: chunk 59 complete on specht32 RX 9060 XT (64/64)
4 distinct operators / 16 universe; gaps=[] -> results/exp03_w1_nand_skz_bin.json
w1_nand_skz_bin: 2^32 programs in 21.8s (0.20 Gprog/s) on 9 GPUs
# Experiment 03: 4-byte (2^32 program) exhaustive sweeps

Wall time includes dispatch and GPU work; excludes shard download and merge.

| W | run | a | p | I | opcode bits | ISA | mode | distinct operators | universe | seconds | M programs/s | coverage |
|---|---|---|---|---|---|---|---|---:|---|---:|---:|---|
| 1 | exp03_w1_nand_jz | 2 | 5 | 1 | 1 | NAND,JZ | unary | 4 | 2^2 | 11.91 | 360.5 | complete |
| 1 | exp03_w1_nand_jz_bin | 2 | 5 | 1 | 1 | NAND,JZ | binary | 4 | 2^4 | 16.89 | 254.35 | complete |
| 1 | exp03_w1_nand_skz | 2 | 5 | 1 | 1 | NAND,SKZ | unary | 4 | 2^2 | 12.43 | 345.63 | complete |
| 1 | exp03_w1_nand_skz_bin | 2 | 5 | 1 | 1 | NAND,SKZ | binary | 4 | 2^4 | 21.83 | 196.72 | complete |
| 2 | exp03_w2_o1_bin | 2 | 4 | 2 | 1 | NAND,JZ | binary | 2131 | 2^32 | 42.35 | 101.41 | complete |
| 2 | exp03_w2_o1 | 2 | 4 | 2 | 1 | NAND,JZ | unary | 12 | 2^8 | 13.42 | 320.05 | complete |
| 2 | exp03_w2_o1_swap_bin | 2 | 4 | 2 | 1 | SWAP,SKNZ | binary | 8 | 2^32 | 48.87 | 87.89 | complete |
| 2 | exp03_w2_o1_swap | 2 | 4 | 2 | 1 | SWAP,SKNZ | unary | 2 | 2^8 | 19.14 | 224.37 | complete |
| 4 | exp03_w4_o2_add_bin | 2 | 3 | 4 | 2 | SWAP,ADD,NAND,SKZ | binary | 24684247 | 2^1024 | 840.87 | 5.11 | complete |
| 4 | exp03_w4_o3_swap_bin | 2 | 3 | 4 | 3 | SWAP,LDI,NAND,ADD,ROL,SKNZ,INC,HALT | binary | 7690892 | 2^1024 | 438.23 | 9.8 | complete |
| 4 | exp03_w4_o2_add | 2 | 3 | 4 | 2 | SWAP,ADD,NAND,SKZ | unary | 1829051 | 2^64 | 54.97 | 78.13 | complete |
| 4 | exp03_w4_o3_swap | 2 | 3 | 4 | 3 | SWAP,LDI,NAND,ADD,ROL,SKNZ,INC,HALT | unary | 1463824 | 2^64 | 29.79 | 144.18 | complete |
| 4 | exp03_w4_o3_core_bin | 2 | 3 | 4 | 3 | LD,ST,LDI,NAND,ADD,SHL,JZ,HALT | binary | 1020901 | 2^1024 | 397.64 | 10.8 | complete |
| 4 | exp03_w4_o4_full | 1 | 3 | 4 | 4 | LD,ST,NOT,AND,OR,XOR,ADD,SUB,INC,DEC,SHL,SHR,ROL,SKZ,SKNZ,HALT | unary | 977928 | 2^64 | 42.99 | 99.91 | complete |
| 4 | exp03_w4_o4_full_bin | 1 | 3 | 4 | 4 | LD,ST,NOT,AND,OR,XOR,ADD,SUB,INC,DEC,SHL,SHR,ROL,SKZ,SKNZ,HALT | binary | 977928 | 2^1024 | 649.57 | 6.61 | complete |
| 4 | exp03_w4_o3_arith_bin | 2 | 3 | 4 | 3 | LD,ST,ADD,SUB,SHL,SHR,JNZ,HALT | binary | 339877 | 2^1024 | 474.82 | 9.05 | complete |
| 4 | exp03_w4_o3_core | 2 | 3 | 4 | 3 | LD,ST,LDI,NAND,ADD,SHL,JZ,HALT | unary | 62880 | 2^64 | 27.05 | 158.79 | complete |
| 4 | exp03_w4_o3_arith | 2 | 3 | 4 | 3 | LD,ST,ADD,SUB,SHL,SHR,JNZ,HALT | unary | 24420 | 2^64 | 35.02 | 122.64 | complete |
| 4 | exp03_w4_o2_nand_bin | 2 | 3 | 4 | 2 | LD,ST,NAND,JZ | binary | 17827 | 2^1024 | 587.79 | 7.31 | complete |
| 4 | exp03_w4_o3_bool_bin | 2 | 3 | 4 | 3 | LD,ST,NOT,AND,OR,XOR,SKZ,HALT | binary | 11946 | 2^1024 | 331.58 | 12.95 | complete |
| 4 | exp03_w4_o2_nand | 2 | 3 | 4 | 2 | LD,ST,NAND,JZ | unary | 16 | 2^64 | 41.01 | 104.72 | complete |
| 4 | exp03_w4_o3_bool | 2 | 3 | 4 | 3 | LD,ST,NOT,AND,OR,XOR,SKZ,HALT | unary | 16 | 2^64 | 20.95 | 205.03 | complete |
| 8 | exp03_w8_o4 | 4 | 2 | 8 | 4 | LD,ST,LDI,NOT,AND,OR,XOR,ADD,SUB,SHL,SHR,JMP,JZ,JC,SWAP,HALT | unary | 7119 | 2^2048 | 677.31 | 6.34 | complete |

## Highest counts among completed candidates

- W=1, binary: exp03_w1_nand_jz_bin, exp03_w1_nand_skz_bin (4 operators).
- W=1, unary: exp03_w1_nand_jz, exp03_w1_nand_skz (4 operators).
- W=2, binary: exp03_w2_o1_bin (2131 operators).
- W=2, unary: exp03_w2_o1 (12 operators).
- W=4, binary: exp03_w4_o2_add_bin (24684247 operators).
- W=4, unary: exp03_w4_o2_add (1829051 operators).
- W=8, unary: exp03_w8_o4 (7119 operators).

These rankings compare only the configured candidate ISAs; they do not prove global optimality.
All runs use layout L3 (address 0 aliases A), so no memory-layout winner is established.
Raw shards and minimum-program witnesses are in results/shards/ on the coordinator and producing worker.
W<=4 unary and W<=2 binary use exact keys; larger tables are represented by hashes.
GPU engines do not report halt/loop/budget distributions. W=8 binary exceeds the current GPU table limit.
