w1_nand_jz: 64 shards in 1 verified archive(s)
w1_nand_jz_bin: 64 shards in 1 verified archive(s)
w1_nand_skz: 64 shards in 1 verified archive(s)
w1_nand_skz_bin: 64 shards in 1 verified archive(s)
w2_o1: 64 shards in 1 verified archive(s)
w2_o1_bin: 64 shards in 1 verified archive(s)
w2_o1_swap: 64 shards in 1 verified archive(s)
w2_o1_swap_bin: 64 shards in 1 verified archive(s)
w4_o2_add: 64 shards in 10 verified archive(s)
w4_o2_add_bin: 64 shards in 62 verified archive(s)
w4_o2_nand: 64 shards in 1 verified archive(s)
w4_o2_nand_bin: 64 shards in 1 verified archive(s)
w4_o3_arith: 64 shards in 1 verified archive(s)
w4_o3_arith_bin: 64 shards in 3 verified archive(s)
w4_o3_bool: 64 shards in 1 verified archive(s)
w4_o3_bool_bin: 64 shards in 1 verified archive(s)
w4_o3_core: 64 shards in 1 verified archive(s)
w4_o3_core_bin: 64 shards in 5 verified archive(s)
w4_o3_swap: 64 shards in 6 verified archive(s)
w4_o3_swap_bin: 64 shards in 32 verified archive(s)
w4_o4_full: 64 shards in 7 verified archive(s)
w4_o4_full_bin: 64 shards in 7 verified archive(s)
w8_o4: 64 shards in 1 verified archive(s)
w4_codex_shr_mul: 64 shards in 9 verified archive(s)
w4_i8_o3: 64 shards in 1 verified archive(s)
w4_i8_o4: 64 shards in 1 verified archive(s)
w4_o2_adc: 64 shards in 40 verified archive(s)
w4_o2_add_jc: 64 shards in 44 verified archive(s)
w4_o2_add_jz: 64 shards in 31 verified archive(s)
w4_o2_add_sknz: 64 shards in 6 verified archive(s)
w4_o2_nocond: 64 shards in 6 verified archive(s)
w4_o2_rol: 64 shards in 8 verified archive(s)
w4_o2_shr: 64 shards in 2 verified archive(s)
w4_o2_sub: 64 shards in 6 verified archive(s)
w4_o2_xor: 64 shards in 4 verified archive(s)
w4_o2_xor_shr: 64 shards in 4 verified archive(s)
w4_prop_combined: 64 shards in 1 verified archive(s)
