[1] Uploading results/witnesses/w4_codex_shr_mul.part01.zip
[2] Uploading results/witnesses/w4_codex_shr_mul.part02.zip
[3] Uploading results/witnesses/w4_codex_shr_mul.part03.zip
[4] Uploading results/witnesses/w4_codex_shr_mul.part04.zip
[5] Uploading results/witnesses/w4_codex_shr_mul.part05.zip
[6] Uploading results/witnesses/w4_codex_shr_mul.part06.zip
[7] Uploading results/witnesses/w4_codex_shr_mul.part07.zip
[8] Uploading results/witnesses/w4_codex_shr_mul.part08.zip
[9] Uploading results/witnesses/w4_codex_shr_mul.part09.zip
[10] Uploading results/witnesses/w4_i8_o3.part01.zip
[11] Uploading results/witnesses/w4_i8_o4.part01.zip
[12] Uploading results/witnesses/w4_o2_adc.part01.zip
[13] Uploading results/witnesses/w4_o2_adc.part02.zip
[14] Uploading results/witnesses/w4_o2_adc.part03.zip
[15] Uploading results/witnesses/w4_o2_adc.part04.zip
[16] Uploading results/witnesses/w4_o2_adc.part05.zip
[17] Uploading results/witnesses/w4_o2_adc.part06.zip
[18] Uploading results/witnesses/w4_o2_adc.part07.zip
[19] Uploading results/witnesses/w4_o2_adc.part08.zip
[20] Uploading results/witnesses/w4_o2_adc.part09.zip
[21] Uploading results/witnesses/w4_o2_adc.part10.zip
[22] Uploading results/witnesses/w4_o2_adc.part11.zip
[23] Uploading results/witnesses/w4_o2_adc.part12.zip
[24] Uploading results/witnesses/w4_o2_adc.part13.zip
[25] Uploading results/witnesses/w4_o2_adc.part14.zip
[26] Uploading results/witnesses/w4_o2_adc.part15.zip
[27] Uploading results/witnesses/w4_o2_adc.part16.zip
[28] Uploading results/witnesses/w4_o2_adc.part17.zip
[29] Uploading results/witnesses/w4_o2_adc.part18.zip
[30] Uploading results/witnesses/w4_o2_adc.part19.zip
[31] Uploading results/witnesses/w4_o2_adc.part20.zip
[32] Uploading results/witnesses/w4_o2_adc.part21.zip
[33] Uploading results/witnesses/w4_o2_adc.part22.zip
[34] Uploading results/witnesses/w4_o2_adc.part23.zip
[35] Uploading results/witnesses/w4_o2_adc.part24.zip
[36] Uploading results/witnesses/w4_o2_adc.part25.zip
[37] Uploading results/witnesses/w4_o2_adc.part26.zip
[38] Uploading results/witnesses/w4_o2_adc.part27.zip
[39] Uploading results/witnesses/w4_o2_adc.part28.zip
[40] Uploading results/witnesses/w4_o2_adc.part29.zip
[41] Uploading results/witnesses/w4_o2_adc.part30.zip
[42] Uploading results/witnesses/w4_o2_adc.part31.zip
[43] Uploading results/witnesses/w4_o2_adc.part32.zip
[44] Uploading results/witnesses/w4_o2_adc.part33.zip
[45] Uploading results/witnesses/w4_o2_adc.part34.zip
[46] Uploading results/witnesses/w4_o2_adc.part35.zip
[47] Uploading results/witnesses/w4_o2_adc.part36.zip
[48] Uploading results/witnesses/w4_o2_adc.part37.zip
[49] Uploading results/witnesses/w4_o2_adc.part38.zip
[50] Uploading results/witnesses/w4_o2_adc.part39.zip
[51] Uploading results/witnesses/w4_o2_adc.part40.zip
[52] Uploading results/witnesses/w4_o2_add_jc.part01.zip
[53] Uploading results/witnesses/w4_o2_add_jc.part02.zip
[54] Uploading results/witnesses/w4_o2_add_jc.part03.zip
[55] Uploading results/witnesses/w4_o2_add_jc.part04.zip
[56] Uploading results/witnesses/w4_o2_add_jc.part05.zip
[57] Uploading results/witnesses/w4_o2_add_jc.part06.zip
[58] Uploading results/witnesses/w4_o2_add_jc.part07.zip
[59] Uploading results/witnesses/w4_o2_add_jc.part08.zip
[60] Uploading results/witnesses/w4_o2_add_jc.part09.zip
[61] Uploading results/witnesses/w4_o2_add_jc.part10.zip
[62] Uploading results/witnesses/w4_o2_add_jc.part11.zip
[63] Uploading results/witnesses/w4_o2_add_jc.part12.zip
[64] Uploading results/witnesses/w4_o2_add_jc.part13.zip
[65] Uploading results/witnesses/w4_o2_add_jc.part14.zip
[66] Uploading results/witnesses/w4_o2_add_jc.part15.zip
[67] Uploading results/witnesses/w4_o2_add_jc.part16.zip
[68] Uploading results/witnesses/w4_o2_add_jc.part17.zip
[69] Uploading results/witnesses/w4_o2_add_jc.part18.zip
[70] Uploading results/witnesses/w4_o2_add_jc.part19.zip
[71] Uploading results/witnesses/w4_o2_add_jc.part20.zip
[72] Uploading results/witnesses/w4_o2_add_jc.part21.zip
[73] Uploading results/witnesses/w4_o2_add_jc.part22.zip
[74] Uploading results/witnesses/w4_o2_add_jc.part23.zip
[75] Uploading results/witnesses/w4_o2_add_jc.part24.zip
[76] Uploading results/witnesses/w4_o2_add_jc.part25.zip
[77] Uploading results/witnesses/w4_o2_add_jc.part26.zip
[78] Uploading results/witnesses/w4_o2_add_jc.part27.zip
[79] Uploading results/witnesses/w4_o2_add_jc.part28.zip
[80] Uploading results/witnesses/w4_o2_add_jc.part29.zip
[81] Uploading results/witnesses/w4_o2_add_jc.part30.zip
[82] Uploading results/witnesses/w4_o2_add_jc.part31.zip
[83] Uploading results/witnesses/w4_o2_add_jc.part32.zip
[84] Uploading results/witnesses/w4_o2_add_jc.part33.zip
[85] Uploading results/witnesses/w4_o2_add_jc.part34.zip
[86] Uploading results/witnesses/w4_o2_add_jc.part35.zip
[87] Uploading results/witnesses/w4_o2_add_jc.part36.zip
[88] Uploading results/witnesses/w4_o2_add_jc.part37.zip
[89] Uploading results/witnesses/w4_o2_add_jc.part38.zip
[90] Uploading results/witnesses/w4_o2_add_jc.part39.zip
[91] Uploading results/witnesses/w4_o2_add_jc.part40.zip
[92] Uploading results/witnesses/w4_o2_add_jc.part41.zip
[93] Uploading results/witnesses/w4_o2_add_jc.part42.zip
[94] Uploading results/witnesses/w4_o2_add_jc.part43.zip
[95] Uploading results/witnesses/w4_o2_add_jc.part44.zip
[96] Uploading results/witnesses/w4_o2_add_jz.part01.zip
[97] Uploading results/witnesses/w4_o2_add_jz.part02.zip
[98] Uploading results/witnesses/w4_o2_add_jz.part03.zip
[99] Uploading results/witnesses/w4_o2_add_jz.part04.zip
[100] Uploading results/witnesses/w4_o2_add_jz.part05.zip
[101] Uploading results/witnesses/w4_o2_add_jz.part06.zip
[102] Uploading results/witnesses/w4_o2_add_jz.part07.zip
[103] Uploading results/witnesses/w4_o2_add_jz.part08.zip
[104] Uploading results/witnesses/w4_o2_add_jz.part09.zip
[105] Uploading results/witnesses/w4_o2_add_jz.part10.zip
[106] Uploading results/witnesses/w4_o2_add_jz.part11.zip
[107] Uploading results/witnesses/w4_o2_add_jz.part12.zip
[108] Uploading results/witnesses/w4_o2_add_jz.part13.zip
[109] Uploading results/witnesses/w4_o2_add_jz.part14.zip
[110] Uploading results/witnesses/w4_o2_add_jz.part15.zip
[111] Uploading results/witnesses/w4_o2_add_jz.part16.zip
[112] Uploading results/witnesses/w4_o2_add_jz.part17.zip
[113] Uploading results/witnesses/w4_o2_add_jz.part18.zip
[114] Uploading results/witnesses/w4_o2_add_jz.part19.zip
[115] Uploading results/witnesses/w4_o2_add_jz.part20.zip
[116] Uploading results/witnesses/w4_o2_add_jz.part21.zip
[117] Uploading results/witnesses/w4_o2_add_jz.part22.zip
[118] Uploading results/witnesses/w4_o2_add_jz.part23.zip
[119] Uploading results/witnesses/w4_o2_add_jz.part24.zip
[120] Uploading results/witnesses/w4_o2_add_jz.part25.zip
[121] Uploading results/witnesses/w4_o2_add_jz.part26.zip
[122] Uploading results/witnesses/w4_o2_add_jz.part27.zip
[123] Uploading results/witnesses/w4_o2_add_jz.part28.zip
[124] Uploading results/witnesses/w4_o2_add_jz.part29.zip
[125] Uploading results/witnesses/w4_o2_add_jz.part30.zip
[126] Uploading results/witnesses/w4_o2_add_jz.part31.zip
[127] Uploading results/witnesses/w4_o2_add_sknz.part01.zip
[128] Uploading results/witnesses/w4_o2_add_sknz.part02.zip
[129] Uploading results/witnesses/w4_o2_add_sknz.part03.zip
[130] Uploading results/witnesses/w4_o2_add_sknz.part04.zip
[131] Uploading results/witnesses/w4_o2_add_sknz.part05.zip
[132] Uploading results/witnesses/w4_o2_add_sknz.part06.zip
[133] Uploading results/witnesses/w4_o2_nocond.part01.zip
[134] Uploading results/witnesses/w4_o2_nocond.part02.zip
[135] Uploading results/witnesses/w4_o2_nocond.part03.zip
[136] Uploading results/witnesses/w4_o2_nocond.part04.zip
[137] Uploading results/witnesses/w4_o2_nocond.part05.zip
[138] Uploading results/witnesses/w4_o2_nocond.part06.zip
[139] Uploading results/witnesses/w4_o2_rol.part01.zip
[140] Uploading results/witnesses/w4_o2_rol.part02.zip
[141] Uploading results/witnesses/w4_o2_rol.part03.zip
[142] Uploading results/witnesses/w4_o2_rol.part04.zip
[143] Uploading results/witnesses/w4_o2_rol.part05.zip
[144] Uploading results/witnesses/w4_o2_rol.part06.zip
[145] Uploading results/witnesses/w4_o2_rol.part07.zip
[146] Uploading results/witnesses/w4_o2_rol.part08.zip
[147] Uploading results/witnesses/w4_o2_shr.part01.zip
[148] Uploading results/witnesses/w4_o2_shr.part02.zip
[149] Uploading results/witnesses/w4_o2_sub.part01.zip
[150] Uploading results/witnesses/w4_o2_sub.part02.zip
[151] Uploading results/witnesses/w4_o2_sub.part03.zip
[152] Uploading results/witnesses/w4_o2_sub.part04.zip
[153] Uploading results/witnesses/w4_o2_sub.part05.zip
[154] Uploading results/witnesses/w4_o2_sub.part06.zip
[155] Uploading results/witnesses/w4_o2_xor.part01.zip
[156] Uploading results/witnesses/w4_o2_xor.part02.zip
[157] Uploading results/witnesses/w4_o2_xor.part03.zip
[158] Uploading results/witnesses/w4_o2_xor.part04.zip
[159] Uploading results/witnesses/w4_o2_xor_shr.part01.zip
[160] Uploading results/witnesses/w4_o2_xor_shr.part02.zip
[161] Uploading results/witnesses/w4_o2_xor_shr.part03.zip
[162] Uploading results/witnesses/w4_o2_xor_shr.part04.zip
[163] Uploading results/witnesses/w4_prop_combined.part01.zip
UPLOAD COMPLETE: 163 archives
exit 0
