   Compiling u1map v0.1.0 (/home/ender/universe-1/mapper)
warning: methods `program_count` and `encode` are never used
  --> src/machine.rs:72:12
   |
52 | impl Config {
   | ----------- methods in this implementation
...
72 |     pub fn program_count(&self) -> u128 { 1u128 << self.program_bits() }
   |            ^^^^^^^^^^^^^
...
86 |     pub fn encode(&self, code: &[(Prim, u32)]) -> Option<u64> {
   |            ^^^^^^
   |
   = note: `#[warn(dead_code)]` (part of `#[warn(unused)]`) on by default

warning: method `run` is never used
   --> src/machine.rs:140:12
    |
136 | impl<'a> Machine<'a> {
    | -------------------- method in this implementation
...
140 |     pub fn run(&self, sc: &mut Scratch, pb: u64, x: u32, y: Option<u32>) -> RunResult {
    |            ^^^

warning: fields `lo` and `hi` are never read
  --> src/shard.rs:10:41
   |
10 | pub struct Shard { pub cfg: Config, pub lo: u64, pub hi: u64, pub recs: Vec<((u64, u64), u32)> }
   |            ----- fields in this struct  ^^           ^^

warning: `u1map` (bin "u1map") generated 3 warnings
    Finished `release` profile [optimized] target(s) in 8.52s
