tick       0 alive    52687 genomes   52687 energy    64.0 births 0 deaths 0 (0.0s) NVIDIA GeForce RTX 3060
tick    1000 alive   205080 genomes   86954 energy   112.0 births 2210239 deaths 2057846 (2.7s) NVIDIA GeForce RTX 3060
tick    2000 alive   580940 genomes  228305 energy   117.9 births 10147489 deaths 9771629 (8.7s) NVIDIA GeForce RTX 3060
tick    3000 alive   706813 genomes  239540 energy   139.2 births 14741321 deaths 14615448 (17.2s) NVIDIA GeForce RTX 3060
tick    4000 alive   742845 genomes  206558 energy   159.2 births 13069217 deaths 13033185 (25.5s) NVIDIA GeForce RTX 3060
tick    5000 alive   796667 genomes  194484 energy   169.6 births 11909030 deaths 11855208 (33.5s) NVIDIA GeForce RTX 3060
tick    6000 alive   830230 genomes  187926 energy   174.9 births 11508457 deaths 11474894 (41.5s) NVIDIA GeForce RTX 3060
tick    7000 alive   837187 genomes  182751 energy   177.8 births 11130506 deaths 11123549 (49.5s) NVIDIA GeForce RTX 3060
tick    8000 alive   828417 genomes  177805 energy   179.3 births 10725168 deaths 10733938 (57.5s) NVIDIA GeForce RTX 3060
tick    9000 alive   816560 genomes  172191 energy   180.0 births 10412422 deaths 10424279 (65.5s) NVIDIA GeForce RTX 3060
tick   10000 alive   810159 genomes  167361 energy   179.6 births 10205057 deaths 10211458 (73.4s) NVIDIA GeForce RTX 3060
tick   11000 alive   810890 genomes  161054 energy   179.1 births 10152480 deaths 10151749 (81.3s) NVIDIA GeForce RTX 3060
tick   12000 alive   816179 genomes  154300 energy   178.2 births 10234149 deaths 10228860 (89.3s) NVIDIA GeForce RTX 3060
tick   13000 alive   832004 genomes  150633 energy   177.2 births 10525161 deaths 10509336 (97.3s) NVIDIA GeForce RTX 3060
tick   14000 alive   843166 genomes  146252 energy   177.5 births 10684028 deaths 10672866 (105.3s) NVIDIA GeForce RTX 3060
tick   15000 alive   850218 genomes  141582 energy   177.7 births 10757102 deaths 10750050 (113.2s) NVIDIA GeForce RTX 3060
tick   16000 alive   855449 genomes  139111 energy   177.8 births 10792404 deaths 10787173 (121.2s) NVIDIA GeForce RTX 3060
tick   17000 alive   862093 genomes  135427 energy   178.0 births 10839410 deaths 10832766 (129.1s) NVIDIA GeForce RTX 3060
tick   18000 alive   859288 genomes  133424 energy   177.7 births 10828481 deaths 10831286 (137.1s) NVIDIA GeForce RTX 3060
tick   19000 alive   862298 genomes  131659 energy   177.5 births 10832246 deaths 10829236 (145.0s) NVIDIA GeForce RTX 3060
tick   20000 alive   862711 genomes  130485 energy   177.3 births 10906363 deaths 10905950 (152.9s) NVIDIA GeForce RTX 3060
tick   21000 alive   860155 genomes  128481 energy   177.3 births 10932866 deaths 10935422 (160.8s) NVIDIA GeForce RTX 3060
tick   22000 alive   862637 genomes  127302 energy   177.5 births 10884370 deaths 10881888 (168.8s) NVIDIA GeForce RTX 3060
tick   23000 alive   865874 genomes  127494 energy   177.8 births 10938760 deaths 10935523 (176.7s) NVIDIA GeForce RTX 3060
tick   24000 alive   865014 genomes  125670 energy   177.8 births 10925323 deaths 10926183 (184.7s) NVIDIA GeForce RTX 3060
tick   25000 alive   861455 genomes  124580 energy   178.0 births 10873805 deaths 10877364 (192.6s) NVIDIA GeForce RTX 3060
tick   26000 alive   863073 genomes  124737 energy   177.8 births 10867341 deaths 10865723 (200.5s) NVIDIA GeForce RTX 3060
tick   27000 alive   861272 genomes  124480 energy   177.7 births 10891225 deaths 10893026 (208.5s) NVIDIA GeForce RTX 3060
tick   28000 alive   861804 genomes  123376 energy   177.4 births 10871214 deaths 10870682 (216.4s) NVIDIA GeForce RTX 3060
tick   29000 alive   861754 genomes  121096 energy   177.0 births 10954348 deaths 10954398 (224.4s) NVIDIA GeForce RTX 3060
tick   30000 alive   861340 genomes  118816 energy   177.5 births 10962668 deaths 10963082 (232.4s) NVIDIA GeForce RTX 3060
tick   31000 alive   867094 genomes  117300 energy   177.7 births 10975539 deaths 10969785 (240.3s) NVIDIA GeForce RTX 3060
tick   32000 alive   865619 genomes  117230 energy   177.9 births 10974986 deaths 10976461 (248.3s) NVIDIA GeForce RTX 3060
tick   33000 alive   863466 genomes  117596 energy   177.9 births 10925196 deaths 10927349 (256.2s) NVIDIA GeForce RTX 3060
tick   34000 alive   863653 genomes  116918 energy   177.7 births 10930109 deaths 10929922 (264.1s) NVIDIA GeForce RTX 3060
tick   35000 alive   861209 genomes  115538 energy   177.6 births 10921286 deaths 10923730 (272.1s) NVIDIA GeForce RTX 3060
tick   36000 alive   863891 genomes  115500 energy   177.4 births 10943586 deaths 10940904 (280.0s) NVIDIA GeForce RTX 3060
tick   37000 alive   863524 genomes  113867 energy   177.7 births 10919897 deaths 10920264 (287.9s) NVIDIA GeForce RTX 3060
tick   38000 alive   864421 genomes  111773 energy   178.2 births 10849511 deaths 10848614 (295.8s) NVIDIA GeForce RTX 3060
tick   39000 alive   864986 genomes  111415 energy   177.6 births 10863720 deaths 10863155 (303.8s) NVIDIA GeForce RTX 3060
tick   40000 alive   868901 genomes  111611 energy   177.6 births 10922928 deaths 10919013 (311.7s) NVIDIA GeForce RTX 3060
tick   41000 alive   863936 genomes  111751 energy   177.7 births 10867108 deaths 10872073 (319.6s) NVIDIA GeForce RTX 3060
tick   42000 alive   865834 genomes  111874 energy   178.0 births 10828269 deaths 10826371 (327.6s) NVIDIA GeForce RTX 3060
tick   43000 alive   866078 genomes  110636 energy   178.5 births 10776720 deaths 10776476 (335.5s) NVIDIA GeForce RTX 3060
tick   44000 alive   870810 genomes  111563 energy   178.9 births 10699189 deaths 10694457 (343.4s) NVIDIA GeForce RTX 3060
tick   45000 alive   869184 genomes  112706 energy   179.4 births 10667476 deaths 10669102 (351.4s) NVIDIA GeForce RTX 3060
tick   46000 alive   869131 genomes  112548 energy   179.5 births 10603840 deaths 10603893 (359.4s) NVIDIA GeForce RTX 3060
tick   47000 alive   865185 genomes  112428 energy   179.4 births 10511212 deaths 10515158 (367.4s) NVIDIA GeForce RTX 3060
tick   48000 alive   866714 genomes  111356 energy   179.0 births 10551677 deaths 10550148 (375.4s) NVIDIA GeForce RTX 3060
tick   49000 alive   867903 genomes  110070 energy   178.5 births 10588678 deaths 10587489 (383.4s) NVIDIA GeForce RTX 3060
tick   50000 alive   871562 genomes  109053 energy   178.2 births 10630508 deaths 10626849 (391.4s) NVIDIA GeForce RTX 3060
tick   51000 alive   870816 genomes  108340 energy   177.8 births 10681676 deaths 10682422 (399.4s) NVIDIA GeForce RTX 3060
tick   52000 alive   872500 genomes  108113 energy   177.4 births 10763732 deaths 10762048 (407.4s) NVIDIA GeForce RTX 3060
tick   53000 alive   872100 genomes  107752 energy   177.8 births 10775514 deaths 10775914 (415.5s) NVIDIA GeForce RTX 3060
tick   54000 alive   875249 genomes  106878 energy   177.8 births 10765835 deaths 10762686 (423.5s) NVIDIA GeForce RTX 3060
tick   55000 alive   880537 genomes  106712 energy   178.4 births 10745096 deaths 10739808 (431.5s) NVIDIA GeForce RTX 3060
tick   56000 alive   882360 genomes  105106 energy   179.4 births 10689900 deaths 10688077 (439.5s) NVIDIA GeForce RTX 3060
tick   57000 alive   883327 genomes  104127 energy   179.4 births 10622417 deaths 10621450 (447.5s) NVIDIA GeForce RTX 3060
tick   58000 alive   882696 genomes  104048 energy   180.1 births 10606901 deaths 10607532 (455.5s) NVIDIA GeForce RTX 3060
tick   59000 alive   879803 genomes  103965 energy   180.4 births 10510979 deaths 10513872 (463.5s) NVIDIA GeForce RTX 3060
tick   60000 alive   883430 genomes  102865 energy   180.2 births 10499028 deaths 10495401 (471.4s) NVIDIA GeForce RTX 3060
tick   61000 alive   887753 genomes  102040 energy   180.3 births 10513008 deaths 10508685 (479.4s) NVIDIA GeForce RTX 3060
tick   62000 alive   889766 genomes  101841 energy   180.2 births 10583176 deaths 10581163 (487.4s) NVIDIA GeForce RTX 3060
tick   63000 alive   891052 genomes  101178 energy   180.0 births 10648309 deaths 10647023 (495.4s) NVIDIA GeForce RTX 3060
tick   64000 alive   890137 genomes  101209 energy   180.0 births 10688086 deaths 10689001 (503.5s) NVIDIA GeForce RTX 3060
tick   65000 alive   890745 genomes  101199 energy   179.8 births 10655829 deaths 10655221 (511.5s) NVIDIA GeForce RTX 3060
tick   66000 alive   890147 genomes  100954 energy   179.5 births 10704676 deaths 10705274 (519.5s) NVIDIA GeForce RTX 3060
tick   67000 alive   886630 genomes  100810 energy   179.4 births 10726713 deaths 10730230 (527.5s) NVIDIA GeForce RTX 3060
tick   68000 alive   889840 genomes  101300 energy   179.3 births 10749830 deaths 10746620 (535.5s) NVIDIA GeForce RTX 3060
tick   69000 alive   889986 genomes   99929 energy   179.1 births 10789261 deaths 10789115 (543.6s) NVIDIA GeForce RTX 3060
tick   70000 alive   887359 genomes   99983 energy   178.6 births 10808449 deaths 10811076 (551.6s) NVIDIA GeForce RTX 3060
tick   71000 alive   889180 genomes   99623 energy   178.2 births 10849207 deaths 10847386 (559.6s) NVIDIA GeForce RTX 3060
tick   72000 alive   888096 genomes   98247 energy   178.3 births 10878989 deaths 10880073 (567.7s) NVIDIA GeForce RTX 3060
tick   73000 alive   890808 genomes   97394 energy   178.3 births 10888357 deaths 10885645 (575.7s) NVIDIA GeForce RTX 3060
tick   74000 alive   890951 genomes   96416 energy   178.0 births 10922795 deaths 10922652 (583.7s) NVIDIA GeForce RTX 3060
tick   75000 alive   891231 genomes   95378 energy   178.5 births 10955031 deaths 10954751 (591.7s) NVIDIA GeForce RTX 3060
tick   76000 alive   894027 genomes   94008 energy   178.3 births 10881942 deaths 10879146 (599.6s) NVIDIA GeForce RTX 3060
tick   77000 alive   895863 genomes   93232 energy   178.3 births 10922304 deaths 10920468 (607.6s) NVIDIA GeForce RTX 3060
tick   78000 alive   898396 genomes   91922 energy   178.9 births 10946085 deaths 10943552 (615.5s) NVIDIA GeForce RTX 3060
tick   79000 alive   898382 genomes   89937 energy   179.4 births 10870865 deaths 10870879 (623.4s) NVIDIA GeForce RTX 3060
tick   80000 alive   899880 genomes   88650 energy   179.6 births 10824529 deaths 10823031 (631.4s) NVIDIA GeForce RTX 3060
tick   81000 alive   898313 genomes   88575 energy   179.8 births 10754139 deaths 10755706 (639.3s) NVIDIA GeForce RTX 3060
tick   82000 alive   894098 genomes   89081 energy   180.1 births 10655583 deaths 10659798 (647.2s) NVIDIA GeForce RTX 3060
tick   83000 alive   896928 genomes   88331 energy   180.5 births 10624470 deaths 10621640 (655.1s) NVIDIA GeForce RTX 3060
tick   84000 alive   895435 genomes   88574 energy   179.7 births 10620948 deaths 10622441 (663.0s) NVIDIA GeForce RTX 3060
tick   85000 alive   897883 genomes   90398 energy   179.1 births 10712887 deaths 10710439 (670.9s) NVIDIA GeForce RTX 3060
tick   86000 alive   899252 genomes   90463 energy   179.6 births 10705415 deaths 10704046 (678.9s) NVIDIA GeForce RTX 3060
tick   87000 alive   901884 genomes   91557 energy   179.9 births 10678455 deaths 10675823 (686.8s) NVIDIA GeForce RTX 3060
tick   88000 alive   902732 genomes   92544 energy   180.2 births 10683562 deaths 10682714 (694.8s) NVIDIA GeForce RTX 3060
tick   89000 alive   904839 genomes   92488 energy   180.7 births 10675264 deaths 10673157 (702.8s) NVIDIA GeForce RTX 3060
tick   90000 alive   902863 genomes   93355 energy   180.9 births 10598551 deaths 10600527 (710.8s) NVIDIA GeForce RTX 3060
tick   91000 alive   902647 genomes   92873 energy   180.8 births 10554468 deaths 10554684 (718.8s) NVIDIA GeForce RTX 3060
tick   92000 alive   898108 genomes   92708 energy   181.0 births 10516691 deaths 10521230 (726.7s) NVIDIA GeForce RTX 3060
tick   93000 alive   899081 genomes   91443 energy   181.3 births 10494368 deaths 10493395 (734.7s) NVIDIA GeForce RTX 3060
tick   94000 alive   900488 genomes   90928 energy   181.2 births 10438899 deaths 10437492 (742.7s) NVIDIA GeForce RTX 3060
tick   95000 alive   901570 genomes   90749 energy   181.0 births 10414786 deaths 10413704 (750.7s) NVIDIA GeForce RTX 3060
tick   96000 alive   898131 genomes   91395 energy   180.3 births 10442064 deaths 10445503 (758.7s) NVIDIA GeForce RTX 3060
tick   97000 alive   901324 genomes   90887 energy   179.9 births 10536074 deaths 10532881 (766.7s) NVIDIA GeForce RTX 3060
tick   98000 alive   899316 genomes   91028 energy   179.7 births 10605140 deaths 10607148 (774.7s) NVIDIA GeForce RTX 3060
tick   99000 alive   901939 genomes   91821 energy   179.4 births 10614309 deaths 10611686 (782.7s) NVIDIA GeForce RTX 3060
tick  100000 alive   904414 genomes   91997 energy   179.8 births 10632000 deaths 10629525 (790.7s) NVIDIA GeForce RTX 3060
tick  101000 alive   903308 genomes   91973 energy   180.1 births 10612439 deaths 10613545 (798.7s) NVIDIA GeForce RTX 3060
tick  102000 alive   901399 genomes   91874 energy   179.7 births 10589062 deaths 10590971 (806.7s) NVIDIA GeForce RTX 3060
tick  103000 alive   903101 genomes   90735 energy   179.5 births 10613808 deaths 10612106 (814.7s) NVIDIA GeForce RTX 3060
tick  104000 alive   901916 genomes   89802 energy   179.6 births 10619041 deaths 10620226 (822.7s) NVIDIA GeForce RTX 3060
tick  105000 alive   900306 genomes   89712 energy   179.7 births 10573339 deaths 10574949 (830.8s) NVIDIA GeForce RTX 3060
tick  106000 alive   902747 genomes   87693 energy   180.3 births 10499602 deaths 10497161 (838.8s) NVIDIA GeForce RTX 3060
tick  107000 alive   902043 genomes   87611 energy   179.9 births 10473397 deaths 10474101 (846.8s) NVIDIA GeForce RTX 3060
tick  108000 alive   903304 genomes   86586 energy   180.1 births 10502065 deaths 10500804 (854.9s) NVIDIA GeForce RTX 3060
tick  109000 alive   905383 genomes   85375 energy   179.8 births 10509072 deaths 10506993 (862.9s) NVIDIA GeForce RTX 3060
tick  110000 alive   907333 genomes   84253 energy   179.5 births 10547664 deaths 10545714 (871.0s) NVIDIA GeForce RTX 3060
tick  111000 alive   909356 genomes   83840 energy   179.8 births 10565026 deaths 10563003 (879.0s) NVIDIA GeForce RTX 3060
tick  112000 alive   907052 genomes   83030 energy   180.0 births 10517288 deaths 10519592 (887.1s) NVIDIA GeForce RTX 3060
tick  113000 alive   909260 genomes   82955 energy   180.6 births 10469253 deaths 10467045 (895.1s) NVIDIA GeForce RTX 3060
tick  114000 alive   910565 genomes   82967 energy   180.5 births 10456599 deaths 10455294 (903.1s) NVIDIA GeForce RTX 3060
tick  115000 alive   909228 genomes   83059 energy   180.4 births 10425837 deaths 10427174 (911.2s) NVIDIA GeForce RTX 3060
tick  116000 alive   908983 genomes   82495 energy   181.0 births 10396417 deaths 10396662 (919.2s) NVIDIA GeForce RTX 3060
tick  117000 alive   909928 genomes   82485 energy   180.6 births 10388856 deaths 10387911 (927.2s) NVIDIA GeForce RTX 3060
tick  118000 alive   911479 genomes   81898 energy   180.7 births 10405209 deaths 10403658 (935.2s) NVIDIA GeForce RTX 3060
tick  119000 alive   911376 genomes   81247 energy   180.8 births 10404117 deaths 10404220 (943.3s) NVIDIA GeForce RTX 3060
tick  120000 alive   912973 genomes   80745 energy   181.3 births 10370494 deaths 10368897 (951.3s) NVIDIA GeForce RTX 3060
tick  121000 alive   909320 genomes   79772 energy   181.5 births 10270854 deaths 10274507 (959.3s) NVIDIA GeForce RTX 3060
tick  122000 alive   912355 genomes   79335 energy   181.0 births 10303271 deaths 10300236 (967.4s) NVIDIA GeForce RTX 3060
tick  123000 alive   914204 genomes   78563 energy   181.0 births 10363663 deaths 10361814 (975.4s) NVIDIA GeForce RTX 3060
tick  124000 alive   913005 genomes   77723 energy   181.0 births 10364520 deaths 10365719 (983.4s) NVIDIA GeForce RTX 3060
tick  125000 alive   912954 genomes   78136 energy   180.5 births 10403466 deaths 10403517 (991.5s) NVIDIA GeForce RTX 3060
tick  126000 alive   910279 genomes   77332 energy   180.3 births 10403916 deaths 10406591 (999.5s) NVIDIA GeForce RTX 3060
tick  127000 alive   909906 genomes   76652 energy   180.8 births 10373388 deaths 10373761 (1007.5s) NVIDIA GeForce RTX 3060
tick  128000 alive   912990 genomes   76875 energy   180.6 births 10354810 deaths 10351726 (1015.6s) NVIDIA GeForce RTX 3060
tick  129000 alive   912954 genomes   76821 energy   181.1 births 10336803 deaths 10336839 (1023.6s) NVIDIA GeForce RTX 3060
tick  130000 alive   913020 genomes   77231 energy   180.9 births 10277152 deaths 10277086 (1031.7s) NVIDIA GeForce RTX 3060
tick  131000 alive   911553 genomes   76781 energy   180.8 births 10244049 deaths 10245516 (1039.7s) NVIDIA GeForce RTX 3060
tick  132000 alive   908386 genomes   76770 energy   180.8 births 10256908 deaths 10260075 (1047.7s) NVIDIA GeForce RTX 3060
tick  133000 alive   910207 genomes   76483 energy   180.6 births 10254930 deaths 10253109 (1055.7s) NVIDIA GeForce RTX 3060
tick  134000 alive   914375 genomes   76683 energy   180.5 births 10291993 deaths 10287825 (1063.8s) NVIDIA GeForce RTX 3060
tick  135000 alive   913461 genomes   77489 energy   180.5 births 10359443 deaths 10360357 (1071.8s) NVIDIA GeForce RTX 3060
tick  136000 alive   916968 genomes   78070 energy   180.8 births 10337543 deaths 10334036 (1079.8s) NVIDIA GeForce RTX 3060
tick  137000 alive   917329 genomes   78534 energy   181.1 births 10340383 deaths 10340022 (1087.9s) NVIDIA GeForce RTX 3060
tick  138000 alive   917064 genomes   79685 energy   181.1 births 10365380 deaths 10365645 (1095.9s) NVIDIA GeForce RTX 3060
tick  139000 alive   916798 genomes   79124 energy   181.4 births 10320003 deaths 10320269 (1103.9s) NVIDIA GeForce RTX 3060
tick  140000 alive   916916 genomes   79060 energy   181.8 births 10279524 deaths 10279406 (1111.9s) NVIDIA GeForce RTX 3060
tick  141000 alive   916634 genomes   78960 energy   181.9 births 10202598 deaths 10202880 (1120.0s) NVIDIA GeForce RTX 3060
tick  142000 alive   915514 genomes   78628 energy   182.2 births 10165572 deaths 10166692 (1128.0s) NVIDIA GeForce RTX 3060
tick  143000 alive   916928 genomes   77861 energy   182.4 births 10097160 deaths 10095746 (1136.0s) NVIDIA GeForce RTX 3060
tick  144000 alive   920905 genomes   77863 energy   182.0 births 10137883 deaths 10133906 (1144.0s) NVIDIA GeForce RTX 3060
tick  145000 alive   919251 genomes   76905 energy   181.7 births 10233658 deaths 10235312 (1152.1s) NVIDIA GeForce RTX 3060
tick  146000 alive   922732 genomes   76768 energy   181.1 births 10273374 deaths 10269893 (1160.1s) NVIDIA GeForce RTX 3060
tick  147000 alive   925032 genomes   76147 energy   181.0 births 10352174 deaths 10349874 (1168.1s) NVIDIA GeForce RTX 3060
tick  148000 alive   926294 genomes   76722 energy   180.6 births 10442646 deaths 10441384 (1176.1s) NVIDIA GeForce RTX 3060
tick  149000 alive   922736 genomes   76846 energy   180.9 births 10462059 deaths 10465617 (1184.1s) NVIDIA GeForce RTX 3060
tick  150000 alive   921191 genomes   76508 energy   181.2 births 10326769 deaths 10328314 (1192.1s) NVIDIA GeForce RTX 3060
tick  151000 alive   922014 genomes   76913 energy   181.6 births 10297993 deaths 10297170 (1200.1s) NVIDIA GeForce RTX 3060
tick  152000 alive   919436 genomes   76880 energy   181.5 births 10253757 deaths 10256335 (1208.1s) NVIDIA GeForce RTX 3060
tick  153000 alive   922486 genomes   76908 energy   181.8 births 10261840 deaths 10258790 (1216.1s) NVIDIA GeForce RTX 3060
tick  154000 alive   923604 genomes   76685 energy   181.6 births 10285106 deaths 10283988 (1224.1s) NVIDIA GeForce RTX 3060
tick  155000 alive   925188 genomes   76674 energy   181.2 births 10334794 deaths 10333210 (1232.1s) NVIDIA GeForce RTX 3060
tick  156000 alive   925372 genomes   76626 energy   181.4 births 10340408 deaths 10340224 (1240.1s) NVIDIA GeForce RTX 3060
tick  157000 alive   924724 genomes   76658 energy   181.3 births 10371997 deaths 10372645 (1248.1s) NVIDIA GeForce RTX 3060
tick  158000 alive   924105 genomes   77353 energy   180.9 births 10382171 deaths 10382790 (1256.1s) NVIDIA GeForce RTX 3060
tick  159000 alive   922029 genomes   77562 energy   181.1 births 10390286 deaths 10392362 (1264.1s) NVIDIA GeForce RTX 3060
tick  160000 alive   919907 genomes   77857 energy   181.1 births 10339139 deaths 10341261 (1272.1s) NVIDIA GeForce RTX 3060
tick  161000 alive   922237 genomes   78320 energy   181.4 births 10321520 deaths 10319190 (1280.2s) NVIDIA GeForce RTX 3060
tick  162000 alive   918901 genomes   79165 energy   181.4 births 10310399 deaths 10313735 (1288.2s) NVIDIA GeForce RTX 3060
tick  163000 alive   913707 genomes   79468 energy   181.4 births 10272902 deaths 10278096 (1296.2s) NVIDIA GeForce RTX 3060
tick  164000 alive   913676 genomes   79730 energy   181.8 births 10211470 deaths 10211501 (1304.2s) NVIDIA GeForce RTX 3060
tick  165000 alive   917048 genomes   79901 energy   181.7 births 10211709 deaths 10208337 (1312.2s) NVIDIA GeForce RTX 3060
tick  166000 alive   918911 genomes   79537 energy   181.9 births 10221652 deaths 10219789 (1320.2s) NVIDIA GeForce RTX 3060
tick  167000 alive   917888 genomes   79112 energy   181.5 births 10235152 deaths 10236175 (1328.2s) NVIDIA GeForce RTX 3060
tick  168000 alive   916990 genomes   78446 energy   181.3 births 10251298 deaths 10252196 (1336.2s) NVIDIA GeForce RTX 3060
tick  169000 alive   916380 genomes   77621 energy   181.0 births 10337440 deaths 10338050 (1344.2s) NVIDIA GeForce RTX 3060
tick  170000 alive   916469 genomes   76656 energy   180.7 births 10360135 deaths 10360046 (1352.2s) NVIDIA GeForce RTX 3060
tick  171000 alive   920014 genomes   75630 energy   180.7 births 10374646 deaths 10371101 (1360.1s) NVIDIA GeForce RTX 3060
tick  172000 alive   918733 genomes   75950 energy   180.8 births 10378997 deaths 10380278 (1368.1s) NVIDIA GeForce RTX 3060
tick  173000 alive   922292 genomes   74733 energy   181.3 births 10376337 deaths 10372778 (1376.0s) NVIDIA GeForce RTX 3060
tick  174000 alive   921128 genomes   75040 energy   181.2 births 10365278 deaths 10366442 (1383.9s) NVIDIA GeForce RTX 3060
tick  175000 alive   920086 genomes   76001 energy   181.4 births 10341917 deaths 10342959 (1391.9s) NVIDIA GeForce RTX 3060
tick  176000 alive   919695 genomes   76246 energy   181.5 births 10297696 deaths 10298087 (1399.9s) NVIDIA GeForce RTX 3060
tick  177000 alive   920404 genomes   75790 energy   182.1 births 10262930 deaths 10262221 (1407.8s) NVIDIA GeForce RTX 3060
tick  178000 alive   918836 genomes   76528 energy   182.4 births 10215300 deaths 10216868 (1415.8s) NVIDIA GeForce RTX 3060
tick  179000 alive   918995 genomes   75975 energy   182.4 births 10147690 deaths 10147531 (1423.8s) NVIDIA GeForce RTX 3060
tick  180000 alive   921657 genomes   76577 energy   182.5 births 10151301 deaths 10148639 (1431.8s) NVIDIA GeForce RTX 3060
tick  181000 alive   924777 genomes   76938 energy   182.6 births 10217955 deaths 10214835 (1439.7s) NVIDIA GeForce RTX 3060
tick  182000 alive   922952 genomes   76827 energy   182.9 births 10190657 deaths 10192482 (1447.7s) NVIDIA GeForce RTX 3060
tick  183000 alive   923349 genomes   76607 energy   182.9 births 10152908 deaths 10152511 (1455.7s) NVIDIA GeForce RTX 3060
tick  184000 alive   924464 genomes   76534 energy   183.2 births 10133625 deaths 10132510 (1463.6s) NVIDIA GeForce RTX 3060
tick  185000 alive   922397 genomes   75084 energy   183.2 births 10092779 deaths 10094846 (1471.6s) NVIDIA GeForce RTX 3060
tick  186000 alive   922531 genomes   74937 energy   183.3 births 10081244 deaths 10081110 (1479.5s) NVIDIA GeForce RTX 3060
tick  187000 alive   920928 genomes   74062 energy   183.3 births 10041780 deaths 10043383 (1487.5s) NVIDIA GeForce RTX 3060
tick  188000 alive   920235 genomes   73855 energy   182.7 births 10093225 deaths 10093918 (1495.4s) NVIDIA GeForce RTX 3060
tick  189000 alive   917989 genomes   73768 energy   182.5 births 10124111 deaths 10126357 (1503.4s) NVIDIA GeForce RTX 3060
tick  190000 alive   917087 genomes   73228 energy   182.5 births 10103454 deaths 10104356 (1511.3s) NVIDIA GeForce RTX 3060
tick  191000 alive   918247 genomes   72637 energy   182.1 births 10140773 deaths 10139613 (1519.3s) NVIDIA GeForce RTX 3060
tick  192000 alive   917239 genomes   72718 energy   182.0 births 10167228 deaths 10168236 (1527.2s) NVIDIA GeForce RTX 3060
tick  193000 alive   917428 genomes   72963 energy   182.2 births 10165865 deaths 10165676 (1535.1s) NVIDIA GeForce RTX 3060
tick  194000 alive   919461 genomes   73133 energy   182.7 births 10118295 deaths 10116262 (1543.0s) NVIDIA GeForce RTX 3060
tick  195000 alive   917087 genomes   73688 energy   182.8 births 10101654 deaths 10104028 (1550.8s) NVIDIA GeForce RTX 3060
tick  196000 alive   919671 genomes   74677 energy   182.8 births 10087881 deaths 10085297 (1558.7s) NVIDIA GeForce RTX 3060
tick  197000 alive   917526 genomes   75327 energy   182.9 births 10037417 deaths 10039562 (1566.6s) NVIDIA GeForce RTX 3060
tick  198000 alive   915242 genomes   76050 energy   182.9 births 10007111 deaths 10009395 (1574.5s) NVIDIA GeForce RTX 3060
tick  199000 alive   917671 genomes   75903 energy   182.5 births 10018859 deaths 10016430 (1582.5s) NVIDIA GeForce RTX 3060
tick  200000 alive   920488 genomes   75476 energy   182.5 births 10083878 deaths 10081061 (1590.4s) NVIDIA GeForce RTX 3060
done 200000 ticks in 1590.4s
