WARNING: radv is not a conformant Vulkan implementation, testing use only.
WARNING: radv is not a conformant Vulkan implementation, testing use only.
tick       0 alive    52579 genomes   52579 energy    64.0 births 0 deaths 0 (0.0s) AMD Radeon RX 9060 XT (RADV GFX1200)
tick    1000 alive  1016041 genomes  717907 energy   155.5 births 19235697 deaths 18272235 (9.0s) AMD Radeon RX 9060 XT (RADV GFX1200)
tick    2000 alive  1042380 genomes  655544 energy   193.6 births 23417693 deaths 23391354 (17.7s) AMD Radeon RX 9060 XT (RADV GFX1200)
tick    3000 alive  1042579 genomes  586639 energy   196.4 births 19849164 deaths 19848965 (26.0s) AMD Radeon RX 9060 XT (RADV GFX1200)
tick    4000 alive  1042519 genomes  517677 energy   197.5 births 19266761 deaths 19266821 (34.4s) AMD Radeon RX 9060 XT (RADV GFX1200)
tick    5000 alive  1042252 genomes  462620 energy   197.9 births 19031557 deaths 19031824 (42.9s) AMD Radeon RX 9060 XT (RADV GFX1200)
tick    6000 alive  1041984 genomes  424174 energy   197.6 births 19022066 deaths 19022334 (51.5s) AMD Radeon RX 9060 XT (RADV GFX1200)
tick    7000 alive  1042174 genomes  396679 energy   197.6 births 18970015 deaths 18969825 (60.1s) AMD Radeon RX 9060 XT (RADV GFX1200)
tick    8000 alive  1042270 genomes  381261 energy   198.2 births 18988051 deaths 18987955 (68.8s) AMD Radeon RX 9060 XT (RADV GFX1200)
tick    9000 alive  1042316 genomes  374160 energy   198.9 births 18806405 deaths 18806359 (77.5s) AMD Radeon RX 9060 XT (RADV GFX1200)
tick   10000 alive  1042643 genomes  370772 energy   199.3 births 18758801 deaths 18758474 (86.0s) AMD Radeon RX 9060 XT (RADV GFX1200)
tick   11000 alive  1042833 genomes  368242 energy   199.2 births 18677877 deaths 18677687 (94.7s) AMD Radeon RX 9060 XT (RADV GFX1200)
tick   12000 alive  1042849 genomes  360654 energy   200.0 births 18517789 deaths 18517773 (103.3s) AMD Radeon RX 9060 XT (RADV GFX1200)
tick   13000 alive  1042828 genomes  355270 energy   200.8 births 18365057 deaths 18365078 (112.0s) AMD Radeon RX 9060 XT (RADV GFX1200)
tick   14000 alive  1042904 genomes  349741 energy   200.6 births 18330906 deaths 18330830 (120.5s) AMD Radeon RX 9060 XT (RADV GFX1200)
tick   15000 alive  1042839 genomes  345322 energy   200.0 births 18430965 deaths 18431030 (129.2s) AMD Radeon RX 9060 XT (RADV GFX1200)
tick   16000 alive  1042795 genomes  339035 energy   200.3 births 18396707 deaths 18396751 (137.8s) AMD Radeon RX 9060 XT (RADV GFX1200)
tick   17000 alive  1042861 genomes  333790 energy   200.5 births 18373360 deaths 18373294 (146.5s) AMD Radeon RX 9060 XT (RADV GFX1200)
tick   18000 alive  1042810 genomes  330215 energy   200.3 births 18379524 deaths 18379575 (155.0s) AMD Radeon RX 9060 XT (RADV GFX1200)
tick   19000 alive  1042799 genomes  327265 energy   199.9 births 18420457 deaths 18420468 (163.7s) AMD Radeon RX 9060 XT (RADV GFX1200)
tick   20000 alive  1042470 genomes  324156 energy   199.7 births 18413641 deaths 18413970 (172.3s) AMD Radeon RX 9060 XT (RADV GFX1200)
tick   21000 alive  1042491 genomes  320314 energy   199.8 births 18470479 deaths 18470458 (180.8s) AMD Radeon RX 9060 XT (RADV GFX1200)
tick   22000 alive  1042341 genomes  318430 energy   199.2 births 18549187 deaths 18549337 (189.4s) AMD Radeon RX 9060 XT (RADV GFX1200)
tick   23000 alive  1042131 genomes  317226 energy   199.3 births 18666624 deaths 18666834 (198.0s) AMD Radeon RX 9060 XT (RADV GFX1200)
tick   24000 alive  1042180 genomes  316472 energy   198.7 births 18745806 deaths 18745757 (206.7s) AMD Radeon RX 9060 XT (RADV GFX1200)
tick   25000 alive  1042245 genomes  314621 energy   198.6 births 18776487 deaths 18776422 (215.2s) AMD Radeon RX 9060 XT (RADV GFX1200)
tick   26000 alive  1042307 genomes  313125 energy   198.5 births 18836596 deaths 18836534 (223.8s) AMD Radeon RX 9060 XT (RADV GFX1200)
tick   27000 alive  1042235 genomes  313294 energy   198.3 births 18878849 deaths 18878921 (232.3s) AMD Radeon RX 9060 XT (RADV GFX1200)
tick   28000 alive  1041988 genomes  310946 energy   197.9 births 18980815 deaths 18981062 (240.9s) AMD Radeon RX 9060 XT (RADV GFX1200)
tick   29000 alive  1041939 genomes  311640 energy   197.5 births 19036905 deaths 19036954 (249.7s) AMD Radeon RX 9060 XT (RADV GFX1200)
tick   30000 alive  1042044 genomes  311218 energy   197.0 births 19170239 deaths 19170134 (258.4s) AMD Radeon RX 9060 XT (RADV GFX1200)
tick   31000 alive  1041828 genomes  309750 energy   196.8 births 19259331 deaths 19259547 (267.1s) AMD Radeon RX 9060 XT (RADV GFX1200)
tick   32000 alive  1041750 genomes  309068 energy   196.5 births 19347297 deaths 19347375 (275.6s) AMD Radeon RX 9060 XT (RADV GFX1200)
tick   33000 alive  1041904 genomes  306658 energy   196.3 births 19451899 deaths 19451745 (284.3s) AMD Radeon RX 9060 XT (RADV GFX1200)
tick   34000 alive  1041991 genomes  305869 energy   196.5 births 19433196 deaths 19433109 (292.9s) AMD Radeon RX 9060 XT (RADV GFX1200)
tick   35000 alive  1041690 genomes  305990 energy   196.3 births 19417135 deaths 19417436 (301.5s) AMD Radeon RX 9060 XT (RADV GFX1200)
tick   36000 alive  1041668 genomes  303722 energy   196.4 births 19414201 deaths 19414223 (310.2s) AMD Radeon RX 9060 XT (RADV GFX1200)
tick   37000 alive  1041508 genomes  302960 energy   196.1 births 19409223 deaths 19409383 (318.8s) AMD Radeon RX 9060 XT (RADV GFX1200)
tick   38000 alive  1041660 genomes  302197 energy   196.3 births 19496481 deaths 19496329 (327.4s) AMD Radeon RX 9060 XT (RADV GFX1200)
tick   39000 alive  1041251 genomes  299783 energy   196.5 births 19436542 deaths 19436951 (336.1s) AMD Radeon RX 9060 XT (RADV GFX1200)
tick   40000 alive  1041378 genomes  297705 energy   196.4 births 19408420 deaths 19408293 (344.8s) AMD Radeon RX 9060 XT (RADV GFX1200)
tick   41000 alive  1041536 genomes  294586 energy   196.7 births 19405231 deaths 19405073 (353.5s) AMD Radeon RX 9060 XT (RADV GFX1200)
tick   42000 alive  1041850 genomes  291563 energy   197.0 births 19329363 deaths 19329049 (362.0s) AMD Radeon RX 9060 XT (RADV GFX1200)
tick   43000 alive  1041670 genomes  288602 energy   197.0 births 19324869 deaths 19325049 (370.6s) AMD Radeon RX 9060 XT (RADV GFX1200)
tick   44000 alive  1041912 genomes  285981 energy   197.3 births 19254436 deaths 19254194 (379.2s) AMD Radeon RX 9060 XT (RADV GFX1200)
tick   45000 alive  1041895 genomes  284668 energy   197.4 births 19257047 deaths 19257064 (387.8s) AMD Radeon RX 9060 XT (RADV GFX1200)
tick   46000 alive  1042056 genomes  280069 energy   197.7 births 19171333 deaths 19171172 (396.4s) AMD Radeon RX 9060 XT (RADV GFX1200)
tick   47000 alive  1042014 genomes  276717 energy   198.0 births 18989520 deaths 18989562 (405.0s) AMD Radeon RX 9060 XT (RADV GFX1200)
tick   48000 alive  1041753 genomes  273353 energy   198.0 births 18973014 deaths 18973275 (413.7s) AMD Radeon RX 9060 XT (RADV GFX1200)
tick   49000 alive  1041760 genomes  272956 energy   197.8 births 19009853 deaths 19009846 (422.3s) AMD Radeon RX 9060 XT (RADV GFX1200)
tick   50000 alive  1041590 genomes  272681 energy   197.8 births 19040155 deaths 19040325 (430.9s) AMD Radeon RX 9060 XT (RADV GFX1200)
tick   51000 alive  1041620 genomes  270823 energy   197.8 births 19069421 deaths 19069391 (439.4s) AMD Radeon RX 9060 XT (RADV GFX1200)
tick   52000 alive  1041565 genomes  267985 energy   198.5 births 19003606 deaths 19003661 (448.0s) AMD Radeon RX 9060 XT (RADV GFX1200)
tick   53000 alive  1041613 genomes  265045 energy   198.7 births 18932248 deaths 18932200 (456.5s) AMD Radeon RX 9060 XT (RADV GFX1200)
tick   54000 alive  1041880 genomes  261998 energy   198.8 births 18828970 deaths 18828703 (465.0s) AMD Radeon RX 9060 XT (RADV GFX1200)
tick   55000 alive  1041571 genomes  259689 energy   198.9 births 18731957 deaths 18732266 (473.6s) AMD Radeon RX 9060 XT (RADV GFX1200)
tick   56000 alive  1041606 genomes  257684 energy   199.2 births 18697678 deaths 18697643 (482.3s) AMD Radeon RX 9060 XT (RADV GFX1200)
tick   57000 alive  1041633 genomes  255681 energy   199.4 births 18655462 deaths 18655435 (490.8s) AMD Radeon RX 9060 XT (RADV GFX1200)
tick   58000 alive  1041856 genomes  252582 energy   199.6 births 18634283 deaths 18634060 (499.4s) AMD Radeon RX 9060 XT (RADV GFX1200)
tick   59000 alive  1041844 genomes  252485 energy   199.0 births 18630302 deaths 18630314 (508.0s) AMD Radeon RX 9060 XT (RADV GFX1200)
tick   60000 alive  1041865 genomes  252556 energy   198.9 births 18726122 deaths 18726101 (516.5s) AMD Radeon RX 9060 XT (RADV GFX1200)
tick   61000 alive  1041676 genomes  253286 energy   199.2 births 18685068 deaths 18685257 (525.0s) AMD Radeon RX 9060 XT (RADV GFX1200)
tick   62000 alive  1041839 genomes  252026 energy   199.3 births 18675721 deaths 18675558 (533.6s) AMD Radeon RX 9060 XT (RADV GFX1200)
tick   63000 alive  1041906 genomes  251093 energy   199.0 births 18712766 deaths 18712699 (542.2s) AMD Radeon RX 9060 XT (RADV GFX1200)
tick   64000 alive  1041509 genomes  249946 energy   198.8 births 18759810 deaths 18760207 (550.4s) AMD Radeon RX 9060 XT (RADV GFX1200)
tick   65000 alive  1041602 genomes  248409 energy   199.1 births 18722766 deaths 18722673 (559.0s) AMD Radeon RX 9060 XT (RADV GFX1200)
tick   66000 alive  1041545 genomes  248046 energy   199.1 births 18671752 deaths 18671809 (567.5s) AMD Radeon RX 9060 XT (RADV GFX1200)
tick   67000 alive  1041527 genomes  247018 energy   199.2 births 18677602 deaths 18677620 (576.0s) AMD Radeon RX 9060 XT (RADV GFX1200)
tick   68000 alive  1041940 genomes  244223 energy   199.4 births 18618692 deaths 18618279 (584.4s) AMD Radeon RX 9060 XT (RADV GFX1200)
tick   69000 alive  1041676 genomes  242876 energy   199.2 births 18601986 deaths 18602250 (593.0s) AMD Radeon RX 9060 XT (RADV GFX1200)
tick   70000 alive  1041650 genomes  242096 energy   199.2 births 18633632 deaths 18633658 (601.5s) AMD Radeon RX 9060 XT (RADV GFX1200)
tick   71000 alive  1041601 genomes  242350 energy   199.3 births 18644045 deaths 18644094 (610.0s) AMD Radeon RX 9060 XT (RADV GFX1200)
tick   72000 alive  1041409 genomes  240338 energy   199.5 births 18599983 deaths 18600175 (618.6s) AMD Radeon RX 9060 XT (RADV GFX1200)
tick   73000 alive  1041486 genomes  237425 energy   199.5 births 18593122 deaths 18593045 (627.2s) AMD Radeon RX 9060 XT (RADV GFX1200)
tick   74000 alive  1041255 genomes  238219 energy   199.5 births 18552658 deaths 18552889 (635.6s) AMD Radeon RX 9060 XT (RADV GFX1200)
tick   75000 alive  1041340 genomes  239128 energy   199.1 births 18629363 deaths 18629278 (644.1s) AMD Radeon RX 9060 XT (RADV GFX1200)
tick   76000 alive  1041538 genomes  236859 energy   199.7 births 18557036 deaths 18556838 (652.6s) AMD Radeon RX 9060 XT (RADV GFX1200)
tick   77000 alive  1041474 genomes  234922 energy   200.2 births 18498314 deaths 18498378 (661.1s) AMD Radeon RX 9060 XT (RADV GFX1200)
tick   78000 alive  1041318 genomes  233230 energy   200.0 births 18418734 deaths 18418890 (669.6s) AMD Radeon RX 9060 XT (RADV GFX1200)
tick   79000 alive  1041729 genomes  234013 energy   200.0 births 18440348 deaths 18439937 (678.1s) AMD Radeon RX 9060 XT (RADV GFX1200)
tick   80000 alive  1041340 genomes  232706 energy   200.0 births 18463832 deaths 18464221 (686.6s) AMD Radeon RX 9060 XT (RADV GFX1200)
tick   81000 alive  1041052 genomes  232105 energy   200.0 births 18462074 deaths 18462362 (695.1s) AMD Radeon RX 9060 XT (RADV GFX1200)
tick   82000 alive  1041352 genomes  233445 energy   199.8 births 18500749 deaths 18500449 (703.5s) AMD Radeon RX 9060 XT (RADV GFX1200)
tick   83000 alive  1041397 genomes  232048 energy   199.7 births 18511894 deaths 18511849 (712.1s) AMD Radeon RX 9060 XT (RADV GFX1200)
tick   84000 alive  1041326 genomes  232015 energy   200.2 births 18469269 deaths 18469340 (720.7s) AMD Radeon RX 9060 XT (RADV GFX1200)
tick   85000 alive  1041147 genomes  231152 energy   200.3 births 18404330 deaths 18404509 (728.3s) AMD Radeon RX 9060 XT (RADV GFX1200)
tick   86000 alive  1041312 genomes  230968 energy   200.0 births 18376760 deaths 18376595 (736.2s) AMD Radeon RX 9060 XT (RADV GFX1200)
tick   87000 alive  1041332 genomes  231342 energy   199.9 births 18412402 deaths 18412382 (744.2s) AMD Radeon RX 9060 XT (RADV GFX1200)
tick   88000 alive  1041227 genomes  230950 energy   200.1 births 18372871 deaths 18372976 (752.2s) AMD Radeon RX 9060 XT (RADV GFX1200)
tick   89000 alive  1041170 genomes  229181 energy   199.9 births 18401756 deaths 18401813 (760.3s) AMD Radeon RX 9060 XT (RADV GFX1200)
tick   90000 alive  1041467 genomes  227313 energy   200.4 births 18362275 deaths 18361978 (768.9s) AMD Radeon RX 9060 XT (RADV GFX1200)
tick   91000 alive  1041462 genomes  226375 energy   200.5 births 18332167 deaths 18332172 (777.4s) AMD Radeon RX 9060 XT (RADV GFX1200)
tick   92000 alive  1041475 genomes  225762 energy   200.6 births 18341397 deaths 18341384 (785.9s) AMD Radeon RX 9060 XT (RADV GFX1200)
tick   93000 alive  1040769 genomes  225481 energy   200.3 births 18320217 deaths 18320923 (794.5s) AMD Radeon RX 9060 XT (RADV GFX1200)
tick   94000 alive  1040758 genomes  225046 energy   200.4 births 18319155 deaths 18319166 (803.0s) AMD Radeon RX 9060 XT (RADV GFX1200)
tick   95000 alive  1040660 genomes  225000 energy   200.2 births 18344497 deaths 18344595 (811.5s) AMD Radeon RX 9060 XT (RADV GFX1200)
tick   96000 alive  1040929 genomes  225409 energy   200.3 births 18355868 deaths 18355599 (820.0s) AMD Radeon RX 9060 XT (RADV GFX1200)
tick   97000 alive  1041009 genomes  224536 energy   200.6 births 18323149 deaths 18323069 (828.5s) AMD Radeon RX 9060 XT (RADV GFX1200)
tick   98000 alive  1040907 genomes  225656 energy   200.1 births 18406161 deaths 18406263 (837.1s) AMD Radeon RX 9060 XT (RADV GFX1200)
tick   99000 alive  1041077 genomes  223648 energy   200.0 births 18402724 deaths 18402554 (845.6s) AMD Radeon RX 9060 XT (RADV GFX1200)
tick  100000 alive  1040815 genomes  223535 energy   200.2 births 18418479 deaths 18418741 (854.1s) AMD Radeon RX 9060 XT (RADV GFX1200)
tick  101000 alive  1040879 genomes  223710 energy   199.9 births 18425400 deaths 18425336 (862.6s) AMD Radeon RX 9060 XT (RADV GFX1200)
tick  102000 alive  1040957 genomes  224719 energy   199.8 births 18467145 deaths 18467067 (871.1s) AMD Radeon RX 9060 XT (RADV GFX1200)
tick  103000 alive  1041287 genomes  225007 energy   199.8 births 18451653 deaths 18451323 (879.7s) AMD Radeon RX 9060 XT (RADV GFX1200)
tick  104000 alive  1041203 genomes  225152 energy   200.0 births 18473097 deaths 18473181 (888.3s) AMD Radeon RX 9060 XT (RADV GFX1200)
tick  105000 alive  1041262 genomes  224079 energy   200.0 births 18457231 deaths 18457172 (896.6s) AMD Radeon RX 9060 XT (RADV GFX1200)
tick  106000 alive  1041212 genomes  223903 energy   200.1 births 18366648 deaths 18366698 (905.2s) AMD Radeon RX 9060 XT (RADV GFX1200)
tick  107000 alive  1041141 genomes  223735 energy   200.0 births 18402291 deaths 18402362 (913.7s) AMD Radeon RX 9060 XT (RADV GFX1200)
tick  108000 alive  1041091 genomes  222191 energy   200.5 births 18366294 deaths 18366344 (922.1s) AMD Radeon RX 9060 XT (RADV GFX1200)
tick  109000 alive  1040812 genomes  222635 energy   200.4 births 18351698 deaths 18351977 (930.8s) AMD Radeon RX 9060 XT (RADV GFX1200)
tick  110000 alive  1041027 genomes  221078 energy   200.7 births 18317441 deaths 18317226 (939.1s) AMD Radeon RX 9060 XT (RADV GFX1200)
tick  111000 alive  1040749 genomes  221355 energy   200.5 births 18306633 deaths 18306911 (947.0s) AMD Radeon RX 9060 XT (RADV GFX1200)
tick  112000 alive  1040589 genomes  222402 energy   200.3 births 18312367 deaths 18312527 (955.4s) AMD Radeon RX 9060 XT (RADV GFX1200)
tick  113000 alive  1040979 genomes  222626 energy   200.4 births 18346155 deaths 18345765 (963.9s) AMD Radeon RX 9060 XT (RADV GFX1200)
tick  114000 alive  1040845 genomes  224243 energy   200.0 births 18424455 deaths 18424589 (972.4s) AMD Radeon RX 9060 XT (RADV GFX1200)
tick  115000 alive  1040935 genomes  224972 energy   200.3 births 18461525 deaths 18461435 (980.9s) AMD Radeon RX 9060 XT (RADV GFX1200)
tick  116000 alive  1040692 genomes  224552 energy   200.3 births 18388681 deaths 18388924 (989.4s) AMD Radeon RX 9060 XT (RADV GFX1200)
tick  117000 alive  1040822 genomes  223416 energy   200.3 births 18395879 deaths 18395749 (998.0s) AMD Radeon RX 9060 XT (RADV GFX1200)
tick  118000 alive  1040942 genomes  222757 energy   200.0 births 18436677 deaths 18436557 (1006.5s) AMD Radeon RX 9060 XT (RADV GFX1200)
tick  119000 alive  1040919 genomes  222146 energy   200.4 births 18348572 deaths 18348595 (1014.9s) AMD Radeon RX 9060 XT (RADV GFX1200)
tick  120000 alive  1040597 genomes  221093 energy   200.3 births 18323437 deaths 18323759 (1023.3s) AMD Radeon RX 9060 XT (RADV GFX1200)
tick  121000 alive  1040581 genomes  221069 energy   200.3 births 18324548 deaths 18324564 (1031.6s) AMD Radeon RX 9060 XT (RADV GFX1200)
tick  122000 alive  1040666 genomes  222379 energy   199.8 births 18392228 deaths 18392143 (1040.2s) AMD Radeon RX 9060 XT (RADV GFX1200)
tick  123000 alive  1040209 genomes  223600 energy   199.8 births 18428438 deaths 18428895 (1048.7s) AMD Radeon RX 9060 XT (RADV GFX1200)
tick  124000 alive  1040460 genomes  223986 energy   199.9 births 18401689 deaths 18401438 (1057.2s) AMD Radeon RX 9060 XT (RADV GFX1200)
tick  125000 alive  1040154 genomes  225570 energy   199.8 births 18453471 deaths 18453777 (1065.7s) AMD Radeon RX 9060 XT (RADV GFX1200)
tick  126000 alive  1040182 genomes  226346 energy   199.4 births 18520768 deaths 18520740 (1074.2s) AMD Radeon RX 9060 XT (RADV GFX1200)
tick  127000 alive  1040298 genomes  225857 energy   199.7 births 18558176 deaths 18558060 (1082.7s) AMD Radeon RX 9060 XT (RADV GFX1200)
tick  128000 alive  1040129 genomes  227464 energy   199.3 births 18543383 deaths 18543552 (1091.2s) AMD Radeon RX 9060 XT (RADV GFX1200)
tick  129000 alive  1040207 genomes  229605 energy   199.1 births 18628314 deaths 18628236 (1099.7s) AMD Radeon RX 9060 XT (RADV GFX1200)
tick  130000 alive  1040368 genomes  229291 energy   198.9 births 18706305 deaths 18706144 (1108.3s) AMD Radeon RX 9060 XT (RADV GFX1200)
tick  131000 alive  1040122 genomes  230584 energy   198.7 births 18771422 deaths 18771668 (1116.7s) AMD Radeon RX 9060 XT (RADV GFX1200)
tick  132000 alive  1040206 genomes  230030 energy   198.9 births 18746633 deaths 18746549 (1125.3s) AMD Radeon RX 9060 XT (RADV GFX1200)
tick  133000 alive  1040259 genomes  227532 energy   199.6 births 18622692 deaths 18622639 (1133.8s) AMD Radeon RX 9060 XT (RADV GFX1200)
tick  134000 alive  1040087 genomes  226126 energy   199.6 births 18533904 deaths 18534076 (1142.4s) AMD Radeon RX 9060 XT (RADV GFX1200)
tick  135000 alive  1040700 genomes  225369 energy   199.8 births 18464136 deaths 18463523 (1150.9s) AMD Radeon RX 9060 XT (RADV GFX1200)
tick  136000 alive  1040605 genomes  224627 energy   199.9 births 18483509 deaths 18483604 (1159.4s) AMD Radeon RX 9060 XT (RADV GFX1200)
tick  137000 alive  1040577 genomes  222600 energy   200.1 births 18428545 deaths 18428573 (1167.9s) AMD Radeon RX 9060 XT (RADV GFX1200)
tick  138000 alive  1040702 genomes  221893 energy   200.1 births 18413070 deaths 18412945 (1176.3s) AMD Radeon RX 9060 XT (RADV GFX1200)
tick  139000 alive  1041212 genomes  219657 energy   200.4 births 18370239 deaths 18369729 (1184.5s) AMD Radeon RX 9060 XT (RADV GFX1200)
tick  140000 alive  1040702 genomes  218618 energy   200.8 births 18281533 deaths 18282043 (1192.6s) AMD Radeon RX 9060 XT (RADV GFX1200)
tick  141000 alive  1040543 genomes  219791 energy   200.8 births 18248545 deaths 18248704 (1201.0s) AMD Radeon RX 9060 XT (RADV GFX1200)
tick  142000 alive  1040374 genomes  219848 energy   200.5 births 18252319 deaths 18252488 (1209.4s) AMD Radeon RX 9060 XT (RADV GFX1200)
tick  143000 alive  1040237 genomes  220962 energy   200.5 births 18301120 deaths 18301257 (1217.8s) AMD Radeon RX 9060 XT (RADV GFX1200)
tick  144000 alive  1040140 genomes  221545 energy   200.0 births 18349134 deaths 18349231 (1226.3s) AMD Radeon RX 9060 XT (RADV GFX1200)
tick  145000 alive  1040685 genomes  221067 energy   200.3 births 18362138 deaths 18361593 (1234.8s) AMD Radeon RX 9060 XT (RADV GFX1200)
tick  146000 alive  1040627 genomes  222095 energy   200.0 births 18444256 deaths 18444314 (1243.3s) AMD Radeon RX 9060 XT (RADV GFX1200)
tick  147000 alive  1040488 genomes  221363 energy   200.1 births 18356291 deaths 18356430 (1251.8s) AMD Radeon RX 9060 XT (RADV GFX1200)
tick  148000 alive  1040710 genomes  221052 energy   200.3 births 18439691 deaths 18439469 (1260.3s) AMD Radeon RX 9060 XT (RADV GFX1200)
tick  149000 alive  1040601 genomes  220565 energy   200.5 births 18374879 deaths 18374988 (1268.9s) AMD Radeon RX 9060 XT (RADV GFX1200)
tick  150000 alive  1040524 genomes  219943 energy   200.6 births 18297860 deaths 18297937 (1277.5s) AMD Radeon RX 9060 XT (RADV GFX1200)
tick  151000 alive  1040409 genomes  219989 energy   200.4 births 18349026 deaths 18349141 (1286.0s) AMD Radeon RX 9060 XT (RADV GFX1200)
tick  152000 alive  1040421 genomes  221510 energy   200.1 births 18418886 deaths 18418874 (1294.4s) AMD Radeon RX 9060 XT (RADV GFX1200)
tick  153000 alive  1040478 genomes  221416 energy   200.1 births 18390060 deaths 18390003 (1303.0s) AMD Radeon RX 9060 XT (RADV GFX1200)
tick  154000 alive  1040463 genomes  219688 energy   200.4 births 18402631 deaths 18402646 (1311.5s) AMD Radeon RX 9060 XT (RADV GFX1200)
tick  155000 alive  1040636 genomes  220800 energy   200.2 births 18393954 deaths 18393781 (1319.9s) AMD Radeon RX 9060 XT (RADV GFX1200)
tick  156000 alive  1040488 genomes  220574 energy   200.4 births 18391846 deaths 18391994 (1328.4s) AMD Radeon RX 9060 XT (RADV GFX1200)
tick  157000 alive  1040542 genomes  220257 energy   200.3 births 18322349 deaths 18322295 (1336.9s) AMD Radeon RX 9060 XT (RADV GFX1200)
tick  158000 alive  1040746 genomes  220131 energy   200.4 births 18328805 deaths 18328601 (1345.4s) AMD Radeon RX 9060 XT (RADV GFX1200)
tick  159000 alive  1041047 genomes  218388 energy   200.4 births 18315939 deaths 18315638 (1353.5s) AMD Radeon RX 9060 XT (RADV GFX1200)
tick  160000 alive  1041072 genomes  218010 energy   200.3 births 18273998 deaths 18273973 (1361.3s) AMD Radeon RX 9060 XT (RADV GFX1200)
tick  161000 alive  1040710 genomes  219648 energy   200.3 births 18369633 deaths 18369995 (1369.7s) AMD Radeon RX 9060 XT (RADV GFX1200)
tick  162000 alive  1040714 genomes  220864 energy   200.1 births 18374222 deaths 18374218 (1378.3s) AMD Radeon RX 9060 XT (RADV GFX1200)
tick  163000 alive  1040717 genomes  219531 energy   200.5 births 18347573 deaths 18347570 (1386.9s) AMD Radeon RX 9060 XT (RADV GFX1200)
tick  164000 alive  1040712 genomes  218873 energy   200.1 births 18382971 deaths 18382976 (1395.4s) AMD Radeon RX 9060 XT (RADV GFX1200)
tick  165000 alive  1040295 genomes  221203 energy   200.3 births 18342224 deaths 18342641 (1404.1s) AMD Radeon RX 9060 XT (RADV GFX1200)
tick  166000 alive  1040655 genomes  221106 energy   199.9 births 18428239 deaths 18427879 (1412.6s) AMD Radeon RX 9060 XT (RADV GFX1200)
tick  167000 alive  1040318 genomes  221777 energy   199.8 births 18423684 deaths 18424021 (1421.2s) AMD Radeon RX 9060 XT (RADV GFX1200)
tick  168000 alive  1040185 genomes  222235 energy   199.6 births 18456763 deaths 18456896 (1429.8s) AMD Radeon RX 9060 XT (RADV GFX1200)
tick  169000 alive  1040261 genomes  222702 energy   199.6 births 18498865 deaths 18498789 (1438.5s) AMD Radeon RX 9060 XT (RADV GFX1200)
tick  170000 alive  1040336 genomes  222348 energy   199.5 births 18540375 deaths 18540300 (1447.1s) AMD Radeon RX 9060 XT (RADV GFX1200)
tick  171000 alive  1040214 genomes  224265 energy   199.6 births 18528666 deaths 18528788 (1455.2s) AMD Radeon RX 9060 XT (RADV GFX1200)
tick  172000 alive  1040183 genomes  225307 energy   199.6 births 18533873 deaths 18533904 (1463.7s) AMD Radeon RX 9060 XT (RADV GFX1200)
tick  173000 alive  1039926 genomes  224523 energy   199.5 births 18518828 deaths 18519085 (1471.7s) AMD Radeon RX 9060 XT (RADV GFX1200)
tick  174000 alive  1040014 genomes  224935 energy   199.8 births 18573149 deaths 18573061 (1480.1s) AMD Radeon RX 9060 XT (RADV GFX1200)
tick  175000 alive  1040231 genomes  224891 energy   199.7 births 18542650 deaths 18542433 (1488.7s) AMD Radeon RX 9060 XT (RADV GFX1200)
tick  176000 alive  1040037 genomes  225479 energy   199.7 births 18528885 deaths 18529079 (1497.2s) AMD Radeon RX 9060 XT (RADV GFX1200)
tick  177000 alive  1039823 genomes  226823 energy   199.2 births 18579612 deaths 18579826 (1505.4s) AMD Radeon RX 9060 XT (RADV GFX1200)
tick  178000 alive  1039840 genomes  227185 energy   199.3 births 18596700 deaths 18596683 (1512.8s) AMD Radeon RX 9060 XT (RADV GFX1200)
tick  179000 alive  1039694 genomes  227767 energy   199.3 births 18603378 deaths 18603524 (1521.0s) AMD Radeon RX 9060 XT (RADV GFX1200)
tick  180000 alive  1039665 genomes  227935 energy   199.3 births 18637124 deaths 18637153 (1529.6s) AMD Radeon RX 9060 XT (RADV GFX1200)
tick  181000 alive  1039747 genomes  228723 energy   199.1 births 18688119 deaths 18688037 (1538.1s) AMD Radeon RX 9060 XT (RADV GFX1200)
tick  182000 alive  1039918 genomes  229116 energy   198.8 births 18707504 deaths 18707333 (1546.6s) AMD Radeon RX 9060 XT (RADV GFX1200)
tick  183000 alive  1039858 genomes  229048 energy   199.0 births 18692624 deaths 18692684 (1555.2s) AMD Radeon RX 9060 XT (RADV GFX1200)
tick  184000 alive  1039915 genomes  227783 energy   199.2 births 18694943 deaths 18694886 (1563.7s) AMD Radeon RX 9060 XT (RADV GFX1200)
tick  185000 alive  1040495 genomes  225775 energy   199.5 births 18651155 deaths 18650575 (1572.1s) AMD Radeon RX 9060 XT (RADV GFX1200)
tick  186000 alive  1040284 genomes  225391 energy   199.3 births 18548620 deaths 18548831 (1580.6s) AMD Radeon RX 9060 XT (RADV GFX1200)
tick  187000 alive  1040066 genomes  224866 energy   199.4 births 18556364 deaths 18556582 (1589.1s) AMD Radeon RX 9060 XT (RADV GFX1200)
tick  188000 alive  1040059 genomes  223988 energy   199.6 births 18577204 deaths 18577211 (1597.6s) AMD Radeon RX 9060 XT (RADV GFX1200)
tick  189000 alive  1039900 genomes  223219 energy   199.4 births 18509672 deaths 18509831 (1606.1s) AMD Radeon RX 9060 XT (RADV GFX1200)
tick  190000 alive  1039782 genomes  223521 energy   199.3 births 18547824 deaths 18547942 (1614.7s) AMD Radeon RX 9060 XT (RADV GFX1200)
tick  191000 alive  1039691 genomes  225522 energy   199.4 births 18586422 deaths 18586513 (1623.2s) AMD Radeon RX 9060 XT (RADV GFX1200)
tick  192000 alive  1039401 genomes  226367 energy   199.3 births 18575330 deaths 18575620 (1631.6s) AMD Radeon RX 9060 XT (RADV GFX1200)
tick  193000 alive  1039663 genomes  226999 energy   199.1 births 18608926 deaths 18608664 (1640.1s) AMD Radeon RX 9060 XT (RADV GFX1200)
tick  194000 alive  1040012 genomes  226933 energy   199.2 births 18682587 deaths 18682238 (1648.6s) AMD Radeon RX 9060 XT (RADV GFX1200)
tick  195000 alive  1039613 genomes  225171 energy   198.9 births 18676934 deaths 18677333 (1657.1s) AMD Radeon RX 9060 XT (RADV GFX1200)
tick  196000 alive  1039763 genomes  225176 energy   199.5 births 18638632 deaths 18638482 (1665.7s) AMD Radeon RX 9060 XT (RADV GFX1200)
tick  197000 alive  1039453 genomes  228222 energy   198.9 births 18688616 deaths 18688926 (1674.3s) AMD Radeon RX 9060 XT (RADV GFX1200)
tick  198000 alive  1039134 genomes  228540 energy   198.8 births 18733055 deaths 18733374 (1682.9s) AMD Radeon RX 9060 XT (RADV GFX1200)
tick  199000 alive  1039395 genomes  229477 energy   198.9 births 18732609 deaths 18732348 (1691.4s) AMD Radeon RX 9060 XT (RADV GFX1200)
tick  200000 alive  1039320 genomes  229298 energy   198.7 births 18739377 deaths 18739452 (1700.0s) AMD Radeon RX 9060 XT (RADV GFX1200)
done 200000 ticks in 1700.0s
