tick       0 alive    52104 genomes   52104 energy    64.0 births 0 deaths 0 (0.0s) NVIDIA GeForce RTX 4080
tick    1000 alive   312129 genomes  136972 energy   112.5 births 3386030 deaths 3126005 (1.1s) NVIDIA GeForce RTX 4080
tick    2000 alive   687023 genomes  268489 energy   132.9 births 12902155 deaths 12527261 (3.7s) NVIDIA GeForce RTX 4080
tick    3000 alive   761459 genomes  250275 energy   159.3 births 13902924 deaths 13828488 (6.6s) NVIDIA GeForce RTX 4080
tick    4000 alive   804397 genomes  239535 energy   171.2 births 12041167 deaths 11998229 (9.4s) NVIDIA GeForce RTX 4080
tick    5000 alive   820998 genomes  233778 energy   177.0 births 11248515 deaths 11231914 (12.1s) NVIDIA GeForce RTX 4080
tick    6000 alive   814234 genomes  226890 energy   180.1 births 10552877 deaths 10559641 (14.8s) NVIDIA GeForce RTX 4080
tick    7000 alive   792738 genomes  218362 energy   180.3 births 9985274 deaths 10006770 (17.5s) NVIDIA GeForce RTX 4080
tick    8000 alive   776212 genomes  210433 energy   179.4 births 9723530 deaths 9740056 (20.2s) NVIDIA GeForce RTX 4080
tick    9000 alive   768455 genomes  204082 energy   178.0 births 9665497 deaths 9673254 (22.9s) NVIDIA GeForce RTX 4080
tick   10000 alive   764251 genomes  198252 energy   176.9 births 9700976 deaths 9705180 (25.6s) NVIDIA GeForce RTX 4080
tick   11000 alive   772201 genomes  193284 energy   176.1 births 9830280 deaths 9822330 (28.4s) NVIDIA GeForce RTX 4080
tick   12000 alive   782933 genomes  188348 energy   175.7 births 9949108 deaths 9938376 (31.1s) NVIDIA GeForce RTX 4080
tick   13000 alive   789519 genomes  181630 energy   176.6 births 10011480 deaths 10004894 (33.9s) NVIDIA GeForce RTX 4080
tick   14000 alive   796662 genomes  175592 energy   176.5 births 10046120 deaths 10038977 (36.6s) NVIDIA GeForce RTX 4080
tick   15000 alive   799916 genomes  168014 energy   177.0 births 10076221 deaths 10072967 (39.3s) NVIDIA GeForce RTX 4080
tick   16000 alive   803857 genomes  161993 energy   177.6 births 10035427 deaths 10031486 (42.1s) NVIDIA GeForce RTX 4080
tick   17000 alive   805618 genomes  157169 energy   178.1 births 10000871 deaths 9999110 (44.8s) NVIDIA GeForce RTX 4080
tick   18000 alive   809748 genomes  153425 energy   177.9 births 10026128 deaths 10021998 (47.5s) NVIDIA GeForce RTX 4080
tick   19000 alive   808827 genomes  148458 energy   178.1 births 10034054 deaths 10034975 (50.2s) NVIDIA GeForce RTX 4080
tick   20000 alive   805830 genomes  143915 energy   178.3 births 9982679 deaths 9985676 (52.9s) NVIDIA GeForce RTX 4080
tick   21000 alive   805211 genomes  142734 energy   178.2 births 9935284 deaths 9935903 (55.6s) NVIDIA GeForce RTX 4080
tick   22000 alive   801371 genomes  139736 energy   178.0 births 9906150 deaths 9909990 (58.3s) NVIDIA GeForce RTX 4080
tick   23000 alive   802870 genomes  136942 energy   177.8 births 9894088 deaths 9892589 (60.9s) NVIDIA GeForce RTX 4080
tick   24000 alive   803326 genomes  134698 energy   178.0 births 9887163 deaths 9886707 (63.6s) NVIDIA GeForce RTX 4080
tick   25000 alive   804988 genomes  132643 energy   178.3 births 9886797 deaths 9885135 (66.3s) NVIDIA GeForce RTX 4080
tick   26000 alive   803427 genomes  131397 energy   178.2 births 9887521 deaths 9889082 (69.0s) NVIDIA GeForce RTX 4080
tick   27000 alive   797285 genomes  128692 energy   178.5 births 9810712 deaths 9816854 (71.7s) NVIDIA GeForce RTX 4080
tick   28000 alive   794372 genomes  127190 energy   178.0 births 9727216 deaths 9730129 (74.4s) NVIDIA GeForce RTX 4080
tick   29000 alive   791856 genomes  125381 energy   177.2 births 9725119 deaths 9727635 (77.1s) NVIDIA GeForce RTX 4080
tick   30000 alive   792534 genomes  124595 energy   176.9 births 9791503 deaths 9790825 (79.8s) NVIDIA GeForce RTX 4080
tick   31000 alive   793868 genomes  123009 energy   176.6 births 9750012 deaths 9748678 (82.5s) NVIDIA GeForce RTX 4080
tick   32000 alive   796245 genomes  121056 energy   177.2 births 9758062 deaths 9755685 (85.2s) NVIDIA GeForce RTX 4080
tick   33000 alive   796479 genomes  118050 energy   177.4 births 9641876 deaths 9641642 (87.9s) NVIDIA GeForce RTX 4080
tick   34000 alive   800576 genomes  115599 energy   177.8 births 9647273 deaths 9643176 (90.6s) NVIDIA GeForce RTX 4080
tick   35000 alive   800768 genomes  114583 energy   177.2 births 9654225 deaths 9654033 (93.3s) NVIDIA GeForce RTX 4080
tick   36000 alive   795750 genomes  112151 energy   177.6 births 9652840 deaths 9657858 (96.0s) NVIDIA GeForce RTX 4080
tick   37000 alive   795709 genomes  110986 energy   177.5 births 9599348 deaths 9599389 (98.7s) NVIDIA GeForce RTX 4080
tick   38000 alive   796333 genomes  108819 energy   177.5 births 9562485 deaths 9561861 (101.4s) NVIDIA GeForce RTX 4080
tick   39000 alive   797125 genomes  108090 energy   177.3 births 9583480 deaths 9582688 (104.1s) NVIDIA GeForce RTX 4080
tick   40000 alive   798264 genomes  106409 energy   177.1 births 9592127 deaths 9590988 (106.8s) NVIDIA GeForce RTX 4080
tick   41000 alive   801610 genomes  103744 energy   177.3 births 9595371 deaths 9592025 (109.4s) NVIDIA GeForce RTX 4080
tick   42000 alive   802943 genomes  103067 energy   177.1 births 9647506 deaths 9646173 (112.1s) NVIDIA GeForce RTX 4080
tick   43000 alive   802612 genomes  101891 energy   176.9 births 9646226 deaths 9646557 (114.8s) NVIDIA GeForce RTX 4080
tick   44000 alive   805659 genomes  100988 energy   177.2 births 9656777 deaths 9653730 (117.5s) NVIDIA GeForce RTX 4080
tick   45000 alive   805088 genomes   99718 energy   177.6 births 9600221 deaths 9600792 (120.2s) NVIDIA GeForce RTX 4080
tick   46000 alive   810867 genomes   98538 energy   177.5 births 9594122 deaths 9588343 (122.8s) NVIDIA GeForce RTX 4080
tick   47000 alive   816518 genomes   97838 energy   177.9 births 9659366 deaths 9653715 (125.5s) NVIDIA GeForce RTX 4080
tick   48000 alive   818969 genomes   96813 energy   178.1 births 9678992 deaths 9676541 (128.2s) NVIDIA GeForce RTX 4080
tick   49000 alive   821433 genomes   97094 energy   177.9 births 9720304 deaths 9717840 (130.9s) NVIDIA GeForce RTX 4080
tick   50000 alive   821737 genomes   96303 energy   177.7 births 9674993 deaths 9674689 (133.5s) NVIDIA GeForce RTX 4080
tick   51000 alive   824769 genomes   95440 energy   178.1 births 9695376 deaths 9692344 (136.2s) NVIDIA GeForce RTX 4080
tick   52000 alive   827669 genomes   94328 energy   178.5 births 9699792 deaths 9696892 (138.9s) NVIDIA GeForce RTX 4080
tick   53000 alive   832338 genomes   93671 energy   178.7 births 9665270 deaths 9660601 (141.5s) NVIDIA GeForce RTX 4080
tick   54000 alive   835973 genomes   93197 energy   178.6 births 9708230 deaths 9704595 (144.2s) NVIDIA GeForce RTX 4080
tick   55000 alive   842472 genomes   92160 energy   179.0 births 9731557 deaths 9725058 (146.9s) NVIDIA GeForce RTX 4080
tick   56000 alive   848457 genomes   91542 energy   179.2 births 9784758 deaths 9778773 (149.5s) NVIDIA GeForce RTX 4080
tick   57000 alive   852334 genomes   91315 energy   179.1 births 9815187 deaths 9811310 (152.2s) NVIDIA GeForce RTX 4080
tick   58000 alive   852917 genomes   90535 energy   179.3 births 9831971 deaths 9831388 (154.8s) NVIDIA GeForce RTX 4080
tick   59000 alive   855887 genomes   90245 energy   179.5 births 9827396 deaths 9824426 (157.5s) NVIDIA GeForce RTX 4080
tick   60000 alive   858316 genomes   90312 energy   179.4 births 9849141 deaths 9846712 (160.1s) NVIDIA GeForce RTX 4080
tick   61000 alive   861726 genomes   89343 energy   179.8 births 9873256 deaths 9869846 (162.7s) NVIDIA GeForce RTX 4080
tick   62000 alive   864420 genomes   89717 energy   179.4 births 9908862 deaths 9906168 (165.4s) NVIDIA GeForce RTX 4080
tick   63000 alive   863765 genomes   90331 energy   179.4 births 9958918 deaths 9959573 (168.0s) NVIDIA GeForce RTX 4080
tick   64000 alive   867334 genomes   89466 energy   179.4 births 9962887 deaths 9959318 (170.7s) NVIDIA GeForce RTX 4080
tick   65000 alive   868286 genomes   89053 energy   178.9 births 10022533 deaths 10021581 (173.4s) NVIDIA GeForce RTX 4080
tick   66000 alive   869804 genomes   88690 energy   178.5 births 10106444 deaths 10104926 (176.0s) NVIDIA GeForce RTX 4080
tick   67000 alive   874239 genomes   88177 energy   178.6 births 10179315 deaths 10174880 (178.7s) NVIDIA GeForce RTX 4080
tick   68000 alive   872516 genomes   87633 energy   178.8 births 10183474 deaths 10185197 (181.4s) NVIDIA GeForce RTX 4080
tick   69000 alive   878013 genomes   87800 energy   178.9 births 10183335 deaths 10177838 (184.1s) NVIDIA GeForce RTX 4080
tick   70000 alive   879823 genomes   87559 energy   179.0 births 10215269 deaths 10213459 (186.7s) NVIDIA GeForce RTX 4080
tick   71000 alive   882682 genomes   87004 energy   178.8 births 10266898 deaths 10264039 (189.4s) NVIDIA GeForce RTX 4080
tick   72000 alive   883980 genomes   87014 energy   179.0 births 10317856 deaths 10316558 (192.1s) NVIDIA GeForce RTX 4080
tick   73000 alive   884439 genomes   88367 energy   178.9 births 10337314 deaths 10336855 (194.8s) NVIDIA GeForce RTX 4080
tick   74000 alive   883910 genomes   88437 energy   179.4 births 10290013 deaths 10290542 (197.5s) NVIDIA GeForce RTX 4080
tick   75000 alive   886465 genomes   88504 energy   179.8 births 10276049 deaths 10273494 (200.2s) NVIDIA GeForce RTX 4080
tick   76000 alive   889390 genomes   88711 energy   179.7 births 10277848 deaths 10274923 (202.9s) NVIDIA GeForce RTX 4080
tick   77000 alive   893510 genomes   89487 energy   179.5 births 10375459 deaths 10371339 (205.5s) NVIDIA GeForce RTX 4080
tick   78000 alive   895258 genomes   89796 energy   179.8 births 10373289 deaths 10371541 (208.2s) NVIDIA GeForce RTX 4080
tick   79000 alive   898425 genomes   89693 energy   180.0 births 10406170 deaths 10403003 (210.9s) NVIDIA GeForce RTX 4080
tick   80000 alive   897284 genomes   89197 energy   179.9 births 10421488 deaths 10422629 (213.6s) NVIDIA GeForce RTX 4080
tick   81000 alive   900137 genomes   88802 energy   179.7 births 10446223 deaths 10443370 (216.3s) NVIDIA GeForce RTX 4080
tick   82000 alive   900067 genomes   89207 energy   179.9 births 10435591 deaths 10435661 (219.0s) NVIDIA GeForce RTX 4080
tick   83000 alive   900569 genomes   89011 energy   179.7 births 10465148 deaths 10464646 (221.7s) NVIDIA GeForce RTX 4080
tick   84000 alive   903202 genomes   87517 energy   179.8 births 10458944 deaths 10456311 (224.3s) NVIDIA GeForce RTX 4080
tick   85000 alive   904382 genomes   87275 energy   180.0 births 10407903 deaths 10406723 (227.0s) NVIDIA GeForce RTX 4080
tick   86000 alive   903807 genomes   86642 energy   180.1 births 10420280 deaths 10420855 (229.7s) NVIDIA GeForce RTX 4080
tick   87000 alive   903619 genomes   86387 energy   180.0 births 10461363 deaths 10461551 (232.4s) NVIDIA GeForce RTX 4080
tick   88000 alive   907058 genomes   85289 energy   180.3 births 10459976 deaths 10456537 (235.1s) NVIDIA GeForce RTX 4080
tick   89000 alive   903611 genomes   84072 energy   181.2 births 10365911 deaths 10369358 (237.7s) NVIDIA GeForce RTX 4080
tick   90000 alive   903159 genomes   83084 energy   181.4 births 10249488 deaths 10249940 (240.4s) NVIDIA GeForce RTX 4080
tick   91000 alive   900734 genomes   82063 energy   182.0 births 10134236 deaths 10136661 (243.1s) NVIDIA GeForce RTX 4080
tick   92000 alive   902176 genomes   81194 energy   182.3 births 10071145 deaths 10069703 (245.8s) NVIDIA GeForce RTX 4080
tick   93000 alive   904430 genomes   80089 energy   182.3 births 10077509 deaths 10075255 (248.4s) NVIDIA GeForce RTX 4080
tick   94000 alive   905164 genomes   80194 energy   181.9 births 10055036 deaths 10054302 (251.1s) NVIDIA GeForce RTX 4080
tick   95000 alive   904866 genomes   80486 energy   182.4 births 10077783 deaths 10078081 (253.8s) NVIDIA GeForce RTX 4080
tick   96000 alive   900961 genomes   79439 energy   182.2 births 9984222 deaths 9988127 (256.5s) NVIDIA GeForce RTX 4080
tick   97000 alive   899838 genomes   79529 energy   182.4 births 9963013 deaths 9964136 (259.1s) NVIDIA GeForce RTX 4080
tick   98000 alive   899512 genomes   79254 energy   182.2 births 9966415 deaths 9966741 (261.8s) NVIDIA GeForce RTX 4080
tick   99000 alive   898312 genomes   78388 energy   182.3 births 9933841 deaths 9935041 (264.5s) NVIDIA GeForce RTX 4080
tick  100000 alive   894880 genomes   77726 energy   182.7 births 9889511 deaths 9892943 (267.2s) NVIDIA GeForce RTX 4080
tick  101000 alive   894434 genomes   77258 energy   182.8 births 9829031 deaths 9829477 (269.9s) NVIDIA GeForce RTX 4080
tick  102000 alive   894556 genomes   77596 energy   182.4 births 9836842 deaths 9836720 (272.6s) NVIDIA GeForce RTX 4080
tick  103000 alive   894825 genomes   77766 energy   182.1 births 9895437 deaths 9895168 (275.2s) NVIDIA GeForce RTX 4080
tick  104000 alive   892937 genomes   78956 energy   181.3 births 9955082 deaths 9956970 (277.9s) NVIDIA GeForce RTX 4080
tick  105000 alive   896190 genomes   78402 energy   181.2 births 10055542 deaths 10052289 (280.6s) NVIDIA GeForce RTX 4080
tick  106000 alive   892097 genomes   77592 energy   181.6 births 10030811 deaths 10034904 (283.3s) NVIDIA GeForce RTX 4080
tick  107000 alive   893904 genomes   77768 energy   181.2 births 10043788 deaths 10041981 (286.0s) NVIDIA GeForce RTX 4080
tick  108000 alive   893979 genomes   77591 energy   181.3 births 10047601 deaths 10047526 (288.7s) NVIDIA GeForce RTX 4080
tick  109000 alive   891732 genomes   76868 energy   181.6 births 10037037 deaths 10039284 (291.4s) NVIDIA GeForce RTX 4080
tick  110000 alive   891890 genomes   75811 energy   182.1 births 9954703 deaths 9954545 (294.1s) NVIDIA GeForce RTX 4080
tick  111000 alive   890140 genomes   75730 energy   182.1 births 9877183 deaths 9878933 (296.8s) NVIDIA GeForce RTX 4080
tick  112000 alive   890988 genomes   75152 energy   182.5 births 9826347 deaths 9825499 (299.4s) NVIDIA GeForce RTX 4080
tick  113000 alive   894923 genomes   75246 energy   183.0 births 9837302 deaths 9833367 (302.1s) NVIDIA GeForce RTX 4080
tick  114000 alive   894449 genomes   74775 energy   182.7 births 9807809 deaths 9808283 (304.8s) NVIDIA GeForce RTX 4080
tick  115000 alive   894376 genomes   74036 energy   183.1 births 9806184 deaths 9806257 (307.5s) NVIDIA GeForce RTX 4080
tick  116000 alive   892635 genomes   73434 energy   183.2 births 9746318 deaths 9748059 (310.2s) NVIDIA GeForce RTX 4080
tick  117000 alive   892989 genomes   72440 energy   183.9 births 9688790 deaths 9688436 (312.9s) NVIDIA GeForce RTX 4080
tick  118000 alive   894646 genomes   71598 energy   183.8 births 9652767 deaths 9651110 (315.6s) NVIDIA GeForce RTX 4080
tick  119000 alive   893556 genomes   70895 energy   184.1 births 9647667 deaths 9648757 (318.3s) NVIDIA GeForce RTX 4080
tick  120000 alive   896003 genomes   70995 energy   184.5 births 9592567 deaths 9590120 (321.0s) NVIDIA GeForce RTX 4080
tick  121000 alive   891208 genomes   70432 energy   185.0 births 9495276 deaths 9500071 (323.6s) NVIDIA GeForce RTX 4080
tick  122000 alive   892924 genomes   70644 energy   185.1 births 9460029 deaths 9458313 (326.3s) NVIDIA GeForce RTX 4080
tick  123000 alive   896464 genomes   69491 energy   185.2 births 9425007 deaths 9421467 (328.9s) NVIDIA GeForce RTX 4080
tick  124000 alive   893641 genomes   68949 energy   185.3 births 9398279 deaths 9401102 (331.6s) NVIDIA GeForce RTX 4080
tick  125000 alive   895259 genomes   68475 energy   184.7 births 9469537 deaths 9467919 (334.2s) NVIDIA GeForce RTX 4080
tick  126000 alive   892579 genomes   68606 energy   184.2 births 9534100 deaths 9536780 (336.9s) NVIDIA GeForce RTX 4080
tick  127000 alive   897193 genomes   68799 energy   184.5 births 9616689 deaths 9612075 (339.5s) NVIDIA GeForce RTX 4080
tick  128000 alive   893882 genomes   67825 energy   184.8 births 9534313 deaths 9537624 (342.2s) NVIDIA GeForce RTX 4080
tick  129000 alive   895919 genomes   67278 energy   184.9 births 9532526 deaths 9530489 (344.8s) NVIDIA GeForce RTX 4080
tick  130000 alive   893616 genomes   66378 energy   184.9 births 9500829 deaths 9503132 (347.4s) NVIDIA GeForce RTX 4080
tick  131000 alive   894400 genomes   65821 energy   185.0 births 9471112 deaths 9470328 (350.1s) NVIDIA GeForce RTX 4080
tick  132000 alive   894101 genomes   65209 energy   185.2 births 9459899 deaths 9460198 (352.7s) NVIDIA GeForce RTX 4080
tick  133000 alive   894025 genomes   65206 energy   185.5 births 9426287 deaths 9426363 (355.4s) NVIDIA GeForce RTX 4080
tick  134000 alive   891997 genomes   64656 energy   186.1 births 9328868 deaths 9330896 (358.0s) NVIDIA GeForce RTX 4080
tick  135000 alive   891117 genomes   64734 energy   186.2 births 9233320 deaths 9234200 (360.7s) NVIDIA GeForce RTX 4080
tick  136000 alive   891979 genomes   64836 energy   186.3 births 9209861 deaths 9208999 (363.3s) NVIDIA GeForce RTX 4080
tick  137000 alive   890693 genomes   64200 energy   186.3 births 9181680 deaths 9182966 (365.9s) NVIDIA GeForce RTX 4080
tick  138000 alive   892211 genomes   63899 energy   187.0 births 9128237 deaths 9126719 (368.6s) NVIDIA GeForce RTX 4080
tick  139000 alive   888919 genomes   63729 energy   186.9 births 9055007 deaths 9058299 (371.2s) NVIDIA GeForce RTX 4080
tick  140000 alive   887304 genomes   63446 energy   186.9 births 9018269 deaths 9019884 (373.8s) NVIDIA GeForce RTX 4080
tick  141000 alive   887463 genomes   63453 energy   186.6 births 9036416 deaths 9036257 (376.5s) NVIDIA GeForce RTX 4080
tick  142000 alive   887739 genomes   62198 energy   186.7 births 9080079 deaths 9079803 (379.1s) NVIDIA GeForce RTX 4080
tick  143000 alive   888351 genomes   61234 energy   187.1 births 9002736 deaths 9002124 (381.7s) NVIDIA GeForce RTX 4080
tick  144000 alive   891637 genomes   61039 energy   187.1 births 8987840 deaths 8984554 (384.4s) NVIDIA GeForce RTX 4080
tick  145000 alive   891170 genomes   60901 energy   187.4 births 8961226 deaths 8961693 (387.0s) NVIDIA GeForce RTX 4080
tick  146000 alive   890308 genomes   60584 energy   187.5 births 8926160 deaths 8927022 (389.6s) NVIDIA GeForce RTX 4080
tick  147000 alive   892165 genomes   60037 energy   187.7 births 8883530 deaths 8881673 (392.3s) NVIDIA GeForce RTX 4080
tick  148000 alive   890098 genomes   59701 energy   188.3 births 8817614 deaths 8819681 (394.9s) NVIDIA GeForce RTX 4080
tick  149000 alive   890520 genomes   59318 energy   188.1 births 8789944 deaths 8789522 (397.5s) NVIDIA GeForce RTX 4080
tick  150000 alive   889816 genomes   58518 energy   188.6 births 8752829 deaths 8753533 (400.2s) NVIDIA GeForce RTX 4080
tick  151000 alive   888737 genomes   58242 energy   188.7 births 8691100 deaths 8692179 (402.8s) NVIDIA GeForce RTX 4080
tick  152000 alive   890483 genomes   57988 energy   188.3 births 8686533 deaths 8684787 (405.5s) NVIDIA GeForce RTX 4080
tick  153000 alive   893200 genomes   57603 energy   188.7 births 8707976 deaths 8705259 (408.1s) NVIDIA GeForce RTX 4080
tick  154000 alive   892941 genomes   57385 energy   189.0 births 8668472 deaths 8668731 (410.8s) NVIDIA GeForce RTX 4080
tick  155000 alive   891474 genomes   57338 energy   188.6 births 8688363 deaths 8689830 (413.4s) NVIDIA GeForce RTX 4080
tick  156000 alive   892669 genomes   57773 energy   188.5 births 8732898 deaths 8731703 (416.1s) NVIDIA GeForce RTX 4080
tick  157000 alive   893988 genomes   57768 energy   188.2 births 8760226 deaths 8758907 (418.7s) NVIDIA GeForce RTX 4080
tick  158000 alive   894470 genomes   58032 energy   188.2 births 8769995 deaths 8769513 (421.3s) NVIDIA GeForce RTX 4080
tick  159000 alive   898270 genomes   57873 energy   188.5 births 8805451 deaths 8801651 (423.9s) NVIDIA GeForce RTX 4080
tick  160000 alive   899306 genomes   56569 energy   188.5 births 8802461 deaths 8801425 (426.6s) NVIDIA GeForce RTX 4080
tick  161000 alive   901962 genomes   56244 energy   188.5 births 8798656 deaths 8796000 (429.2s) NVIDIA GeForce RTX 4080
tick  162000 alive   898130 genomes   55964 energy   189.0 births 8785236 deaths 8789068 (431.8s) NVIDIA GeForce RTX 4080
tick  163000 alive   900686 genomes   55895 energy   189.0 births 8738900 deaths 8736344 (434.4s) NVIDIA GeForce RTX 4080
tick  164000 alive   900272 genomes   55656 energy   188.6 births 8724423 deaths 8724837 (437.0s) NVIDIA GeForce RTX 4080
tick  165000 alive   900404 genomes   55413 energy   188.9 births 8737139 deaths 8737007 (439.6s) NVIDIA GeForce RTX 4080
tick  166000 alive   900509 genomes   55123 energy   188.8 births 8745152 deaths 8745047 (442.2s) NVIDIA GeForce RTX 4080
tick  167000 alive   903492 genomes   54700 energy   189.0 births 8752204 deaths 8749221 (444.9s) NVIDIA GeForce RTX 4080
tick  168000 alive   902004 genomes   54562 energy   189.2 births 8717355 deaths 8718843 (447.5s) NVIDIA GeForce RTX 4080
tick  169000 alive   903586 genomes   54681 energy   189.4 births 8707899 deaths 8706317 (450.1s) NVIDIA GeForce RTX 4080
tick  170000 alive   901219 genomes   54604 energy   189.5 births 8685623 deaths 8687990 (452.7s) NVIDIA GeForce RTX 4080
tick  171000 alive   898200 genomes   55099 energy   189.6 births 8643525 deaths 8646544 (455.3s) NVIDIA GeForce RTX 4080
tick  172000 alive   899826 genomes   55685 energy   189.3 births 8632803 deaths 8631177 (457.9s) NVIDIA GeForce RTX 4080
tick  173000 alive   900148 genomes   56013 energy   189.2 births 8679640 deaths 8679318 (460.5s) NVIDIA GeForce RTX 4080
tick  174000 alive   899028 genomes   55932 energy   189.2 births 8652015 deaths 8653135 (463.1s) NVIDIA GeForce RTX 4080
tick  175000 alive   900533 genomes   55371 energy   189.4 births 8638363 deaths 8636858 (465.7s) NVIDIA GeForce RTX 4080
tick  176000 alive   900231 genomes   54890 energy   189.4 births 8657234 deaths 8657536 (468.3s) NVIDIA GeForce RTX 4080
tick  177000 alive   902797 genomes   55052 energy   189.5 births 8653103 deaths 8650537 (471.0s) NVIDIA GeForce RTX 4080
tick  178000 alive   900790 genomes   54936 energy   189.2 births 8697762 deaths 8699769 (473.6s) NVIDIA GeForce RTX 4080
tick  179000 alive   900597 genomes   54906 energy   188.7 births 8706627 deaths 8706820 (476.2s) NVIDIA GeForce RTX 4080
tick  180000 alive   899571 genomes   55026 energy   188.5 births 8757131 deaths 8758157 (478.8s) NVIDIA GeForce RTX 4080
tick  181000 alive   899438 genomes   55376 energy   188.3 births 8811822 deaths 8811955 (481.4s) NVIDIA GeForce RTX 4080
tick  182000 alive   896799 genomes   55545 energy   188.3 births 8816888 deaths 8819527 (484.0s) NVIDIA GeForce RTX 4080
tick  183000 alive   894209 genomes   55763 energy   187.8 births 8813439 deaths 8816029 (486.6s) NVIDIA GeForce RTX 4080
tick  184000 alive   897836 genomes   55251 energy   188.0 births 8875669 deaths 8872042 (489.2s) NVIDIA GeForce RTX 4080
tick  185000 alive   898557 genomes   55369 energy   187.3 births 8928311 deaths 8927590 (491.8s) NVIDIA GeForce RTX 4080
tick  186000 alive   898431 genomes   54886 energy   187.7 births 8926227 deaths 8926353 (494.4s) NVIDIA GeForce RTX 4080
tick  187000 alive   901109 genomes   54235 energy   187.8 births 8919866 deaths 8917188 (497.0s) NVIDIA GeForce RTX 4080
tick  188000 alive   901744 genomes   52911 energy   188.3 births 8882336 deaths 8881701 (499.5s) NVIDIA GeForce RTX 4080
tick  189000 alive   902418 genomes   52338 energy   188.6 births 8846161 deaths 8845487 (502.1s) NVIDIA GeForce RTX 4080
tick  190000 alive   901925 genomes   51660 energy   189.1 births 8756182 deaths 8756675 (504.7s) NVIDIA GeForce RTX 4080
tick  191000 alive   902805 genomes   51106 energy   189.3 births 8741107 deaths 8740227 (507.3s) NVIDIA GeForce RTX 4080
tick  192000 alive   899576 genomes   51593 energy   189.2 births 8681820 deaths 8685049 (509.9s) NVIDIA GeForce RTX 4080
tick  193000 alive   899781 genomes   51406 energy   189.6 births 8682094 deaths 8681889 (512.4s) NVIDIA GeForce RTX 4080
tick  194000 alive   897467 genomes   50952 energy   189.7 births 8611020 deaths 8613334 (515.0s) NVIDIA GeForce RTX 4080
tick  195000 alive   899366 genomes   51680 energy   189.6 births 8618314 deaths 8616415 (517.6s) NVIDIA GeForce RTX 4080
tick  196000 alive   897570 genomes   51430 energy   189.7 births 8613033 deaths 8614829 (520.2s) NVIDIA GeForce RTX 4080
tick  197000 alive   900562 genomes   51915 energy   189.7 births 8617207 deaths 8614215 (522.7s) NVIDIA GeForce RTX 4080
tick  198000 alive   899431 genomes   50931 energy   190.1 births 8570300 deaths 8571431 (525.3s) NVIDIA GeForce RTX 4080
tick  199000 alive   899502 genomes   51297 energy   189.8 births 8522346 deaths 8522275 (527.9s) NVIDIA GeForce RTX 4080
tick  200000 alive   900669 genomes   50923 energy   189.7 births 8549980 deaths 8548813 (530.5s) NVIDIA GeForce RTX 4080
done 200000 ticks in 530.5s
